细胞群共 163 个，细胞总数 58723
  abrupt_sound                            1
  appetitive                              1
  association                           256
  auditory_approach                       2
  auditory_avoid                          2
  auditory_pinna                          4
  auditory_pinna_opposite                 4
  auditory_spatial                        6
  auditory_spatial_opposite               6
  autonomous_receptor                     1
  aversive                                3
  avoidance                               2
  avoidance_inhibition                    2
  binocular                            4480
  binocular_inhibition                 4480
  binocular_pool                          7
  body_touch                              4
  body_touch_opposite                     4
  brake                                   1
  clearance                               4
  clearance_inhibition                    4
  cochlea                                 6
  cochlea_opposite                        6
  contact                                 4
  contrast_relay                       1504
  cue                                     4
  curiosity                               1
  dopamine                                1
  effort_receptor                         1
  eye_band_inhibition                     1
  eye_band_left                           5
  eye_band_pull_left                      2
  eye_band_pull_right                     2
  eye_band_right                          5
  eye_bands_agree                         5
  eye_bands_apart                        20
  eye_convergence_in                      1
  eye_convergence_out                     1
  eye_distance                            7
  eye_fusion                              1
  eye_gaze_inhibition                     1
  eye_growing                             2
  eye_look_down                           1
  eye_look_left                           1
  eye_look_right                          1
  eye_look_right_inhibition               1
  eye_look_up                             1
  eye_look_up_inhibition                  1
  eye_looming                             1
  eye_motor                               8
  eye_proprioception                     64
  eye_swell_left                          2
  eye_swell_right                         2
  eye_vergence                            2
  eye_vergence_in                         1
  eye_vergence_inhibition                 1
  eye_vergence_out                        1
  eye_vergence_out_inhibition             1
  fatigue                                 1
  fatigue_inhibition                      1
  feature_compressed                      1
  feature_hidden                          8
  feature_receptors                       4
  flexion                                 1
  flexion_inhibitory                      1
  foot_load                               4
  foot_load_opposite                      4
  foot_obstacle                           4
  foot_obstacle_opposite                  4
  foot_slip                               4
  foot_slip_opposite                      4
  impact_adaptation                       4
  impact_inhibition                       4
  initiation                              2
  lean                                    4
  limit_exc                              24
  limit_inh                              24
  locomotion                              1
  motor                                2400
  near                                    3
  novelty                                18
  orienting                               2
  orienting_inhibition                    2
  orienting_vigor                         2
  orienting_vigor_inhibition              1
  phase                                   2
  phase_delay                             2
  phase_delay_inhibitory                  2
  phase_inhibitory                        2
  photoreceptors                      10368
  photoreceptors_opposite             10368
  proprioception                        768
  protective_flexion                      1
  protective_inhibition                   1
  protective_tilt                         1
  recruitment                            12
  rest                                    1
  rest_inhibition                         1
  retina                                 18
  retina_opposite                        18
  retinal_change                         94
  retinal_change_inhibition               1
  retinal_change_relay                  188
  retinal_change_row                     16
  retinal_change_row_inhibition           1
  retinal_change_row_relay               32
  retinal_column                         94
  retinal_column_inhibition              94
  retinal_column_trace                   94
  retinal_column_trace_inhibition        94
  retinal_contrast                     1504
  retinal_fall                           94
  retinal_interneurons                10368
  retinal_inward                         94
  retinal_memory                         48
  retinal_opponent                    10368
  retinal_outward                        94
  retinal_rise                           94
  retinal_trace                          94
  retinal_trace_inhibition               94
  retinal_trace_row                      16
  retinal_trace_row_inhibition           16
  retreat                                 1
  retreat_phase                           2
  retreat_phase_inhibition                2
  rhythm_recruitment                      2
  righting                                1
  righting_fallen                         1
  righting_fallen_hold                    1
  righting_inhibition                     1
  righting_lean_memory                    4
  righting_memory                         1
  righting_memory_inhibition              1
  righting_push                           4
  righting_push_inhibition                4
  righting_roll                           2
  righting_roll_inhibition                2
  righting_stand                          1
  righting_stand_inhibition               1
  righting_success                        1
  righting_touch_memory                   4
  righting_tuck                           1
  righting_tuck_inhibition                1
  righting_upright                        1
  righting_upright_inhibition             1
  startle                                 1
  startle_inhibition                      1
  steady                                  4
  steady_inhibition                       4
  steady_upright                          1
  steering                                2
  steering_inhibition                     2
  stereo_near                             3
  stumble                                 4
  stumble_inhibition                      4
  tonic                                   1
  vestibular_exc                          4
  vestibular_inh                          4
  wall_contact                            4
  wall_turn                               2
  wall_turn_inhibition                    2
  withdrawal                              4
  withdrawal_inhibition                   4
