每档的线数与表里的粗（未归一）：
   down   hold  230 根，粗合计 9.646
   down   move  506 根，粗合计 19.622
   left   hold  216 根，粗合计 3.805
   left   move  468 根，粗合计 15.334
   right  hold  216 根，粗合计 5.896
   right  move  648 根，粗合计 25.428
   up     move  644 根，粗合计 22.612

眼肌收到的线（按来源的列分组）与「表里的粗 vs 实际落在突触上的粗」：

眼肌细胞号 58581（左眼yaw正）：686 根线
   线的粗细合计 2.190；落在 20 个列上；列 2:0.318 3:0.127 4:0.115 5:0.104 6:0.092 7:0.080 8:0.078 9:0.067 10:0.056 11:0.044 12:0.044 13:0.032 14:0.032 15:0.261 16:0.257 17:0.169 18:0.110 19:0.101 20:0.101 22:0.000

眼肌细胞号 58582（左眼yaw负）：867 根线
   线的粗细合计 2.190；落在 27 个列上；列 3:0.190 6:0.000 23:0.000 24:0.116 25:0.119 26:0.126 27:0.210 28:0.212 29:0.217 30:0.022 31:0.023 32:0.023 33:0.029 34:0.030 35:0.036 36:0.042 37:0.043 38:0.049 39:0.056 40:0.062 41:0.065 42:0.070 43:0.075 44:0.082 45:0.089 46:0.099 47:0.105

眼肌细胞号 58583（左眼pitch正）：737 根线
   线的粗细合计 2.254；落在 46 个列上；列 2:0.043 3:0.043 4:0.297 5:0.043 6:0.043 7:0.043 8:0.043 9:0.043 10:0.043 11:0.043 12:0.043 13:0.043 14:0.043 15:0.043 16:0.043 17:0.043 18:0.043 19:0.043 20:0.043 21:0.043 22:0.043 23:0.043 24:0.043 25:0.043 26:0.043 27:0.043 28:0.043 29:0.043 30:0.043 31:0.043 32:0.043 33:0.043 34:0.043 35:0.043 36:0.043 37:0.043 38:0.043 39:0.043 40:0.043 41:0.043 42:0.043 43:0.043 44:0.043 45:0.043 46:0.043 47:0.043

眼肌细胞号 58584（左眼pitch负）：645 根线
   线的粗细合计 1.254；落在 46 个列上；列 2:0.022 3:0.276 4:0.022 5:0.022 6:0.022 7:0.022 8:0.022 9:0.022 10:0.022 11:0.022 12:0.022 13:0.022 14:0.022 15:0.022 16:0.022 17:0.022 18:0.022 19:0.022 20:0.022 21:0.022 22:0.022 23:0.022 24:0.022 25:0.022 26:0.022 27:0.022 28:0.022 29:0.022 30:0.022 31:0.022 32:0.022 33:0.022 34:0.022 35:0.022 36:0.022 37:0.022 38:0.022 39:0.022 40:0.022 41:0.022 42:0.022 43:0.022 44:0.022 45:0.022 46:0.022 47:0.022

球在正前方时，推「左眼yaw负」的来源里最强的 12 根：
   列37 行21 放电1.00 线粗0.0012 -> 力0.0012  表说这列 yaw -0.268
   列37 行17 放电1.00 线粗0.0012 -> 力0.0012  表说这列 yaw -0.268
   列37 行18 放电1.00 线粗0.0012 -> 力0.0012  表说这列 yaw -0.268
   列36 行20 放电1.00 线粗0.0012 -> 力0.0012  表说这列 yaw -0.265
   列36 行15 放电1.00 线粗0.0012 -> 力0.0012  表说这列 yaw -0.265
   列36 行14 放电1.00 线粗0.0012 -> 力0.0012  表说这列 yaw -0.265
   列36 行21 放电0.97 线粗0.0012 -> 力0.0011  表说这列 yaw -0.265
   列37 行19 放电0.94 线粗0.0012 -> 力0.0011  表说这列 yaw -0.268
   列37 行20 放电0.94 线粗0.0012 -> 力0.0011  表说这列 yaw -0.268
   列37 行15 放电0.90 线粗0.0012 -> 力0.0011  表说这列 yaw -0.268
   列36 行22 放电0.90 线粗0.0012 -> 力0.0011  表说这列 yaw -0.265
   列35 行21 放电1.00 线粗0.0010 -> 力0.0010  表说这列 yaw -0.226
   合计激励 0.0647（接到这根细胞上的线共 867 根，其中在放电 88 根）
