眼肌细胞的编号 [58581, 58582, 58583, 58584, 58585, 58586, 58587, 58588]
它们的时间常数 [0.2 0.2 0.2 0.2 0.2 0.2 0.2 0.2]；适应增益 [0. 0. 0. 0. 0. 0. 0. 0.]；预算 [40. 40. 40. 40. 40. 40. 40. 40.]

=== 球方位 +0.00（该转 -0.175）===
  左眼yaw正   激励 0.000 抑制 0.000 电压 0.001 适应0.002 放电0.001
  左眼yaw负   激励 0.065 抑制 0.000 电压 0.057 适应0.025 放电0.057
  左眼pitch正 激励 0.117 抑制 0.000 电压 0.095 适应0.042 放电0.095
  左眼pitch负 激励 0.003 抑制 0.000 电压 0.004 适应0.002 放电0.004
  右眼yaw正   激励 0.000 抑制 0.000 电压 0.000 适应0.000 放电0.000
  右眼yaw负   激励 0.000 抑制 0.000 电压-0.000 适应0.000 放电0.000
  右眼pitch正 激励 0.000 抑制 0.000 电压 0.000 适应0.000 放电0.000
  右眼pitch负 激励 0.000 抑制 0.000 电压-0.000 适应0.000 放电0.000
  [核对] 编号58581 收到 686 根线，总粗 2.190，w_max 之和 2.256
  [核对] 编号58582 收到 867 根线，总粗 2.190，w_max 之和 2.256

=== 球方位 +0.30（该转 +0.260）===
  左眼yaw正   激励 0.099 抑制 0.000 电压 0.082 适应0.034 放电0.082
  左眼yaw负   激励 0.000 抑制 0.000 电压 0.010 适应0.026 放电0.010
  左眼pitch正 激励 0.100 抑制 0.000 电压 0.099 适应0.077 放电0.099
  左眼pitch负 激励 0.003 抑制 0.000 电压 0.003 适应0.003 放电0.003
  右眼yaw正   激励 0.000 抑制 0.000 电压 0.000 适应0.000 放电0.000
  右眼yaw负   激励 0.000 抑制 0.000 电压-0.000 适应0.000 放电0.000
  右眼pitch正 激励 0.000 抑制 0.000 电压 0.000 适应0.000 放电0.000
  右眼pitch负 激励 0.000 抑制 0.000 电压-0.000 适应0.000 放电0.000
  [核对] 编号58581 收到 686 根线，总粗 2.190，w_max 之和 2.256
  [核对] 编号58582 收到 867 根线，总粗 2.190，w_max 之和 2.256
