眼肌细胞的编号 [58581, 58582, 58583, 58584, 58585, 58586, 58587, 58588]
它们的时间常数 [0.2 0.2 0.2 0.2 0.2 0.2 0.2 0.2]；适应增益 [0. 0. 0. 0. 0. 0. 0. 0.]；预算 [40. 40. 40. 40. 40. 40. 40. 40.]

=== 球方位 +0.00（该转 -0.175）===
  左眼yaw正   激励 0.000 抑制 0.000 电压 0.009 适应0.013 放电0.009
  左眼yaw负   激励 1.176 抑制 0.000 电压 1.029 适应0.447 放电1.000
  左眼pitch正 激励 0.808 抑制 0.000 电压 0.657 适应0.292 放电0.657
  左眼pitch负 激励 0.047 抑制 0.000 电压 0.062 适应0.029 放电0.062
  右眼yaw正   激励 0.000 抑制 0.000 电压 0.000 适应0.000 放电0.000
  右眼yaw负   激励 0.000 抑制 0.000 电压-0.000 适应0.000 放电0.000
  右眼pitch正 激励 0.000 抑制 0.000 电压 0.000 适应0.000 放电0.000
  右眼pitch负 激励 0.000 抑制 0.000 电压-0.000 适应0.000 放电0.000
  [核对] 编号58581 收到 686 根线，总粗 13.861，w_max 之和 14.277
  [核对] 编号58582 收到 867 根线，总粗 22.565，w_max 之和 23.242

=== 球方位 +0.30（该转 +0.260）===
  左眼yaw正   激励 1.087 抑制 0.000 电压 0.901 适应0.372 放电0.901
  左眼yaw负   激励 0.000 抑制 0.000 电压 0.178 适应0.468 放电0.178
  左眼pitch正 激励 0.695 抑制 0.000 电压 0.685 适应0.533 放电0.685
  左眼pitch负 激励 0.045 抑制 0.000 电压 0.049 适应0.045 放电0.049
  右眼yaw正   激励 0.000 抑制 0.000 电压 0.000 适应0.000 放电0.000
  右眼yaw负   激励 0.000 抑制 0.000 电压-0.000 适应0.000 放电0.000
  右眼pitch正 激励 0.000 抑制 0.000 电压 0.000 适应0.000 放电0.000
  右眼pitch负 激励 0.000 抑制 0.000 电压-0.000 适应0.000 放电0.000
  [核对] 编号58581 收到 686 根线，总粗 13.861，w_max 之和 14.277
  [核对] 编号58582 收到 867 根线，总粗 22.565，w_max 之和 23.242
