
=== 球方位 +0.00（左眼该转 -0.175）===
左眼红细胞：放电>0.05 的 88 个（共 1728），总和 72.4，最强 1.00 在 行13 列33
   ................................................
   ................................................
   ................................................
   ................................................
   ..................................##............
   ...............................#######..........
   ..............................########..........
   ..............................########..........
   ................................#####...........
   ................................................
   ................................................
   ................................................
  按「推哪个方向 x 细胞在哪一段列」分：
    down   col16-32  推力  +0.14（7 个细胞在放电）
    down   col>=32   推力  +0.99（30 个细胞在放电）
    right  col16-32  推力  +0.17（18 个细胞在放电）
    right  col>=32   推力  +1.48（75 个细胞在放电）
    up     col>=32   推力  +0.07（7 个细胞在放电）
  最能推的 10 个细胞：
    down  hold 列36 行20 放电1.00 线粗0.042 -> 力+0.042  表说这列 yaw -0.265
    down  hold 列35 行20 放电1.00 线粗0.042 -> 力+0.042  表说这列 yaw -0.226
    down  hold 列34 行20 放电1.00 线粗0.042 -> 力+0.042  表说这列 yaw -0.190
    down  hold 列33 行20 放电1.00 线粗0.042 -> 力+0.042  表说这列 yaw -0.182
    down  hold 列37 行21 放电1.00 线粗0.042 -> 力+0.042  表说这列 yaw -0.268
    down  hold 列35 行21 放电1.00 线粗0.042 -> 力+0.042  表说这列 yaw -0.226
    down  hold 列33 行21 放电1.00 线粗0.042 -> 力+0.042  表说这列 yaw -0.182
    down  hold 列35 行22 放电1.00 线粗0.042 -> 力+0.042  表说这列 yaw -0.226
    down  hold 列34 行22 放电1.00 线粗0.042 -> 力+0.042  表说这列 yaw -0.190
    down  hold 列33 行22 放电1.00 线粗0.042 -> 力+0.042  表说这列 yaw -0.182
  眼肌放电（左眼yaw 左/右=0.00/0.06、左眼pitch 上/下=0.10/0.00）

=== 球方位 +0.30（左眼该转 +0.260）===
左眼红细胞：放电>0.05 的 79 个（共 1728），总和 60.4，最强 1.00 在 行13 列9
   ................................................
   ................................................
   ................................................
   ................................................
   .........##.....................................
   .......######...................................
   .......#######..................................
   .......#######..................................
   ........#####...................................
   ................................................
   ................................................
   ................................................
  按「推哪个方向 x 细胞在哪一段列」分：
    down   col<16    推力  +0.97（34 个细胞在放电）
    left   col<16    推力  +1.52（80 个细胞在放电）
    up     col<16    推力  +0.06（7 个细胞在放电）
  最能推的 10 个细胞：
    down  hold 列 9 行20 放电1.00 线粗0.042 -> 力+0.042  表说这列 yaw +0.253
    down  hold 列 8 行20 放电1.00 线粗0.042 -> 力+0.042  表说这列 yaw +0.292
    down  hold 列12 行21 放电1.00 线粗0.042 -> 力+0.042  表说这列 yaw +0.165
    down  hold 列11 行21 放电1.00 线粗0.042 -> 力+0.042  表说这列 yaw +0.167
    down  hold 列 9 行21 放电1.00 线粗0.042 -> 力+0.042  表说这列 yaw +0.253
    down  hold 列 8 行21 放电1.00 线粗0.042 -> 力+0.042  表说这列 yaw +0.292
    down  hold 列 9 行22 放电1.00 线粗0.042 -> 力+0.042  表说这列 yaw +0.253
    down  hold 列 8 行22 放电1.00 线粗0.042 -> 力+0.042  表说这列 yaw +0.292
    down  hold 列 8 行23 放电0.94 线粗0.042 -> 力+0.039  表说这列 yaw +0.292
    down  hold 列10 行20 放电0.91 线粗0.042 -> 力+0.038  表说这列 yaw +0.211
  眼肌放电（左眼yaw 左/右=0.08/0.01、左眼pitch 上/下=0.10/0.00）
