
=== 球在头坐标系 +0.34 弧度，左眼该转到 +0.334 ===
     t    眼球yaw     球相对眼        差 |       推左       推右    眼肌左/右
  0.00   +0.000   +0.334   -0.334 |     0.00     0.00  0.00/ 0.00
  0.12   +0.119   +0.330   -0.211 |     1.92     0.00  1.00/ 0.00
  0.24   +0.261   +0.324   -0.063 |     1.32     0.00  0.98/ 0.00
  0.36   +0.374   +0.321   +0.052 |     1.24     0.19  0.96/ 0.04
  0.48   +0.287   +0.321   -0.034 |     0.18     2.06  0.19/ 1.00
  0.60   +0.119   +0.320   -0.202 |     1.07     0.53  0.57/ 0.72
  0.72   +0.220   +0.320   -0.099 |     1.23     0.00  0.90/ 0.00
  0.84   +0.333   +0.320   +0.014 |     1.37     0.03  0.98/ 0.00
  0.96   +0.328   +0.319   +0.008 |     0.38     1.67  0.41/ 0.99
  1.08   +0.144   +0.319   -0.175 |     0.69     1.04  0.35/ 1.00
  1.20   +0.189   +0.319   -0.130 |     1.16     0.00  0.82/ 0.01
  1.32   +0.306   +0.319   -0.013 |     1.51     0.00  1.00/ 0.00
  1.44   +0.364   +0.319   +0.045 |     0.63     1.28  0.62/ 0.64
  1.56   +0.182   +0.319   -0.137 |     0.35     1.53  0.20/ 1.00
  1.68   +0.155   +0.319   -0.163 |     1.14     0.00  0.75/ 0.03
  1.80   +0.278   +0.319   -0.040 |     1.60     0.00  1.00/ 0.00
  1.92   +0.376   +0.319   +0.058 |     0.97     0.71  0.84/ 0.28
  2.04   +0.226   +0.319   -0.092 |     0.20     1.70  0.15/ 1.00
  2.16   +0.133   +0.318   -0.186 |     1.05     0.05  0.62/ 0.15
  2.28   +0.257   +0.318   -0.061 |     1.62     0.00  1.00/ 0.00
  2.40   +0.370   +0.318   +0.052 |     1.18     0.37  0.95/ 0.13
  2.52   +0.259   +0.318   -0.059 |     0.16     1.61  0.16/ 1.00
  2.64   +0.127   +0.318   -0.192 |     0.93     0.18  0.50/ 0.31
  2.76   +0.244   +0.318   -0.074 |     1.60     0.00  1.00/ 0.00
  2.88   +0.362   +0.318   +0.044 |     1.28     0.25  1.00/ 0.07

=== 球在头坐标系 +0.00 弧度，左眼该转到 -0.173 ===
     t    眼球yaw     球相对眼        差 |       推左       推右    眼肌左/右
  0.00   +0.279   -0.173   +0.452 |     0.15     1.50  0.17/ 1.00
  0.12   +0.071   -0.173   +0.245 |     0.00     1.68  0.00/ 1.00
  0.24   -0.106   -0.173   +0.067 |     0.00     1.71  0.00/ 1.00
  0.36   -0.251   -0.173   -0.078 |     0.00     2.29  0.00/ 1.00
  0.48   -0.326   -0.173   -0.153 |     1.02     0.31  0.54/ 0.50
  0.60   -0.146   -0.173   +0.027 |     1.18     0.00  0.84/ 0.00
  0.72   -0.068   -0.173   +0.105 |     0.14     1.79  0.25/ 0.96
  0.84   -0.215   -0.173   -0.041 |     0.00     2.33  0.00/ 1.00
  0.96   -0.313   -0.173   -0.140 |     0.64     0.51  0.33/ 0.67
  1.08   -0.176   -0.173   -0.003 |     1.10     0.00  0.75/ 0.00
  1.20   -0.066   -0.173   +0.107 |     0.31     1.42  0.39/ 0.68
  1.32   -0.204   -0.173   -0.031 |     0.00     2.36  0.00/ 1.00
  1.44   -0.310   -0.173   -0.137 |     0.51     0.57  0.25/ 0.70
  1.56   -0.187   -0.173   -0.014 |     1.15     0.00  0.76/ 0.00
  1.68   -0.060   -0.173   +0.113 |     0.37     1.28  0.45/ 0.59
  1.80   -0.194   -0.173   -0.021 |     0.00     2.39  0.00/ 1.00
  1.92   -0.308   -0.173   -0.135 |     0.39     0.68  0.19/ 0.75
  2.04   -0.197   -0.173   -0.024 |     1.21     0.00  0.79/ 0.01
  2.16   -0.054   -0.173   +0.119 |     0.43     1.16  0.51/ 0.51
  2.28   -0.184   -0.173   -0.011 |     0.00     2.39  0.00/ 1.00
  2.40   -0.305   -0.173   -0.132 |     0.31     0.79  0.14/ 0.80
  2.52   -0.205   -0.173   -0.032 |     1.26     0.00  0.81/ 0.01
  2.64   -0.051   -0.173   +0.122 |     0.48     1.05  0.55/ 0.44
  2.76   -0.177   -0.173   -0.004 |     0.00     2.35  0.00/ 1.00
  2.88   -0.301   -0.173   -0.128 |     0.26     0.88  0.11/ 0.83
