
=== 球在头坐标系 +0.34 弧度，左眼该转到 +0.334 ===
     t    眼球yaw     球相对眼        差 |       推左       推右    眼肌左/右
  0.00   +0.000   +0.334   -0.334 |     0.00     0.00  0.00/ 0.00
  0.12   +0.035   +0.330   -0.295 |    57.76     0.00  1.00/ 0.07
  0.24   +0.178   +0.324   -0.147 |    62.90     0.00  1.00/ 0.00
  0.36   +0.322   +0.321   +0.000 |    89.68     0.00  1.00/ 0.00
  0.48   +0.355   +0.321   +0.035 |    44.05    52.59  1.00/ 1.00
  0.60   +0.319   +0.320   -0.001 |    19.19    79.11  1.00/ 1.00
  0.72   +0.283   +0.320   -0.036 |    32.28    64.05  1.00/ 1.00
  0.84   +0.247   +0.320   -0.072 |    53.94    40.23  1.00/ 1.00
  0.96   +0.211   +0.319   -0.108 |    72.82    14.59  1.00/ 1.00
  1.08   +0.186   +0.319   -0.133 |    88.57     0.03  1.00/ 0.45
  1.20   +0.323   +0.319   +0.003 |    88.60     0.09  1.00/ 0.00
  1.32   +0.308   +0.319   -0.011 |    47.72    48.00  1.00/ 1.00
  1.44   +0.272   +0.319   -0.047 |    44.96    51.61  1.00/ 1.00
  1.56   +0.236   +0.319   -0.083 |    60.31    29.10  1.00/ 1.00
  1.68   +0.200   +0.319   -0.119 |    78.69     7.52  1.00/ 1.00
  1.80   +0.222   +0.319   -0.096 |    90.81     0.00  1.00/ 0.04
  1.92   +0.332   +0.319   +0.014 |    77.86     9.32  1.00/ 1.00
  2.04   +0.296   +0.319   -0.022 |    42.67    53.59  1.00/ 1.00
  2.16   +0.260   +0.318   -0.058 |    49.21    46.39  1.00/ 1.00
  2.28   +0.224   +0.318   -0.094 |    65.22    21.81  1.00/ 1.00
  2.40   +0.188   +0.318   -0.130 |    83.98     1.59  1.00/ 1.00
  2.52   +0.267   +0.318   -0.052 |    90.92     0.00  1.00/ 0.00
  2.64   +0.321   +0.318   +0.003 |    61.83    29.03  1.00/ 1.00
  2.76   +0.285   +0.318   -0.033 |    41.55    54.77  1.00/ 1.00
  2.88   +0.249   +0.318   -0.069 |    53.77    39.66  1.00/ 1.00

=== 球在头坐标系 +0.00 弧度，左眼该转到 -0.173 ===
     t    眼球yaw     球相对眼        差 |       推左       推右    眼肌左/右
  0.00   +0.213   -0.173   +0.386 |    71.38    15.81  1.00/ 1.00
  0.12   +0.164   -0.173   +0.337 |     0.00    45.79  0.37/ 1.00
  0.24   -0.034   -0.173   +0.139 |     0.00    48.44  0.00/ 1.00
  0.36   -0.178   -0.173   -0.005 |     0.00    74.68  0.00/ 1.00
  0.48   -0.272   -0.173   -0.099 |    20.34    64.72  1.00/ 1.00
  0.60   -0.236   -0.173   -0.063 |    68.41    12.21  1.00/ 1.00
  0.72   -0.200   -0.173   -0.027 |    63.90    15.64  1.00/ 1.00
  0.84   -0.164   -0.173   +0.009 |    45.76    36.32  1.00/ 1.00
  0.96   -0.128   -0.173   +0.045 |    21.78    62.79  1.00/ 1.00
  1.08   -0.092   -0.173   +0.081 |     2.30    85.73  1.00/ 1.00
  1.20   -0.168   -0.173   +0.005 |     0.00    96.07  0.00/ 1.00
  1.32   -0.222   -0.173   -0.049 |    25.44    58.74  1.00/ 1.00
  1.44   -0.186   -0.173   -0.013 |    47.42    33.91  1.00/ 1.00
  1.56   -0.150   -0.173   +0.023 |    34.29    49.00  1.00/ 1.00
  1.68   -0.114   -0.173   +0.059 |    13.41    73.81  1.00/ 1.00
  1.80   -0.087   -0.173   +0.087 |     0.00    91.48  0.48/ 1.00
  1.92   -0.223   -0.173   -0.050 |     0.13    92.21  0.00/ 1.00
  2.04   -0.208   -0.173   -0.035 |    41.71    40.92  1.00/ 1.00
  2.16   -0.172   -0.173   +0.001 |    44.64    38.27  1.00/ 1.00
  2.28   -0.136   -0.173   +0.037 |    26.05    57.74  1.00/ 1.00
  2.40   -0.100   -0.173   +0.073 |     5.94    81.61  1.00/ 1.00
  2.52   -0.136   -0.173   +0.037 |     0.00    95.42  0.02/ 1.00
  2.64   -0.229   -0.173   -0.056 |    12.51    73.84  1.00/ 1.00
  2.76   -0.193   -0.173   -0.020 |    46.78    34.75  1.00/ 1.00
  2.88   -0.157   -0.173   +0.016 |    38.29    45.31  1.00/ 1.00
