接线 5568 根（移动档 4532、保持档 1036）：分界 0.10、移动档满量程 0.35 推 0.60 弧度、保持档满量程 0.10 推 0.15 弧度、死区 3.0 度、总缩放 1.00、自激勾住 0.00、互压 0.00、眼肌时间 0.015、每眼独立 True
眼肌：一只眼 4 个神经元：四个方向各一个，都是大力气 —— 亮着就往那边继续转，都不亮就自己回正
每只眼的画面：水平半角 0.656、竖直半角 0.524 弧度；左眼行程 [-0.6   0.6  -0.45  0.45]
静止时给出的角度（球还没摆）：[0. 0. 0. 0.]

     球方位      球高低 |  左眼 yaw/pitch |  右眼 yaw/pitch |     后段抖动
  -0.350   -0.248 | +0.413/-0.203 盲 | -0.020/-0.021 够不着 | 0.000
  -0.170   -0.233 | +0.031/-0.027 看 | -0.072/-0.003 看 | 0.080
   0.000   -0.234 | -0.077/-0.006 看 | +0.012/-0.010 看 | 0.071
   0.170   -0.234 | -0.032/+0.015 看 | -0.132/-0.037 看 | 0.069
   0.340   -0.234 | -0.134/+0.007 看 | -0.060/-0.015 够不着 | 0.058
  -0.340   -0.097 | +0.750/-0.041 够不着 | +0.462/-0.063 看 | 0.082
  -0.170   -0.098 | -0.070/+0.022 看 | -0.097/+0.059 看 | 0.054
   0.000   -0.099 | -0.022/-0.042 看 | -0.037/-0.001 看 | 0.087
   0.170   -0.098 | -0.061/+0.027 看 | -0.118/-0.009 看 | 0.071
   0.340   -0.098 | -0.115/+0.049 看 | -0.072/+0.058 够不着 | 0.064
  -0.339    0.038 | +0.747/+0.076 够不着 | +0.450/+0.026 看 | 0.085
  -0.169    0.037 | -0.065/+0.015 看 | -0.093/+0.055 看 | 0.050
   0.000    0.036 | -0.006/+0.028 看 | -0.001/+0.044 看 | 0.080
   0.169    0.036 | -0.075/+0.089 看 | -0.129/-0.020 看 | 0.081
   0.339    0.037 | -0.094/+0.012 看 | -0.068/+0.060 够不着 | 0.084
  -0.338    0.172 | +0.752/+0.212 够不着 | +0.480/+0.155 看 | 0.054
  -0.169    0.171 | -0.001/+0.028 看 | -0.048/+0.014 看 | 0.079
  -0.000    0.170 | -0.099/+0.052 看 | -0.110/+0.080 看 | 0.062
   0.169    0.170 | -0.050/+0.052 看 | -0.114/+0.026 看 | 0.075
   0.338    0.171 | -0.125/+0.032 看 | -0.057/+0.043 够不着 | 0.050
  -0.336    0.305 | +0.750/+0.288 够不着 | +0.481/+0.306 看 | 0.046
  -0.168    0.304 | +0.190/+0.119 看 | +0.023/+0.121 看 | 0.050
  -0.000    0.303 | -0.007/+0.064 看 | -0.109/+0.039 看 | 0.051
   0.168    0.303 | -0.115/+0.060 看 | -0.057/+0.034 看 | 0.057
   0.336    0.304 | -0.099/+0.058 看 | -0.211/+0.079 够不着 | 0.023

命中 23/39 = 0.59（只算球能看见、又转得到的那几格）
误差：中位 0.094、平均 0.122、最差 0.481 弧度（容差 0.10）
后段抖动：最大 0.0872 弧度（抖得大 = 眼睛在来回撞，不是稳在一个角度）
