接线 5568 根（移动档 4532、保持档 1036）：分界 0.10、移动档满量程 0.35 推 0.60 弧度、保持档满量程 0.10 推 0.15 弧度、死区 3.0 度、总缩放 1.00、自激勾住 0.00、互压 0.00、眼肌时间 0.015、每眼独立 True
眼肌：一只眼 4 个神经元：四个方向各一个，被激活就发出固定的力（每秒 1.50 弧度往那边转）；没有信号时被固定的回正力（每秒 0.60 弧度）拉回正前方
每只眼的画面：水平半角 0.656、竖直半角 0.524 弧度；左眼行程 [-0.6   0.6  -0.45  0.45]
静止时给出的角度（球还没摆）：[0. 0. 0. 0.]

     球方位      球高低 |  左眼 yaw/pitch |  右眼 yaw/pitch |     后段抖动
  -0.350   -0.248 | +0.153/+0.024 盲 | -0.028/-0.032 够不着 | 0.000
  -0.170   -0.233 | -0.090/-0.050 看 | +0.002/-0.011 看 | 0.049
   0.000   -0.234 | -0.088/-0.028 看 | -0.111/-0.066 看 | 0.043
   0.170   -0.234 | -0.068/-0.009 看 | -0.128/-0.009 看 | 0.044
   0.340   -0.234 | -0.093/-0.012 看 | -0.066/-0.026 够不着 | 0.043
  -0.340   -0.097 | +0.386/+0.013 够不着 | +0.579/-0.116 看 | 0.071
  -0.170   -0.098 | -0.014/-0.022 看 | +0.021/-0.002 看 | 0.065
   0.000   -0.099 | -0.047/-0.059 看 | -0.099/-0.066 看 | 0.060
   0.170   -0.098 | -0.080/-0.036 看 | -0.103/-0.006 看 | 0.068
   0.340   -0.098 | -0.091/-0.046 看 | -0.074/-0.041 够不着 | 0.043
  -0.339    0.038 | +0.399/-0.018 够不着 | +0.585/-0.021 看 | 0.065
  -0.169    0.037 | -0.023/-0.021 看 | +0.016/-0.027 看 | 0.063
  -0.000    0.036 | -0.051/-0.023 看 | -0.106/-0.027 看 | 0.054
   0.169    0.036 | -0.077/-0.023 看 | -0.062/-0.025 看 | 0.043
   0.339    0.037 | -0.093/-0.023 看 | -0.078/-0.022 够不着 | 0.043
  -0.338    0.172 | +0.425/-0.027 够不着 | +0.598/+0.179 看 | 0.050
  -0.169    0.171 | +0.025/+0.072 看 | +0.020/+0.069 看 | 0.065
  -0.000    0.170 | -0.051/+0.072 看 | -0.130/+0.039 看 | 0.059
   0.169    0.170 | -0.080/+0.042 看 | -0.135/+0.097 看 | 0.057
   0.338    0.171 | -0.094/+0.114 看 | -0.075/-0.007 够不着 | 0.043
  -0.336    0.305 | +0.425/+0.081 够不着 | +0.589/+0.381 看 | 0.051
  -0.168    0.304 | +0.020/-0.019 看 | -0.009/+0.067 看 | 0.065
  -0.000    0.303 | -0.050/+0.096 看 | -0.118/+0.081 看 | 0.062
   0.168    0.303 | -0.080/+0.022 看 | -0.164/-0.009 看 | 0.055
   0.336    0.304 | -0.088/+0.093 看 | -0.068/+0.088 够不着 | 0.043

命中 26/39 = 0.67（只算球能看见、又转得到的那几格）
误差：中位 0.090、平均 0.133、最差 0.598 弧度（容差 0.10）
后段抖动：最大 0.0712 弧度（抖得大 = 眼睛在来回撞，不是稳在一个角度）
