右眼该转到 -0.330
     t     右眼yaw     球相对右眼         差 | 右眼画面里亮的列（#=亮）
  0.00    +0.000    -0.330    +0.330 | 列 无   眼肌左/右  0.00/ 0.00
  0.15    -0.053    -0.326    +0.273 | 列 37 42  眼肌左/右  0.01/ 1.00
  0.30    -0.187    -0.319    +0.131 | 列 33 39  眼肌左/右  0.00/ 1.00
  0.45    -0.322    -0.316    -0.006 | 列 25 35  眼肌左/右  0.00/ 1.00
  0.60    -0.390    -0.316    -0.074 | 列 16 29  眼肌左/右  1.00/ 1.00
  0.75    -0.300    -0.315    +0.015 | 列 15 27  眼肌左/右  1.00/ 1.00
  0.90    -0.210    -0.315    +0.105 | 列 19 32  眼肌左/右  1.00/ 1.00
  1.05    -0.324    -0.315    -0.009 | 列 21 33  眼肌左/右  0.00/ 1.00
  1.20    -0.361    -0.315    -0.046 | 列 15 28  眼肌左/右  1.00/ 1.00
  1.35    -0.271    -0.315    +0.044 | 列 16 29  眼肌左/右  1.00/ 1.00
  1.50    -0.236    -0.314    +0.079 | 列 21 33  眼肌左/右  0.05/ 1.00
  1.65    -0.370    -0.314    -0.056 | 列 19 32  眼肌左/右  0.00/ 1.00
  1.80    -0.329    -0.314    -0.015 | 列 15 27  眼肌左/右  1.00/ 1.00
  1.95    -0.239    -0.314    +0.075 | 列 17 30  眼肌左/右  1.00/ 1.00
  2.10    -0.280    -0.314    +0.033 | 列 22 33  眼肌左/右  0.00/ 1.00
  2.25    -0.388    -0.314    -0.074 | 列 17 31  眼肌左/右  1.00/ 1.00
  2.40    -0.298    -0.314    +0.016 | 列 15 28  眼肌左/右  1.00/ 1.00
  2.55    -0.208    -0.314    +0.106 | 列 19 32  眼肌左/右  1.00/ 1.00
  2.70    -0.326    -0.314    -0.012 | 列 21 33  眼肌左/右  0.00/ 1.00
  2.85    -0.357    -0.314    -0.044 | 列 15 28  眼肌左/右  1.00/ 1.00
