接线 2772 根（移动档 2316、保持档 456）：分界 0.10、移动档满量程 0.35 推 0.60 弧度、保持档满量程 0.10 推 0.15 弧度、死区 3.0 度、总缩放 1.00、自激勾住 0.00、互压 0.00、眼肌时间 0.015、每眼独立 True、只做left眼
眼肌：一只眼 4 个神经元：四个方向各一个，被激活就发出固定的力（每秒 3.00 弧度往那边转）；没有信号时被固定的回正力（每秒 1.20 弧度）拉回正前方
每只眼的画面：水平半角 0.656、竖直半角 0.524 弧度；左眼行程 [-0.6   0.6  -0.45  0.45]
静止时给出的角度（球还没摆）：[0. 0. 0. 0.]

     球方位      球高低 |  左眼 yaw/pitch |  右眼 yaw/pitch |     后段抖动
  -0.350   -0.248 | +0.071/-0.223 盲 | +0.343/-0.464 不管 | 0.000
  -0.170   -0.233 | -0.069/-0.055 看 | +0.065/-0.431 不管 | 0.112
   0.000   -0.234 | +0.146/-0.048 看 | -0.190/-0.418 不管 | 0.066
   0.170   -0.234 | -0.009/-0.046 看 | -0.430/-0.399 不管 | 0.053
   0.340   -0.234 | -0.246/+0.008 看 | -0.653/-0.377 不管 | 0.094
  -0.340   -0.097 | +0.460/-0.024 够不着 | +0.328/-0.235 不管 | 0.000
  -0.170   -0.098 | -0.085/-0.124 看 | +0.069/-0.233 不管 | 0.147
   0.000   -0.099 | +0.097/+0.096 看 | -0.182/-0.226 不管 | 0.131
   0.170   -0.098 | -0.051/-0.166 看 | -0.419/-0.216 不管 | 0.095
   0.340   -0.098 | -0.207/+0.039 看 | -0.640/-0.203 不管 | 0.158
  -0.339    0.038 | +0.509/+0.045 够不着 | +0.327/-0.030 不管 | 0.000
  -0.169    0.037 | -0.033/+0.091 看 | +0.070/-0.031 不管 | 0.120
  -0.000    0.036 | +0.024/+0.082 看 | -0.179/-0.031 不管 | 0.146
   0.169    0.036 | -0.078/+0.078 看 | -0.414/-0.030 不管 | 0.070
   0.339    0.037 | -0.178/+0.067 看 | -0.634/-0.027 不管 | 0.121
  -0.338    0.172 | +0.579/+0.096 够不着 | +0.325/+0.175 不管 | 0.000
  -0.169    0.171 | +0.044/+0.146 看 | +0.068/+0.171 不管 | 0.130
  -0.000    0.170 | -0.010/+0.027 看 | -0.180/+0.164 不管 | 0.168
   0.169    0.170 | -0.071/-0.050 看 | -0.415/+0.156 不管 | 0.071
   0.338    0.171 | -0.193/+0.037 看 | -0.635/+0.148 不管 | 0.119
  -0.336    0.305 | +0.557/+0.251 够不着 | +0.322/+0.377 不管 | 0.000
  -0.168    0.304 | -0.003/-0.022 看 | +0.063/+0.369 不管 | 0.126
  -0.000    0.303 | +0.010/+0.254 看 | -0.187/+0.356 不管 | 0.181
   0.168    0.303 | -0.074/-0.008 看 | -0.423/+0.340 不管 | 0.082
   0.336    0.304 | -0.183/+0.244 看 | -0.643/+0.322 不管 | 0.117

命中 10/20 = 0.50（只算球能看见、又转得到的那几格）
误差：中位 0.110、平均 0.128、最差 0.254 弧度（容差 0.10）
后段抖动：最大 0.1810 弧度（抖得大 = 眼睛在来回撞，不是稳在一个角度）
