接线 2772 根（移动档 2316、保持档 456）：分界 0.10、移动档满量程 0.35 推 0.60 弧度、保持档满量程 0.10 推 0.15 弧度、死区 3.0 度、总缩放 1.00、自激勾住 0.00、互压 0.00、眼肌时间 0.015、每眼独立 True、只做left眼
眼肌：一只眼 4 个神经元：四个方向各一个，被激活就发出固定的力（每秒 1.50 弧度往那边转）；没有信号时被固定的回正力（每秒 0.60 弧度）拉回正前方
每只眼的画面：水平半角 0.656、竖直半角 0.524 弧度；左眼行程 [-0.6   0.6  -0.45  0.45]
静止时给出的角度（球还没摆）：[0. 0. 0. 0.]

     球方位      球高低 |  左眼 yaw/pitch |  右眼 yaw/pitch |     后段抖动
  -0.350   -0.248 | +0.152/+0.016 盲 | +0.346/-0.461 不管 | 0.000
  -0.170   -0.233 | -0.072/-0.032 看 | +0.068/-0.428 不管 | 0.032
   0.000   -0.234 | -0.069/-0.021 看 | -0.187/-0.415 不管 | 0.036
   0.170   -0.234 | -0.073/-0.009 看 | -0.427/-0.396 不管 | 0.033
   0.340   -0.234 | -0.083/-0.001 看 | -0.650/-0.374 不管 | 0.043
  -0.340   -0.097 | +0.417/+0.070 够不着 | +0.331/-0.233 不管 | 0.000
  -0.170   -0.098 | +0.013/-0.104 看 | +0.072/-0.230 不管 | 0.091
   0.000   -0.099 | -0.037/-0.100 看 | -0.179/-0.223 不管 | 0.062
   0.170   -0.098 | -0.077/+0.033 看 | -0.416/-0.213 不管 | 0.056
   0.340   -0.098 | -0.084/-0.106 看 | -0.637/-0.200 不管 | 0.049
  -0.339    0.038 | +0.435/+0.020 够不着 | +0.329/-0.027 不管 | 0.000
  -0.169    0.037 | +0.025/+0.024 看 | +0.073/-0.028 不管 | 0.054
  -0.000    0.036 | -0.038/+0.020 看 | -0.176/-0.028 不管 | 0.052
   0.169    0.036 | -0.078/+0.021 看 | -0.411/-0.027 不管 | 0.031
   0.339    0.037 | -0.084/+0.017 看 | -0.631/-0.025 不管 | 0.043
  -0.338    0.172 | +0.467/-0.006 够不着 | +0.328/+0.178 不管 | 0.000
  -0.169    0.171 | +0.059/+0.105 看 | +0.071/+0.174 不管 | 0.073
  -0.000    0.170 | -0.054/+0.015 看 | -0.177/+0.167 不管 | 0.058
   0.169    0.170 | -0.075/+0.127 看 | -0.412/+0.159 不管 | 0.063
   0.338    0.171 | -0.084/+0.037 看 | -0.632/+0.151 不管 | 0.064
  -0.336    0.305 | +0.479/+0.175 够不着 | +0.325/+0.379 不管 | 0.000
  -0.168    0.304 | +0.069/+0.039 看 | +0.066/+0.372 不管 | 0.065
  -0.000    0.303 | -0.061/+0.038 看 | -0.184/+0.359 不管 | 0.104
   0.168    0.303 | -0.071/+0.185 看 | -0.420/+0.343 不管 | 0.037
   0.336    0.304 | -0.084/+0.086 看 | -0.640/+0.325 不管 | 0.065

命中 14/20 = 0.70（只算球能看见、又转得到的那几格）
误差：中位 0.080、平均 0.084、最差 0.185 弧度（容差 0.10）
后段抖动：最大 0.1035 弧度（抖得大 = 眼睛在来回撞，不是稳在一个角度）
