接线 2784 根（移动档 2266、保持档 518）：分界 0.10、移动档满量程 0.35 推 0.60 弧度、保持档满量程 0.10 推 0.15 弧度、死区 3.0 度、总缩放 1.00、自激勾住 0.00、互压 0.00、眼肌时间 0.015、每眼独立 True、只做left眼
眼肌：一只眼 4 个神经元：四个方向各一个，被激活就发出固定的力（每秒 1.50 弧度往那边转）；没有信号时被固定的回正力（每秒 1.00 弧度）拉回正前方
每只眼的画面：水平半角 0.656、竖直半角 0.524 弧度；左眼行程 [-0.6   0.6  -0.45  0.45]
静止时给出的角度（球还没摆）：[0. 0. 0. 0.]

     球方位      球高低 |  左眼 yaw/pitch |  右眼 yaw/pitch |     后段抖动
  -0.350   -0.248 | +0.387/-0.098 盲 | +0.344/-0.463 不管 | 0.000
  -0.170   -0.233 | +0.048/-0.014 看 | +0.066/-0.430 不管 | 0.036
   0.000   -0.234 | +0.012/-0.124 看 | -0.189/-0.417 不管 | 0.036
   0.170   -0.234 | -0.065/-0.071 看 | -0.429/-0.398 不管 | 0.036
   0.340   -0.234 | -0.072/-0.034 看 | -0.652/-0.376 不管 | 0.049
  -0.340   -0.097 | +0.407/-0.034 够不着 | +0.329/-0.234 不管 | 0.000
  -0.170   -0.098 | +0.075/-0.101 看 | +0.070/-0.232 不管 | 0.035
   0.000   -0.099 | -0.004/-0.026 看 | -0.181/-0.225 不管 | 0.036
   0.170   -0.098 | -0.079/-0.118 看 | -0.418/-0.215 不管 | 0.043
   0.340   -0.098 | -0.067/-0.104 看 | -0.639/-0.202 不管 | 0.036
  -0.339    0.038 | +0.415/-0.019 够不着 | +0.328/-0.029 不管 | 0.000
  -0.169    0.037 | +0.087/-0.022 看 | +0.071/-0.030 不管 | 0.023
  -0.000    0.036 | -0.008/-0.023 看 | -0.178/-0.030 不管 | 0.036
   0.169    0.036 | -0.071/-0.024 看 | -0.413/-0.029 不管 | 0.005
   0.339    0.037 | -0.068/-0.024 看 | -0.633/-0.027 不管 | 0.025
  -0.338    0.172 | +0.419/+0.017 够不着 | +0.326/+0.176 不管 | 0.000
  -0.169    0.171 | +0.076/+0.118 看 | +0.069/+0.172 不管 | 0.033
  -0.000    0.170 | +0.000/+0.040 看 | -0.179/+0.165 不管 | 0.036
   0.169    0.170 | -0.074/+0.137 看 | -0.414/+0.157 不管 | 0.025
   0.338    0.171 | -0.065/+0.058 看 | -0.634/+0.149 不管 | 0.036
  -0.336    0.305 | +0.439/+0.130 够不着 | +0.323/+0.378 不管 | 0.000
  -0.168    0.304 | +0.052/+0.069 看 | +0.064/+0.370 不管 | 0.044
  -0.000    0.303 | -0.008/+0.030 看 | -0.186/+0.357 不管 | 0.036
   0.168    0.303 | -0.068/+0.151 看 | -0.422/+0.341 不管 | 0.029
   0.336    0.304 | -0.065/+0.124 看 | -0.642/+0.323 不管 | 0.036

命中 12/20 = 0.60（只算球能看见、又转得到的那几格）
误差：中位 0.072、平均 0.082、最差 0.151 弧度（容差 0.10）
后段抖动：最大 0.0493 弧度（抖得大 = 眼睛在来回撞，不是稳在一个角度）
