接线 2784 根（移动档 2266、保持档 518）：分界 0.10、移动档满量程 0.35 推 0.60 弧度、保持档满量程 0.10 推 0.15 弧度、死区 3.0 度、总缩放 1.00、自激勾住 0.00、互压 0.00、眼肌时间 0.015、每眼独立 True、只做left眼
眼肌：一只眼 4 个神经元：四个方向各一个，被激活就发出固定的力（每秒 1.50 弧度往那边转）；没有信号时被固定的回正力（每秒 0.60 弧度）拉回正前方
每只眼的画面：水平半角 0.656、竖直半角 0.524 弧度；左眼行程 [-0.6   0.6  -0.45  0.45]
静止时给出的角度（球还没摆）：[0. 0. 0. 0.]

     球方位      球高低 |  左眼 yaw/pitch |  右眼 yaw/pitch |     后段抖动
  -0.350   -0.248 | +0.153/+0.024 盲 | +0.346/-0.461 不管 | 0.000
  -0.170   -0.233 | -0.090/-0.050 看 | +0.068/-0.428 不管 | 0.049
   0.000   -0.234 | -0.088/-0.028 看 | -0.187/-0.415 不管 | 0.043
   0.170   -0.234 | -0.073/-0.009 看 | -0.427/-0.396 不管 | 0.032
   0.340   -0.234 | -0.088/-0.011 看 | -0.650/-0.374 不管 | 0.043
  -0.340   -0.097 | +0.373/+0.045 够不着 | +0.331/-0.233 不管 | 0.000
  -0.170   -0.098 | -0.021/-0.073 看 | +0.072/-0.230 不管 | 0.065
   0.000   -0.099 | -0.049/+0.008 看 | -0.179/-0.223 不管 | 0.060
   0.170   -0.098 | -0.079/-0.082 看 | -0.416/-0.213 不管 | 0.026
   0.340   -0.098 | -0.095/+0.008 看 | -0.637/-0.200 不管 | 0.043
  -0.339    0.038 | +0.414/-0.023 够不着 | +0.329/-0.027 不管 | 0.000
  -0.169    0.037 | -0.008/-0.025 看 | +0.073/-0.028 不管 | 0.064
  -0.000    0.036 | -0.045/-0.027 看 | -0.176/-0.028 不管 | 0.058
   0.169    0.036 | -0.073/-0.028 看 | -0.411/-0.027 不管 | 0.003
   0.339    0.037 | -0.087/-0.027 看 | -0.631/-0.025 不管 | 0.043
  -0.338    0.172 | +0.418/-0.031 够不着 | +0.328/+0.178 不管 | 0.000
  -0.169    0.171 | +0.018/+0.078 看 | +0.071/+0.174 不管 | 0.065
  -0.000    0.170 | -0.048/+0.069 看 | -0.177/+0.167 不管 | 0.061
   0.169    0.170 | -0.081/+0.049 看 | -0.412/+0.159 不管 | 0.043
   0.338    0.171 | -0.092/+0.113 看 | -0.632/+0.151 不管 | 0.043
  -0.336    0.305 | +0.426/+0.068 够不着 | +0.325/+0.379 不管 | 0.000
  -0.168    0.304 | +0.023/-0.020 看 | +0.066/+0.372 不管 | 0.065
  -0.000    0.303 | -0.051/+0.096 看 | -0.184/+0.359 不管 | 0.062
   0.168    0.303 | -0.079/+0.019 看 | -0.420/+0.343 不管 | 0.053
   0.336    0.304 | -0.094/+0.097 看 | -0.640/+0.325 不管 | 0.043

命中 19/20 = 0.95（只算球能看见、又转得到的那几格）
误差：中位 0.080、平均 0.075、最差 0.113 弧度（容差 0.10）
后段抖动：最大 0.0649 弧度（抖得大 = 眼睛在来回撞，不是稳在一个角度）
