接线 2784 根（移动档 2266、保持档 518）：分界 0.10、移动档满量程 0.35 推 0.60 弧度、保持档满量程 0.10 推 0.15 弧度、死区 3.0 度、总缩放 1.00、自激勾住 0.00、互压 0.00、眼肌时间 0.015、每眼独立 True、只做left眼
眼肌：一只眼 4 个神经元：四个方向各一个，被激活就发出固定的力（每秒 1.50 弧度往那边转）；没有信号时被固定的回正力（每秒 0.30 弧度）拉回正前方
每只眼的画面：水平半角 0.656、竖直半角 0.524 弧度；左眼行程 [-0.6   0.6  -0.45  0.45]
静止时给出的角度（球还没摆）：[0. 0. 0. 0.]

     球方位      球高低 |  左眼 yaw/pitch |  右眼 yaw/pitch |     后段抖动
  -0.350   -0.248 | +0.075/-0.016 盲 | +0.348/-0.459 不管 | 0.000
  -0.170   -0.233 | -0.114/-0.028 看 | +0.069/-0.427 不管 | 0.051
   0.000   -0.234 | -0.095/+0.010 看 | -0.186/-0.413 不管 | 0.072
   0.170   -0.234 | -0.027/-0.000 看 | -0.426/-0.394 不管 | 0.046
   0.340   -0.234 | -0.160/-0.019 看 | -0.649/-0.372 不管 | 0.056
  -0.340   -0.097 | +0.763/+0.062 够不着 | +0.332/-0.231 不管 | 0.000
  -0.170   -0.098 | -0.087/-0.053 看 | +0.073/-0.229 不管 | 0.087
   0.000   -0.099 | -0.071/+0.064 看 | -0.177/-0.222 不管 | 0.087
   0.170   -0.098 | -0.024/-0.013 看 | -0.414/-0.211 不管 | 0.047
   0.340   -0.098 | -0.162/-0.048 看 | -0.636/-0.199 不管 | 0.055
  -0.339    0.038 | +0.759/+0.106 够不着 | +0.331/-0.026 不管 | 0.000
  -0.169    0.037 | -0.076/-0.012 看 | +0.074/-0.027 不管 | 0.087
   0.000    0.036 | -0.081/-0.025 看 | -0.174/-0.027 不管 | 0.070
   0.169    0.036 | -0.041/-0.026 看 | -0.410/-0.025 不管 | 0.047
   0.339    0.037 | -0.145/-0.026 看 | -0.630/-0.023 不管 | 0.060
  -0.338    0.172 | +0.754/+0.154 够不着 | +0.329/+0.179 不管 | 0.000
  -0.169    0.171 | -0.088/+0.062 看 | +0.072/+0.175 不管 | 0.089
  -0.000    0.170 | -0.068/-0.029 看 | -0.176/+0.169 不管 | 0.088
   0.169    0.170 | -0.023/+0.018 看 | -0.411/+0.161 不管 | 0.052
   0.338    0.171 | -0.167/+0.058 看 | -0.631/+0.153 不管 | 0.050
  -0.336    0.305 | +0.773/+0.330 够不着 | +0.326/+0.381 不管 | 0.000
  -0.168    0.304 | -0.105/+0.123 看 | +0.067/+0.374 不管 | 0.078
  -0.000    0.303 | -0.061/+0.000 看 | -0.182/+0.361 不管 | 0.099
   0.168    0.303 | -0.015/+0.011 看 | -0.418/+0.344 不管 | 0.059
   0.336    0.304 | -0.161/+0.073 看 | -0.639/+0.326 不管 | 0.070

命中 13/20 = 0.65（只算球能看见、又转得到的那几格）
误差：中位 0.084、平均 0.090、最差 0.167 弧度（容差 0.10）
后段抖动：最大 0.0987 弧度（抖得大 = 眼睛在来回撞，不是稳在一个角度）
