接线 2784 根（移动档 2266、保持档 518）：分界 0.10、移动档满量程 0.35 推 0.60 弧度、保持档满量程 0.10 推 0.15 弧度、死区 3.0 度、总缩放 1.00、自激勾住 0.00、互压 0.00、眼肌时间 0.015、每眼独立 True、只做left眼
眼肌：一只眼 4 个神经元：四个方向各一个，被激活就发出固定的力（每秒 1.50 弧度往那边转）；没有信号时被固定的回正力（每秒 0.00 弧度）拉回正前方
每只眼的画面：水平半角 0.656、竖直半角 0.524 弧度；左眼行程 [-0.6   0.6  -0.45  0.45]
静止时给出的角度（球还没摆）：[0. 0. 0. 0.]

     球方位      球高低 |  左眼 yaw/pitch |  右眼 yaw/pitch |     后段抖动
  -0.350   -0.248 | +0.071/-0.045 盲 | +0.349/-0.458 不管 | 0.000
  -0.170   -0.233 | -0.121/+0.013 看 | +0.071/-0.425 不管 | 0.064
   0.000   -0.234 | -0.083/-0.007 看 | -0.185/-0.412 不管 | 0.091
   0.170   -0.234 | -0.109/-0.008 看 | -0.424/-0.393 不管 | 0.074
   0.340   -0.234 | -0.110/-0.014 看 | -0.647/-0.371 不管 | 0.074
  -0.340   -0.097 | +1.104/+0.253 够不着 | +0.334/-0.230 不管 | 0.000
  -0.170   -0.098 | +0.882/+0.241 看 | +0.075/-0.227 不管 | 0.000
   0.000   -0.099 | -0.175/+0.040 看 | -0.176/-0.220 不管 | 0.077
   0.170   -0.098 | -0.140/-0.032 看 | -0.413/-0.210 不管 | 0.073
   0.340   -0.098 | -0.114/+0.076 看 | -0.634/-0.197 不管 | 0.073
  -0.339    0.038 | +1.147/+0.003 够不着 | +0.332/-0.025 不管 | 0.000
  -0.169    0.037 | +0.927/+0.001 看 | +0.076/-0.026 不管 | 0.000
  -0.000    0.036 | -0.173/-0.015 看 | -0.173/-0.025 不管 | 0.033
   0.169    0.036 | -0.150/-0.016 看 | -0.408/-0.024 不管 | 0.033
   0.339    0.037 | -0.139/-0.015 看 | -0.628/-0.022 不管 | 0.046
  -0.338    0.172 | +1.117/+0.195 够不着 | +0.330/+0.181 不管 | 0.000
  -0.169    0.171 | +0.897/+0.203 看 | +0.074/+0.176 不管 | 0.000
  -0.000    0.170 | -0.182/+0.097 看 | -0.174/+0.170 不管 | 0.052
   0.169    0.170 | -0.153/-0.067 看 | -0.409/+0.162 不管 | 0.041
   0.338    0.171 | -0.137/-0.018 看 | -0.629/+0.154 不管 | 0.060
  -0.336    0.305 | +1.131/+0.182 够不着 | +0.328/+0.382 不管 | 0.000
  -0.168    0.304 | +0.910/+0.200 看 | +0.069/+0.375 不管 | 0.000
  -0.000    0.303 | -0.185/+0.076 看 | -0.181/+0.362 不管 | 0.063
   0.168    0.303 | -0.160/-0.056 看 | -0.417/+0.346 不管 | 0.039
   0.336    0.304 | -0.149/+0.061 看 | -0.637/+0.328 不管 | 0.062

命中 1/20 = 0.05（只算球能看见、又转得到的那几格）
误差：中位 0.151、平均 0.295、最差 0.927 弧度（容差 0.10）
后段抖动：最大 0.0905 弧度（抖得大 = 眼睛在来回撞，不是稳在一个角度）
