接线 2784 根（移动档 2266、保持档 518）：分界 0.10、移动档满量程 0.35 推 0.60 弧度、保持档满量程 0.10 推 0.15 弧度、死区 3.0 度、总缩放 1.00、自激勾住 0.00、互压 0.00、眼肌时间 0.015、每眼独立 True、只做left眼
眼肌：一只眼 4 个神经元：四个方向各一个，被激活就发出固定的力（每秒 1.50 弧度往那边转）；没有信号时被固定的回正力（每秒 0.10 弧度）拉回正前方
每只眼的画面：水平半角 0.656、竖直半角 0.524 弧度；左眼行程 [-0.6   0.6  -0.45  0.45]
静止时给出的角度（球还没摆）：[0. 0. 0. 0.]

     球方位      球高低 |  左眼 yaw/pitch |  右眼 yaw/pitch |     后段抖动
  -0.350   -0.248 | +0.071/-0.042 盲 | +0.349/-0.458 不管 | 0.000
  -0.170   -0.233 | -0.118/+0.011 看 | +0.070/-0.426 不管 | 0.064
   0.000   -0.234 | -0.077/-0.029 看 | -0.185/-0.412 不管 | 0.091
   0.170   -0.234 | -0.072/-0.033 看 | -0.425/-0.394 不管 | 0.081
   0.340   -0.234 | -0.150/-0.028 看 | -0.648/-0.371 不管 | 0.046
  -0.340   -0.097 | +1.030/+0.200 够不着 | +0.333/-0.230 不管 | 0.000
  -0.170   -0.098 | +0.719/+0.101 看 | +0.074/-0.228 不管 | 0.025
   0.000   -0.099 | +0.034/-0.060 看 | -0.176/-0.221 不管 | 0.075
   0.170   -0.098 | -0.110/+0.084 看 | -0.413/-0.210 不管 | 0.065
   0.340   -0.098 | -0.098/-0.061 看 | -0.635/-0.198 不管 | 0.085
  -0.339    0.038 | +1.006/+0.273 够不着 | +0.332/-0.025 不管 | 0.000
  -0.169    0.037 | +0.687/+0.173 看 | +0.075/-0.026 不管 | 0.032
  -0.000    0.036 | +0.049/-0.049 看 | -0.173/-0.026 不管 | 0.051
   0.169    0.036 | -0.127/+0.021 看 | -0.409/-0.024 不管 | 0.039
   0.339    0.037 | -0.131/-0.024 看 | -0.629/-0.022 不管 | 0.061
  -0.338    0.172 | +1.073/+0.155 够不着 | +0.330/+0.180 不管 | 0.000
  -0.169    0.171 | +0.773/+0.163 看 | +0.073/+0.176 不管 | 0.007
  -0.000    0.170 | -0.090/+0.054 看 | -0.175/+0.169 不管 | 0.097
   0.169    0.170 | -0.055/-0.028 看 | -0.410/+0.162 不管 | 0.088
   0.338    0.171 | -0.149/+0.078 看 | -0.630/+0.153 不管 | 0.052
  -0.336    0.305 | +1.031/+0.029 够不着 | +0.327/+0.382 不管 | 0.000
  -0.168    0.304 | +0.557/-0.029 看 | +0.068/+0.375 不管 | 0.110
  -0.000    0.303 | +0.005/+0.029 看 | -0.181/+0.362 不管 | 0.086
   0.168    0.303 | -0.092/+0.043 看 | -0.417/+0.345 不管 | 0.089
   0.336    0.304 | -0.150/-0.048 看 | -0.638/+0.327 不管 | 0.064

命中 9/20 = 0.45（只算球能看见、又转得到的那几格）
误差：中位 0.114、平均 0.215、最差 0.773 弧度（容差 0.10）
后段抖动：最大 0.1103 弧度（抖得大 = 眼睛在来回撞，不是稳在一个角度）
