接线 2784 根（移动档 2266、保持档 518）：分界 0.10、移动档满量程 0.35 推 0.60 弧度、保持档满量程 0.10 推 0.15 弧度、死区 3.0 度、总缩放 1.00、自激勾住 0.00、互压 0.00、眼肌时间 0.015、每眼独立 True、只做left眼
眼肌：一只眼 4 个神经元：四个方向各一个，被激活就发出固定的力（每秒 1.50 弧度往那边转）；没有信号时被固定的回正力（每秒 0.60 弧度）拉回正前方
每只眼的画面：水平半角 0.656、竖直半角 0.524 弧度；左眼行程 [-0.6   0.6  -0.45  0.45]
静止时给出的角度（球还没摆）：[0. 0. 0. 0.]

     球方位      球高低 |  左眼 yaw/pitch |  右眼 yaw/pitch |     后段抖动
  -0.350   -0.248 | +0.071/+0.017 盲 | +0.346/-0.461 不管 | 0.000
  -0.170   -0.235 | -0.068/+0.019 看 | +0.067/-0.429 不管 | 0.044
   0.000   -0.235 | -0.050/-0.071 看 | -0.187/-0.416 不管 | 0.054
   0.170   -0.236 | -0.072/-0.005 看 | -0.427/-0.397 不管 | 0.025
   0.340   -0.236 | -0.052/-0.011 看 | -0.650/-0.375 不管 | 0.040
  -0.339   -0.099 | +0.034/+0.032 够不着 | +0.330/-0.235 不管 | 0.000
  -0.170   -0.101 | +0.012/-0.061 看 | +0.071/-0.234 不管 | 0.064
  -0.000   -0.101 | -0.017/-0.008 看 | -0.178/-0.227 不管 | 0.062
   0.169   -0.102 | -0.073/-0.063 看 | -0.415/-0.217 不管 | 0.049
   0.339   -0.101 | -0.047/-0.007 看 | -0.636/-0.204 不管 | 0.043
  -0.338    0.034 | +0.027/-0.023 够不着 | +0.328/-0.033 不管 | 0.000
  -0.169    0.032 | -0.044/-0.027 看 | +0.072/-0.035 不管 | 0.056
  -0.000    0.031 | -0.052/-0.030 看 | -0.175/-0.035 不管 | 0.046
   0.169    0.031 | -0.072/-0.031 看 | -0.409/-0.034 不管 | 0.003
   0.338    0.032 | -0.049/-0.031 看 | -0.629/-0.031 不管 | 0.040
  -0.336    0.166 | +0.026/-0.010 够不着 | +0.325/+0.169 不管 | 0.000
  -0.168    0.164 | +0.016/+0.097 看 | +0.070/+0.164 不管 | 0.065
  -0.000    0.163 | -0.005/+0.066 看 | -0.176/+0.157 不管 | 0.061
   0.168    0.163 | -0.072/+0.030 看 | -0.410/+0.150 不管 | 0.043
   0.336    0.165 | -0.089/+0.097 看 | -0.628/+0.143 不管 | 0.043
  -0.334    0.298 | +0.033/+0.099 够不着 | +0.322/+0.368 不管 | 0.000
  -0.167    0.296 | +0.029/+0.041 看 | +0.065/+0.360 不管 | 0.064
  -0.000    0.295 | -0.020/+0.037 看 | -0.182/+0.347 不管 | 0.064
   0.167    0.295 | -0.067/+0.106 看 | -0.416/+0.332 不管 | 0.026
   0.334    0.297 | -0.065/+0.091 看 | -0.635/+0.315 不管 | 0.045

命中 19/20 = 0.95（只算球能看见、又转得到的那几格）
误差：中位 0.067、平均 0.064、最差 0.106 弧度（容差 0.10）
后段抖动：最大 0.0645 弧度（抖得大 = 眼睛在来回撞，不是稳在一个角度）
