接线 2784 根（移动档 2266、保持档 518）：分界 0.10、移动档满量程 0.35 推 0.60 弧度、保持档满量程 0.10 推 0.15 弧度、死区 3.0 度、总缩放 1.00、自激勾住 0.00、互压 0.00、眼肌时间 0.015、每眼独立 True、只做left眼
眼肌：一只眼 4 个神经元：四个方向各一个，都是大力气 —— 亮着就往那边继续转，都不亮就自己回正
每只眼的画面：水平半角 0.656、竖直半角 0.524 弧度；左眼行程 [-0.6   0.6  -0.45  0.45]
静止时给出的角度（球还没摆）：[0. 0. 0. 0.]

     球方位      球高低 |  左眼 yaw/pitch |  右眼 yaw/pitch |     后段抖动
  -0.350   -0.248 | +0.074/+0.035 盲 | +0.349/-0.458 不管 | 0.000
  -0.170   -0.233 | +0.058/+0.037 看 | +0.071/-0.425 不管 | 0.085
   0.000   -0.234 | -0.098/+0.032 看 | -0.185/-0.412 不管 | 0.180
   0.170   -0.234 | +0.056/+0.023 看 | -0.424/-0.393 不管 | 0.137
   0.340   -0.234 | -0.236/+0.018 看 | -0.647/-0.371 不管 | 0.145
  -0.340   -0.097 | +0.896/+0.043 够不着 | +0.334/-0.230 不管 | 0.000
  -0.170   -0.098 | +0.073/+0.139 看 | +0.075/-0.227 不管 | 0.083
   0.000   -0.099 | -0.144/+0.038 看 | -0.176/-0.220 不管 | 0.163
   0.170   -0.098 | +0.017/-0.088 看 | -0.413/-0.210 不管 | 0.103
   0.340   -0.098 | -0.187/+0.148 看 | -0.634/-0.197 不管 | 0.124
  -0.339    0.038 | +0.840/+0.049 够不着 | +0.332/-0.025 不管 | 0.000
  -0.169    0.037 | +0.031/-0.011 看 | +0.076/-0.026 不管 | 0.136
  -0.000    0.036 | -0.134/+0.186 看 | -0.173/-0.025 不管 | 0.115
   0.169    0.036 | +0.046/+0.056 看 | -0.408/-0.024 不管 | 0.190
   0.339    0.037 | -0.255/-0.061 看 | -0.628/-0.022 不管 | 0.134
  -0.338    0.172 | +0.840/+0.181 够不着 | +0.330/+0.181 不管 | 0.000
  -0.169    0.171 | +0.029/+0.076 看 | +0.074/+0.176 不管 | 0.112
  -0.000    0.170 | -0.131/+0.165 看 | -0.174/+0.170 不管 | 0.140
   0.169    0.170 | -0.054/+0.040 看 | -0.409/+0.162 不管 | 0.127
   0.338    0.171 | -0.012/+0.196 看 | -0.629/+0.154 不管 | 0.146
  -0.336    0.305 | +0.836/+0.290 够不着 | +0.328/+0.382 不管 | 0.000
  -0.168    0.304 | -0.126/+0.081 看 | +0.069/+0.375 不管 | 0.084
  -0.000    0.303 | -0.085/+0.104 看 | -0.181/+0.362 不管 | 0.098
   0.168    0.303 | +0.051/+0.133 看 | -0.417/+0.346 不管 | 0.138
   0.336    0.304 | -0.218/+0.016 看 | -0.637/+0.328 不管 | 0.087

命中 8/20 = 0.40（只算球能看见、又转得到的那几格）
误差：中位 0.129、平均 0.130、最差 0.255 弧度（容差 0.10）
后段抖动：最大 0.1899 弧度（抖得大 = 眼睛在来回撞，不是稳在一个角度）
