接线 2784 根（移动档 2266、保持档 518）：分界 0.10、移动档满量程 0.35 推 0.60 弧度、保持档满量程 0.10 推 0.15 弧度、死区 3.0 度、总缩放 2.40、自激勾住 0.00、互压 0.00、眼肌时间 0.015、每眼独立 True、只做left眼
眼肌：一只眼 4 个神经元：四个方向各一个，都是大力气 —— 亮着就往那边继续转，都不亮就自己回正
每只眼的画面：水平半角 0.656、竖直半角 0.524 弧度；左眼行程 [-0.6   0.6  -0.45  0.45]
静止时给出的角度（球还没摆）：[0. 0. 0. 0.]

     球方位      球高低 |  左眼 yaw/pitch |  右眼 yaw/pitch |     后段抖动
  -0.350   -0.248 | +0.413/-0.203 盲 | +0.349/-0.458 不管 | 0.000
  -0.170   -0.233 | +0.031/-0.027 看 | +0.071/-0.425 不管 | 0.035
   0.000   -0.234 | -0.077/-0.006 看 | -0.185/-0.412 不管 | 0.071
   0.170   -0.234 | -0.032/+0.015 看 | -0.424/-0.393 不管 | 0.069
   0.340   -0.234 | -0.135/+0.007 看 | -0.647/-0.371 不管 | 0.058
  -0.340   -0.097 | +0.750/-0.042 够不着 | +0.334/-0.230 不管 | 0.000
  -0.170   -0.098 | -0.070/+0.022 看 | +0.075/-0.227 不管 | 0.052
   0.000   -0.099 | -0.022/-0.042 看 | -0.176/-0.220 不管 | 0.077
   0.170   -0.098 | -0.060/+0.027 看 | -0.413/-0.210 不管 | 0.071
   0.340   -0.098 | -0.115/+0.048 看 | -0.634/-0.197 不管 | 0.064
  -0.339    0.038 | +0.747/+0.076 够不着 | +0.332/-0.025 不管 | 0.000
  -0.169    0.037 | -0.065/+0.014 看 | +0.076/-0.026 不管 | 0.050
   0.000    0.036 | -0.006/+0.029 看 | -0.173/-0.025 不管 | 0.074
   0.169    0.036 | -0.075/+0.089 看 | -0.408/-0.024 不管 | 0.081
   0.339    0.037 | -0.094/+0.012 看 | -0.628/-0.022 不管 | 0.084
  -0.338    0.172 | +0.752/+0.212 够不着 | +0.330/+0.181 不管 | 0.000
  -0.169    0.171 | -0.001/+0.028 看 | +0.074/+0.176 不管 | 0.056
  -0.000    0.170 | -0.099/+0.052 看 | -0.174/+0.170 不管 | 0.050
   0.169    0.170 | -0.050/+0.052 看 | -0.409/+0.162 不管 | 0.075
   0.338    0.171 | -0.125/+0.032 看 | -0.629/+0.154 不管 | 0.050
  -0.336    0.305 | +0.750/+0.288 够不着 | +0.328/+0.382 不管 | 0.000
  -0.168    0.304 | +0.190/+0.119 看 | +0.069/+0.375 不管 | 0.027
  -0.000    0.303 | -0.007/+0.064 看 | -0.181/+0.362 不管 | 0.045
   0.168    0.303 | -0.115/+0.061 看 | -0.417/+0.346 不管 | 0.057
   0.336    0.304 | -0.099/+0.058 看 | -0.637/+0.328 不管 | 0.023

命中 15/20 = 0.75（只算球能看见、又转得到的那几格）
误差：中位 0.074、平均 0.081、最差 0.190 弧度（容差 0.10）
后段抖动：最大 0.0841 弧度（抖得大 = 眼睛在来回撞，不是稳在一个角度）
