球色 red，0.9 米远，直径 0.06 米；扫 1170 个位置（左右 45 x 上下 26），每个停 12 步读 6 步
层的大小：retinal_opponent 10368、retinal_contrast 1504、binocular 4480、retinal_memory 48、retina 18

=== 1. 视网膜上亮的是方块还是列？（左眼红通道，球在 0.00, 0.00 弧度）===
    012345678901234567890123456789012345678901234567
  0                                                 
  1                                                 
  2                                                 
  3                                                 
  4                                                 
  5                                                 
  6                                                 
  7                                                 
  8                                                 
  9                                                 
 10                                                 
 11                                                 
 12                                                 
 13                                                 
 14                                                 
 15                                   :             
 16                                 =@@@:           
 17                                .@@@@@           
 18                                #@@@@@=          
 19                                @@@@@@#          
 20                               #@@@@@##          
 21                               @*#@@@#@          
 22                               -*@%@@#@          
 23                               +*@@@@@%          
 24                               *++@#@%@          
 25                                +#@@@%-          
 26                                 :+##-           
 27                                                 
 28                                                 
 29                                                 
 30                                                 
 31                                                 
 32                                                 
 33                                                 
 34                                                 
 35                                                 
方块范围：第 16~26 行、第 30~37 列，共 69 个细胞（整幅图是 36 x 48 = 1728 个）
最亮那一行有 8 个细胞亮；最亮那一列有 11 个细胞亮（所以是块，不是列）

=== 1b. 每一个位置上的亮块中心（左眼）===
高低\方位  -35.5  -33.9  -32.3  -30.7  -29.1  -27.4  -25.8  -24.2  -22.6  -21.0  -19.4  -17.8  -16.1  -14.5  -12.9  -11.3   -9.7   -8.1   -6.5   -4.8   -3.2   -1.6    0.0    1.6    3.2    4.8    6.5    8.1    9.7   11.3   12.9   14.5   16.1   17.8   19.4   21.0   22.6   24.2   25.8   27.4   29.1   30.7   32.3   33.9   35.5
  -28.6    nan    nan    nan    nan    nan    nan    nan    nan    nan    nan    nan    nan    nan    nan    nan    nan    nan    nan    nan    nan    nan    nan    nan    nan    nan    nan    nan    nan    nan    nan    nan    nan    nan    nan    nan    nan    nan    nan    nan    nan    nan    nan    nan    nan    nan
           nan    nan    nan    nan    nan    nan    nan    nan    nan    nan    nan    nan    nan    nan    nan    nan    nan    nan    nan    nan    nan    nan    nan    nan    nan    nan    nan    nan    nan    nan    nan    nan    nan    nan    nan    nan    nan    nan    nan    nan    nan    nan    nan    nan    nan
  -26.4    nan    nan    nan    nan    nan    nan    nan    nan    nan    nan    nan    nan    nan    nan    nan    nan    nan    nan    nan    nan    nan    nan    nan    nan    nan    nan    nan    nan    nan    nan    nan    nan    nan    nan    nan    nan    nan    nan    nan    nan    nan    nan    nan    nan    nan
           nan    nan    nan    nan    nan    nan    nan    nan    nan    nan    nan    nan    nan    nan    nan    nan    nan    nan    nan    nan    nan    nan    nan    nan    nan    nan    nan    nan    nan    nan    nan    nan    nan    nan    nan    nan    nan    nan    nan    nan    nan    nan    nan    nan    nan
  -24.1    nan    nan    nan    nan    nan    nan    nan    nan    nan    nan    nan    nan    nan    nan    nan    nan    nan    nan    nan    nan    nan    nan    nan    nan    nan    nan    nan    nan    nan    nan    nan    nan    nan    nan    nan    nan    nan    nan    nan    nan    nan    nan    nan    nan    nan
           nan    nan    nan    nan    nan    nan    nan    nan    nan    nan    nan    nan    nan    nan    nan    nan    nan    nan    nan    nan    nan    nan    nan    nan    nan    nan    nan    nan    nan    nan    nan    nan    nan    nan    nan    nan    nan    nan    nan    nan    nan    nan    nan    nan    nan
  -21.8    nan    nan    nan    nan    nan    nan    nan    nan    nan    nan   47.0   46.0   45.4   44.5   43.6   42.9   42.0   41.0   40.0   39.0   37.6   36.2   34.7   33.0   31.0   28.6   25.8   22.9   19.9   17.1   15.0   13.0   11.1    9.5    8.5    7.0    nan    nan    nan    nan    nan    nan    nan    nan    nan
           nan    nan    nan    nan    nan    nan    nan    nan    nan    nan   35.0   35.0   35.0   35.0   35.0   35.0   35.0   35.0   35.0   35.0   35.0   35.0   35.0   35.0   35.0   35.0   35.0   35.0   35.0   35.0   35.0   35.0   35.0   35.0   35.0   35.0    nan    nan    nan    nan    nan    nan    nan    nan    nan
  -19.5    nan    nan    nan    nan    nan    nan    nan    nan   47.0   47.0   46.5   46.0   45.4   44.6   43.6   42.7   42.0   41.0   40.0   38.7   37.5   36.1   34.5   32.5   30.3   27.9   25.2   22.6   19.9   17.4   15.3   13.2   11.1    9.5    8.3    7.0    5.9    5.0    3.9    2.6    1.6    1.0    0.0    nan    nan
           nan    nan    nan    nan    nan    nan    nan    nan   35.0   35.0   35.0   34.8   34.8   34.7   34.7   34.6   34.6   34.6   34.6   34.6   34.6   34.6   34.6   34.6   34.6   34.6   34.6   34.6   34.6   34.6   34.7   34.7   34.7   34.8   34.9   35.0   35.0   35.0   35.0   35.0   35.0   35.0   35.0    nan    nan
  -17.2    nan    nan    nan    nan    nan    nan    nan    nan   47.0   47.0   46.6   46.1   45.6   44.7   43.7   42.8   41.8   41.0   39.9   38.7   37.5   35.9   34.4   32.4   30.1   27.7   25.2   22.4   19.8   17.4   15.1   13.0   11.1    9.6    8.2    7.0    5.9    4.5    3.7    2.7    1.6    1.0    0.4    0.0    nan
           nan    nan    nan    nan    nan    nan    nan    nan   34.4   34.5   34.2   34.2   34.1   34.1   34.1   34.0   33.9   34.0   34.0   34.0   34.0   34.0   34.0   34.0   34.0   34.0   34.0   34.1   34.1   34.1   34.1   34.1   34.2   34.2   34.3   34.3   34.4   34.5   34.6   34.6   34.6   34.8   34.8   35.0    nan
  -14.9    nan    nan    nan    nan    nan    nan    nan    nan   47.0   47.0   46.6   46.1   45.4   44.6   43.7   42.7   41.7   40.7   39.8   38.4   37.3   35.8   34.1   32.4   30.0   27.4   24.9   22.3   19.9   17.0   14.9   12.8   10.9    9.4    8.0    6.9    5.8    4.5    3.5    2.5    1.6    1.0    0.4    0.0    nan
           nan    nan    nan    nan    nan    nan    nan    nan   33.4   33.0   33.2   33.3   33.2   33.1   33.1   32.9   32.9   32.9   32.9   32.9   32.8   32.8   32.8   32.8   32.9   32.8   32.9   33.0   33.0   33.0   33.1   33.2   33.3   33.4   33.5   33.6   33.6   33.8   33.9   34.0   34.0   34.0   34.0   34.5    nan
  -12.6    nan    nan    nan    nan    nan    nan    nan    nan   47.0   46.8   46.6   46.1   45.1   44.4   43.6   42.7   41.7   40.6   39.7   38.3   37.1   35.7   34.2   32.2   30.0   27.4   24.9   22.0   19.5   17.0   14.6   12.7   11.0    9.5    8.1    6.9    5.7    4.5    3.5    2.4    1.4    0.9    0.4    0.0    0.0
           nan    nan    nan    nan    nan    nan    nan    nan   31.9   31.9   32.2   32.1   31.7   31.8   31.7   31.6   31.6   31.6   31.6   31.6   31.6   31.6   31.6   31.5   31.6   31.6   31.6   31.6   31.6   31.7   31.7   31.7   31.9   32.1   32.2   32.4   32.5   32.5   32.5   32.6   32.8   33.1   33.2   32.9   33.0
  -10.3    nan    nan    nan    nan    nan    nan    nan    nan   47.0   46.8   46.6   46.0   45.2   44.3   43.5   42.6   41.6   40.6   39.6   38.3   37.1   35.6   34.0   32.1   29.9   27.3   24.9   22.0   19.4   16.9   14.8   12.7   11.0    9.4    7.9    6.8    5.7    4.5    3.4    2.4    1.5    0.9    0.4    0.0    0.0
           nan    nan    nan    nan    nan    nan    nan    nan   30.5   30.4   30.6   30.5   30.4   30.4   30.4   30.3   30.2   30.2   30.1   30.1   30.1   30.0   30.1   30.1   30.1   30.1   30.2   30.2   30.3   30.3   30.3   30.4   30.5   30.5   30.8   30.7   30.9   31.0   31.1   31.2   31.4   31.5   31.6   31.4   31.6
   -8.0    nan    nan    nan    nan    nan    nan    nan    nan   47.0   46.8   46.5   46.0   45.1   44.2   43.4   42.5   41.6   40.6   39.5   38.2   37.0   35.6   33.9   32.2   29.7   27.2   24.7   22.0   19.4   16.9   14.6   12.7   10.9    9.5    7.9    6.9    5.7    4.5    3.5    2.5    1.5    0.9    0.4    0.0    0.0
           nan    nan    nan    nan    nan    nan    nan    nan   28.8   28.7   28.9   29.0   28.8   28.8   28.8   28.8   28.7   28.7   28.7   28.6   28.6   28.6   28.6   28.6   28.6   28.7   28.7   28.8   28.8   28.9   28.9   28.9   28.9   28.9   29.0   29.0   29.1   29.2   29.3   29.5   29.7   29.6   29.5   29.4   30.0
   -5.7    nan    nan    nan    nan    nan    nan    nan   47.0   47.0   46.8   46.6   46.0   45.1   44.1   43.4   42.5   41.6   40.6   39.5   38.3   37.0   35.6   33.9   32.0   29.6   27.1   24.6   21.9   19.4   16.9   14.6   12.7   11.0    9.4    8.0    6.8    5.7    4.5    3.5    2.5    1.5    0.9    0.4    0.0    0.0
           nan    nan    nan    nan    nan    nan    nan   27.0   26.7   26.7   26.8   27.0   26.7   26.6   26.7   26.6   26.6   26.6   26.7   26.7   26.5   26.5   26.6   26.7   26.6   26.6   26.6   26.6   26.7   26.7   26.7   26.7   26.8   27.0   27.1   27.2   27.3   27.3   27.3   27.4   27.5   27.6   27.6   27.4   27.5
   -3.4    nan    nan    nan    nan    nan    nan    nan   47.0   47.0   46.7   46.4   46.0   45.0   44.1   43.3   42.5   41.5   40.5   39.4   38.1   36.9   35.5   33.8   31.8   29.6   27.0   24.5   21.9   19.3   16.8   14.6   12.7   11.0    9.4    8.0    6.9    5.7    4.5    3.5    2.5    1.5    0.9    0.4    0.0    0.0
           nan    nan    nan    nan    nan    nan    nan   24.2   24.0   23.7   24.0   24.1   24.0   24.0   24.2   24.0   24.0   24.0   23.9   24.0   24.0   23.9   23.9   24.1   24.0   23.9   24.0   24.1   24.1   24.0   24.1   24.2   24.2   24.2   24.3   24.3   24.3   24.2   24.4   24.6   24.7   24.5   24.2   23.9   24.5
   -1.1    nan    nan    nan    nan    nan    nan    nan   47.0   47.0   46.7   46.4   46.0   45.0   44.1   43.3   42.5   41.5   40.5   39.4   38.2   36.9   35.5   33.8   31.9   29.7   27.1   24.6   21.9   19.4   16.8   14.6   12.6   11.0    9.4    8.0    6.9    5.8    4.6    3.5    2.5    1.5    0.9    0.4    0.0    0.0
           nan    nan    nan    nan    nan    nan    nan   21.1   20.6   20.3   20.7   20.8   20.7   20.8   20.9   20.9   20.9   20.8   20.9   20.9   20.8   20.9   21.0   20.9   20.9   20.8   20.9   20.9   20.9   20.9   20.9   20.9   21.0   20.9   20.9   20.9   20.8   20.6   20.6   20.6   20.8   20.7   20.5   20.2   20.5
    1.1    nan    nan    nan    nan    nan    nan    nan   47.0   47.0   46.7   46.4   46.0   45.1   44.1   43.3   42.5   41.5   40.5   39.4   38.2   36.9   35.5   33.9   31.8   29.6   27.1   24.5   21.8   19.3   16.9   14.6   12.6   11.0    9.4    8.0    6.8    5.7    4.5    3.5    2.5    1.5    0.9    0.4    0.0    0.0
           nan    nan    nan    nan    nan    nan    nan   17.0   16.4   16.8   17.2   17.4   17.5   17.4   17.4   17.5   17.5   17.5   17.4   17.4   17.6   17.6   17.6   17.6   17.7   17.6   17.7   17.6   17.6   17.7   17.7   17.5   17.5   17.6   17.6   17.4   17.4   17.3   17.2   17.2   17.1   17.0   16.6   15.6   15.2
    3.4    nan    nan    nan    nan    nan    nan    nan   47.0   47.0   46.7   46.5   46.0   45.1   44.1   43.3   42.5   41.5   40.6   39.4   38.2   36.9   35.5   33.8   31.7   29.6   27.1   24.6   21.9   19.4   16.9   14.6   12.6   11.0    9.4    8.0    6.8    5.7    4.5    3.4    2.5    1.5    0.8    0.3    0.0    0.0
           nan    nan    nan    nan    nan    nan    nan   12.5   13.0   13.2   13.8   13.9   14.0   14.0   14.3   14.2   14.2   14.2   14.3   14.3   14.3   14.4   14.3   14.4   14.4   14.4   14.5   14.5   14.4   14.3   14.3   14.2   14.1   14.0   13.9   14.0   13.9   13.8   13.8   13.7   13.6   13.4   12.9   11.7   11.2
    5.7    nan    nan    nan    nan    nan    nan    nan   47.0   47.0   46.7   46.5   46.0   45.1   44.2   43.3   42.5   41.5   40.6   39.5   38.2   37.0   35.6   34.0   31.9   29.9   27.3   24.7   22.0   19.4   16.9   14.6   12.6   11.0    9.5    8.0    6.8    5.7    4.5    3.5    2.5    1.5    0.8    0.3    0.0    0.0
           nan    nan    nan    nan    nan    nan    nan   10.6    9.8   10.3   10.5   10.6   10.7   11.0   11.0   10.9   11.1   11.0   11.2   11.1   11.3   11.3   11.2   11.3   11.2   11.3   11.3   11.2   11.2   11.2   11.2   11.1   10.9   10.8   10.5   10.6   10.5   10.5   10.3   10.2    9.8    9.7    9.7    8.0    8.8
    8.0    nan    nan    nan    nan    nan    nan    nan   47.0   47.0   46.7   46.6   46.0   45.1   44.2   43.3   42.5   41.5   40.5   39.5   38.1   36.9   35.6   33.9   31.9   29.8   27.3   24.6   22.0   19.4   17.0   14.6   12.7   11.1    9.5    8.1    6.9    5.7    4.5    3.5    2.6    1.5    0.8    0.3    0.0    0.0
           nan    nan    nan    nan    nan    nan    nan    7.5    7.3    7.7    8.0    7.9    7.9    8.1    8.3    8.4    8.5    8.6    8.6    8.6    8.5    8.6    8.5    8.6    8.6    8.6    8.6    8.6    8.5    8.5    8.4    8.3    8.2    8.2    8.1    7.9    7.7    7.7    7.4    7.3    7.0    6.8    6.6    5.9    6.1
   10.3    nan    nan    nan    nan    nan    nan    nan   47.0   47.0   46.7   46.5   46.0   45.2   44.2   43.4   42.6   41.6   40.6   39.6   38.3   37.1   35.6   33.8   32.0   29.9   27.3   24.7   22.1   19.5   17.0   14.7   12.7   11.1    9.5    8.1    6.8    5.8    4.4    3.5    2.5    1.5    0.8    0.4    0.0    0.0
           nan    nan    nan    nan    nan    nan    nan    5.7    5.5    5.8    5.8    5.8    5.9    5.9    6.0    6.2    6.4    6.4    6.5    6.6    6.6    6.6    6.6    6.6    6.6    6.6    6.7    6.5    6.4    6.4    6.3    6.2    6.1    5.9    5.9    5.8    5.7    5.6    5.4    5.2    5.0    5.0    4.5    3.9    4.4
   12.6    nan    nan    nan    nan    nan    nan    nan    nan   47.0   46.7   46.6   46.0   45.2   44.3   43.5   42.5   41.6   40.6   39.6   38.2   37.1   35.7   34.2   32.0   30.1   27.4   24.7   22.2   19.6   17.0   14.7   12.7   11.1    9.5    8.1    6.9    5.8    4.5    3.5    2.5    1.5    0.9    0.3    0.0    0.0
           nan    nan    nan    nan    nan    nan    nan    nan    3.9    4.3    4.3    4.1    4.3    4.5    4.5    4.6    4.7    4.8    4.8    4.9    4.9    4.9    5.0    5.0    4.9    4.9    4.9    4.8    4.8    4.8    4.7    4.6    4.5    4.5    4.3    4.2    4.0    3.9    3.7    3.6    3.4    3.3    2.8    2.4    2.5
   14.9    nan    nan    nan    nan    nan    nan    nan    nan   47.0   46.8   46.6   46.1   45.1   44.1   43.5   42.7   41.7   40.7   39.6   38.3   37.1   35.7   34.1   32.3   30.0   27.6   25.0   22.3   19.6   17.1   14.7   12.8   11.1    9.6    8.2    6.9    5.8    4.5    3.5    2.5    1.5    0.8    0.3    0.0    0.0
           nan    nan    nan    nan    nan    nan    nan    nan    2.5    2.9    2.7    2.9    3.1    3.1    3.3    3.3    3.3    3.3    3.3    3.4    3.4    3.5    3.5    3.5    3.5    3.5    3.4    3.3    3.3    3.3    3.2    3.2    3.2    2.9    2.8    2.6    2.6    2.4    2.2    1.9    1.9    1.5    1.4    0.9    1.4
   17.2    nan    nan    nan    nan    nan    nan    nan    nan   47.0   46.7   46.7   46.1   45.2   44.4   43.7   42.7   41.8   40.7   39.7   38.4   37.2   35.8   34.3   32.2   30.1   27.8   25.1   22.3   19.8   17.2   15.1   13.0   11.4    9.6    8.1    6.9    5.7    4.7    3.5    2.5    1.5    0.9    0.4    0.0    0.0
           nan    nan    nan    nan    nan    nan    nan    nan    1.5    1.5    1.4    1.5    1.8    1.8    1.8    2.0    2.0    2.0    2.0    2.2    2.3    2.3    2.2    2.3    2.2    2.2    2.2    2.1    2.0    1.9    1.9    1.8    1.8    1.8    1.6    1.4    1.1    1.0    0.8    0.7    0.7    0.6    0.7    0.4    0.4
   19.5    nan    nan    nan    nan    nan    nan    nan    nan   47.0   46.7   46.6   46.1   45.2   44.7   43.8   42.9   41.9   40.9   40.0   38.7   37.5   35.9   34.5   32.5   30.4   28.0   25.4   22.6   20.1   17.4   15.0   13.1   11.3    9.7    8.4    7.0    5.9    4.9    3.5    2.5    1.6    0.9    0.4    0.0    0.0
           nan    nan    nan    nan    nan    nan    nan    nan    0.4    0.7    0.5    0.6    0.7    0.8    0.8    0.9    0.9    0.9    0.9    1.0    0.9    1.0    1.0    1.0    0.9    0.9    0.9    0.9    0.9    0.9    0.8    0.8    0.7    0.7    0.6    0.4    0.3    0.3    0.3    0.3    0.2    0.2    0.0    0.0    0.0
   21.8    nan    nan    nan    nan    nan    nan    nan    nan   47.0   46.6   46.5   46.1   45.1   44.6   43.7   42.7   41.8   40.8   40.1   38.8   37.6   36.1   34.5   32.5   30.5   28.2   25.5   22.9   20.6   17.8   15.3   13.2   11.7   10.2    8.7    7.4    6.0    4.9    3.9    3.0    2.0    1.4    nan    nan    nan
           nan    nan    nan    nan    nan    nan    nan    nan    0.0    0.0    0.0    0.0    0.2    0.0    0.2    0.3    0.4    0.4    0.3    0.3    0.3    0.4    0.4    0.3    0.4    0.3    0.4    0.3    0.3    0.3    0.3    0.2    0.2    0.1    0.0    0.0    0.0    0.0    0.0    0.0    0.0    0.0    nan    nan    nan
   24.1    nan    nan    nan    nan    nan    nan    nan    nan    nan    nan   46.7   46.0   45.0   44.5   43.5   42.9   42.0   41.1   40.1   38.8   37.6   36.2   34.8   33.1   30.8   28.4   25.9   23.3   20.6   18.0   15.1   13.4   11.5   10.0    8.6    nan    nan    nan    nan    nan    nan    nan    nan    nan    nan
           nan    nan    nan    nan    nan    nan    nan    nan    nan    nan    0.0    0.0    0.0    0.0    0.0    0.0    0.0    0.0    0.0    0.0    0.0    0.0    0.0    0.0    0.0    0.0    0.0    0.0    0.0    0.0    0.0    0.0    0.0    0.0    0.0    nan    nan    nan    nan    nan    nan    nan    nan    nan    nan
   26.4    nan    nan    nan    nan    nan    nan    nan    nan    nan    nan    nan    nan    nan    nan    nan    nan    nan    nan    nan    nan    nan    nan    nan    nan    nan    nan    nan    nan    nan    nan    nan    nan    nan    nan    nan    nan    nan    nan    nan    nan    nan    nan    nan    nan    nan
           nan    nan    nan    nan    nan    nan    nan    nan    nan    nan    nan    nan    nan    nan    nan    nan    nan    nan    nan    nan    nan    nan    nan    nan    nan    nan    nan    nan    nan    nan    nan    nan    nan    nan    nan    nan    nan    nan    nan    nan    nan    nan    nan    nan    nan
   28.6    nan    nan    nan    nan    nan    nan    nan    nan    nan    nan    nan    nan    nan    nan    nan    nan    nan    nan    nan    nan    nan    nan    nan    nan    nan    nan    nan    nan    nan    nan    nan    nan    nan    nan    nan    nan    nan    nan    nan    nan    nan    nan    nan    nan    nan
           nan    nan    nan    nan    nan    nan    nan    nan    nan    nan    nan    nan    nan    nan    nan    nan    nan    nan    nan    nan    nan    nan    nan    nan    nan    nan    nan    nan    nan    nan    nan    nan    nan    nan    nan    nan    nan    nan    nan    nan    nan    nan    nan    nan    nan
看得到的球 755 / 1170 个位置；亮块平均 5.4 x 5.6 个细胞
列中心 = -1.0140 * 方位 + 30.16（最大偏差 6.9 列 = 6.8 度）
行中心 = -0.9946 * 高低 + 20.09（最大偏差 4.8 行 = 4.9 度）

=== 2. 视网膜格子的位置野（球在这个位置时，它最亮）===
  格子(行,列)      最爱方位      最爱高低      选择性z        峰值
    (6,8)     17.0°      9.3°      12.1     1.000
   (6,16)      9.3°      9.2°      11.5     1.000
   (6,24)      6.2°      9.2°      12.2     1.000
   (6,32)      1.5°      9.2°      11.6     1.000
   (6,40)     -7.7°      9.2°      12.3     1.000
   (12,8)     18.6°      2.8°      11.4     1.000
  (12,16)     10.9°      2.7°      10.9     1.000
  (12,24)      6.2°      2.7°      11.6     1.000
  (12,32)     -0.0°      4.8°      11.4     1.000
  (12,40)     -7.8°      4.9°      11.2     1.000
   (18,8)     17.1°      0.6°      11.7     1.000
  (18,16)      9.3°      0.5°      11.9     1.000
  (18,24)      4.7°      0.5°      11.9     1.000
  (18,32)     -0.0°      0.5°      11.7     1.000
  (18,40)     -7.8°      0.5°      11.8     1.000
   (24,8)     17.1°     -1.6°      11.5     1.000
  (24,16)     10.9°     -3.9°      10.9     1.000
  (24,24)      6.2°     -3.9°      11.3     1.000
  (24,32)      1.6°     -3.9°      11.1     1.000
  (24,40)     -7.8°     -3.9°      11.2     1.000
   (30,8)     17.2°     -8.2°      11.4     1.000
  (30,16)      9.4°     -8.2°      10.6     1.000
  (30,24)      6.3°    -10.4°      11.0     1.000
  (30,32)      1.6°    -10.4°      10.9     1.000
  (30,40)     -6.3°    -10.4°      11.3     1.000

=== 3. 各层里位置选择性最强的细胞 ===
层                      细胞号(内)     选择性z       最爱方位      最爱高低        峰值
retinal_opponent         8777     34.2     -34.8°     -25.8°     0.005
retinal_opponent         8780     34.2     -34.8°     -25.8°     0.004
retinal_opponent         8402     34.2     -34.8°     -25.8°     0.003
retinal_opponent         1877     34.2      34.2°       5.2°     0.003
retinal_opponent         7646     34.2      17.1°       4.9°     0.001
retinal_contrast          989     34.2      -7.7°       7.0°     0.143
retinal_contrast         1260     33.9      -7.8°       2.7°     0.720
retinal_contrast         1253     33.9       1.6°       0.5°     0.707
retinal_contrast          247     33.8       3.1°       7.0°     0.435
retinal_contrast          299     33.6      21.7°       5.0°     0.753
binocular                2326     34.2     -34.8°     -25.8°     0.364
binocular                3799     34.2      -9.3°      -1.7°     0.552
binocular                1088     34.2     -15.4°      11.4°     0.510
binocular                2280     34.2     -34.8°     -25.8°     0.435
binocular                 943     34.2      -4.6°      11.4°     0.364
retinal_memory              0      9.5      12.3°      13.6°     1.000
retinal_memory             12      9.1      12.4°       7.1°     1.000
retinal_memory              3      9.0      13.9°      13.6°     1.000
retinal_memory              6      8.8      -4.6°      13.5°     1.000
retinal_memory              9      8.8      -9.2°      13.5°     1.000
retina                     10     20.4     -34.8°     -25.8°     0.000
retina                     16     14.0      -7.7°       9.2°     0.000
retina                      4     13.0      10.8°      11.4°     0.000
retina                      1     12.1      17.2°      -3.8°     0.000
retina                      7     11.0     -34.8°     -25.8°     0.000

位置野表 -> artifacts\红球位置野_红_宽.json（16418 个细胞 x 1170 个位置）

读数 -> artifacts\红球扫场_红_宽.json
