接线 5832 根（移动档 4776、保持档 1056）：分界 0.10、移动档满量程 0.35 推 0.60 弧度、保持档满量程 0.10 推 0.15 弧度、死区 3.0 度、总缩放 1.00、自激勾住 0.00、互压 0.00、眼肌时间 0.015、每眼独立 True
眼肌：一只眼 4 个神经元：四个方向各一个，被激活就发出固定的力（每秒 1.50 弧度往那边转）；没有信号时被固定的回正力（每秒 0.60 弧度）拉回正前方
每只眼的画面：水平半角 0.656、竖直半角 0.524 弧度；左眼行程 [-0.6   0.6  -0.45  0.45]
静止时给出的角度（球还没摆）：[0. 0. 0. 0.]

     球方位      球高低 |  左眼 yaw/pitch |  右眼 yaw/pitch |     后段抖动
  -0.350   -0.248 | +0.156/+0.025 盲 | -0.028/-0.031 够不着 | 0.000
  -0.170   -0.233 | -0.090/-0.050 看 | +0.002/-0.010 看 | 0.049
   0.000   -0.234 | -0.088/-0.028 看 | -0.111/-0.067 看 | 0.043
   0.170   -0.234 | -0.070/-0.009 看 | -0.129/-0.009 看 | 0.044
   0.340   -0.234 | -0.089/-0.011 看 | -0.066/-0.026 够不着 | 0.043
  -0.340   -0.097 | +0.367/+0.041 够不着 | +0.443/+0.017 看 | 0.133
  -0.170   -0.098 | -0.031/-0.074 看 | -0.032/-0.027 看 | 0.064
   0.000   -0.099 | -0.054/+0.016 看 | -0.109/-0.052 看 | 0.058
   0.170   -0.098 | -0.079/-0.082 看 | -0.141/+0.021 看 | 0.046
   0.340   -0.098 | -0.089/+0.015 看 | -0.073/-0.058 够不着 | 0.043
  -0.339    0.038 | +0.397/-0.023 够不着 | +0.478/-0.029 看 | 0.132
  -0.169    0.037 | -0.024/-0.022 看 | -0.024/-0.024 看 | 0.063
  -0.000    0.036 | -0.051/-0.024 看 | -0.117/-0.024 看 | 0.054
   0.169    0.036 | -0.074/-0.024 看 | -0.091/-0.022 看 | 0.041
   0.339    0.037 | -0.087/-0.024 看 | -0.085/-0.020 够不着 | 0.043
  -0.338    0.172 | +0.418/-0.034 够不着 | +0.507/+0.123 看 | 0.129
  -0.169    0.171 | +0.020/+0.079 看 | -0.036/+0.006 看 | 0.065
  -0.000    0.170 | -0.048/+0.069 看 | -0.109/+0.110 看 | 0.061
   0.169    0.170 | -0.081/+0.049 看 | -0.151/+0.028 看 | 0.058
   0.338    0.171 | -0.092/+0.113 看 | -0.078/+0.053 够不着 | 0.043
  -0.336    0.305 | +0.426/+0.068 够不着 | +0.497/+0.323 看 | 0.127
  -0.168    0.304 | +0.023/-0.020 看 | -0.043/+0.108 看 | 0.065
  -0.000    0.303 | -0.051/+0.096 看 | -0.123/-0.002 看 | 0.062
   0.168    0.303 | -0.079/+0.019 看 | -0.169/+0.071 看 | 0.053
   0.336    0.304 | -0.094/+0.097 看 | -0.068/+0.019 够不着 | 0.043

命中 24/39 = 0.62（只算球能看见、又转得到的那几格）
误差：中位 0.089、平均 0.125、最差 0.507 弧度（容差 0.10）
后段抖动：最大 0.1328 弧度（抖得大 = 眼睛在来回撞，不是稳在一个角度）
