接线 2916 根（移动档 2388、保持档 528）：分界 0.10、移动档满量程 0.35 推 0.60 弧度、保持档满量程 0.10 推 0.15 弧度、死区 3.0 度、总缩放 1.00、自激勾住 0.00、互压 0.00、眼肌时间 0.015、每眼独立 True、只做left眼
眼肌：一只眼 4 个神经元：四个方向各一个，被激活就发出固定的力（每秒 2.20 弧度往那边转）；没有信号时被固定的回正力（每秒 0.90 弧度）拉回正前方
每只眼的画面：水平半角 0.656、竖直半角 0.524 弧度；左眼行程 [-0.6   0.6  -0.45  0.45]
静止时给出的角度（球还没摆）：[0. 0. 0. 0.]

     球方位      球高低 |  左眼 yaw/pitch |  右眼 yaw/pitch |     后段抖动
  -0.350   -0.248 | +0.071/-0.088 盲 | +0.345/-0.462 不管 | 0.000
  -0.170   -0.233 | -0.104/+0.008 看 | +0.066/-0.430 不管 | 0.055
   0.000   -0.234 | +0.057/-0.016 看 | -0.189/-0.416 不管 | 0.123
   0.170   -0.234 | -0.074/-0.041 看 | -0.429/-0.397 不管 | 0.065
   0.340   -0.234 | -0.262/-0.005 看 | -0.652/-0.375 不管 | 0.043
  -0.340   -0.097 | +0.364/+0.057 够不着 | +0.329/-0.234 不管 | 0.000
  -0.170   -0.098 | -0.081/-0.121 看 | +0.070/-0.232 不管 | 0.094
   0.000   -0.099 | -0.047/-0.019 看 | -0.180/-0.225 不管 | 0.119
   0.170   -0.098 | -0.079/-0.036 看 | -0.417/-0.214 不管 | 0.065
   0.340   -0.098 | -0.270/-0.082 看 | -0.639/-0.202 不管 | 0.075
  -0.339    0.038 | +0.378/-0.037 够不着 | +0.328/-0.029 不管 | 0.000
  -0.169    0.037 | -0.066/-0.025 看 | +0.071/-0.030 不管 | 0.080
  -0.000    0.036 | -0.068/-0.028 看 | -0.177/-0.030 不管 | 0.084
   0.169    0.036 | -0.076/-0.029 看 | -0.413/-0.028 不管 | 0.004
   0.339    0.037 | -0.238/-0.028 看 | -0.633/-0.026 不管 | 0.040
  -0.338    0.172 | +0.427/-0.033 够不着 | +0.326/+0.176 不管 | 0.000
  -0.169    0.171 | -0.027/+0.122 看 | +0.070/+0.172 不管 | 0.094
  -0.000    0.170 | -0.095/-0.016 看 | -0.179/+0.166 不管 | 0.067
   0.169    0.170 | -0.044/+0.105 看 | -0.414/+0.158 不管 | 0.064
   0.338    0.171 | -0.269/-0.010 看 | -0.634/+0.150 不管 | 0.049
  -0.336    0.305 | +0.423/+0.112 够不着 | +0.323/+0.378 不管 | 0.000
  -0.168    0.304 | -0.045/-0.038 看 | +0.065/+0.371 不管 | 0.092
  -0.000    0.303 | -0.097/+0.182 看 | -0.185/+0.358 不管 | 0.081
   0.168    0.303 | -0.061/-0.007 看 | -0.421/+0.341 不管 | 0.072
   0.336    0.304 | -0.261/+0.119 看 | -0.641/+0.324 不管 | 0.060

命中 10/20 = 0.50（只算球能看见、又转得到的那几格）
误差：中位 0.099、平均 0.130、最差 0.270 弧度（容差 0.10）
后段抖动：最大 0.1231 弧度（抖得大 = 眼睛在来回撞，不是稳在一个角度）
