接线 5832 根（移动档 4776、保持档 1056）：分界 0.10、移动档满量程 0.35 推 0.60 弧度、保持档满量程 0.10 推 0.15 弧度、死区 3.0 度、总缩放 1.00、自激勾住 0.00、互压 0.00、眼肌时间 0.015、每眼独立 True
眼肌：一只眼 4 个神经元：四个方向各一个，被激活就发出固定的力（每秒 1.50 弧度往那边转）；没有信号时被固定的回正力（每秒 0.60 弧度）拉回正前方
每只眼的画面：水平半角 0.656、竖直半角 0.524 弧度；左眼行程 [-0.6   0.6  -0.45  0.45]
静止时给出的角度（球还没摆）：[0. 0. 0. 0.]

     球方位      球高低 |  左眼 yaw/pitch |  右眼 yaw/pitch |     后段抖动
  -0.350   -0.248 | +0.071/+0.017 盲 | -0.022/-0.037 够不着 | 0.000
  -0.170   -0.235 | -0.068/+0.019 看 | -0.003/-0.063 看 | 0.051
   0.000   -0.235 | -0.051/-0.071 看 | -0.104/+0.004 看 | 0.053
   0.170   -0.236 | -0.070/-0.005 看 | -0.075/+0.018 看 | 0.043
   0.340   -0.236 | -0.059/-0.011 看 | -0.048/-0.066 够不着 | 0.043
  -0.339   -0.099 | +0.034/+0.032 够不着 | -0.032/+0.020 看 | 0.038
  -0.170   -0.101 | +0.016/-0.056 看 | +0.046/-0.079 看 | 0.064
  -0.000   -0.101 | -0.020/-0.012 看 | -0.075/-0.002 看 | 0.062
   0.169   -0.102 | -0.076/-0.066 看 | -0.013/-0.050 看 | 0.052
   0.339   -0.101 | -0.050/-0.006 看 | -0.043/-0.027 够不着 | 0.043
  -0.338    0.034 | +0.027/-0.023 够不着 | -0.027/-0.032 看 | 0.035
  -0.169    0.032 | -0.045/-0.027 看 | -0.000/-0.032 看 | 0.055
  -0.000    0.031 | -0.052/-0.031 看 | -0.091/-0.030 看 | 0.046
   0.169    0.031 | -0.075/-0.032 看 | -0.016/-0.028 看 | 0.041
   0.338    0.032 | -0.053/-0.031 看 | -0.075/-0.022 够不着 | 0.042
  -0.336    0.166 | +0.026/-0.009 够不着 | -0.010/+0.113 看 | 0.057
  -0.168    0.164 | +0.019/+0.097 看 | +0.039/+0.037 看 | 0.064
  -0.000    0.163 | -0.005/+0.066 看 | -0.081/+0.047 看 | 0.061
   0.168    0.163 | -0.071/+0.031 看 | -0.037/+0.097 看 | 0.043
   0.336    0.165 | -0.089/+0.097 看 | -0.038/+0.044 够不着 | 0.043
  -0.334    0.298 | +0.033/+0.092 够不着 | -0.028/+0.046 看 | 0.043
  -0.167    0.296 | +0.030/+0.044 看 | +0.030/+0.107 看 | 0.064
  -0.000    0.295 | -0.015/+0.029 看 | -0.069/+0.041 看 | 0.064
   0.167    0.295 | -0.066/+0.105 看 | +0.003/+0.010 看 | 0.046
   0.334    0.297 | -0.068/+0.096 看 | -0.051/+0.093 够不着 | 0.043

命中 35/39 = 0.90（只算球能看见、又转得到的那几格）
误差：中位 0.068、平均 0.065、最差 0.113 弧度（容差 0.10）
后段抖动：最大 0.0645 弧度（抖得大 = 眼睛在来回撞，不是稳在一个角度）
