球方位 +0.300 高低 +0.055
红色指令细胞： ['eye_red_move_left', 'eye_red_move_up_inhibition', 'eye_red_hold_left', 'eye_red_hold_right_inhibition', 'eye_red_move_right_inhibition', 'eye_red_hold_up_inhibition', 'eye_red_hold_down', 'eye_red_move_down']
   步 |       左       右       上       下 |      移左      移右      移下      移上 |   命令yaw |     肌肉0     肌肉2
   0 |   0.000   0.000   0.000   0.000 |   0.000   0.000   0.000   0.000 |   0.000 |   0.500   0.500
   5 |   1.000   0.848   0.107   0.092 |   0.075   0.060   0.023   0.477 |   0.033 |   0.525   0.530
  10 |   1.000   0.161   0.020   0.017 |   0.015   0.011   0.004   0.538 |   0.399 |   0.818   0.848
  15 |   1.000   0.030   0.004   0.003 |   0.003   0.002   0.013   0.359 |   0.546 |   0.945   0.965
  20 |   1.000   0.006   0.001   0.001 |   0.732   0.000   0.098   0.092 |   0.600 |   1.000   1.000
  25 |   1.000   0.009   0.000   0.000 |   0.886   0.235   0.158   0.020 |   0.600 |   1.000   1.000
  30 |   0.274   0.820   0.000   0.000 |   0.238   1.000   0.071   0.141 |   0.049 |   0.539   0.543
  35 |   0.058   1.000   0.000   0.000 |   0.085   1.000   0.014   0.543 |  -0.600 |   0.000   0.000
  40 |   1.000   0.455   0.000   0.000 |   0.302   0.448   0.003   0.527 |  -0.118 |   0.400   0.404
  45 |   1.000   0.086   0.000   0.000 |   0.060   0.085   0.002   0.143 |   0.461 |   0.882   0.887
  50 |   1.000   0.016   0.000   0.000 |   0.011   0.016   0.028   0.027 |   0.574 |   0.977   0.980
  55 |   1.000   0.003   0.000   0.000 |   0.493   0.003   0.090   0.008 |   0.600 |   1.000   1.000
  60 |   1.000   0.005   0.000   0.000 |   0.870   0.155   0.042   0.145 |   0.600 |   1.000   1.000
  65 |   0.258   0.617   0.000   0.000 |   0.256   1.000   0.008   0.480 |   0.126 |   0.604   0.606
  70 |   0.049   1.000   0.000   0.000 |   0.073   1.000   0.001   0.571 |  -0.600 |   0.000   0.000
  75 |   1.000   0.476   0.000   0.000 |   0.337   0.483   0.005   0.200 |  -0.195 |   0.337   0.339
  80 |   1.000   0.090   0.000   0.000 |   0.071   0.091   0.019   0.038 |   0.455 |   0.878   0.882
  85 |   1.000   0.017   0.000   0.000 |   0.014   0.017   0.028   0.007 |   0.572 |   0.974   0.980
