球摆在头坐标系 (0,0)、0.90 米；两眼各自的应转角度：左 -0.1813，右 +0.1813
实际眼命令：左 -0.1680，右 +0.1036

左眼：亮着的红细胞 148 个；|标定方位| x 放电 的总和 = 5.665
   列 19 行 21  标定方位 +0.002 放电 1.000
   列 24 行 21  标定方位 -0.043 放电 1.000
   列 23 行 21  标定方位 -0.040 放电 1.000
   列 22 行 21  标定方位 -0.012 放电 1.000
   列 26 行 19  标定方位 -0.080 放电 1.000
   列 25 行 19  标定方位 -0.044 放电 1.000

右眼：亮着的红细胞 131 个；|标定方位| x 放电 的总和 = 5.163
   列 17 行 21  标定方位 +0.081 放电 1.000
   列 18 行 21  标定方位 +0.042 放电 1.000
   列 19 行 21  标定方位 +0.040 放电 1.000
   列 16 行 21  标定方位 +0.082 放电 1.000
   列 16 行 18  标定方位 +0.082 放电 1.000
   列 18 行 19  标定方位 +0.042 放电 1.000
指令细胞 eye_red_hold_down_0        放电 0.667
指令细胞 eye_red_hold_down_1        放电 0.566
指令细胞 eye_red_hold_left_0        放电 0.097
指令细胞 eye_red_hold_left_1        放电 1.000
指令细胞 eye_red_hold_right_0       放电 1.000
指令细胞 eye_red_hold_right_1       放电 0.174
指令细胞 eye_red_hold_up_0          放电 0.530
指令细胞 eye_red_hold_up_1          放电 0.469
指令细胞 eye_red_move_down_0        放电 0.019
指令细胞 eye_red_move_down_1        放电 0.020
指令细胞 eye_red_move_left_1        放电 0.080
指令细胞 eye_red_move_right_0       放电 0.161
