== wall_turn / wall_hip_gain=1.00 / 接线增益 10 过= False 摔= True
   左前 走了0.56米 直度0.46 最低直立-0.798 离球 首1.50 末1.27 最近1.17 末朝向-1.60
   正前 走了1.24米 直度0.42 最低直立-0.992 离球 首1.50 末1.28 最近0.94 末朝向-0.10
   右前 走了0.80米 直度0.26 最低直立-1.000 离球 首1.50 末1.52 最近1.39 末朝向+0.33
== 对照：steering / avoidance_gain=1.00 / 不接追球 过= False 摔= False
   左前 走了1.57米 直度0.48 最低直立0.785 离球 首1.50 末1.61 最近1.19 末朝向+2.76
   正前 走了0.10米 直度0.59 最低直立0.983 离球 首1.50 末1.46 最近1.44 末朝向+0.66
   右前 走了0.09米 直度0.24 最低直立0.987 离球 首1.50 末1.37 最近1.37 末朝向-0.12
== 对照：steering / avoidance_gain=3.00 / 不接追球 过= False 摔= True
   左前 走了0.78米 直度0.50 最低直立-0.986 离球 首1.50 末1.26 最近1.05 末朝向+0.46
   正前 走了0.52米 直度0.41 最低直立0.809 离球 首1.50 末1.25 最近1.25 末朝向-1.19
   右前 走了1.10米 直度0.46 最低直立-0.544 离球 首1.50 末1.98 最近1.42 末朝向-0.06
== steering / avoidance_gain=1.00 / 接线增益 10 过= False 摔= True
   左前 走了0.69米 直度0.31 最低直立0.673 离球 首1.50 末1.09 最近0.95 末朝向-1.11
   正前 走了0.35米 直度0.33 最低直立-0.825 离球 首1.50 末1.29 最近1.24 末朝向+0.10
   右前 走了1.08米 直度0.43 最低直立-0.984 离球 首1.50 末2.26 最近1.44 末朝向+0.69
== wall_turn / wall_hip_gain=3.00 / 接线增益 10 过= False 摔= True
   左前 走了0.60米 直度0.21 最低直立-0.934 离球 首1.50 末1.09 最近0.82 末朝向-0.30
   正前 走了0.43米 直度0.22 最低直立-0.979 离球 首1.50 末1.93 最近1.50 末朝向+0.85
   右前 走了0.48米 直度0.28 最低直立0.622 离球 首1.50 末1.69 最近1.47 末朝向-2.34
== steering / avoidance_gain=3.00 / 接线增益 10 过= False 摔= True
   左前 走了0.39米 直度0.25 最低直立-0.999 离球 首1.50 末1.18 最近1.02 末朝向+0.15
   正前 走了1.09米 直度0.37 最低直立-0.985 离球 首1.50 末2.13 最近1.45 末朝向-0.35
   右前 走了1.10米 直度0.44 最低直立-0.984 离球 首1.50 末2.50 最近1.50 末朝向-1.17
== 对照：wall_turn / wall_hip_gain=3.00 / 不接追球 过= False 摔= False
   左前 走了8.81米 直度0.98 最低直立0.900 离球 首1.50 末7.72 最近1.05 末朝向+2.94
   正前 走了0.05米 直度0.40 最低直立0.996 离球 首1.50 末1.47 最近1.46 末朝向-0.02
   右前 走了2.57米 直度0.73 最低直立0.648 离球 首1.50 末1.52 最近0.52 末朝向+2.14
== 对照：wall_turn / wall_hip_gain=1.00 / 不接追球 过= False 摔= True
   左前 走了8.81米 直度0.98 最低直立0.900 离球 首1.50 末7.72 最近1.05 末朝向+2.94
   正前 走了0.05米 直度0.40 最低直立0.996 离球 首1.50 末1.47 最近1.46 末朝向-0.02
   右前 走了2.83米 直度0.79 最低直立0.236 离球 首1.50 末1.61 最近0.52 末朝向+1.97
