候选 15 个 x 3 个球位，8 个进程
[1/15] 拧髋 0.05 弧度 / 位置排增益 1.0 / 左右对调                  追球分   7.07  过=False 
[2/15] 对照：拧髋 0.10 但不接追球                               追球分   7.01  过=False 
[3/15] 拧髋 0.05 弧度 / 位置排增益 1.0                         追球分   4.67  过=False 摔了
[4/15] 拧髋 0.10 弧度 / 位置排增益 1.0                         追球分   5.78  过=False 
[5/15] 对照：拧髋 0.05 但不接追球                               追球分   7.01  过=False 
[6/15] 拧髋 0.20 弧度 / 位置排增益 1.0                         追球分   1.72  过=False 摔了
[7/15] 拧髋 0.10 弧度 / 位置排增益 1.0 / 左右对调                  追球分   5.24  过=False 
[8/15] 拧髋 0.20 弧度 / 位置排增益 1.0 / 左右对调                  追球分   2.57  过=False 
[9/15] 对照：拧髋 0.20 但不接追球                               追球分   7.01  过=False 
[10/15] 拧髋 0.40 弧度 / 位置排增益 1.0                         追球分   1.48  过=False 摔了
[11/15] 拧髋 0.40 弧度 / 位置排增益 1.0 / 左右对调                  追球分   2.26  过=False 摔了
[12/15] 拧髋 0.80 弧度 / 位置排增益 1.0                         追球分   1.55  过=False 摔了
[13/15] 拧髋 0.80 弧度 / 位置排增益 1.0 / 左右对调                  追球分   1.79  过=False 摔了
[14/15] 对照：拧髋 0.40 但不接追球                               追球分   7.01  过=False 
[15/15] 对照：拧髋 0.80 但不接追球                               追球分   7.01  过=False 

=== 排名（先看「过」的）===
候选                                                 追球分     过   最低直立 | 三个球位最后离球多远(米)
拧髋 0.40 弧度 / 位置排增益 1.0                            1.48 False -0.716 | 左前 3.34  正前 0.75  右前 0.36
拧髋 0.80 弧度 / 位置排增益 1.0                            1.55 False -0.992 | 左前 2.58  正前 0.52  右前 1.57
拧髋 0.20 弧度 / 位置排增益 1.0                            1.72 False -0.987 | 左前 1.27  正前 2.93  右前 1.07
拧髋 0.80 弧度 / 位置排增益 1.0 / 左右对调                     1.79 False -0.984 | 左前 1.23  正前 1.15  右前 3.02
拧髋 0.40 弧度 / 位置排增益 1.0 / 左右对调                     2.26 False -0.892 | 左前 3.16  正前 0.66  右前 3.30
拧髋 0.20 弧度 / 位置排增益 1.0 / 左右对调                     2.57 False  0.735 | 左前 3.03  正前 2.69  右前 2.24
拧髋 0.05 弧度 / 位置排增益 1.0                            4.67 False -0.992 | 左前 7.31  正前 7.10  右前 0.58
拧髋 0.10 弧度 / 位置排增益 1.0 / 左右对调                     5.24 False  0.865 | 左前 2.96  正前 6.99  右前 6.73
拧髋 0.10 弧度 / 位置排增益 1.0                            5.78 False  0.885 | 左前 5.94  正前 6.89  右前 5.98
对照：拧髋 0.10 但不接追球                                  7.01 False  0.899 | 左前 7.72  正前 7.31  右前 7.52
对照：拧髋 0.05 但不接追球                                  7.01 False  0.899 | 左前 7.72  正前 7.31  右前 7.52
对照：拧髋 0.20 但不接追球                                  7.01 False  0.899 | 左前 7.72  正前 7.31  右前 7.52
对照：拧髋 0.40 但不接追球                                  7.01 False  0.899 | 左前 7.72  正前 7.31  右前 7.52
对照：拧髋 0.80 但不接追球                                  7.01 False  0.899 | 左前 7.72  正前 7.31  右前 7.52
拧髋 0.05 弧度 / 位置排增益 1.0 / 左右对调                     7.07 False  0.895 | 左前 8.05  正前 7.23  右前 7.45

一共花了 38.8 秒
读数 -> artifacts\追球_候选4.json
