
球不动：球在 +0.00 弧度、1.2 米
       秒      离球(米)      已走(米)    时速(米/秒)
     0.0       1.50       0.00       0.00
     0.5       1.42       0.08       0.17
     1.0       1.36       0.15       0.13
     1.5       0.92       0.59       0.89
     2.0       0.18       1.39       1.60
     2.5       0.87       2.36       1.94
     3.0       1.88       3.37       2.02
     3.5       2.90       4.39       2.05
     4.0       3.92       5.41       2.04
     4.5       4.93       6.43       2.03
     5.0       5.96       7.45       2.05
     5.5       6.91       8.41       1.92

球躲着跑（0.6 米/秒）：球在 +0.00 弧度、1.2 米
       秒      离球(米)      已走(米)    时速(米/秒)
     0.0       1.51       0.00       0.00
     0.5       1.73       0.08       0.17
     1.0       1.97       0.15       0.13
     1.5       1.82       0.59       0.89
     2.0       1.33       1.39       1.60
     2.5       0.72       2.36       1.94
     3.0       0.68       3.37       2.02
     3.5       1.73       4.39       2.05
     4.0       2.97       5.41       2.04
     4.5       4.24       6.43       2.03
     5.0       5.53       7.45       2.05
     5.5       6.58       8.41       1.92
