头一代的爹 10 只：#25 1.95米、#93 1.92米、#148 1.91米、#198 1.91米、#267 1.88米、#141 1.87米、#98 3.00米(摔)、#240 2.82米(摔)、#46 2.78米(摔)、#87 2.67米(摔)
第 2 代：生 300 只、每只 10 秒、24 个进程
  跨代冠军易主：2 代第 0 只  2.760 米  摔了
  跨代冠军易主：2 代第 3 只  1.983 米  没摔
  跨代冠军易主：2 代第 43 只  2.002 米  没摔
  跨代冠军易主：2 代第 243 只  2.007 米  没摔
第 2 代收工：300 只里建出来 291 只（没摔 179、摔 112）；没摔的中位 1.607 米、最好 2.007 米；全场最快 3.084 米 摔了；本代花了 5.0 分钟
  下一代的爹 10 只（artifacts/题1f_演化_云_g02_keep.jsonl）：2.01米、2.00米、2.00米、1.99米、1.99米、1.98米、3.08米(摔)、3.08米(摔)、3.00米(摔)、2.92米(摔)
第 3 代：生 300 只、每只 10 秒、24 个进程
  跨代冠军易主：3 代第 5 只  2.024 米  没摔
  跨代冠军易主：3 代第 76 只  2.049 米  没摔
  跨代冠军易主：3 代第 207 只  2.077 米  没摔
第 3 代收工：300 只里建出来 287 只（没摔 156、摔 131）；没摔的中位 1.734 米、最好 2.077 米；全场最快 3.402 米 摔了；本代花了 4.8 分钟
  下一代的爹 10 只（artifacts/题1f_演化_云_g03_keep.jsonl）：2.08米、2.05米、2.05米、2.04米、2.04米、2.04米、3.40米(摔)、3.29米(摔)、3.17米(摔)、3.08米(摔)
第 4 代：生 300 只、每只 10 秒、24 个进程
  跨代冠军易主：4 代第 0 只  2.080 米  没摔
  跨代冠军易主：4 代第 31 只  2.086 米  没摔
  跨代冠军易主：4 代第 40 只  2.087 米  没摔
  跨代冠军易主：4 代第 166 只  2.114 米  没摔
  跨代冠军易主：4 代第 170 只  2.429 米  没摔
第 4 代收工：300 只里建出来 277 只（没摔 156、摔 121）；没摔的中位 1.851 米、最好 2.429 米；全场最快 3.407 米 摔了；本代花了 4.7 分钟
  下一代的爹 10 只（artifacts/题1f_演化_云_g04_keep.jsonl）：2.43米、2.35米、2.11米、2.10米、2.09米、2.09米、3.41米(摔)、3.39米(摔)、3.35米(摔)、3.30米(摔)
第 5 代：生 300 只、每只 10 秒、24 个进程
  跨代冠军易主：5 代第 17 只  3.093 米  没摔
  跨代冠军易主：5 代第 176 只  3.485 米  没摔
第 5 代收工：300 只里建出来 275 只（没摔 160、摔 115）；没摔的中位 2.025 米、最好 3.485 米；全场最快 3.485 米 没摔；本代花了 4.7 分钟
  下一代的爹 8 只（artifacts/题1f_演化_云_g05_keep.jsonl）：3.48米、3.09米、2.97米、2.71米、2.59米、2.57米、3.19米(摔)、3.18米(摔)
第 6 代：生 300 只、每只 10 秒、24 个进程
  跨代冠军易主：6 代第 10 只  3.572 米  没摔
  跨代冠军易主：6 代第 46 只  3.619 米  没摔
  跨代冠军易主：6 代第 182 只  3.920 米  没摔
第 6 代收工：300 只里建出来 268 只（没摔 200、摔 68）；没摔的中位 2.672 米、最好 3.920 米；全场最快 3.920 米 没摔；本代花了 4.6 分钟
  下一代的爹 8 只（artifacts/题1f_演化_云_g06_keep.jsonl）：3.92米、3.62米、3.57米、3.57米、3.56米、3.53米、3.65米(摔)、3.61米(摔)
第 7 代：生 300 只、每只 10 秒、24 个进程
  跨代冠军易主：7 代第 48 只  3.944 米  没摔
  跨代冠军易主：7 代第 106 只  3.952 米  没摔
  跨代冠军易主：7 代第 191 只  3.957 米  没摔
  跨代冠军易主：7 代第 257 只  3.983 米  没摔
第 7 代收工：300 只里建出来 268 只（没摔 209、摔 59）；没摔的中位 3.449 米、最好 3.983 米；全场最快 3.983 米 没摔；本代花了 4.6 分钟
  下一代的爹 6 只（artifacts/题1f_演化_云_g07_keep.jsonl）：3.98米、3.96米、3.95米、3.94米、3.93米、3.81米
第 8 代：生 300 只、每只 10 秒、24 个进程
  跨代冠军易主：8 代第 6 只  3.992 米  没摔
  跨代冠军易主：8 代第 9 只  3.996 米  没摔
  跨代冠军易主：8 代第 36 只  4.032 米  没摔
  跨代冠军易主：8 代第 47 只  4.056 米  没摔
  跨代冠军易主：8 代第 125 只  4.097 米  没摔
  跨代冠军易主：8 代第 217 只  4.106 米  没摔
第 8 代收工：300 只里建出来 264 只（没摔 238、摔 26）；没摔的中位 3.788 米、最好 4.106 米；全场最快 4.106 米 没摔；本代花了 4.5 分钟
  下一代的爹 6 只（artifacts/题1f_演化_云_g08_keep.jsonl）：4.11米、4.10米、4.08米、4.07米、4.06米、4.03米
第 9 代：生 300 只、每只 10 秒、24 个进程
  跨代冠军易主：9 代第 30 只  4.329 米  没摔
  跨代冠军易主：9 代第 97 只  4.477 米  没摔
第 9 代收工：300 只里建出来 269 只（没摔 247、摔 22）；没摔的中位 3.994 米、最好 4.477 米；全场最快 5.190 米 摔了；本代花了 4.6 分钟
  下一代的爹 9 只（artifacts/题1f_演化_云_g09_keep.jsonl）：4.48米、4.40米、4.33米、4.33米、4.23米、4.22米、5.19米(摔)、4.76米(摔)、4.65米(摔)
第 10 代：生 300 只、每只 10 秒、24 个进程
  跨代冠军易主：10 代第 6 只  4.562 米  没摔
  跨代冠军易主：10 代第 35 只  4.693 米  没摔
  跨代冠军易主：10 代第 45 只  4.931 米  没摔
  跨代冠军易主：10 代第 152 只  5.277 米  没摔
第 10 代收工：300 只里建出来 269 只（没摔 205、摔 64）；没摔的中位 4.126 米、最好 5.277 米；全场最快 5.286 米 摔了；本代花了 4.5 分钟
  下一代的爹 9 只（artifacts/题1f_演化_云_g10_keep.jsonl）：5.28米、5.00米、4.93米、4.81米、4.69米、4.64米、5.29米(摔)、5.26米(摔)、5.26米(摔)
第 11 代：生 300 只、每只 10 秒、24 个进程
  跨代冠军易主：11 代第 100 只  5.304 米  没摔
  跨代冠军易主：11 代第 123 只  5.506 米  没摔
第 11 代收工：300 只里建出来 245 只（没摔 175、摔 70）；没摔的中位 4.723 米、最好 5.506 米；全场最快 6.188 米 摔了；本代花了 4.2 分钟
  下一代的爹 10 只（artifacts/题1f_演化_云_g11_keep.jsonl）：5.51米、5.38米、5.30米、5.29米、5.28米、5.28米、6.19米(摔)、6.14米(摔)、6.13米(摔)、5.92米(摔)
第 12 代：生 300 只、每只 10 秒、24 个进程
  跨代冠军易主：12 代第 8 只  5.823 米  没摔
  跨代冠军易主：12 代第 24 只  6.130 米  没摔
  跨代冠军易主：12 代第 194 只  6.144 米  没摔
第 12 代收工：300 只里建出来 265 只（没摔 163、摔 102）；没摔的中位 5.245 米、最好 6.144 米；全场最快 8.031 米 摔了；本代花了 4.6 分钟
  下一代的爹 10 只（artifacts/题1f_演化_云_g12_keep.jsonl）：6.14米、6.13米、5.96米、5.96米、5.95米、5.83米、8.03米(摔)、7.32米(摔)、6.82米(摔)、6.79米(摔)
第 13 代：生 300 只、每只 10 秒、24 个进程
  跨代冠军易主：13 代第 1 只  6.171 米  没摔
  跨代冠军易主：13 代第 47 只  6.180 米  没摔
  跨代冠军易主：13 代第 54 只  7.193 米  没摔
第 13 代收工：300 只里建出来 258 只（没摔 148、摔 110）；没摔的中位 5.791 米、最好 7.193 米；全场最快 8.075 米 摔了；本代花了 4.4 分钟
  下一代的爹 10 只（artifacts/题1f_演化_云_g13_keep.jsonl）：7.19米、6.46米、6.39米、6.33米、6.20米、6.19米、8.07米(摔)、8.03米(摔)、8.00米(摔)、7.98米(摔)
第 14 代：生 300 只、每只 10 秒、24 个进程
  跨代冠军易主：14 代第 39 只  7.278 米  没摔
  跨代冠军易主：14 代第 78 只  7.283 米  没摔
  跨代冠军易主：14 代第 174 只  7.530 米  没摔
  跨代冠军易主：14 代第 250 只  8.000 米  没摔
第 14 代收工：300 只里建出来 260 只（没摔 131、摔 129）；没摔的中位 5.801 米、最好 8.000 米；全场最快 8.595 米 摔了；本代花了 4.5 分钟
  下一代的爹 10 只（artifacts/题1f_演化_云_g14_keep.jsonl）：8.00米、7.53米、7.28米、7.28米、7.27米、7.25米、8.60米(摔)、8.43米(摔)、8.35米(摔)、8.35米(摔)
第 15 代：生 300 只、每只 10 秒、24 个进程
  跨代冠军易主：15 代第 63 只  8.195 米  没摔
第 15 代收工：300 只里建出来 276 只（没摔 150、摔 126）；没摔的中位 7.195 米、最好 8.195 米；全场最快 9.201 米 摔了；本代花了 4.7 分钟
  下一代的爹 10 只（artifacts/题1f_演化_云_g15_keep.jsonl）：8.20米、8.08米、8.03米、8.00米、8.00米、7.95米、9.20米(摔)、8.94米(摔)、8.90米(摔)、8.87米(摔)
第 16 代：生 300 只、每只 10 秒、24 个进程
  跨代冠军易主：16 代第 25 只  8.303 米  没摔
  跨代冠军易主：16 代第 55 只  8.437 米  没摔
第 16 代收工：300 只里建出来 269 只（没摔 116、摔 153）；没摔的中位 7.518 米、最好 8.437 米；全场最快 9.808 米 摔了；本代花了 4.6 分钟
  下一代的爹 10 只（artifacts/题1f_演化_云_g16_keep.jsonl）：8.44米、8.38米、8.38米、8.30米、8.28米、8.26米、9.81米(摔)、9.22米(摔)、9.21米(摔)、9.20米(摔)
第 17 代：生 300 只、每只 10 秒、24 个进程
  跨代冠军易主：17 代第 0 只  8.476 米  没摔
  跨代冠军易主：17 代第 58 只  8.714 米  没摔
第 17 代收工：300 只里建出来 251 只（没摔 120、摔 131）；没摔的中位 8.014 米、最好 8.714 米；全场最快 9.938 米 摔了；本代花了 4.3 分钟
  下一代的爹 10 只（artifacts/题1f_演化_云_g17_keep.jsonl）：8.71米、8.61米、8.61米、8.58米、8.58米、8.53米、9.94米(摔)、9.76米(摔)、9.73米(摔)、9.65米(摔)
第 18 代：生 300 只、每只 10 秒、24 个进程
  跨代冠军易主：18 代第 6 只  8.763 米  没摔
  跨代冠军易主：18 代第 44 只  8.906 米  没摔
  跨代冠军易主：18 代第 260 只  8.956 米  没摔
第 18 代收工：300 只里建出来 264 只（没摔 158、摔 106）；没摔的中位 8.317 米、最好 8.956 米；全场最快 10.025 米 摔了；本代花了 4.5 分钟
  下一代的爹 10 只（artifacts/题1f_演化_云_g18_keep.jsonl）：8.96米、8.91米、8.90米、8.87米、8.84米、8.77米、10.03米(摔)、9.89米(摔)、9.88米(摔)、9.87米(摔)
第 19 代：生 300 只、每只 10 秒、24 个进程
  跨代冠军易主：19 代第 121 只  9.065 米  没摔
第 19 代收工：300 只里建出来 265 只（没摔 124、摔 141）；没摔的中位 7.298 米、最好 9.065 米；全场最快 10.098 米 摔了；本代花了 4.5 分钟
  下一代的爹 10 只（artifacts/题1f_演化_云_g19_keep.jsonl）：9.07米、9.06米、9.01米、8.92米、8.91米、8.90米、10.10米(摔)、9.94米(摔)、9.87米(摔)、9.86米(摔)
第 20 代：生 300 只、每只 10 秒、24 个进程
  跨代冠军易主：20 代第 128 只  9.112 米  没摔
  跨代冠军易主：20 代第 133 只  9.150 米  没摔
第 20 代收工：300 只里建出来 264 只（没摔 120、摔 144）；没摔的中位 7.702 米、最好 9.150 米；全场最快 9.868 米 摔了；本代花了 4.5 分钟
  下一代的爹 10 只（artifacts/题1f_演化_云_g20_keep.jsonl）：9.15米、9.11米、8.95米、8.95米、8.95米、8.93米、9.87米(摔)、9.86米(摔)、9.84米(摔)、9.83米(摔)
第 21 代：生 300 只、每只 10 秒、24 个进程
  跨代冠军易主：21 代第 123 只  9.157 米  没摔
第 21 代收工：300 只里建出来 248 只（没摔 106、摔 142）；没摔的中位 4.903 米、最好 9.157 米；全场最快 9.974 米 摔了；本代花了 4.2 分钟
  下一代的爹 10 只（artifacts/题1f_演化_云_g21_keep.jsonl）：9.16米、9.10米、9.04米、9.04米、9.02米、9.01米、9.97米(摔)、9.93米(摔)、9.92米(摔)、9.89米(摔)
第 22 代：生 300 只、每只 10 秒、24 个进程
第 22 代收工：300 只里建出来 269 只（没摔 86、摔 183）；没摔的中位 3.332 米、最好 9.146 米；全场最快 10.437 米 摔了；本代花了 4.6 分钟
  下一代的爹 10 只（artifacts/题1f_演化_云_g22_keep.jsonl）：9.15米、9.11米、9.10米、9.08米、9.04米、9.03米、10.44米(摔)、10.14米(摔)、10.05米(摔)、10.01米(摔)
第 23 代：生 300 只、每只 10 秒、24 个进程
  跨代冠军易主：23 代第 203 只  9.177 米  没摔
第 23 代收工：300 只里建出来 267 只（没摔 87、摔 180）；没摔的中位 6.016 米、最好 9.177 米；全场最快 10.442 米 摔了；本代花了 4.6 分钟
  下一代的爹 10 只（artifacts/题1f_演化_云_g23_keep.jsonl）：9.18米、9.16米、9.10米、9.09米、9.07米、9.06米、10.44米(摔)、10.21米(摔)、10.03米(摔)、9.98米(摔)
第 24 代：生 300 只、每只 10 秒、24 个进程
  跨代冠军易主：24 代第 161 只  9.212 米  没摔
第 24 代收工：300 只里建出来 260 只（没摔 79、摔 181）；没摔的中位 5.453 米、最好 9.212 米；全场最快 10.366 米 摔了；本代花了 4.4 分钟
  下一代的爹 10 只（artifacts/题1f_演化_云_g24_keep.jsonl）：9.21米、9.12米、9.11米、9.11米、9.11米、9.10米、10.37米(摔)、10.23米(摔)、10.12米(摔)、10.07米(摔)
第 25 代：生 300 只、每只 10 秒、24 个进程
  跨代冠军易主：25 代第 272 只  9.314 米  没摔
第 25 代收工：300 只里建出来 253 只（没摔 93、摔 160）；没摔的中位 7.833 米、最好 9.314 米；全场最快 10.579 米 摔了；本代花了 4.3 分钟
  下一代的爹 10 只（artifacts/题1f_演化_云_g25_keep.jsonl）：9.31米、9.21米、9.17米、9.14米、9.13米、9.12米、10.58米(摔)、10.22米(摔)、10.06米(摔)、10.03米(摔)
第 26 代：生 300 只、每只 10 秒、24 个进程
第 26 代收工：300 只里建出来 254 只（没摔 78、摔 176）；没摔的中位 6.848 米、最好 9.217 米；全场最快 10.450 米 摔了；本代花了 4.3 分钟
  下一代的爹 10 只（artifacts/题1f_演化_云_g26_keep.jsonl）：9.22米、9.16米、9.15米、9.15米、9.13米、9.10米、10.45米(摔)、10.37米(摔)、10.32米(摔)、10.28米(摔)
第 27 代：生 300 只、每只 10 秒、24 个进程
第 27 代收工：300 只里建出来 246 只（没摔 94、摔 152）；没摔的中位 5.077 米、最好 9.201 米；全场最快 10.473 米 摔了；本代花了 4.2 分钟
  下一代的爹 10 只（artifacts/题1f_演化_云_g27_keep.jsonl）：9.20米、9.15米、9.15米、9.15米、9.15米、9.13米、10.47米(摔)、10.41米(摔)、10.40米(摔)、10.10米(摔)
第 28 代：生 300 只、每只 10 秒、24 个进程
第 28 代收工：300 只里建出来 254 只（没摔 120、摔 134）；没摔的中位 8.930 米、最好 9.299 米；全场最快 10.560 米 摔了；本代花了 4.3 分钟
  下一代的爹 10 只（artifacts/题1f_演化_云_g28_keep.jsonl）：9.30米、9.25米、9.24米、9.23米、9.22米、9.21米、10.56米(摔)、10.37米(摔)、10.35米(摔)、10.27米(摔)
第 29 代：生 300 只、每只 10 秒、24 个进程
第 29 代收工：300 只里建出来 254 只（没摔 123、摔 131）；没摔的中位 8.758 米、最好 9.267 米；全场最快 10.393 米 摔了；本代花了 4.3 分钟
  下一代的爹 10 只（artifacts/题1f_演化_云_g29_keep.jsonl）：9.27米、9.23米、9.22米、9.21米、9.20米、9.19米、10.39米(摔)、10.38米(摔)、10.32米(摔)、10.21米(摔)
第 30 代：生 300 只、每只 10 秒、24 个进程
第 30 代收工：300 只里建出来 253 只（没摔 113、摔 140）；没摔的中位 8.420 米、最好 9.277 米；全场最快 10.519 米 摔了；本代花了 4.3 分钟
  下一代的爹 10 只（artifacts/题1f_演化_云_g30_keep.jsonl）：9.28米、9.25米、9.24米、9.23米、9.17米、9.17米、10.52米(摔)、10.51米(摔)、10.34米(摔)、10.32米(摔)
第 31 代：生 300 只、每只 10 秒、24 个进程
  跨代冠军易主：31 代第 194 只  9.409 米  没摔
第 31 代收工：300 只里建出来 260 只（没摔 122、摔 138）；没摔的中位 8.932 米、最好 9.409 米；全场最快 10.661 米 摔了；本代花了 4.4 分钟
  下一代的爹 10 只（artifacts/题1f_演化_云_g31_keep.jsonl）：9.41米、9.24米、9.24米、9.23米、9.21米、9.20米、10.66米(摔)、10.62米(摔)、10.61米(摔)、10.59米(摔)
第 32 代：生 300 只、每只 10 秒、24 个进程
第 32 代收工：300 只里建出来 258 只（没摔 110、摔 148）；没摔的中位 8.242 米、最好 9.254 米；全场最快 10.634 米 摔了；本代花了 4.4 分钟
  下一代的爹 10 只（artifacts/题1f_演化_云_g32_keep.jsonl）：9.25米、9.24米、9.24米、9.24米、9.23米、9.23米、10.63米(摔)、10.56米(摔)、10.49米(摔)、10.49米(摔)
第 33 代：生 300 只、每只 10 秒、24 个进程
第 33 代收工：300 只里建出来 257 只（没摔 117、摔 140）；没摔的中位 8.718 米、最好 9.250 米；全场最快 10.695 米 摔了；本代花了 4.4 分钟
  下一代的爹 10 只（artifacts/题1f_演化_云_g33_keep.jsonl）：9.25米、9.25米、9.24米、9.24米、9.24米、9.22米、10.69米(摔)、10.69米(摔)、10.66米(摔)、10.61米(摔)
第 34 代：生 300 只、每只 10 秒、24 个进程
第 34 代收工：300 只里建出来 257 只（没摔 113、摔 144）；没摔的中位 7.843 米、最好 9.402 米；全场最快 10.643 米 摔了；本代花了 4.4 分钟
  下一代的爹 10 只（artifacts/题1f_演化_云_g34_keep.jsonl）：9.40米、9.35米、9.34米、9.27米、9.26米、9.24米、10.64米(摔)、10.63米(摔)、10.61米(摔)、10.58米(摔)
第 35 代：生 300 只、每只 10 秒、24 个进程
第 35 代收工：300 只里建出来 259 只（没摔 121、摔 138）；没摔的中位 8.653 米、最好 9.405 米；全场最快 10.662 米 摔了；本代花了 4.4 分钟
  下一代的爹 10 只（artifacts/题1f_演化_云_g35_keep.jsonl）：9.41米、9.33米、9.28米、9.25米、9.25米、9.24米、10.66米(摔)、10.65米(摔)、10.62米(摔)、10.62米(摔)
第 36 代：生 300 只、每只 10 秒、24 个进程
  跨代冠军易主：36 代第 158 只  9.451 米  没摔
第 36 代收工：300 只里建出来 256 只（没摔 103、摔 153）；没摔的中位 6.390 米、最好 9.451 米；全场最快 10.732 米 摔了；本代花了 4.4 分钟
  下一代的爹 10 只（artifacts/题1f_演化_云_g36_keep.jsonl）：9.45米、9.37米、9.35米、9.31米、9.30米、9.29米、10.73米(摔)、10.71米(摔)、10.63米(摔)、10.60米(摔)
第 37 代：生 300 只、每只 10 秒、24 个进程
第 37 代收工：300 只里建出来 262 只（没摔 97、摔 165）；没摔的中位 8.604 米、最好 9.406 米；全场最快 10.659 米 摔了；本代花了 4.5 分钟
  下一代的爹 10 只（artifacts/题1f_演化_云_g37_keep.jsonl）：9.41米、9.31米、9.30米、9.26米、9.26米、9.25米、10.66米(摔)、10.65米(摔)、10.62米(摔)、10.59米(摔)
第 38 代：生 300 只、每只 10 秒、24 个进程
第 38 代收工：300 只里建出来 273 只（没摔 99、摔 174）；没摔的中位 6.045 米、最好 9.365 米；全场最快 10.703 米 摔了；本代花了 4.7 分钟
  下一代的爹 10 只（artifacts/题1f_演化_云_g38_keep.jsonl）：9.37米、9.36米、9.26米、9.26米、9.25米、9.24米、10.70米(摔)、10.64米(摔)、10.63米(摔)、10.60米(摔)
第 39 代：生 300 只、每只 10 秒、24 个进程
第 39 代收工：300 只里建出来 262 只（没摔 120、摔 142）；没摔的中位 7.053 米、最好 9.412 米；全场最快 10.837 米 摔了；本代花了 4.5 分钟
  下一代的爹 10 只（artifacts/题1f_演化_云_g39_keep.jsonl）：9.41米、9.39米、9.39米、9.38米、9.38米、9.34米、10.84米(摔)、10.74米(摔)、10.67米(摔)、10.64米(摔)
第 40 代：生 300 只、每只 10 秒、24 个进程
