接线 4173 根（移动档 4173、保持档 0）：分界 0.10、移动档满量程 0.35 推 0.35 弧度、保持档满量程 0.10 推 0.10 弧度、死区 3.0 度、总缩放 2.50、自激勾住 0.00、互压 0.00、眼肌时间 0.200
静止时给出的角度（球还没摆）：[0. 0. 0. 0.]

     球方位      球高低 |    yaw 误差  pitch 误差 |       最大     后段抖动
  -0.350   -0.226 |    +0.020    -0.003 |   +0.020 0.008/0.008
  -0.170   -0.212 |    -0.028    +0.012 |   +0.028 0.020/0.012
   0.000   -0.213 |    -0.013    +0.025 |   +0.025 0.000/0.004
   0.170   -0.213 |    -0.071    +0.020 |   +0.071 0.010/0.014
   0.340   -0.213 |    -0.053    +0.014 |   +0.053 0.003/0.011
  -0.340   -0.076 |    +0.017    +0.012 |   +0.017 0.011/0.009
  -0.170   -0.077 |    -0.035    +0.000 |   +0.035 0.029/0.006
   0.000   -0.077 |    -0.010    -0.000 |   +0.010 0.001/0.002
   0.170   -0.077 |    -0.061    +0.003 |   +0.061 0.018/0.001
   0.339   -0.076 |    -0.035    +0.005 |   +0.035 0.011/0.003
  -0.339    0.059 |    +0.017    +0.060 |   +0.060 0.014/0.000
  -0.169    0.058 |    -0.041    +0.058 |   +0.058 0.038/0.000
   0.000    0.058 |    +0.002    +0.058 |   +0.058 0.000/0.000
   0.169    0.058 |    -0.054    +0.058 |   +0.058 0.027/0.000
   0.339    0.059 |    -0.030    +0.059 |   +0.059 0.014/0.000
  -0.338    0.193 |    +0.036    +0.065 |   +0.065 0.018/0.002
  -0.169    0.192 |    -0.041    +0.071 |   +0.071 0.028/0.013
  -0.000    0.191 |    -0.010    +0.072 |   +0.072 0.000/0.010
   0.169    0.191 |    -0.050    +0.076 |   +0.076 0.020/0.006
   0.337    0.192 |    -0.024    +0.066 |   +0.066 0.007/0.005
  -0.336    0.325 |    +0.086    +0.054 |   +0.086 0.032/0.027
  -0.168    0.323 |    -0.027    +0.060 |   +0.060 0.017/0.030
  -0.000    0.323 |    -0.016    +0.058 |   +0.058 0.001/0.025
   0.168    0.323 |    -0.057    +0.065 |   +0.065 0.010/0.024
   0.336    0.324 |    -0.056    +0.056 |   +0.056 0.002/0.009

命中 25/25 = 1.00（其中球本来就摆在正中的 2 个，不动眼睛也算命中）
误差：中位 0.058、平均 0.053、最差 0.086 弧度（容差 0.10）
后段抖动：yaw 最大 0.0384、pitch 最大 0.0303 弧度（抖得大 = 眼睛在来回撞，不是稳在一个角度）
读数 -> artifacts\对照_不分档.json
