接线 5225 根（移动档 4173、保持档 1052）：分界 0.10、移动档满量程 0.35 推 0.35 弧度、保持档满量程 0.10 推 0.10 弧度、死区 3.0 度、总缩放 2.50、自激勾住 0.00、互压 0.00、眼肌时间 0.200
静止时给出的角度（球还没摆）：[0. 0. 0. 0.]

     球方位      球高低 |    yaw 误差  pitch 误差 |       最大     后段抖动
  -0.350   -0.226 |    +0.316    -0.226 |   +0.316 0.001/0.000
  -0.170   -0.212 |    +0.151    -0.212 |   +0.212 0.000/0.000
   0.000   -0.213 |    +0.010    -0.213 |   +0.213 0.001/0.000
   0.170   -0.213 |    -0.151    -0.213 |   +0.213 0.000/0.000
   0.340   -0.213 |    -0.309    -0.213 |   +0.309 0.001/0.000
  -0.340   -0.076 |    +0.300    -0.076 |   +0.300 0.004/0.000
  -0.170   -0.077 |    +0.144    -0.077 |   +0.144 0.000/0.000
   0.000   -0.077 |    +0.015    -0.077 |   +0.077 0.001/0.000
   0.170   -0.077 |    -0.143    -0.077 |   +0.143 0.000/0.000
   0.339   -0.076 |    -0.289    -0.076 |   +0.289 0.001/0.000
  -0.339    0.059 |    +0.252    +0.059 |   +0.252 0.008/0.000
  -0.169    0.058 |    +0.107    +0.058 |   +0.107 0.002/0.000
  -0.000    0.058 |    +0.035    +0.058 |   +0.058 0.002/0.000
   0.169    0.058 |    -0.120    +0.058 |   +0.120 0.001/0.000
   0.339    0.059 |    -0.228    +0.059 |   +0.228 0.002/0.000
  -0.338    0.193 |    +0.320    +0.193 |   +0.320 0.006/0.000
  -0.169    0.192 |    +0.149    +0.192 |   +0.192 0.000/0.000
  -0.000    0.191 |    -0.002    +0.191 |   +0.191 0.001/0.000
   0.169    0.191 |    -0.152    +0.191 |   +0.191 0.000/0.000
   0.337    0.192 |    -0.305    +0.192 |   +0.305 0.001/0.000
  -0.336    0.325 |    +0.325    +0.325 |   +0.325 0.002/0.000
  -0.168    0.323 |    +0.159    +0.323 |   +0.323 0.000/0.000
  -0.000    0.323 |    -0.004    +0.323 |   +0.323 0.001/0.000
   0.168    0.323 |    -0.159    +0.323 |   +0.323 0.000/0.000
   0.336    0.324 |    -0.319    +0.324 |   +0.324 0.000/0.000

命中 2/25 = 0.08（其中球本来就摆在正中的 2 个，不动眼睛也算命中）
误差：中位 0.228、平均 0.232、最差 0.325 弧度（容差 0.10）
后段抖动：yaw 最大 0.0085、pitch 最大 0.0001 弧度（抖得大 = 眼睛在来回撞，不是稳在一个角度）
读数 -> artifacts\对照_绿球.json
