接线 6180 根（移动档 4524、保持档 1656）：分界 0.10、移动档满量程 0.35 推 0.35 弧度、保持档满量程 0.10 推 0.10 弧度、死区 1.5 度、总缩放 1.40、自激勾住 0.00、互压 0.00、眼肌时间 0.200、每眼独立 True
静止时给出的角度（球还没摆）：[0. 0. 0. 0.]

     球方位      球高低 |  左眼 yaw/pitch |  右眼 yaw/pitch |     后段抖动
  -0.350   -0.248 | +0.261/-0.115 盲 | +0.084/-0.091 看 | 0.045
  -0.170   -0.235 | +0.063/-0.067 看 | +0.006/-0.057 看 | 0.045
   0.000   -0.235 | +0.011/-0.056 看 | -0.072/-0.068 看 | 0.038
   0.170   -0.236 | -0.060/-0.064 看 | -0.147/-0.073 看 | 0.029
   0.340   -0.236 | -0.114/-0.070 看 | -0.298/-0.102 盲 | 0.027
  -0.339   -0.099 | +0.277/-0.055 盲 | +0.052/-0.035 看 | 0.078
  -0.170   -0.101 | +0.059/-0.050 看 | +0.001/-0.038 看 | 0.083
  -0.000   -0.101 | +0.003/-0.044 看 | -0.065/-0.040 看 | 0.080
   0.169   -0.102 | -0.056/-0.029 看 | -0.126/-0.047 看 | 0.077
   0.339   -0.101 | -0.108/-0.026 看 | -0.282/-0.057 盲 | 0.076
  -0.338    0.034 | +0.270/-0.010 盲 | +0.045/-0.007 看 | 0.055
  -0.169    0.032 | +0.059/-0.005 看 | +0.001/-0.011 看 | 0.069
  -0.000    0.031 | +0.013/+0.002 看 | -0.066/-0.006 看 | 0.080
   0.169    0.031 | -0.044/+0.015 看 | -0.125/-0.007 看 | 0.071
   0.338    0.032 | -0.095/-0.005 看 | -0.275/-0.012 盲 | 0.047
  -0.336    0.166 | +0.263/+0.059 盲 | +0.046/+0.047 看 | 0.056
  -0.168    0.164 | +0.065/+0.050 看 | -0.001/+0.046 看 | 0.024
  -0.000    0.163 | +0.010/+0.048 看 | -0.069/+0.048 看 | 0.031
   0.168    0.163 | -0.049/+0.046 看 | -0.137/+0.049 看 | 0.019
   0.336    0.165 | -0.105/+0.048 看 | -0.273/+0.058 盲 | 0.014
  -0.334    0.298 | +0.280/+0.120 盲 | +0.059/+0.095 看 | 0.059
  -0.167    0.296 | +0.079/+0.077 看 | +0.007/+0.081 看 | 0.057
  -0.000    0.295 | -0.005/+0.090 看 | -0.065/+0.088 看 | 0.059
   0.167    0.295 | -0.055/+0.087 看 | -0.168/+0.100 看 | 0.055
   0.334    0.297 | -0.119/+0.094 看 | -0.336/+0.122 盲 | 0.049

命中 16/25 = 0.64（每只眼对着自己的目标算；标「盲」的那只眼看不见球，不判它）
误差：中位 0.066、平均 0.076、最差 0.168 弧度（容差 0.10）
后段抖动：最大 0.0828 弧度（抖得大 = 眼睛在来回撞，不是稳在一个角度）
读数 -> artifacts/_对照_E.json
