接线 6180 根（移动档 4524、保持档 1656）：分界 0.10、移动档满量程 0.60 推 0.60 弧度、保持档满量程 0.10 推 0.10 弧度、死区 1.5 度、总缩放 1.40、自激勾住 0.00、互压 0.00、眼肌时间 0.200、每眼独立 True
静止时给出的角度（球还没摆）：[0. 0. 0. 0.]

     球方位      球高低 |  左眼 yaw/pitch |  右眼 yaw/pitch |     后段抖动
  -0.350   -0.248 | +0.125/-0.069 盲 | +0.070/-0.090 看 | 0.114
  -0.170   -0.235 | +0.069/-0.056 看 | -0.004/-0.049 看 | 0.097
   0.000   -0.235 | +0.004/-0.056 看 | -0.073/-0.051 看 | 0.144
   0.170   -0.236 | -0.042/-0.061 看 | -0.131/-0.051 看 | 0.150
   0.340   -0.236 | -0.089/-0.064 看 | -0.192/-0.080 盲 | 0.107
  -0.339   -0.099 | +0.085/-0.041 盲 | +0.059/-0.066 看 | 0.143
  -0.170   -0.101 | +0.070/-0.032 看 | -0.009/-0.062 看 | 0.140
  -0.000   -0.101 | +0.002/-0.013 看 | -0.050/-0.051 看 | 0.138
   0.169   -0.102 | -0.044/-0.035 看 | -0.112/-0.031 看 | 0.177
   0.339   -0.101 | -0.087/-0.032 看 | -0.158/-0.051 盲 | 0.131
  -0.338    0.034 | +0.079/-0.007 盲 | +0.054/-0.008 看 | 0.122
  -0.169    0.032 | +0.058/-0.007 看 | +0.001/+0.011 看 | 0.197
  -0.000    0.031 | +0.028/-0.006 看 | -0.072/+0.020 看 | 0.194
   0.169    0.031 | -0.025/-0.001 看 | -0.095/-0.005 看 | 0.210
   0.338    0.032 | -0.083/-0.003 看 | -0.152/-0.010 盲 | 0.153
  -0.336    0.166 | +0.081/+0.047 盲 | +0.052/+0.050 看 | 0.117
  -0.168    0.164 | +0.057/+0.050 看 | -0.020/+0.049 看 | 0.164
  -0.000    0.163 | +0.004/+0.050 看 | -0.042/+0.049 看 | 0.145
   0.168    0.163 | -0.027/+0.050 看 | -0.112/+0.049 看 | 0.195
   0.336    0.165 | -0.078/+0.048 看 | -0.162/+0.053 盲 | 0.124
  -0.334    0.298 | +0.118/+0.091 盲 | +0.036/+0.080 看 | 0.112
  -0.167    0.296 | +0.064/+0.063 看 | -0.004/+0.094 看 | 0.118
  -0.000    0.295 | -0.020/+0.092 看 | -0.065/+0.085 看 | 0.109
   0.167    0.295 | -0.058/+0.076 看 | -0.133/+0.088 看 | 0.108
   0.334    0.297 | -0.078/+0.093 看 | -0.225/+0.110 盲 | 0.110

命中 21/25 = 0.84（每只眼对着自己的目标算；标「盲」的那只眼看不见球，不判它）
误差：中位 0.067、平均 0.069、最差 0.133 弧度（容差 0.10）
后段抖动：最大 0.2104 弧度（抖得大 = 眼睛在来回撞，不是稳在一个角度）
读数 -> artifacts/_对照_G.json
