接线 6180 根（移动档 4524、保持档 1656）：分界 0.10、移动档满量程 0.60 推 0.60 弧度、保持档满量程 0.10 推 0.10 弧度、死区 1.5 度、总缩放 1.70、自激勾住 0.00、互压 0.00、眼肌时间 0.200、每眼独立 True
静止时给出的角度（球还没摆）：[0. 0. 0. 0.]

     球方位      球高低 |  左眼 yaw/pitch |  右眼 yaw/pitch |     后段抖动
  -0.350   -0.248 | +0.123/-0.060 盲 | +0.076/-0.085 看 | 0.115
  -0.170   -0.235 | +0.064/-0.051 看 | +0.007/-0.050 看 | 0.103
   0.000   -0.235 | +0.007/-0.054 看 | -0.072/-0.046 看 | 0.154
   0.170   -0.236 | -0.044/-0.063 看 | -0.133/-0.045 看 | 0.176
   0.340   -0.236 | -0.085/-0.060 看 | -0.208/-0.058 盲 | 0.122
  -0.339   -0.099 | +0.087/-0.042 盲 | +0.060/-0.045 看 | 0.134
  -0.170   -0.101 | +0.064/-0.039 看 | +0.004/-0.079 看 | 0.179
  -0.000   -0.101 | -0.003/-0.016 看 | -0.066/-0.072 看 | 0.165
   0.169   -0.102 | -0.053/-0.034 看 | -0.115/-0.052 看 | 0.177
   0.339   -0.101 | -0.079/-0.035 看 | -0.167/-0.051 盲 | 0.137
  -0.338    0.034 | +0.079/-0.007 盲 | +0.058/-0.053 看 | 0.202
  -0.169    0.032 | +0.060/-0.008 看 | +0.001/-0.004 看 | 0.195
  -0.000    0.031 | +0.046/-0.008 看 | -0.068/+0.025 看 | 0.206
   0.169    0.031 | -0.022/-0.003 看 | -0.131/-0.006 看 | 0.216
   0.338    0.032 | -0.088/-0.005 看 | -0.157/-0.010 盲 | 0.165
  -0.336    0.166 | +0.078/+0.048 盲 | +0.039/+0.045 看 | 0.114
  -0.168    0.164 | +0.055/+0.050 看 | -0.011/+0.047 看 | 0.154
  -0.000    0.163 | +0.004/+0.050 看 | -0.062/+0.047 看 | 0.158
   0.168    0.163 | -0.024/+0.049 看 | -0.116/+0.049 看 | 0.204
   0.336    0.165 | -0.075/+0.047 看 | -0.176/+0.054 盲 | 0.141
  -0.334    0.298 | +0.106/+0.078 盲 | +0.029/+0.092 看 | 0.117
  -0.167    0.296 | +0.044/+0.072 看 | +0.006/+0.071 看 | 0.127
  -0.000    0.295 | -0.013/+0.093 看 | -0.064/+0.095 看 | 0.124
   0.167    0.295 | -0.052/+0.069 看 | -0.137/+0.059 看 | 0.120
   0.334    0.297 | -0.101/+0.082 看 | -0.259/+0.106 盲 | 0.116

命中 19/25 = 0.76（每只眼对着自己的目标算；标「盲」的那只眼看不见球，不判它）
误差：中位 0.069、平均 0.071、最差 0.137 弧度（容差 0.10）
后段抖动：最大 0.2157 弧度（抖得大 = 眼睛在来回撞，不是稳在一个角度）
读数 -> artifacts/_对照_X5.json
