接线 6180 根（移动档 4524、保持档 1656）：分界 0.10、移动档满量程 0.35 推 0.35 弧度、保持档满量程 0.10 推 0.10 弧度、死区 1.5 度、总缩放 1.20、自激勾住 0.00、互压 0.00、眼肌时间 0.200、每眼独立 True
静止时给出的角度（球还没摆）：[0. 0. 0. 0.]

     球方位      球高低 |  左眼 yaw/pitch |  右眼 yaw/pitch |     后段抖动
  -0.350   -0.248 | +0.309/-0.139 盲 | +0.083/-0.098 看 | 0.030
  -0.170   -0.235 | +0.077/-0.073 看 | +0.006/-0.060 看 | 0.037
   0.000   -0.235 | +0.010/-0.060 看 | -0.073/-0.074 看 | 0.034
   0.170   -0.236 | -0.059/-0.069 看 | -0.171/-0.093 看 | 0.026
   0.340   -0.236 | -0.126/-0.080 看 | -0.346/-0.125 盲 | 0.020
  -0.339   -0.099 | +0.266/-0.062 盲 | +0.060/-0.038 看 | 0.074
  -0.170   -0.101 | +0.065/-0.048 看 | +0.002/-0.040 看 | 0.075
  -0.000   -0.101 | +0.006/-0.040 看 | -0.066/-0.042 看 | 0.074
   0.169   -0.102 | -0.065/-0.024 看 | -0.135/-0.052 看 | 0.079
   0.339   -0.101 | -0.119/-0.027 看 | -0.283/-0.063 盲 | 0.069
  -0.338    0.034 | +0.272/-0.011 盲 | +0.048/-0.008 看 | 0.047
  -0.169    0.032 | +0.064/-0.006 看 | -0.000/-0.007 看 | 0.041
  -0.000    0.031 | +0.010/-0.002 看 | -0.067/-0.004 看 | 0.034
   0.169    0.031 | -0.047/+0.004 看 | -0.136/-0.009 看 | 0.038
   0.338    0.032 | -0.105/-0.006 看 | -0.277/-0.013 盲 | 0.026
  -0.336    0.166 | +0.260/+0.062 盲 | +0.054/+0.048 看 | 0.038
  -0.168    0.164 | +0.071/+0.050 看 | -0.000/+0.048 看 | 0.011
  -0.000    0.163 | +0.011/+0.049 看 | -0.071/+0.049 看 | 0.016
   0.168    0.163 | -0.053/+0.048 看 | -0.146/+0.052 看 | 0.008
   0.336    0.165 | -0.116/+0.049 看 | -0.272/+0.063 盲 | 0.007
  -0.334    0.298 | +0.332/+0.135 盲 | +0.075/+0.094 看 | 0.027
  -0.167    0.296 | +0.102/+0.096 看 | +0.004/+0.094 看 | 0.055
  -0.000    0.295 | +0.002/+0.088 看 | -0.070/+0.093 看 | 0.049
   0.167    0.295 | -0.055/+0.094 看 | -0.189/+0.114 看 | 0.052
   0.334    0.297 | -0.134/+0.103 看 | -0.370/+0.132 盲 | 0.029

命中 14/25 = 0.56（每只眼对着自己的目标算；标「盲」的那只眼看不见球，不判它）
误差：中位 0.071、平均 0.083、最差 0.189 弧度（容差 0.10）
后段抖动：最大 0.0788 弧度（抖得大 = 眼睛在来回撞，不是稳在一个角度）
读数 -> artifacts/_对照_D.json
