接线 5400 根（移动档 4524、保持档 876）：分界 0.10、移动档满量程 0.60 推 0.60 弧度、保持档满量程 0.10 推 0.10 弧度、死区 3.0 度、总缩放 1.20、自激勾住 0.00、互压 0.00、眼肌时间 0.200、每眼独立 True
静止时给出的角度（球还没摆）：[0. 0. 0. 0.]

     球方位      球高低 |  左眼 yaw/pitch |  右眼 yaw/pitch |     后段抖动
  -0.350   -0.248 | +0.132/-0.099 盲 | +0.078/-0.094 看 | 0.099
  -0.170   -0.235 | +0.058/-0.079 看 | +0.008/-0.049 看 | 0.086
   0.000   -0.235 | +0.011/-0.065 看 | -0.081/-0.048 看 | 0.080
   0.170   -0.236 | -0.052/-0.053 看 | -0.150/-0.057 看 | 0.075
   0.340   -0.236 | -0.120/-0.053 看 | -0.223/-0.100 盲 | 0.073
  -0.339   -0.099 | +0.098/-0.035 盲 | +0.065/-0.038 看 | 0.105
  -0.170   -0.101 | +0.066/-0.032 看 | +0.008/-0.028 看 | 0.099
  -0.000   -0.101 | +0.013/-0.036 看 | -0.070/-0.019 看 | 0.147
   0.169   -0.102 | -0.036/-0.038 看 | -0.124/-0.035 看 | 0.172
   0.339   -0.101 | -0.090/-0.032 看 | -0.173/-0.052 盲 | 0.105
  -0.338    0.034 | +0.091/+0.003 盲 | +0.050/+0.008 看 | 0.116
  -0.169    0.032 | +0.063/+0.005 看 | -0.022/+0.003 看 | 0.172
  -0.000    0.031 | +0.018/+0.003 看 | -0.042/+0.003 看 | 0.156
   0.169    0.031 | -0.028/+0.002 看 | -0.115/+0.002 看 | 0.198
   0.338    0.032 | -0.075/+0.004 看 | -0.161/-0.002 盲 | 0.127
  -0.336    0.166 | +0.110/+0.060 盲 | +0.040/+0.056 看 | 0.103
  -0.168    0.164 | +0.072/+0.053 看 | +0.003/+0.054 看 | 0.097
  -0.000    0.163 | +0.011/+0.058 看 | -0.072/+0.057 看 | 0.111
   0.168    0.163 | -0.051/+0.052 看 | -0.126/+0.063 看 | 0.047
   0.336    0.165 | -0.093/+0.057 看 | -0.184/+0.066 盲 | 0.088
  -0.334    0.298 | +0.157/+0.113 盲 | +0.043/+0.091 看 | 0.099
  -0.167    0.296 | +0.076/+0.075 看 | +0.007/+0.101 看 | 0.112
  -0.000    0.295 | -0.007/+0.102 看 | -0.074/+0.093 看 | 0.110
   0.167    0.295 | -0.058/+0.076 看 | -0.153/+0.112 看 | 0.090
   0.334    0.297 | -0.099/+0.107 看 | -0.284/+0.126 盲 | 0.100

命中 16/25 = 0.64（每只眼对着自己的目标算；标「盲」的那只眼看不见球，不判它）
误差：中位 0.072、平均 0.075、最差 0.153 弧度（容差 0.10）
后段抖动：最大 0.1981 弧度（抖得大 = 眼睛在来回撞，不是稳在一个角度）
读数 -> artifacts/_对照_B.json
