接线 6180 根（移动档 4524、保持档 1656）：分界 0.10、移动档满量程 0.35 推 0.35 弧度、保持档满量程 0.10 推 0.10 弧度、死区 1.5 度、总缩放 1.40、自激勾住 0.00、互压 0.00、眼肌时间 0.200、每眼独立 True
静止时给出的角度（球还没摆）：[0. 0. 0. 0.]

     球方位      球高低 |  左眼 yaw/pitch |  右眼 yaw/pitch |     后段抖动
  -0.350   -0.248 | +0.386/-0.207 盲 | +0.092/-0.118 看 | 0.001
  -0.170   -0.235 | +0.079/-0.095 看 | +0.006/-0.084 看 | 0.006
   0.000   -0.235 | +0.008/-0.085 看 | -0.071/-0.092 看 | 0.003
   0.170   -0.236 | -0.052/-0.091 看 | -0.208/-0.141 看 | 0.009
   0.340   -0.236 | -0.135/-0.109 看 | -0.403/-0.184 盲 | 0.002
  -0.339   -0.099 | +0.257/-0.079 盲 | +0.066/-0.046 看 | 0.014
  -0.170   -0.101 | +0.075/-0.048 看 | +0.004/-0.043 看 | 0.031
  -0.000   -0.101 | -0.000/-0.045 看 | -0.064/-0.049 看 | 0.013
   0.169   -0.102 | -0.051/-0.050 看 | -0.142/-0.060 看 | 0.024
   0.339   -0.101 | -0.110/-0.054 看 | -0.313/-0.084 盲 | 0.007
  -0.338    0.034 | +0.268/-0.012 盲 | +0.057/-0.007 看 | 0.036
  -0.169    0.032 | +0.068/-0.008 看 | +0.002/-0.004 看 | 0.015
  -0.000    0.031 | +0.011/-0.007 看 | -0.069/-0.008 看 | 0.021
   0.169    0.031 | -0.047/-0.007 看 | -0.136/-0.010 看 | 0.025
   0.338    0.032 | -0.105/-0.008 看 | -0.278/-0.014 盲 | 0.008
  -0.336    0.166 | +0.255/+0.070 盲 | +0.063/+0.050 看 | 0.018
  -0.168    0.164 | +0.075/+0.050 看 | -0.000/+0.050 看 | 0.008
  -0.000    0.163 | +0.012/+0.050 看 | -0.072/+0.050 看 | 0.008
   0.168    0.163 | -0.055/+0.049 看 | -0.141/+0.055 看 | 0.019
   0.336    0.165 | -0.112/+0.050 看 | -0.313/+0.074 盲 | 0.003
  -0.334    0.298 | +0.374/+0.170 盲 | +0.080/+0.109 看 | 0.011
  -0.167    0.296 | +0.121/+0.122 看 | +0.002/+0.106 看 | 0.008
  -0.000    0.295 | +0.015/+0.105 看 | -0.073/+0.109 看 | 0.006
   0.167    0.295 | -0.052/+0.107 看 | -0.225/+0.148 看 | 0.014
   0.334    0.297 | -0.139/+0.121 看 | -0.414/+0.171 盲 | 0.001

命中 11/25 = 0.44（每只眼对着自己的目标算；标「盲」的那只眼看不见球，不判它）
误差：中位 0.088、平均 0.091、最差 0.225 弧度（容差 0.10）
后段抖动：最大 0.0364 弧度（抖得大 = 眼睛在来回撞，不是稳在一个角度）
读数 -> artifacts/_对照_X1.json
