接线 6180 根（移动档 4524、保持档 1656）：分界 0.10、移动档满量程 0.60 推 0.60 弧度、保持档满量程 0.10 推 0.10 弧度、死区 1.5 度、总缩放 1.60、自激勾住 0.00、互压 0.00、眼肌时间 0.200、每眼独立 True
静止时给出的角度（球还没摆）：[0. 0. 0. 0.]

     球方位      球高低 |  左眼 yaw/pitch |  右眼 yaw/pitch |     后段抖动
  -0.350   -0.248 | +0.126/-0.066 盲 | +0.060/-0.083 看 | 0.120
  -0.170   -0.235 | +0.067/-0.053 看 | +0.006/-0.061 看 | 0.168
   0.000   -0.235 | +0.008/-0.051 看 | -0.059/-0.063 看 | 0.157
   0.170   -0.236 | -0.043/-0.063 看 | -0.118/-0.049 看 | 0.180
   0.340   -0.236 | -0.086/-0.060 看 | -0.186/-0.062 盲 | 0.120
  -0.339   -0.099 | +0.082/-0.040 盲 | +0.047/-0.074 看 | 0.171
  -0.170   -0.101 | +0.068/-0.035 看 | +0.019/-0.064 看 | 0.163
  -0.000   -0.101 | +0.003/-0.015 看 | -0.044/-0.058 看 | 0.150
   0.169   -0.102 | -0.048/-0.036 看 | -0.109/-0.039 看 | 0.188
   0.339   -0.101 | -0.113/-0.025 看 | -0.149/-0.048 盲 | 0.129
  -0.338    0.034 | +0.074/-0.003 盲 | +0.046/-0.051 看 | 0.202
  -0.169    0.032 | +0.057/-0.008 看 | -0.004/+0.012 看 | 0.202
  -0.000    0.031 | +0.029/-0.009 看 | -0.067/+0.017 看 | 0.201
   0.169    0.031 | -0.023/-0.005 看 | -0.110/-0.020 看 | 0.214
   0.338    0.032 | -0.094/-0.007 看 | -0.144/-0.009 盲 | 0.163
  -0.336    0.166 | +0.076/+0.047 盲 | +0.049/+0.048 看 | 0.124
  -0.168    0.164 | +0.053/+0.050 看 | -0.018/+0.049 看 | 0.178
  -0.000    0.163 | +0.009/+0.050 看 | -0.037/+0.049 看 | 0.162
   0.168    0.163 | -0.028/+0.049 看 | -0.102/+0.049 看 | 0.203
   0.336    0.165 | -0.077/+0.046 看 | -0.147/+0.049 盲 | 0.140
  -0.334    0.298 | +0.108/+0.077 盲 | +0.030/+0.087 看 | 0.121
  -0.167    0.296 | +0.041/+0.080 看 | -0.006/+0.091 看 | 0.120
  -0.000    0.295 | -0.017/+0.092 看 | -0.061/+0.090 看 | 0.129
   0.167    0.295 | -0.053/+0.066 看 | -0.127/+0.070 看 | 0.125
   0.334    0.297 | -0.089/+0.091 看 | -0.192/+0.097 盲 | 0.112

命中 19/25 = 0.76（每只眼对着自己的目标算；标「盲」的那只眼看不见球，不判它）
误差：中位 0.066、平均 0.070、最差 0.127 弧度（容差 0.10）
后段抖动：最大 0.2144 弧度（抖得大 = 眼睛在来回撞，不是稳在一个角度）
读数 -> artifacts/_对照_H.json
