接线 5400 根（移动档 4524、保持档 876）：分界 0.10、移动档满量程 0.60 推 0.60 弧度、保持档满量程 0.10 推 0.10 弧度、死区 3.0 度、总缩放 1.00、自激勾住 0.00、互压 0.00、眼肌时间 0.200、每眼独立 True
静止时给出的角度（球还没摆）：[0. 0. 0. 0.]

     球方位      球高低 |  左眼 yaw/pitch |  右眼 yaw/pitch |     后段抖动
  -0.350   -0.248 | +0.176/-0.118 盲 | +0.092/-0.099 看 | 0.076
  -0.170   -0.235 | +0.077/-0.079 看 | +0.011/-0.058 看 | 0.080
   0.000   -0.235 | +0.019/-0.063 看 | -0.085/-0.069 看 | 0.046
   0.170   -0.236 | -0.063/-0.060 看 | -0.160/-0.096 看 | 0.059
   0.340   -0.236 | -0.129/-0.068 看 | -0.298/-0.130 盲 | 0.062
  -0.339   -0.099 | +0.112/-0.047 盲 | +0.056/-0.045 看 | 0.091
  -0.170   -0.101 | +0.072/-0.038 看 | +0.006/-0.030 看 | 0.091
  -0.000   -0.101 | +0.007/-0.034 看 | -0.072/-0.041 看 | 0.051
   0.169   -0.102 | -0.058/-0.034 看 | -0.132/-0.051 看 | 0.040
   0.339   -0.101 | -0.108/-0.040 看 | -0.206/-0.063 盲 | 0.043
  -0.338    0.034 | +0.105/+0.001 盲 | +0.052/+0.005 看 | 0.104
  -0.169    0.032 | +0.067/+0.003 看 | +0.001/+0.004 看 | 0.093
  -0.000    0.031 | +0.012/+0.003 看 | -0.072/+0.003 看 | 0.113
   0.169    0.031 | -0.035/+0.001 看 | -0.124/-0.001 看 | 0.176
   0.338    0.032 | -0.085/+0.002 看 | -0.183/-0.004 盲 | 0.074
  -0.336    0.166 | +0.126/+0.068 盲 | +0.048/+0.059 看 | 0.088
  -0.168    0.164 | +0.079/+0.059 看 | +0.004/+0.056 看 | 0.085
  -0.000    0.163 | +0.014/+0.058 看 | -0.079/+0.061 看 | 0.046
   0.168    0.163 | -0.057/+0.059 看 | -0.138/+0.066 看 | 0.017
   0.336    0.165 | -0.109/+0.062 看 | -0.236/+0.075 盲 | 0.035
  -0.334    0.298 | +0.263/+0.139 盲 | +0.074/+0.095 看 | 0.060
  -0.167    0.296 | +0.090/+0.092 看 | +0.011/+0.105 看 | 0.099
  -0.000    0.295 | +0.000/+0.105 看 | -0.080/+0.105 看 | 0.083
   0.167    0.295 | -0.064/+0.107 看 | -0.170/+0.122 看 | 0.047
   0.334    0.297 | -0.126/+0.115 看 | -0.333/+0.142 盲 | 0.052

命中 14/25 = 0.56（每只眼对着自己的目标算；标「盲」的那只眼看不见球，不判它）
误差：中位 0.079、平均 0.082、最差 0.170 弧度（容差 0.10）
后段抖动：最大 0.1758 弧度（抖得大 = 眼睛在来回撞，不是稳在一个角度）
读数 -> artifacts/_对照_C.json
