接线 6180 根（移动档 4524、保持档 1656）：分界 0.10、移动档满量程 0.60 推 0.60 弧度、保持档满量程 0.10 推 0.10 弧度、死区 1.5 度、总缩放 1.40、自激勾住 0.00、互压 0.00、眼肌时间 0.200、每眼独立 True
静止时给出的角度（球还没摆）：[0. 0. 0. 0.]

     球方位      球高低 |  左眼 yaw/pitch |  右眼 yaw/pitch |     后段抖动
  -0.350   -0.248 | +0.133/-0.074 盲 | +0.083/-0.091 看 | 0.098
  -0.170   -0.235 | +0.069/-0.057 看 | +0.005/-0.055 看 | 0.094
   0.000   -0.235 | +0.005/-0.055 看 | -0.073/-0.050 看 | 0.138
   0.170   -0.236 | -0.057/-0.051 看 | -0.144/-0.053 看 | 0.086
   0.340   -0.236 | -0.117/-0.054 看 | -0.263/-0.096 盲 | 0.113
  -0.339   -0.099 | +0.093/-0.043 盲 | +0.059/-0.045 看 | 0.126
  -0.170   -0.101 | +0.069/-0.031 看 | +0.002/-0.056 看 | 0.145
  -0.000   -0.101 | +0.004/-0.016 看 | -0.065/-0.053 看 | 0.134
   0.169   -0.102 | -0.056/-0.015 看 | -0.120/-0.049 看 | 0.139
   0.339   -0.101 | -0.083/-0.041 看 | -0.200/-0.052 盲 | 0.130
  -0.338    0.034 | +0.084/-0.008 盲 | +0.056/-0.002 看 | 0.114
  -0.169    0.032 | +0.060/-0.008 看 | +0.002/-0.007 看 | 0.188
  -0.000    0.031 | +0.025/-0.007 看 | -0.070/+0.026 看 | 0.195
   0.169    0.031 | -0.027/-0.006 看 | -0.116/-0.009 看 | 0.207
   0.338    0.032 | -0.076/-0.002 看 | -0.181/-0.012 盲 | 0.145
  -0.336    0.166 | +0.091/+0.052 盲 | +0.042/+0.048 看 | 0.101
  -0.168    0.164 | +0.062/+0.050 看 | +0.002/+0.046 看 | 0.097
  -0.000    0.163 | +0.013/+0.051 看 | -0.068/+0.048 看 | 0.143
   0.168    0.163 | -0.028/+0.052 看 | -0.125/+0.052 看 | 0.189
   0.336    0.165 | -0.079/+0.049 看 | -0.214/+0.060 盲 | 0.121
  -0.334    0.298 | +0.139/+0.098 盲 | +0.042/+0.093 看 | 0.112
  -0.167    0.296 | +0.068/+0.063 看 | +0.005/+0.067 看 | 0.119
  -0.000    0.295 | -0.011/+0.093 看 | -0.066/+0.091 看 | 0.112
   0.167    0.295 | -0.056/+0.080 看 | -0.153/+0.098 看 | 0.095
   0.334    0.297 | -0.116/+0.070 看 | -0.319/+0.119 盲 | 0.096

命中 18/25 = 0.72（每只眼对着自己的目标算；标「盲」的那只眼看不见球，不判它）
误差：中位 0.068、平均 0.073、最差 0.153 弧度（容差 0.10）
后段抖动：最大 0.2075 弧度（抖得大 = 眼睛在来回撞，不是稳在一个角度）
读数 -> artifacts/_对照_X4.json
