接线 6180 根（移动档 4524、保持档 1656）：分界 0.10、移动档满量程 0.35 推 0.35 弧度、保持档满量程 0.10 推 0.10 弧度、死区 1.5 度、总缩放 1.60、自激勾住 0.00、互压 0.00、眼肌时间 0.200、每眼独立 True
静止时给出的角度（球还没摆）：[0. 0. 0. 0.]

     球方位      球高低 |  左眼 yaw/pitch |  右眼 yaw/pitch |     后段抖动
  -0.350   -0.248 | +0.271/-0.108 盲 | +0.081/-0.087 看 | 0.051
  -0.170   -0.235 | +0.058/-0.063 看 | +0.006/-0.056 看 | 0.046
   0.000   -0.235 | +0.009/-0.055 看 | -0.072/-0.067 看 | 0.048
   0.170   -0.236 | -0.057/-0.063 看 | -0.135/-0.064 看 | 0.038
   0.340   -0.236 | -0.107/-0.066 看 | -0.293/-0.091 盲 | 0.027
  -0.339   -0.099 | +0.271/-0.049 盲 | +0.049/-0.033 看 | 0.080
  -0.170   -0.101 | +0.054/-0.049 看 | +0.001/-0.038 看 | 0.086
  -0.000   -0.101 | +0.002/-0.046 看 | -0.063/-0.040 看 | 0.084
   0.169   -0.102 | -0.048/-0.039 看 | -0.120/-0.043 看 | 0.076
   0.339   -0.101 | -0.091/-0.040 看 | -0.280/-0.051 盲 | 0.075
  -0.338    0.034 | +0.257/-0.009 盲 | +0.045/-0.008 看 | 0.059
  -0.169    0.032 | +0.055/-0.008 看 | +0.001/-0.029 看 | 0.142
  -0.000    0.031 | +0.015/+0.002 看 | -0.068/-0.025 看 | 0.136
   0.169    0.031 | -0.049/+0.016 看 | -0.118/-0.000 看 | 0.125
   0.338    0.032 | -0.104/+0.018 看 | -0.275/-0.011 盲 | 0.131
  -0.336    0.166 | +0.266/+0.056 盲 | +0.044/+0.045 看 | 0.062
  -0.168    0.164 | +0.062/+0.050 看 | +0.001/+0.044 看 | 0.037
  -0.000    0.163 | +0.010/+0.047 看 | -0.068/+0.048 看 | 0.070
   0.168    0.163 | -0.044/+0.046 看 | -0.125/+0.050 看 | 0.056
   0.336    0.165 | -0.099/+0.044 看 | -0.273/+0.055 盲 | 0.037
  -0.334    0.298 | +0.279/+0.113 盲 | +0.052/+0.092 看 | 0.061
  -0.167    0.296 | +0.070/+0.073 看 | +0.007/+0.076 看 | 0.062
  -0.000    0.295 | -0.006/+0.088 看 | -0.065/+0.088 看 | 0.061
   0.167    0.295 | -0.058/+0.079 看 | -0.148/+0.093 看 | 0.059
   0.334    0.297 | -0.108/+0.092 看 | -0.294/+0.111 盲 | 0.054

命中 17/25 = 0.68（每只眼对着自己的目标算；标「盲」的那只眼看不见球，不判它）
误差：中位 0.065、平均 0.073、最差 0.148 弧度（容差 0.10）
后段抖动：最大 0.1425 弧度（抖得大 = 眼睛在来回撞，不是稳在一个角度）
读数 -> artifacts/_对照_F.json
