接线 5400 根（移动档 4524、保持档 876）：分界 0.10、移动档满量程 0.35 推 0.35 弧度、保持档满量程 0.10 推 0.10 弧度、死区 3.0 度、总缩放 1.20、自激勾住 0.00、互压 0.00、眼肌时间 0.200、每眼独立 True
静止时给出的角度（球还没摆）：[0. 0. 0. 0.]

     球方位      球高低 |  左眼 yaw/pitch |  右眼 yaw/pitch |     后段抖动
  -0.350   -0.248 | +0.319/-0.138 盲 | +0.087/-0.098 看 | 0.029
  -0.170   -0.235 | +0.083/-0.073 看 | +0.008/-0.058 看 | 0.036
   0.000   -0.235 | +0.015/-0.060 看 | -0.080/-0.073 看 | 0.029
   0.170   -0.236 | -0.057/-0.064 看 | -0.171/-0.093 看 | 0.023
   0.340   -0.236 | -0.133/-0.080 看 | -0.345/-0.125 盲 | 0.021
  -0.339   -0.099 | +0.266/-0.062 盲 | +0.061/-0.033 看 | 0.038
  -0.170   -0.101 | +0.068/-0.037 看 | +0.009/-0.019 看 | 0.052
  -0.000   -0.101 | +0.011/-0.025 看 | -0.071/-0.032 看 | 0.046
   0.169   -0.102 | -0.060/-0.019 看 | -0.140/-0.049 看 | 0.057
   0.339   -0.101 | -0.118/-0.040 看 | -0.283/-0.063 盲 | 0.022
  -0.338    0.034 | +0.271/-0.003 盲 | +0.051/+0.005 看 | 0.043
  -0.169    0.032 | +0.066/+0.005 看 | +0.001/+0.006 看 | 0.012
  -0.000    0.031 | +0.013/+0.006 看 | -0.073/+0.004 看 | 0.037
   0.169    0.031 | -0.055/+0.005 看 | -0.134/+0.001 看 | 0.010
   0.338    0.032 | -0.112/+0.003 看 | -0.276/-0.006 盲 | 0.005
  -0.336    0.166 | +0.270/+0.074 盲 | +0.060/+0.054 看 | 0.045
  -0.168    0.164 | +0.081/+0.056 看 | +0.002/+0.052 看 | 0.025
  -0.000    0.163 | +0.016/+0.054 看 | -0.079/+0.058 看 | 0.024
   0.168    0.163 | -0.058/+0.055 看 | -0.149/+0.063 看 | 0.020
   0.336    0.165 | -0.122/+0.057 看 | -0.283/+0.074 盲 | 0.006
  -0.334    0.298 | +0.332/+0.135 盲 | +0.079/+0.107 看 | 0.052
  -0.167    0.296 | +0.107/+0.098 看 | +0.013/+0.094 看 | 0.054
  -0.000    0.295 | +0.005/+0.102 看 | -0.078/+0.101 看 | 0.057
   0.167    0.295 | -0.055/+0.097 看 | -0.191/+0.118 看 | 0.017
   0.334    0.297 | -0.141/+0.113 看 | -0.369/+0.133 盲 | 0.041

命中 12/25 = 0.48（每只眼对着自己的目标算；标「盲」的那只眼看不见球，不判它）
误差：中位 0.080、平均 0.085、最差 0.191 弧度（容差 0.10）
后段抖动：最大 0.0575 弧度（抖得大 = 眼睛在来回撞，不是稳在一个角度）
读数 -> artifacts/_对照_A.json
