接线 5187 根（移动档 3907、保持档 1280）：分界 0.10、移动档满量程 0.35 推 1.00 弧度、保持档满量程 0.10 推 0.40 弧度、死区 3.0 度、总缩放 3.50、自激勾住 0.98、互压 0.30、眼肌时间 0.015
静止时给出的角度（球还没摆）：[0. 0. 0. 0.]

     球方位      球高低 |    yaw 误差  pitch 误差 |       最大     后段抖动
  -0.350   -0.226 |    -0.137    +0.159 |   +0.159 0.058/0.045
  -0.170   -0.212 |    -0.148    +0.085 |   +0.148 0.010/0.021
   0.000   -0.213 |    -0.029    +0.092 |   +0.092 0.046/0.001
   0.170   -0.213 |    +0.045    +0.081 |   +0.081 0.059/0.000
   0.340   -0.213 |    +0.110    +0.086 |   +0.110 0.012/0.000
  -0.340   -0.076 |    +0.136    +0.088 |   +0.136 0.275/0.022
  -0.170   -0.077 |    -0.129    +0.097 |   +0.129 0.006/0.012
   0.000   -0.077 |    -0.018    +0.081 |   +0.081 0.071/0.015
   0.170   -0.077 |    +0.058    +0.062 |   +0.062 0.036/0.008
   0.339   -0.076 |    +0.070    +0.081 |   +0.081 0.026/0.003
  -0.339    0.059 |    +0.542    +0.141 |   +0.542 0.055/0.015
  -0.169    0.058 |    -0.109    +0.016 |   +0.109 0.043/0.020
   0.000    0.058 |    -0.012    +0.045 |   +0.045 0.009/0.019
   0.169    0.058 |    +0.036    +0.013 |   +0.036 0.006/0.020
   0.339    0.059 |    +0.087    +0.017 |   +0.087 0.006/0.019
  -0.338    0.193 |    -0.184    -0.069 |   +0.184 0.121/0.023
  -0.169    0.192 |    -0.150    -0.026 |   +0.150 0.018/0.015
  -0.000    0.191 |    -0.045    -0.041 |   +0.045 0.008/0.008
   0.169    0.191 |    +0.031    -0.038 |   +0.038 0.027/0.009
   0.337    0.192 |    +0.088    -0.032 |   +0.088 0.013/0.007
  -0.336    0.325 |    +0.117    -0.022 |   +0.117 0.240/0.082
  -0.168    0.323 |    -0.068    -0.045 |   +0.068 0.029/0.002
  -0.000    0.323 |    -0.038    -0.061 |   +0.061 0.014/0.001
   0.168    0.323 |    +0.074    -0.068 |   +0.074 0.016/0.001
   0.336    0.324 |    +0.086    -0.070 |   +0.086 0.013/0.001

命中 15/25 = 0.60（其中球本来就摆在正中的 2 个，不动眼睛也算命中）
误差：中位 0.087、平均 0.112、最差 0.542 弧度（容差 0.10）
后段抖动：yaw 最大 0.2755、pitch 最大 0.0821 弧度（抖得大 = 眼睛在来回撞，不是稳在一个角度）
