接线 5187 根（移动档 3907、保持档 1280）：分界 0.10、移动档满量程 0.35 推 1.00 弧度、保持档满量程 0.10 推 0.40 弧度、死区 3.0 度、总缩放 3.50、自激勾住 0.90、互压 0.30、眼肌时间 0.015
静止时给出的角度（球还没摆）：[0. 0. 0. 0.]

     球方位      球高低 |    yaw 误差  pitch 误差 |       最大     后段抖动
  -0.350   -0.226 |    -0.163    +0.176 |   +0.176 0.123/0.085
  -0.170   -0.212 |    -0.150    +0.154 |   +0.154 0.305/0.060
   0.000   -0.213 |    -0.048    +0.086 |   +0.086 0.396/0.006
   0.170   -0.213 |    -0.121    +0.065 |   +0.121 0.230/0.043
   0.340   -0.213 |    -0.007    +0.082 |   +0.082 0.176/0.003
  -0.340   -0.076 |    -0.260    +0.090 |   +0.260 0.000/0.045
  -0.170   -0.077 |    -0.209    +0.087 |   +0.209 0.262/0.054
   0.000   -0.077 |    -0.155    +0.095 |   +0.155 0.420/0.032
   0.170   -0.077 |    -0.028    +0.058 |   +0.058 0.190/0.070
   0.339   -0.076 |    -0.020    +0.100 |   +0.100 0.189/0.109
  -0.339    0.059 |    -0.261    +0.019 |   +0.261 0.000/0.034
  -0.169    0.058 |    -0.238    +0.079 |   +0.238 0.223/0.154
   0.000    0.058 |    -0.221    +0.118 |   +0.221 0.378/0.114
   0.169    0.058 |    +0.178    +0.147 |   +0.178 0.163/0.139
   0.339    0.059 |    +0.111    +0.197 |   +0.197 0.171/0.209
  -0.338    0.193 |    -0.113    +0.071 |   +0.113 0.168/0.189
  -0.169    0.192 |    +0.024    +0.028 |   +0.028 0.325/0.183
  -0.000    0.191 |    +0.159    -0.063 |   +0.159 0.168/0.106
   0.169    0.191 |    -0.343    +0.043 |   +0.343 0.320/0.056
   0.337    0.192 |    +0.069    +0.041 |   +0.069 0.208/0.136
  -0.336    0.325 |    -0.121    -0.029 |   +0.121 0.160/0.042
  -0.168    0.323 |    -0.086    -0.018 |   +0.086 0.334/0.050
  -0.000    0.323 |    +0.031    -0.007 |   +0.031 0.334/0.052
   0.168    0.323 |    -0.283    +0.034 |   +0.283 0.313/0.030
   0.336    0.324 |    +0.128    -0.043 |   +0.128 0.166/0.079

命中 8/25 = 0.32（其中球本来就摆在正中的 2 个，不动眼睛也算命中）
误差：中位 0.154、平均 0.154、最差 0.343 弧度（容差 0.10）
后段抖动：yaw 最大 0.4198、pitch 最大 0.2085 弧度（抖得大 = 眼睛在来回撞，不是稳在一个角度）
