接线 5187 根（移动档 3907、保持档 1280）：分界 0.10、移动档满量程 0.35 推 0.45 弧度、保持档满量程 0.10 推 0.10 弧度、死区 3.0 度、总缩放 1.00、自激勾住 0.00、互压 0.00、眼肌时间 0.100
静止时给出的角度（球还没摆）：[0. 0. 0. 0.]

     球方位      球高低 |    yaw 误差  pitch 误差 |       最大     后段抖动
  -0.350   -0.226 |    +0.180    -0.095 |   +0.180 0.004/0.002
  -0.170   -0.212 |    +0.058    -0.043 |   +0.058 0.005/0.001
   0.000   -0.213 |    -0.009    -0.051 |   +0.051 0.000/0.000
   0.170   -0.213 |    -0.090    -0.040 |   +0.090 0.002/0.001
   0.340   -0.213 |    -0.198    -0.086 |   +0.198 0.002/0.000
  -0.340   -0.076 |    +0.090    -0.014 |   +0.090 0.009/0.002
  -0.170   -0.077 |    +0.035    -0.015 |   +0.035 0.017/0.001
   0.000   -0.077 |    -0.017    -0.015 |   +0.017 0.000/0.000
   0.170   -0.077 |    -0.067    -0.012 |   +0.067 0.003/0.001
   0.339   -0.076 |    -0.134    -0.022 |   +0.134 0.002/0.001
  -0.339    0.059 |    +0.010    +0.039 |   +0.039 0.032/0.002
  -0.169    0.058 |    +0.045    +0.042 |   +0.045 0.033/0.001
  -0.000    0.058 |    -0.009    +0.042 |   +0.042 0.001/0.000
   0.169    0.058 |    -0.044    +0.039 |   +0.044 0.010/0.000
   0.339    0.059 |    -0.060    +0.041 |   +0.060 0.014/0.001
  -0.338    0.193 |    +0.142    +0.100 |   +0.142 0.017/0.005
  -0.169    0.192 |    +0.039    +0.077 |   +0.077 0.018/0.002
  -0.000    0.191 |    -0.011    +0.075 |   +0.075 0.001/0.001
   0.169    0.191 |    -0.057    +0.073 |   +0.073 0.004/0.003
   0.337    0.192 |    -0.127    +0.091 |   +0.127 0.004/0.001
  -0.336    0.325 |    +0.224    +0.203 |   +0.224 0.005/0.006
  -0.168    0.323 |    +0.057    +0.110 |   +0.110 0.004/0.001
  -0.000    0.323 |    -0.014    +0.116 |   +0.116 0.001/0.000
   0.168    0.323 |    -0.085    +0.105 |   +0.105 0.001/0.003
   0.336    0.324 |    -0.229    +0.197 |   +0.229 0.002/0.001

命中 15/25 = 0.60（其中球本来就摆在正中的 2 个，不动眼睛也算命中）
误差：中位 0.077、平均 0.097、最差 0.229 弧度（容差 0.10）
后段抖动：yaw 最大 0.0331、pitch 最大 0.0059 弧度（抖得大 = 眼睛在来回撞，不是稳在一个角度）
