接线 5225 根（移动档 4173、保持档 1052）：分界 0.10、移动档满量程 0.35 推 0.35 弧度、保持档满量程 0.10 推 0.10 弧度、死区 3.0 度、总缩放 2.50、自激勾住 0.00、互压 0.00、眼肌时间 0.200
静止时给出的角度（球还没摆）：[0. 0. 0. 0.]

     球方位      球高低 |    yaw 误差  pitch 误差 |       最大     后段抖动
  -0.350   -0.226 |    +0.016    +0.025 |   +0.025 0.011/0.010
  -0.170   -0.212 |    -0.037    +0.035 |   +0.037 0.023/0.006
   0.000   -0.213 |    -0.023    +0.039 |   +0.039 0.001/0.001
   0.170   -0.213 |    -0.056    +0.042 |   +0.056 0.011/0.007
   0.340   -0.213 |    -0.029    +0.039 |   +0.039 0.004/0.009
  -0.340   -0.076 |    +0.015    +0.045 |   +0.045 0.014/0.008
  -0.170   -0.077 |    -0.049    +0.033 |   +0.049 0.045/0.003
   0.000   -0.077 |    -0.035    +0.031 |   +0.035 0.004/0.000
   0.170   -0.077 |    -0.034    +0.034 |   +0.034 0.026/0.001
   0.339   -0.076 |    +0.011    +0.040 |   +0.040 0.005/0.002
  -0.339    0.059 |    +0.028    +0.051 |   +0.051 0.020/0.004
  -0.169    0.058 |    -0.041    +0.052 |   +0.052 0.056/0.000
   0.000    0.058 |    -0.020    +0.052 |   +0.052 0.002/0.000
   0.169    0.058 |    -0.048    +0.051 |   +0.051 0.026/0.000
   0.339    0.059 |    -0.028    +0.051 |   +0.051 0.021/0.000
  -0.338    0.193 |    +0.043    +0.037 |   +0.043 0.020/0.005
  -0.169    0.192 |    -0.052    +0.055 |   +0.055 0.040/0.013
  -0.000    0.191 |    -0.026    +0.050 |   +0.050 0.001/0.007
   0.169    0.191 |    -0.039    +0.050 |   +0.050 0.023/0.004
   0.337    0.192 |    +0.005    +0.045 |   +0.045 0.009/0.004
  -0.336    0.325 |    +0.088    +0.056 |   +0.088 0.032/0.030
  -0.168    0.323 |    -0.044    +0.040 |   +0.044 0.016/0.031
  -0.000    0.323 |    -0.032    +0.029 |   +0.032 0.004/0.032
   0.168    0.323 |    -0.028    +0.055 |   +0.055 0.012/0.030
   0.336    0.324 |    -0.037    +0.034 |   +0.037 0.006/0.006

命中 25/25 = 1.00（其中球本来就摆在正中的 2 个，不动眼睛也算命中）
误差：中位 0.045、平均 0.046、最差 0.088 弧度（容差 0.10）
后段抖动：yaw 最大 0.0556、pitch 最大 0.0319 弧度（抖得大 = 眼睛在来回撞，不是稳在一个角度）
读数 -> artifacts\眼睛_大表_2.5_0.35_0.1_0.2.json
