接线 2928 根（移动档 2266、保持档 662）：分界 0.10、移动档满量程 0.35 推 0.35 弧度、保持档满量程 0.10 推 0.10 弧度、死区 1.5 度、总缩放 1.40、自激勾住 0.00、互压 0.00、眼肌时间 0.200、每眼独立 True、只做left眼
眼肌：一只眼 8 个神经元：4 个方向 × 大/小力气（大力气继续转、小力气保持、都不亮回正）
每只眼的画面：水平半角 0.656、竖直半角 0.524 弧度；左眼行程 [-0.6   0.6  -0.45  0.45]
静止时给出的角度（球还没摆）：[0. 0. 0. 0.]

     球方位      球高低 |  左眼 yaw/pitch |  右眼 yaw/pitch |     后段抖动
  -0.350   -0.248 | +0.802/-0.384 盲 | +0.484/-0.458 不管 | 0.000
  -0.170   -0.233 | +0.804/-0.374 看 | +0.460/-0.425 不管 | 0.023
   0.000   -0.234 | +0.784/-0.382 看 | +0.415/-0.412 不管 | 0.002
   0.170   -0.234 | +0.530/-0.371 看 | +0.176/-0.393 不管 | 0.004
   0.340   -0.234 | +0.266/-0.324 看 | -0.047/-0.371 不管 | 0.005
  -0.340   -0.097 | +1.235/-0.063 够不着 | +0.934/-0.230 不管 | 0.000
  -0.170   -0.098 | +1.013/-0.075 看 | +0.675/-0.227 不管 | 0.000
   0.000   -0.099 | +0.776/-0.105 看 | +0.424/-0.220 不管 | 0.013
   0.170   -0.098 | +0.526/-0.123 看 | +0.187/-0.210 不管 | 0.002
   0.340   -0.098 | +0.267/-0.101 看 | -0.034/-0.197 不管 | 0.002
  -0.339    0.038 | +1.229/+0.117 够不着 | +0.932/-0.025 不管 | 0.000
  -0.169    0.037 | +1.008/+0.115 看 | +0.676/-0.026 不管 | 0.000
  -0.000    0.036 | +0.773/+0.112 看 | +0.427/-0.025 不管 | 0.003
   0.169    0.036 | +0.524/+0.086 看 | +0.192/-0.024 不管 | 0.002
   0.339    0.037 | +0.268/+0.064 看 | -0.028/-0.022 不管 | 0.002
  -0.338    0.172 | +1.230/+0.234 够不着 | +0.930/+0.181 不管 | 0.000
  -0.169    0.171 | +1.010/+0.242 看 | +0.674/+0.176 不管 | 0.000
  -0.000    0.170 | +0.774/+0.221 看 | +0.426/+0.170 不管 | 0.006
   0.169    0.170 | +0.526/+0.199 看 | +0.191/+0.162 不管 | 0.003
   0.338    0.171 | +0.270/+0.169 看 | -0.029/+0.154 不管 | 0.003
  -0.336    0.305 | +1.238/+0.301 够不着 | +0.928/+0.382 不管 | 0.000
  -0.168    0.304 | +1.017/+0.318 看 | +0.669/+0.375 不管 | 0.000
  -0.000    0.303 | +0.781/+0.341 看 | +0.419/+0.362 不管 | 0.003
   0.168    0.303 | +0.531/+0.340 看 | +0.183/+0.346 不管 | 0.003
   0.336    0.304 | +0.273/+0.309 看 | -0.037/+0.328 不管 | 0.004

命中 0/20 = 0.00（只算球能看见、又转得到的那几格）
误差：中位 0.652、平均 0.641、最差 1.017 弧度（容差 0.10）
后段抖动：最大 0.0225 弧度（抖得大 = 眼睛在来回撞，不是稳在一个角度）
