接线 5187 根（移动档 3907、保持档 1280）：分界 0.10、移动档满量程 0.35 推 1.00 弧度、保持档满量程 0.10 推 0.40 弧度、死区 3.0 度、总缩放 3.50、自激勾住 0.00、互压 0.00、眼肌时间 0.015
静止时给出的角度（球还没摆）：[0. 0. 0. 0.]

     球方位      球高低 |    yaw 误差  pitch 误差 |       最大     后段抖动
  -0.350   -0.226 |    -0.111    +0.023 |   +0.111 0.145/0.063
  -0.170   -0.212 |    +0.052    +0.009 |   +0.052 0.257/0.093
  -0.000   -0.213 |    +0.048    +0.014 |   +0.048 0.354/0.087
   0.170   -0.213 |    -0.002    +0.028 |   +0.028 0.304/0.058
   0.340   -0.213 |    +0.034    +0.039 |   +0.039 0.189/0.089
  -0.340   -0.076 |    -0.047    +0.039 |   +0.047 0.236/0.094
  -0.170   -0.077 |    +0.072    +0.020 |   +0.072 0.375/0.028
  -0.000   -0.077 |    +0.022    +0.012 |   +0.022 0.444/0.036
   0.170   -0.077 |    -0.029    +0.013 |   +0.029 0.396/0.036
   0.339   -0.076 |    +0.034    +0.027 |   +0.034 0.235/0.036
  -0.339    0.059 |    -0.018    +0.040 |   +0.040 0.274/0.043
  -0.169    0.058 |    +0.034    +0.031 |   +0.034 0.506/0.030
   0.000    0.058 |    -0.024    +0.029 |   +0.029 0.525/0.017
   0.169    0.058 |    -0.093    +0.036 |   +0.093 0.493/0.005
   0.339    0.059 |    +0.022    +0.031 |   +0.031 0.294/0.010
  -0.338    0.193 |    -0.023    +0.027 |   +0.027 0.225/0.073
  -0.169    0.192 |    +0.092    +0.051 |   +0.092 0.416/0.028
  -0.000    0.191 |    -0.009    +0.051 |   +0.051 0.449/0.055
   0.169    0.191 |    +0.036    +0.033 |   +0.036 0.310/0.062
   0.337    0.192 |    +0.001    +0.037 |   +0.037 0.249/0.030
  -0.336    0.325 |    -0.098    +0.005 |   +0.098 0.037/0.026
  -0.168    0.323 |    +0.022    +0.059 |   +0.059 0.257/0.033
  -0.000    0.323 |    -0.023    +0.064 |   +0.064 0.279/0.032
   0.168    0.323 |    -0.077    +0.098 |   +0.098 0.237/0.033
   0.336    0.324 |    +0.019    +0.025 |   +0.025 0.105/0.021

命中 24/25 = 0.96（其中球本来就摆在正中的 2 个，不动眼睛也算命中）
误差：中位 0.040、平均 0.052、最差 0.111 弧度（容差 0.10）
后段抖动：yaw 最大 0.5247、pitch 最大 0.0945 弧度（抖得大 = 眼睛在来回撞，不是稳在一个角度）
