接线 5225 根（移动档 4173、保持档 1052）：分界 0.10、移动档满量程 0.35 推 0.75 弧度、保持档满量程 0.10 推 0.20 弧度、死区 3.0 度、总缩放 1.00、自激勾住 0.00、互压 0.00、眼肌时间 0.250
静止时给出的角度（球还没摆）：[0. 0. 0. 0.]

     球方位      球高低 |    yaw 误差  pitch 误差 |       最大     后段抖动
  -0.350   -0.226 |    -0.005    +0.031 |   +0.031 0.031/0.002
  -0.170   -0.212 |    -0.013    +0.041 |   +0.041 0.015/0.008
   0.000   -0.213 |    -0.016    +0.031 |   +0.031 0.002/0.001
   0.170   -0.213 |    -0.060    +0.036 |   +0.060 0.003/0.002
   0.340   -0.213 |    -0.058    +0.037 |   +0.058 0.005/0.003
  -0.340   -0.076 |    -0.059    +0.036 |   +0.059 0.038/0.010
  -0.170   -0.077 |    -0.045    +0.030 |   +0.045 0.015/0.003
   0.000   -0.077 |    -0.026    +0.025 |   +0.026 0.002/0.001
   0.170   -0.077 |    -0.053    +0.030 |   +0.053 0.013/0.001
   0.339   -0.076 |    -0.034    +0.034 |   +0.034 0.006/0.004
  -0.339    0.059 |    -0.159    +0.049 |   +0.159 0.045/0.002
  -0.169    0.058 |    -0.026    +0.052 |   +0.052 0.049/0.000
   0.000    0.058 |    -0.012    +0.052 |   +0.052 0.002/0.000
   0.169    0.058 |    -0.065    +0.052 |   +0.065 0.016/0.000
   0.339    0.059 |    -0.027    +0.052 |   +0.052 0.045/0.000
  -0.338    0.193 |    +0.066    +0.060 |   +0.066 0.061/0.013
  -0.169    0.192 |    -0.031    +0.047 |   +0.047 0.023/0.005
  -0.000    0.191 |    -0.015    +0.058 |   +0.058 0.003/0.000
   0.169    0.191 |    -0.055    +0.053 |   +0.055 0.010/0.002
   0.337    0.192 |    -0.033    +0.049 |   +0.049 0.004/0.008
  -0.336    0.325 |    +0.166    +0.120 |   +0.166 0.028/0.024
  -0.168    0.323 |    -0.003    +0.047 |   +0.047 0.007/0.005
  -0.000    0.323 |    -0.028    +0.048 |   +0.048 0.003/0.005
   0.168    0.323 |    -0.029    +0.032 |   +0.032 0.007/0.016
   0.336    0.324 |    -0.087    +0.052 |   +0.087 0.008/0.002

命中 23/25 = 0.92（其中球本来就摆在正中的 2 个，不动眼睛也算命中）
误差：中位 0.052、平均 0.059、最差 0.166 弧度（容差 0.10）
后段抖动：yaw 最大 0.0608、pitch 最大 0.0243 弧度（抖得大 = 眼睛在来回撞，不是稳在一个角度）
读数 -> artifacts\眼睛_大表_1_0.75_0.2_0.25.json
