接线 5225 根（移动档 4173、保持档 1052）：分界 0.10、移动档满量程 0.35 推 0.35 弧度、保持档满量程 0.10 推 0.10 弧度、死区 3.0 度、总缩放 2.50、自激勾住 0.00、互压 0.00、眼肌时间 0.200、每眼独立 True
静止时给出的角度（球还没摆）：[0. 0. 0. 0.]

     球方位      球高低 |    yaw 误差  pitch 误差 |       最大     后段抖动
  -0.350   -0.226 |    +0.111    -0.009 |   +0.111 0.012/0.009
  -0.170   -0.212 |    +0.004    +0.014 |   +0.014 0.029/0.010
   0.000   -0.213 |    -0.021    +0.037 |   +0.037 0.001/0.004
   0.170   -0.213 |    -0.073    +0.034 |   +0.073 0.015/0.003
   0.340   -0.213 |    -0.052    +0.021 |   +0.052 0.002/0.003
  -0.340   -0.076 |    +0.150    +0.010 |   +0.150 0.026/0.002
  -0.170   -0.077 |    -0.005    +0.021 |   +0.021 0.031/0.001
   0.000   -0.077 |    -0.034    +0.029 |   +0.034 0.004/0.001
   0.170   -0.077 |    -0.067    +0.026 |   +0.067 0.020/0.001
   0.339   -0.076 |    -0.039    +0.022 |   +0.039 0.022/0.001
  -0.339    0.059 |    +0.120    +0.058 |   +0.120 0.042/0.006
  -0.169    0.058 |    -0.014    +0.051 |   +0.051 0.032/0.002
  -0.000    0.058 |    -0.018    +0.052 |   +0.052 0.012/0.000
   0.169    0.058 |    -0.044    +0.052 |   +0.052 0.029/0.000
   0.339    0.059 |    -0.040    +0.053 |   +0.053 0.012/0.000
  -0.338    0.193 |    +0.173    +0.103 |   +0.173 0.019/0.015
  -0.169    0.192 |    -0.005    +0.063 |   +0.063 0.034/0.010
  -0.000    0.191 |    -0.028    +0.057 |   +0.057 0.003/0.006
   0.169    0.191 |    -0.067    +0.056 |   +0.067 0.018/0.002
   0.337    0.192 |    -0.039    +0.060 |   +0.060 0.019/0.006
  -0.336    0.325 |    +0.164    +0.117 |   +0.164 0.016/0.010
  -0.168    0.323 |    -0.010    +0.077 |   +0.077 0.028/0.016
  -0.000    0.323 |    -0.035    +0.045 |   +0.045 0.004/0.011
   0.168    0.323 |    -0.080    +0.059 |   +0.080 0.006/0.014
   0.336    0.324 |    -0.072    +0.051 |   +0.072 0.017/0.014

命中 20/25 = 0.80（其中球本来就摆在正中的 2 个，不动眼睛也算命中）
误差：中位 0.060、平均 0.071、最差 0.173 弧度（容差 0.10）
后段抖动：yaw 最大 0.0419、pitch 最大 0.0159 弧度（抖得大 = 眼睛在来回撞，不是稳在一个角度）
读数 -> artifacts\眼睛_双眼_2.5_0.35_0.10_0.20.json
