接线 5187 根（移动档 3907、保持档 1280）：分界 0.10、移动档满量程 0.35 推 0.75 弧度、保持档满量程 0.10 推 0.20 弧度、死区 3.0 度、总缩放 1.00、自激勾住 0.00、互压 0.00、眼肌时间 0.250
静止时给出的角度（球还没摆）：[0. 0. 0. 0.]

     球方位      球高低 |    yaw 误差  pitch 误差 |       最大     后段抖动
  -0.350   -0.226 |    +0.094    -0.032 |   +0.094 0.017/0.009
  -0.170   -0.212 |    +0.014    +0.011 |   +0.014 0.008/0.003
   0.000   -0.213 |    -0.011    -0.002 |   +0.011 0.002/0.001
   0.170   -0.213 |    -0.055    +0.010 |   +0.055 0.002/0.003
   0.340   -0.213 |    -0.099    -0.011 |   +0.099 0.002/0.003
  -0.340   -0.076 |    -0.007    -0.004 |   +0.007 0.019/0.014
  -0.170   -0.077 |    -0.021    +0.008 |   +0.021 0.008/0.001
   0.000   -0.077 |    -0.019    +0.003 |   +0.019 0.003/0.000
   0.170   -0.077 |    -0.046    +0.009 |   +0.046 0.004/0.001
   0.339   -0.076 |    -0.042    +0.010 |   +0.042 0.001/0.001
  -0.339    0.059 |    -0.088    +0.032 |   +0.088 0.060/0.006
  -0.169    0.058 |    -0.047    +0.034 |   +0.047 0.046/0.001
   0.000    0.058 |    -0.015    +0.036 |   +0.036 0.001/0.000
   0.169    0.058 |    -0.051    +0.035 |   +0.051 0.012/0.001
   0.339    0.059 |    -0.036    +0.034 |   +0.036 0.022/0.000
  -0.338    0.193 |    +0.185    +0.102 |   +0.185 0.049/0.017
  -0.169    0.192 |    -0.021    +0.046 |   +0.046 0.009/0.001
  -0.000    0.191 |    -0.026    +0.044 |   +0.044 0.002/0.000
   0.169    0.191 |    -0.027    +0.035 |   +0.035 0.008/0.006
   0.337    0.192 |    -0.015    +0.036 |   +0.036 0.005/0.002
  -0.336    0.325 |    +0.245    +0.206 |   +0.245 0.028/0.018
  -0.168    0.323 |    +0.003    +0.050 |   +0.050 0.003/0.007
  -0.000    0.323 |    -0.013    +0.046 |   +0.046 0.002/0.001
   0.168    0.323 |    -0.026    +0.022 |   +0.026 0.001/0.004
   0.336    0.324 |    -0.126    +0.095 |   +0.126 0.002/0.004

命中 22/25 = 0.88（其中球本来就摆在正中的 2 个，不动眼睛也算命中）
误差：中位 0.046、平均 0.060、最差 0.245 弧度（容差 0.10）
后段抖动：yaw 最大 0.0596、pitch 最大 0.0180 弧度（抖得大 = 眼睛在来回撞，不是稳在一个角度）
