接线 5187 根（移动档 3907、保持档 1280）：分界 0.10、移动档满量程 0.35 推 0.50 弧度、保持档满量程 0.10 推 0.12 弧度、死区 3.0 度、总缩放 1.50、自激勾住 0.00、互压 0.00、眼肌时间 0.150
静止时给出的角度（球还没摆）：[0. 0. 0. 0.]

     球方位      球高低 |    yaw 误差  pitch 误差 |       最大     后段抖动
  -0.350   -0.226 |    +0.048    -0.013 |   +0.048 0.013/0.006
  -0.170   -0.212 |    -0.001    +0.000 |   +0.001 0.016/0.009
   0.000   -0.213 |    -0.018    -0.002 |   +0.018 0.001/0.002
   0.170   -0.213 |    -0.057    +0.003 |   +0.057 0.005/0.003
   0.340   -0.213 |    -0.095    -0.011 |   +0.095 0.004/0.004
  -0.340   -0.076 |    -0.028    +0.020 |   +0.028 0.005/0.007
  -0.170   -0.077 |    -0.000    -0.000 |   +0.000 0.040/0.004
   0.000   -0.077 |    -0.024    +0.001 |   +0.024 0.002/0.000
   0.170   -0.077 |    -0.037    +0.005 |   +0.037 0.016/0.001
   0.339   -0.076 |    -0.044    +0.006 |   +0.044 0.005/0.004
  -0.339    0.059 |    -0.096    +0.029 |   +0.096 0.028/0.004
  -0.169    0.058 |    +0.044    +0.038 |   +0.044 0.042/0.001
  -0.000    0.058 |    -0.019    +0.037 |   +0.037 0.006/0.000
   0.169    0.058 |    -0.020    +0.034 |   +0.034 0.022/0.001
   0.339    0.059 |    -0.001    +0.036 |   +0.036 0.039/0.001
  -0.338    0.193 |    +0.052    +0.061 |   +0.061 0.048/0.014
  -0.169    0.192 |    -0.014    +0.050 |   +0.050 0.049/0.013
  -0.000    0.191 |    -0.020    +0.047 |   +0.047 0.003/0.004
   0.169    0.191 |    -0.011    +0.048 |   +0.048 0.020/0.004
   0.337    0.192 |    -0.012    +0.047 |   +0.047 0.007/0.012
  -0.336    0.325 |    +0.174    +0.157 |   +0.174 0.019/0.019
  -0.168    0.323 |    +0.010    +0.062 |   +0.062 0.017/0.003
  -0.000    0.323 |    -0.019    +0.052 |   +0.052 0.006/0.002
   0.168    0.323 |    -0.028    +0.039 |   +0.039 0.003/0.022
   0.336    0.324 |    -0.127    +0.093 |   +0.127 0.007/0.001

命中 23/25 = 0.92（其中球本来就摆在正中的 2 个，不动眼睛也算命中）
误差：中位 0.047、平均 0.052、最差 0.174 弧度（容差 0.10）
后段抖动：yaw 最大 0.0494、pitch 最大 0.0218 弧度（抖得大 = 眼睛在来回撞，不是稳在一个角度）
