接线 5225 根（移动档 4173、保持档 1052）：分界 0.10、移动档满量程 0.35 推 0.40 弧度、保持档满量程 0.10 推 0.11 弧度、死区 3.0 度、总缩放 2.00、自激勾住 0.00、互压 0.00、眼肌时间 0.200
静止时给出的角度（球还没摆）：[0. 0. 0. 0.]

     球方位      球高低 |    yaw 误差  pitch 误差 |       最大     后段抖动
  -0.350   -0.226 |    -0.021    +0.031 |   +0.031 0.016/0.008
  -0.170   -0.212 |    -0.031    +0.034 |   +0.034 0.022/0.010
   0.000   -0.213 |    -0.020    +0.038 |   +0.038 0.002/0.002
   0.170   -0.213 |    -0.055    +0.037 |   +0.055 0.009/0.006
   0.340   -0.213 |    -0.045    +0.037 |   +0.045 0.005/0.011
  -0.340   -0.076 |    -0.034    +0.045 |   +0.045 0.018/0.008
  -0.170   -0.077 |    -0.045    +0.029 |   +0.045 0.049/0.006
   0.000   -0.077 |    -0.029    +0.027 |   +0.029 0.001/0.001
   0.170   -0.077 |    -0.043    +0.032 |   +0.043 0.023/0.001
   0.339   -0.076 |    -0.023    +0.037 |   +0.037 0.005/0.005
  -0.339    0.059 |    -0.022    +0.051 |   +0.051 0.023/0.003
  -0.169    0.058 |    -0.043    +0.052 |   +0.052 0.060/0.001
   0.000    0.058 |    -0.018    +0.052 |   +0.052 0.001/0.000
   0.169    0.058 |    -0.051    +0.051 |   +0.051 0.026/0.000
   0.339    0.059 |    -0.040    +0.051 |   +0.051 0.024/0.000
  -0.338    0.193 |    +0.026    +0.042 |   +0.042 0.032/0.005
  -0.169    0.192 |    -0.053    +0.054 |   +0.054 0.032/0.014
  -0.000    0.191 |    -0.023    +0.057 |   +0.057 0.001/0.004
   0.169    0.191 |    -0.040    +0.052 |   +0.052 0.022/0.003
   0.337    0.192 |    -0.020    +0.049 |   +0.049 0.004/0.008
  -0.336    0.325 |    +0.115    +0.077 |   +0.115 0.030/0.030
  -0.168    0.323 |    -0.027    +0.039 |   +0.039 0.012/0.020
  -0.000    0.323 |    -0.027    +0.046 |   +0.046 0.003/0.017
   0.168    0.323 |    -0.036    +0.054 |   +0.054 0.004/0.033
   0.336    0.324 |    -0.063    +0.044 |   +0.063 0.006/0.005

命中 24/25 = 0.96（其中球本来就摆在正中的 2 个，不动眼睛也算命中）
误差：中位 0.049、平均 0.049、最差 0.115 弧度（容差 0.10）
后段抖动：yaw 最大 0.0600、pitch 最大 0.0331 弧度（抖得大 = 眼睛在来回撞，不是稳在一个角度）
读数 -> artifacts\眼睛_大表_2_0.4_0.11_0.2.json
