接线 5225 根（移动档 4173、保持档 1052）：分界 0.10、移动档满量程 0.35 推 0.50 弧度、保持档满量程 0.10 推 0.12 弧度、死区 3.0 度、总缩放 1.50、自激勾住 0.00、互压 0.00、眼肌时间 0.150
静止时给出的角度（球还没摆）：[0. 0. 0. 0.]

     球方位      球高低 |    yaw 误差  pitch 误差 |       最大     后段抖动
  -0.350   -0.226 |    -0.031    +0.019 |   +0.031 0.033/0.005
  -0.170   -0.212 |    -0.001    +0.017 |   +0.017 0.041/0.008
   0.000   -0.213 |    -0.019    +0.032 |   +0.032 0.001/0.003
   0.170   -0.213 |    -0.052    +0.036 |   +0.052 0.009/0.012
   0.340   -0.213 |    -0.051    +0.020 |   +0.051 0.005/0.008
  -0.340   -0.076 |    -0.012    +0.041 |   +0.041 0.028/0.016
  -0.170   -0.077 |    -0.020    +0.018 |   +0.020 0.065/0.005
   0.000   -0.077 |    -0.025    +0.023 |   +0.025 0.001/0.001
   0.170   -0.077 |    -0.022    +0.026 |   +0.026 0.022/0.001
   0.339   -0.076 |    -0.020    +0.023 |   +0.023 0.015/0.005
  -0.339    0.059 |    -0.088    +0.054 |   +0.088 0.057/0.001
  -0.169    0.058 |    +0.034    +0.053 |   +0.053 0.044/0.000
  -0.000    0.058 |    -0.016    +0.053 |   +0.053 0.001/0.000
   0.169    0.058 |    -0.031    +0.051 |   +0.051 0.027/0.000
   0.339    0.059 |    +0.017    +0.052 |   +0.052 0.050/0.000
  -0.338    0.193 |    -0.076    +0.048 |   +0.076 0.030/0.009
  -0.169    0.192 |    +0.016    +0.076 |   +0.076 0.058/0.008
  -0.000    0.191 |    -0.015    +0.057 |   +0.057 0.002/0.002
   0.169    0.191 |    -0.033    +0.059 |   +0.059 0.019/0.003
   0.337    0.192 |    -0.022    +0.068 |   +0.068 0.017/0.012
  -0.336    0.325 |    +0.090    +0.054 |   +0.090 0.030/0.028
  -0.168    0.323 |    -0.025    +0.076 |   +0.076 0.034/0.029
  -0.000    0.323 |    -0.022    +0.029 |   +0.029 0.002/0.013
   0.168    0.323 |    -0.042    +0.081 |   +0.081 0.006/0.026
   0.336    0.324 |    -0.074    +0.052 |   +0.074 0.018/0.024

命中 25/25 = 1.00（其中球本来就摆在正中的 2 个，不动眼睛也算命中）
误差：中位 0.052、平均 0.052、最差 0.090 弧度（容差 0.10）
后段抖动：yaw 最大 0.0651、pitch 最大 0.0286 弧度（抖得大 = 眼睛在来回撞，不是稳在一个角度）
读数 -> artifacts\眼睛_大表_1.5_0.5_0.12_0.15.json
