接线 5187 根（移动档 3907、保持档 1280）：分界 0.10、移动档满量程 0.35 推 0.60 弧度、保持档满量程 0.10 推 0.15 弧度、死区 3.0 度、总缩放 1.00、自激勾住 0.00、互压 0.00、眼肌时间 0.150
静止时给出的角度（球还没摆）：[0. 0. 0. 0.]

     球方位      球高低 |    yaw 误差  pitch 误差 |       最大     后段抖动
  -0.350   -0.226 |    +0.121    -0.054 |   +0.121 0.009/0.005
  -0.170   -0.212 |    +0.027    -0.011 |   +0.027 0.008/0.003
   0.000   -0.213 |    -0.012    -0.022 |   +0.022 0.001/0.000
   0.170   -0.213 |    -0.071    -0.008 |   +0.071 0.002/0.002
   0.340   -0.213 |    -0.142    -0.042 |   +0.142 0.001/0.001
  -0.340   -0.076 |    +0.018    +0.009 |   +0.018 0.009/0.005
  -0.170   -0.077 |    -0.002    -0.003 |   +0.003 0.025/0.004
   0.000   -0.077 |    -0.019    -0.005 |   +0.019 0.001/0.001
   0.170   -0.077 |    -0.055    -0.001 |   +0.055 0.008/0.001
   0.339   -0.076 |    -0.081    -0.005 |   +0.081 0.003/0.001
  -0.339    0.059 |    -0.066    +0.032 |   +0.066 0.055/0.003
  -0.169    0.058 |    +0.023    +0.039 |   +0.039 0.037/0.001
  -0.000    0.058 |    -0.012    +0.038 |   +0.038 0.001/0.000
   0.169    0.058 |    -0.037    +0.036 |   +0.037 0.018/0.001
   0.339    0.059 |    -0.032    +0.036 |   +0.036 0.028/0.001
  -0.338    0.193 |    +0.120    +0.086 |   +0.120 0.033/0.011
  -0.169    0.192 |    +0.003    +0.060 |   +0.060 0.030/0.005
  -0.000    0.191 |    -0.014    +0.059 |   +0.059 0.001/0.001
   0.169    0.191 |    -0.038    +0.054 |   +0.054 0.010/0.003
   0.337    0.192 |    -0.057    +0.057 |   +0.057 0.008/0.005
  -0.336    0.325 |    +0.206    +0.187 |   +0.206 0.013/0.013
  -0.168    0.323 |    +0.028    +0.078 |   +0.078 0.008/0.004
  -0.000    0.323 |    -0.013    +0.081 |   +0.081 0.001/0.001
   0.168    0.323 |    -0.058    +0.061 |   +0.061 0.003/0.007
   0.336    0.324 |    -0.177    +0.139 |   +0.177 0.002/0.003

命中 20/25 = 0.80（其中球本来就摆在正中的 2 个，不动眼睛也算命中）
误差：中位 0.059、平均 0.069、最差 0.206 弧度（容差 0.10）
后段抖动：yaw 最大 0.0548、pitch 最大 0.0131 弧度（抖得大 = 眼睛在来回撞，不是稳在一个角度）
