接线 3072 根（移动档 2280、保持档 792）：分界 0.10、移动档满量程 0.35 推 0.35 弧度、保持档满量程 0.10 推 0.10 弧度、死区 1.5 度、总缩放 1.40、自激勾住 0.00、互压 0.00、眼肌时间 0.200、每眼独立 True、只做left眼
静止时给出的角度（球还没摆）：[0. 0. 0. 0.]

     球方位      球高低 |  左眼 yaw/pitch |  右眼 yaw/pitch |     后段抖动
  -0.350   -0.248 | +0.397/-0.205 盲 | +0.349/-0.458 不管 | 0.000
  -0.170   -0.235 | +0.105/-0.103 看 | +0.070/-0.426 不管 | 0.000
   0.000   -0.235 | +0.020/-0.086 看 | -0.184/-0.413 不管 | 0.005
   0.170   -0.236 | -0.052/-0.091 看 | -0.424/-0.395 不管 | 0.009
   0.340   -0.236 | -0.132/-0.108 看 | -0.647/-0.373 不管 | 0.002
  -0.339   -0.099 | +0.276/-0.081 盲 | +0.337/-0.232 不管 | 0.000
  -0.170   -0.101 | +0.078/-0.048 看 | +0.074/-0.231 不管 | 0.027
  -0.000   -0.101 | +0.013/-0.044 看 | -0.176/-0.224 不管 | 0.013
   0.169   -0.102 | -0.049/-0.049 看 | -0.412/-0.214 不管 | 0.024
   0.339   -0.101 | -0.110/-0.054 看 | -0.633/-0.201 不管 | 0.007
  -0.338    0.034 | +0.277/-0.012 盲 | +0.331/-0.030 不管 | 0.000
  -0.169    0.032 | +0.069/-0.008 看 | +0.073/-0.032 不管 | 0.015
  -0.000    0.031 | +0.011/-0.007 看 | -0.177/-0.032 不管 | 0.017
   0.169    0.031 | -0.047/-0.007 看 | -0.409/-0.031 不管 | 0.024
   0.338    0.032 | -0.106/-0.008 看 | -0.625/-0.028 不管 | 0.008
  -0.336    0.166 | +0.276/+0.071 盲 | +0.328/+0.172 不管 | 0.000
  -0.168    0.164 | +0.076/+0.050 看 | +0.069/+0.167 不管 | 0.008
  -0.000    0.163 | +0.012/+0.050 看 | -0.179/+0.160 不管 | 0.006
   0.168    0.163 | -0.050/+0.050 看 | -0.410/+0.153 不管 | 0.020
   0.336    0.165 | -0.112/+0.050 看 | -0.628/+0.146 不管 | 0.003
  -0.334    0.298 | +0.376/+0.170 盲 | +0.324/+0.371 不管 | 0.000
  -0.167    0.296 | +0.126/+0.123 看 | +0.075/+0.363 不管 | 0.001
  -0.000    0.295 | +0.019/+0.105 看 | -0.176/+0.350 不管 | 0.000
   0.167    0.295 | -0.053/+0.107 看 | -0.416/+0.335 不管 | 0.014
   0.334    0.297 | -0.139/+0.121 看 | -0.632/+0.318 不管 | 0.001

命中 16/25 = 0.64（每只眼对着自己的目标算；标「盲」的那只眼看不见球，不判它）
误差：中位 0.089、平均 0.085、最差 0.139 弧度（容差 0.10）
后段抖动：最大 0.0274 弧度（抖得大 = 眼睛在来回撞，不是稳在一个角度）
