接线 5187 根（移动档 3907、保持档 1280）：分界 0.10、移动档满量程 0.35 推 0.60 弧度、保持档满量程 0.10 推 0.15 弧度、死区 3.0 度、总缩放 1.70
静止时给出的角度（球还没摆）：[0. 0. 0. 0.]

     球方位      球高低 |    yaw 误差  pitch 误差 |       最大     后段抖动
  -0.350   -0.226 |    +0.229    -0.131 |   +0.229    0.000
  -0.170   -0.212 |    +0.064    -0.066 |   +0.066    0.000
   0.000   -0.213 |    -0.012    -0.081 |   +0.081    0.001
   0.170   -0.213 |    -0.089    -0.065 |   +0.089    0.001
   0.340   -0.213 |    -0.234    -0.119 |   +0.234    0.001
  -0.340   -0.076 |    +0.150    -0.030 |   +0.150    0.002
  -0.170   -0.077 |    +0.029    -0.016 |   +0.029    0.004
   0.000   -0.077 |    -0.019    -0.019 |   +0.019    0.003
   0.170   -0.077 |    -0.066    -0.015 |   +0.066    0.001
   0.339   -0.076 |    -0.168    -0.031 |   +0.168    0.001
  -0.339    0.059 |    +0.041    +0.045 |   +0.045    0.001
  -0.169    0.058 |    +0.003    +0.045 |   +0.045    0.019
   0.000    0.058 |    -0.013    +0.046 |   +0.046    0.005
   0.169    0.058 |    -0.052    +0.045 |   +0.052    0.011
   0.339    0.059 |    -0.069    +0.045 |   +0.069    0.001
  -0.338    0.193 |    +0.188    +0.134 |   +0.188    0.004
  -0.169    0.192 |    +0.045    +0.104 |   +0.104    0.001
  -0.000    0.191 |    -0.011    +0.108 |   +0.108    0.002
   0.169    0.191 |    -0.066    +0.101 |   +0.101    0.002
   0.337    0.192 |    -0.184    +0.132 |   +0.184    0.001
  -0.336    0.325 |    +0.253    +0.260 |   +0.260    0.001
  -0.168    0.323 |    +0.084    +0.193 |   +0.193    0.000
  -0.000    0.323 |    -0.009    +0.209 |   +0.209    0.001
   0.168    0.323 |    -0.099    +0.194 |   +0.194    0.001
   0.336    0.324 |    -0.258    +0.258 |   +0.258    0.000

命中 11/25 = 0.44（其中球本来就摆在正中的 2 个，不动眼睛也算命中）
误差：中位 0.104、平均 0.128、最差 0.260 弧度（容差 0.10）
后段抖动的最大值 0.0190 弧度（抖得大 = 眼睛在来回撞，不是稳在一个角度）
