接线 5187 根（yaw 2922、pitch 2265）：增益 0.06 / 移动档推 0.60 弧度 / 保持档推 0.15 弧度 / 分档界线 0.10 弧度 / 死区 3.0 度
静止时给出的角度（球还没摆）：[0. 0. 0. 0.]

     球方位      球高低 |    yaw 误差  pitch 误差 |       最大
  -0.350   -0.226 |    -0.013    -0.018 |   +0.018
  -0.170   -0.212 |    -0.008    -0.023 |   +0.023
   0.000   -0.213 |    -0.016    -0.013 |   +0.016
   0.170   -0.213 |    -0.053    -0.012 |   +0.053
   0.340   -0.213 |    -0.040    -0.017 |   +0.040
  -0.340   -0.076 |    -0.042    -0.013 |   +0.042
  -0.170   -0.077 |    -0.007    -0.014 |   +0.014
   0.000   -0.077 |    -0.020    -0.016 |   +0.020
   0.170   -0.077 |    -0.035    -0.008 |   +0.035
   0.339   -0.076 |    -0.019    -0.009 |   +0.019
  -0.339    0.059 |    -0.095    +0.043 |   +0.095
  -0.169    0.058 |    +0.110    +0.044 |   +0.110
  -0.000    0.058 |    -0.008    +0.044 |   +0.044
   0.169    0.058 |    -0.217    +0.045 |   +0.217
   0.339    0.059 |    +0.129    +0.044 |   +0.129
  -0.338    0.193 |    -0.083    +0.064 |   +0.083
  -0.169    0.192 |    +0.008    +0.085 |   +0.085
  -0.000    0.191 |    -0.025    +0.061 |   +0.061
   0.169    0.191 |    +0.029    +0.073 |   +0.073
   0.337    0.192 |    -0.021    +0.057 |   +0.057
  -0.336    0.325 |    -0.026    +0.056 |   +0.056
  -0.168    0.323 |    -0.044    +0.058 |   +0.058
  -0.000    0.323 |    -0.028    +0.079 |   +0.079
   0.168    0.323 |    -0.018    +0.059 |   +0.059
   0.336    0.324 |    -0.050    +0.080 |   +0.080

命中 22/25 = 0.88（不动眼睛也能「命中」的正中位 2 个）
误差：中位 0.057、平均 0.063、最差 0.217 弧度（容差 0.10）
