接线 5187 根（yaw 2922、pitch 2265）：增益 0.15 / 移动档推 0.60 弧度 / 保持档推 0.15 弧度 / 分档界线 0.10 弧度 / 死区 3.0 度
静止时给出的角度（球还没摆）：[0. 0. 0. 0.]

     球方位      球高低 |    yaw 误差  pitch 误差 |       最大
  -0.350   -0.226 |    +0.094    +0.041 |   +0.094
  -0.170   -0.212 |    -0.010    -0.057 |   +0.057
   0.000   -0.213 |    -0.017    +0.074 |   +0.074
   0.170   -0.213 |    +0.079    -0.013 |   +0.079
   0.340   -0.213 |    +0.088    -0.044 |   +0.088
  -0.340   -0.076 |    -0.017    +0.022 |   +0.022
  -0.170   -0.077 |    +0.003    +0.016 |   +0.016
   0.000   -0.077 |    -0.278    -0.019 |   +0.278
   0.170   -0.077 |    +0.174    -0.030 |   +0.174
   0.339   -0.076 |    -0.102    +0.025 |   +0.102
  -0.339    0.059 |    -0.227    +0.029 |   +0.227
  -0.169    0.058 |    +0.225    +0.035 |   +0.225
   0.000    0.058 |    -0.285    +0.037 |   +0.285
   0.169    0.058 |    +0.279    +0.040 |   +0.279
   0.339    0.059 |    -0.124    +0.034 |   +0.124
  -0.338    0.193 |    -0.133    +0.020 |   +0.133
  -0.169    0.192 |    +0.173    +0.003 |   +0.173
  -0.000    0.191 |    -0.208    +0.089 |   +0.208
   0.169    0.191 |    +0.036    +0.018 |   +0.036
   0.337    0.192 |    -0.000    +0.004 |   +0.004
  -0.336    0.325 |    +0.086    +0.051 |   +0.086
  -0.168    0.323 |    +0.073    +0.027 |   +0.073
   0.000    0.323 |    -0.233    +0.112 |   +0.233
   0.168    0.323 |    +0.189    +0.121 |   +0.189
   0.336    0.324 |    -0.094    -0.024 |   +0.094

命中 12/25 = 0.48（不动眼睛也能「命中」的正中位 2 个）
误差：中位 0.102、平均 0.134、最差 0.285 弧度（容差 0.10）
