接线 5187 根（移动档 3907、保持档 1280）：分界 0.10、移动档满量程 0.35 推 0.60 弧度、保持档满量程 0.10 推 0.20 弧度、死区 3.0 度、总缩放 1.80
静止时给出的角度（球还没摆）：[0. 0. 0. 0.]

     球方位      球高低 |    yaw 误差  pitch 误差 |       最大     后段抖动
  -0.350   -0.226 |    +0.221    -0.125 |   +0.221 0.001/0.000
  -0.170   -0.212 |    +0.049    -0.058 |   +0.058 0.000/0.000
   0.000   -0.213 |    -0.017    -0.068 |   +0.068 0.001/0.000
   0.170   -0.213 |    -0.079    -0.056 |   +0.079 0.001/0.000
   0.340   -0.213 |    -0.226    -0.113 |   +0.226 0.000/0.000
  -0.340   -0.076 |    +0.129    -0.019 |   +0.129 0.002/0.002
  -0.170   -0.077 |    +0.014    -0.007 |   +0.014 0.004/0.000
   0.000   -0.077 |    -0.024    -0.010 |   +0.024 0.007/0.000
   0.170   -0.077 |    -0.053    -0.006 |   +0.053 0.002/0.001
   0.339   -0.076 |    -0.156    -0.021 |   +0.156 0.000/0.000
  -0.339    0.059 |    +0.024    +0.042 |   +0.042 0.002/0.000
  -0.169    0.058 |    -0.013    +0.042 |   +0.042 0.029/0.001
   0.000    0.058 |    -0.022    +0.043 |   +0.043 0.014/0.000
   0.169    0.058 |    -0.044    +0.042 |   +0.044 0.020/0.001
   0.339    0.059 |    -0.055    +0.042 |   +0.055 0.002/0.000
  -0.338    0.193 |    +0.175    +0.124 |   +0.175 0.006/0.003
  -0.169    0.192 |    +0.026    +0.093 |   +0.093 0.003/0.000
  -0.000    0.191 |    -0.016    +0.096 |   +0.096 0.006/0.000
   0.169    0.191 |    -0.049    +0.088 |   +0.088 0.002/0.001
   0.337    0.192 |    -0.168    +0.121 |   +0.168 0.001/0.000
  -0.336    0.325 |    +0.249    +0.256 |   +0.256 0.000/0.000
  -0.168    0.323 |    +0.078    +0.189 |   +0.189 0.000/0.000
  -0.000    0.323 |    -0.008    +0.204 |   +0.204 0.000/0.001
   0.168    0.323 |    -0.090    +0.189 |   +0.189 0.000/0.000
   0.336    0.324 |    -0.254    +0.254 |   +0.254 0.000/0.000

命中 14/25 = 0.56（其中球本来就摆在正中的 2 个，不动眼睛也算命中）
误差：中位 0.093、平均 0.119、最差 0.256 弧度（容差 0.10）
后段抖动：yaw 最大 0.0285、pitch 最大 0.0028 弧度（抖得大 = 眼睛在来回撞，不是稳在一个角度）
