接线 5187 根（移动档 3907、保持档 1280）：分界 0.10、移动档满量程 0.35 推 0.40 弧度、保持档满量程 0.10 推 0.10 弧度、死区 3.0 度、总缩放 4.00、自激勾住 0.00、互压 0.00、眼肌时间 0.150
静止时给出的角度（球还没摆）：[0. 0. 0. 0.]

     球方位      球高低 |    yaw 误差  pitch 误差 |       最大     后段抖动
  -0.350   -0.226 |    +0.158    -0.081 |   +0.158 0.008/0.005
  -0.170   -0.212 |    +0.025    -0.028 |   +0.028 0.002/0.001
   0.000   -0.213 |    -0.020    -0.040 |   +0.040 0.001/0.001
   0.170   -0.213 |    -0.065    -0.023 |   +0.065 0.002/0.001
   0.340   -0.213 |    -0.144    -0.056 |   +0.144 0.002/0.001
  -0.340   -0.076 |    +0.057    -0.001 |   +0.057 0.013/0.006
  -0.170   -0.077 |    -0.011    -0.004 |   +0.011 0.016/0.003
   0.000   -0.077 |    -0.029    -0.006 |   +0.029 0.009/0.000
   0.170   -0.077 |    -0.043    -0.002 |   +0.043 0.008/0.001
   0.339   -0.076 |    -0.080    -0.007 |   +0.080 0.002/0.001
  -0.339    0.059 |    -0.039    +0.039 |   +0.039 0.022/0.001
  -0.169    0.058 |    +0.006    +0.042 |   +0.042 0.049/0.001
  -0.000    0.058 |    -0.019    +0.042 |   +0.042 0.014/0.000
   0.169    0.058 |    -0.022    +0.040 |   +0.040 0.017/0.001
   0.339    0.059 |    -0.031    +0.040 |   +0.040 0.020/0.000
  -0.338    0.193 |    +0.167    +0.126 |   +0.167 0.024/0.009
  -0.169    0.192 |    -0.002    +0.082 |   +0.082 0.010/0.002
  -0.000    0.191 |    -0.025    +0.080 |   +0.080 0.010/0.000
   0.169    0.191 |    -0.034    +0.072 |   +0.072 0.007/0.003
   0.337    0.192 |    -0.086    +0.091 |   +0.091 0.004/0.001
  -0.336    0.325 |    +0.226    +0.239 |   +0.239 0.009/0.007
  -0.168    0.323 |    +0.047    +0.139 |   +0.139 0.000/0.002
  -0.000    0.323 |    -0.015    +0.155 |   +0.155 0.001/0.001
   0.168    0.323 |    -0.069    +0.135 |   +0.135 0.001/0.001
   0.336    0.324 |    -0.193    +0.209 |   +0.209 0.000/0.001

命中 17/25 = 0.68（其中球本来就摆在正中的 2 个，不动眼睛也算命中）
误差：中位 0.072、平均 0.089、最差 0.239 弧度（容差 0.10）
后段抖动：yaw 最大 0.0489、pitch 最大 0.0085 弧度（抖得大 = 眼睛在来回撞，不是稳在一个角度）
