接线 5187 根（移动档 3907、保持档 1280）：分界 0.10、移动档满量程 0.35 推 0.45 弧度、保持档满量程 0.10 推 0.12 弧度、死区 3.0 度、总缩放 3.00、自激勾住 0.00、互压 0.00、眼肌时间 0.100
静止时给出的角度（球还没摆）：[0. 0. 0. 0.]

     球方位      球高低 |    yaw 误差  pitch 误差 |       最大     后段抖动
  -0.350   -0.226 |    +0.185    -0.100 |   +0.185 0.004/0.002
  -0.170   -0.212 |    +0.039    -0.043 |   +0.043 0.002/0.001
   0.000   -0.213 |    -0.018    -0.053 |   +0.053 0.001/0.000
   0.170   -0.213 |    -0.073    -0.039 |   +0.073 0.002/0.001
   0.340   -0.213 |    -0.188    -0.089 |   +0.188 0.001/0.000
  -0.340   -0.076 |    +0.089    -0.008 |   +0.089 0.010/0.002
  -0.170   -0.077 |    +0.014    -0.010 |   +0.014 0.014/0.001
   0.000   -0.077 |    -0.021    -0.009 |   +0.021 0.008/0.000
   0.170   -0.077 |    -0.045    -0.006 |   +0.045 0.005/0.001
   0.339   -0.076 |    -0.111    -0.015 |   +0.111 0.002/0.001
  -0.339    0.059 |    -0.022    +0.040 |   +0.040 0.021/0.001
  -0.169    0.058 |    +0.037    +0.044 |   +0.044 0.026/0.001
  -0.000    0.058 |    +0.000    +0.043 |   +0.043 0.015/0.000
   0.169    0.058 |    -0.011    +0.041 |   +0.041 0.014/0.000
   0.339    0.059 |    -0.033    +0.042 |   +0.042 0.014/0.000
  -0.338    0.193 |    +0.162    +0.124 |   +0.162 0.014/0.006
  -0.169    0.192 |    +0.015    +0.090 |   +0.090 0.008/0.001
  -0.000    0.191 |    -0.015    +0.088 |   +0.088 0.008/0.001
   0.169    0.191 |    -0.038    +0.081 |   +0.081 0.005/0.003
   0.337    0.192 |    -0.126    +0.108 |   +0.126 0.003/0.001
  -0.336    0.325 |    +0.230    +0.243 |   +0.243 0.003/0.003
  -0.168    0.323 |    +0.061    +0.159 |   +0.159 0.001/0.001
  -0.000    0.323 |    -0.012    +0.183 |   +0.183 0.000/0.001
   0.168    0.323 |    -0.074    +0.154 |   +0.154 0.001/0.000
   0.336    0.324 |    -0.221    +0.229 |   +0.229 0.001/0.001

命中 15/25 = 0.60（其中球本来就摆在正中的 2 个，不动眼睛也算命中）
误差：中位 0.088、平均 0.102、最差 0.243 弧度（容差 0.10）
后段抖动：yaw 最大 0.0263、pitch 最大 0.0056 弧度（抖得大 = 眼睛在来回撞，不是稳在一个角度）
