接线 5187 根（移动档 3907、保持档 1280）：分界 0.10、移动档满量程 0.35 推 0.90 弧度、保持档满量程 0.10 推 0.35 弧度、死区 3.0 度、总缩放 3.00
静止时给出的角度（球还没摆）：[0. 0. 0. 0.]

     球方位      球高低 |    yaw 误差  pitch 误差 |       最大     后段抖动
  -0.350   -0.226 |    -0.014    +0.028 |   +0.028 0.068/0.025
  -0.170   -0.212 |    -0.039    +0.020 |   +0.039 0.095/0.056
   0.000   -0.213 |    +0.002    +0.030 |   +0.030 0.186/0.036
   0.170   -0.213 |    -0.007    +0.036 |   +0.036 0.107/0.020
   0.340   -0.213 |    +0.014    +0.029 |   +0.029 0.076/0.053
  -0.340   -0.076 |    -0.029    +0.030 |   +0.030 0.154/0.043
  -0.170   -0.077 |    +0.026    +0.015 |   +0.026 0.286/0.015
  -0.000   -0.077 |    +0.011    +0.013 |   +0.013 0.339/0.014
   0.170   -0.077 |    -0.053    +0.011 |   +0.053 0.297/0.009
   0.339   -0.076 |    +0.028    +0.028 |   +0.028 0.138/0.007
  -0.339    0.059 |    -0.076    +0.033 |   +0.076 0.214/0.015
  -0.169    0.058 |    +0.061    +0.035 |   +0.061 0.388/0.002
  -0.000    0.058 |    +0.032    +0.035 |   +0.035 0.465/0.003
   0.169    0.058 |    -0.071    +0.035 |   +0.071 0.444/0.002
   0.339    0.059 |    -0.011    +0.034 |   +0.034 0.262/0.004
  -0.338    0.193 |    -0.025    +0.050 |   +0.050 0.108/0.031
  -0.169    0.192 |    +0.024    +0.051 |   +0.051 0.259/0.011
  -0.000    0.191 |    +0.001    +0.055 |   +0.055 0.340/0.020
   0.169    0.191 |    -0.047    +0.056 |   +0.056 0.286/0.020
   0.337    0.192 |    +0.016    +0.042 |   +0.042 0.147/0.021
  -0.336    0.325 |    +0.045    +0.092 |   +0.092 0.020/0.016
  -0.168    0.323 |    -0.033    +0.053 |   +0.053 0.043/0.008
  -0.000    0.323 |    -0.005    +0.056 |   +0.056 0.138/0.012
   0.168    0.323 |    -0.007    +0.042 |   +0.042 0.073/0.010
   0.336    0.324 |    -0.048    +0.078 |   +0.078 0.009/0.006

命中 25/25 = 1.00（其中球本来就摆在正中的 2 个，不动眼睛也算命中）
误差：中位 0.042、平均 0.047、最差 0.092 弧度（容差 0.10）
后段抖动：yaw 最大 0.4654、pitch 最大 0.0562 弧度（抖得大 = 眼睛在来回撞，不是稳在一个角度）
