接线 5187 根（移动档 3907、保持档 1280）：分界 0.10、移动档满量程 0.35 推 0.35 弧度、保持档满量程 0.10 推 0.10 弧度、死区 3.0 度、总缩放 6.00、自激勾住 0.00、互压 0.00、眼肌时间 0.350
静止时给出的角度（球还没摆）：[0. 0. 0. 0.]

     球方位      球高低 |    yaw 误差  pitch 误差 |       最大     后段抖动
  -0.350   -0.226 |    +0.156    -0.073 |   +0.156 0.015/0.009
  -0.170   -0.212 |    +0.008    +0.004 |   +0.008 0.004/0.001
   0.000   -0.213 |    -0.014    -0.006 |   +0.014 0.004/0.001
   0.170   -0.213 |    -0.028    +0.008 |   +0.028 0.004/0.002
   0.340   -0.213 |    -0.096    -0.023 |   +0.096 0.003/0.004
  -0.340   -0.076 |    +0.119    -0.017 |   +0.119 0.027/0.003
  -0.170   -0.077 |    -0.013    +0.009 |   +0.013 0.007/0.000
   0.000   -0.077 |    -0.032    +0.006 |   +0.032 0.006/0.000
   0.170   -0.077 |    -0.012    +0.013 |   +0.013 0.008/0.000
   0.339   -0.076 |    -0.027    +0.007 |   +0.027 0.006/0.003
  -0.339    0.059 |    +0.192    +0.058 |   +0.192 0.042/0.006
  -0.169    0.058 |    -0.011    +0.038 |   +0.038 0.004/0.000
  -0.000    0.058 |    -0.030    +0.039 |   +0.039 0.005/0.000
   0.169    0.058 |    -0.022    +0.038 |   +0.038 0.007/0.000
   0.339    0.059 |    +0.013    +0.037 |   +0.037 0.008/0.001
  -0.338    0.193 |    +0.285    +0.150 |   +0.285 0.035/0.007
  -0.169    0.192 |    -0.005    +0.063 |   +0.063 0.001/0.003
  -0.000    0.191 |    -0.023    +0.066 |   +0.066 0.006/0.000
   0.169    0.191 |    -0.012    +0.055 |   +0.055 0.007/0.001
   0.337    0.192 |    -0.022    +0.069 |   +0.069 0.006/0.005
  -0.336    0.325 |    +0.316    +0.256 |   +0.316 0.026/0.005
  -0.168    0.323 |    +0.022    +0.107 |   +0.107 0.002/0.002
  -0.000    0.323 |    -0.012    +0.117 |   +0.117 0.003/0.000
   0.168    0.323 |    -0.036    +0.100 |   +0.100 0.001/0.004
   0.336    0.324 |    -0.138    +0.160 |   +0.160 0.001/0.001

命中 17/25 = 0.68（其中球本来就摆在正中的 2 个，不动眼睛也算命中）
误差：中位 0.063、平均 0.088、最差 0.316 弧度（容差 0.10）
后段抖动：yaw 最大 0.0425、pitch 最大 0.0094 弧度（抖得大 = 眼睛在来回撞，不是稳在一个角度）
