接线 5187 根（移动档 3907、保持档 1280）：分界 0.10、移动档满量程 0.35 推 0.60 弧度、保持档满量程 0.10 推 0.15 弧度、死区 3.0 度、总缩放 2.50
静止时给出的角度（球还没摆）：[0. 0. 0. 0.]

     球方位      球高低 |    yaw 误差  pitch 误差 |       最大     后段抖动
  -0.350   -0.226 |    +0.147    -0.074 |   +0.147    0.003
  -0.170   -0.212 |    +0.034    -0.032 |   +0.034    0.002
   0.000   -0.213 |    -0.016    -0.044 |   +0.044    0.002
   0.170   -0.213 |    -0.066    -0.029 |   +0.066    0.002
   0.340   -0.213 |    -0.156    -0.068 |   +0.156    0.002
  -0.340   -0.076 |    +0.038    -0.005 |   +0.038    0.008
  -0.170   -0.077 |    -0.004    -0.003 |   +0.004    0.015
   0.000   -0.077 |    -0.026    -0.007 |   +0.026    0.008
   0.170   -0.077 |    -0.046    -0.003 |   +0.046    0.010
   0.339   -0.076 |    -0.093    -0.011 |   +0.093    0.002
  -0.339    0.059 |    -0.019    +0.042 |   +0.042    0.033
  -0.169    0.058 |    -0.033    +0.042 |   +0.042    0.101
   0.000    0.058 |    -0.022    +0.043 |   +0.043    0.014
   0.169    0.058 |    -0.046    +0.042 |   +0.046    0.067
   0.339    0.059 |    -0.040    +0.041 |   +0.041    0.031
  -0.338    0.193 |    +0.088    +0.097 |   +0.097    0.014
  -0.169    0.192 |    +0.006    +0.081 |   +0.081    0.013
  -0.000    0.191 |    -0.021    +0.083 |   +0.083    0.010
   0.169    0.191 |    -0.039    +0.077 |   +0.077    0.008
   0.337    0.192 |    -0.090    +0.094 |   +0.094    0.002
  -0.336    0.325 |    +0.210    +0.222 |   +0.222    0.003
  -0.168    0.323 |    +0.052    +0.148 |   +0.148    0.002
  -0.000    0.323 |    -0.013    +0.159 |   +0.159    0.001
   0.168    0.323 |    -0.069    +0.144 |   +0.144    0.001
   0.336    0.324 |    -0.202    +0.214 |   +0.214    0.000

命中 18/25 = 0.72（其中球本来就摆在正中的 2 个，不动眼睛也算命中）
误差：中位 0.077、平均 0.087、最差 0.222 弧度（容差 0.10）
后段抖动的最大值 0.1014 弧度（抖得大 = 眼睛在来回撞，不是稳在一个角度）
