接线 5187 根（移动档 3907、保持档 1280）：分界 0.10、移动档满量程 0.35 推 0.25 弧度、保持档满量程 0.10 推 0.08 弧度、死区 3.0 度、总缩放 8.00、自激勾住 0.00、互压 0.00、眼肌时间 0.350
静止时给出的角度（球还没摆）：[0. 0. 0. 0.]

     球方位      球高低 |    yaw 误差  pitch 误差 |       最大     后段抖动
  -0.350   -0.226 |    +0.167    -0.080 |   +0.167 0.013/0.009
  -0.170   -0.212 |    +0.016    -0.003 |   +0.016 0.002/0.001
   0.000   -0.213 |    -0.015    -0.011 |   +0.015 0.004/0.000
   0.170   -0.213 |    -0.033    -0.002 |   +0.033 0.004/0.001
   0.340   -0.213 |    -0.113    -0.030 |   +0.113 0.005/0.004
  -0.340   -0.076 |    +0.181    -0.018 |   +0.181 0.019/0.002
  -0.170   -0.077 |    -0.002    +0.008 |   +0.008 0.004/0.000
   0.000   -0.077 |    -0.030    +0.004 |   +0.030 0.006/0.000
   0.170   -0.077 |    -0.013    +0.007 |   +0.013 0.009/0.000
   0.339   -0.076 |    -0.109    -0.001 |   +0.109 0.006/0.002
  -0.339    0.059 |    +0.198    +0.050 |   +0.198 0.024/0.005
  -0.169    0.058 |    -0.006    +0.037 |   +0.037 0.002/0.000
  -0.000    0.058 |    -0.024    +0.039 |   +0.039 0.006/0.000
   0.169    0.058 |    -0.025    +0.037 |   +0.037 0.008/0.000
   0.339    0.059 |    -0.098    +0.038 |   +0.098 0.005/0.000
  -0.338    0.193 |    +0.237    +0.136 |   +0.237 0.030/0.008
  -0.169    0.192 |    -0.000    +0.065 |   +0.065 0.001/0.002
  -0.000    0.191 |    -0.020    +0.069 |   +0.069 0.006/0.000
   0.169    0.191 |    -0.019    +0.064 |   +0.064 0.007/0.000
   0.337    0.192 |    -0.105    +0.080 |   +0.105 0.006/0.002
  -0.336    0.325 |    +0.284    +0.245 |   +0.284 0.020/0.005
  -0.168    0.323 |    +0.027    +0.117 |   +0.117 0.002/0.002
  -0.000    0.323 |    -0.012    +0.124 |   +0.124 0.003/0.000
   0.168    0.323 |    -0.039    +0.109 |   +0.109 0.001/0.005
   0.336    0.324 |    -0.152    +0.170 |   +0.170 0.001/0.000

命中 13/25 = 0.52（其中球本来就摆在正中的 2 个，不动眼睛也算命中）
误差：中位 0.098、平均 0.098、最差 0.284 弧度（容差 0.10）
后段抖动：yaw 最大 0.0302、pitch 最大 0.0088 弧度（抖得大 = 眼睛在来回撞，不是稳在一个角度）
