接线 5187 根（移动档 3907、保持档 1280）：分界 0.10、移动档满量程 0.35 推 0.60 弧度、保持档满量程 0.10 推 0.15 弧度、死区 3.0 度、总缩放 1.20
静止时给出的角度（球还没摆）：[0. 0. 0. 0.]

     球方位      球高低 |    yaw 误差  pitch 误差 |       最大     后段抖动
  -0.350   -0.226 |    +0.270    -0.160 |   +0.270    0.001
  -0.170   -0.212 |    +0.092    -0.098 |   +0.098    0.000
   0.000   -0.213 |    -0.011    -0.115 |   +0.115    0.000
   0.170   -0.213 |    -0.107    -0.097 |   +0.107    0.000
   0.340   -0.213 |    -0.264    -0.146 |   +0.264    0.000
  -0.340   -0.076 |    +0.219    -0.046 |   +0.219    0.000
  -0.170   -0.077 |    +0.062    -0.026 |   +0.062    0.001
   0.000   -0.077 |    -0.014    -0.031 |   +0.031    0.001
   0.170   -0.077 |    -0.089    -0.026 |   +0.089    0.000
   0.339   -0.076 |    -0.231    -0.047 |   +0.231    0.001
  -0.339    0.059 |    +0.114    +0.049 |   +0.114    0.001
  -0.169    0.058 |    +0.033    +0.047 |   +0.047    0.003
  -0.000    0.058 |    -0.008    +0.049 |   +0.049    0.002
   0.169    0.058 |    -0.064    +0.047 |   +0.064    0.004
   0.339    0.059 |    -0.130    +0.049 |   +0.130    0.001
  -0.338    0.193 |    +0.237    +0.153 |   +0.237    0.001
  -0.169    0.192 |    +0.073    +0.121 |   +0.121    0.000
  -0.000    0.191 |    -0.010    +0.129 |   +0.129    0.000
   0.169    0.191 |    -0.089    +0.121 |   +0.121    0.000
   0.337    0.192 |    -0.235    +0.152 |   +0.235    0.001
  -0.336    0.325 |    +0.278    +0.278 |   +0.278    0.000
  -0.168    0.323 |    +0.107    +0.232 |   +0.232    0.000
  -0.000    0.323 |    -0.006    +0.244 |   +0.244    0.000
   0.168    0.323 |    -0.119    +0.233 |   +0.233    0.000
   0.336    0.324 |    -0.275    +0.275 |   +0.275    0.000

命中 7/25 = 0.28（其中球本来就摆在正中的 2 个，不动眼睛也算命中）
误差：中位 0.129、平均 0.160、最差 0.278 弧度（容差 0.10）
后段抖动的最大值 0.0044 弧度（抖得大 = 眼睛在来回撞，不是稳在一个角度）
