接线 5187 根（移动档 3907、保持档 1280）：分界 0.10、移动档满量程 0.35 推 0.30 弧度、保持档满量程 0.10 推 0.09 弧度、死区 3.0 度、总缩放 6.00、自激勾住 0.00、互压 0.00、眼肌时间 0.250
静止时给出的角度（球还没摆）：[0. 0. 0. 0.]

     球方位      球高低 |    yaw 误差  pitch 误差 |       最大     后段抖动
  -0.350   -0.226 |    +0.161    -0.078 |   +0.161 0.012/0.007
  -0.170   -0.212 |    +0.011    -0.007 |   +0.011 0.003/0.000
   0.000   -0.213 |    -0.019    -0.019 |   +0.019 0.004/0.000
   0.170   -0.213 |    -0.042    -0.001 |   +0.042 0.002/0.001
   0.340   -0.213 |    -0.128    -0.045 |   +0.128 0.002/0.003
  -0.340   -0.076 |    +0.093    -0.014 |   +0.093 0.015/0.008
  -0.170   -0.077 |    -0.014    +0.006 |   +0.014 0.004/0.001
   0.000   -0.077 |    -0.037    +0.003 |   +0.037 0.004/0.000
   0.170   -0.077 |    -0.030    +0.009 |   +0.030 0.005/0.001
   0.339   -0.076 |    -0.056    +0.001 |   +0.056 0.005/0.003
  -0.339    0.059 |    +0.129    +0.045 |   +0.129 0.027/0.004
  -0.169    0.058 |    -0.021    +0.039 |   +0.039 0.005/0.000
  -0.000    0.058 |    -0.032    +0.040 |   +0.040 0.008/0.000
   0.169    0.058 |    -0.037    +0.039 |   +0.039 0.003/0.000
   0.339    0.059 |    -0.007    +0.038 |   +0.038 0.012/0.001
  -0.338    0.193 |    +0.229    +0.141 |   +0.229 0.035/0.010
  -0.169    0.192 |    -0.007    +0.068 |   +0.068 0.001/0.002
  -0.000    0.191 |    -0.033    +0.069 |   +0.069 0.004/0.000
   0.169    0.191 |    -0.027    +0.060 |   +0.060 0.004/0.001
   0.337    0.192 |    -0.053    +0.078 |   +0.078 0.004/0.004
  -0.336    0.325 |    +0.265    +0.252 |   +0.265 0.021/0.008
  -0.168    0.323 |    +0.033    +0.125 |   +0.125 0.001/0.000
  -0.000    0.323 |    -0.014    +0.143 |   +0.143 0.003/0.000
   0.168    0.323 |    -0.050    +0.120 |   +0.120 0.002/0.002
   0.336    0.324 |    -0.166    +0.186 |   +0.186 0.002/0.001

命中 16/25 = 0.64（其中球本来就摆在正中的 2 个，不动眼睛也算命中）
误差：中位 0.068、平均 0.089、最差 0.265 弧度（容差 0.10）
后段抖动：yaw 最大 0.0348、pitch 最大 0.0096 弧度（抖得大 = 眼睛在来回撞，不是稳在一个角度）
