接线 5187 根（移动档 3907、保持档 1280）：分界 0.10、移动档满量程 0.35 推 0.60 弧度、保持档满量程 0.10 推 0.30 弧度、死区 3.0 度、总缩放 1.70
静止时给出的角度（球还没摆）：[0. 0. 0. 0.]

     球方位      球高低 |    yaw 误差  pitch 误差 |       最大     后段抖动
  -0.350   -0.226 |    +0.230    -0.130 |   +0.230    0.000
  -0.170   -0.212 |    +0.043    -0.059 |   +0.059    0.000
   0.000   -0.213 |    -0.019    -0.073 |   +0.073    0.003
   0.170   -0.213 |    -0.070    -0.053 |   +0.070    0.000
   0.340   -0.213 |    -0.236    -0.120 |   +0.236    0.000
  -0.340   -0.076 |    +0.133    -0.010 |   +0.133    0.002
  -0.170   -0.077 |    -0.005    +0.004 |   +0.005    0.004
   0.000   -0.077 |    -0.036    +0.001 |   +0.036    0.025
   0.170   -0.077 |    -0.038    +0.006 |   +0.038    0.002
   0.339   -0.076 |    -0.167    -0.014 |   +0.167    0.001
  -0.339    0.059 |    +0.018    +0.038 |   +0.038    0.001
  -0.169    0.058 |    -0.030    +0.039 |   +0.039    0.038
   0.000    0.058 |    -0.034    +0.040 |   +0.040    0.056
   0.169    0.058 |    -0.036    +0.039 |   +0.039    0.034
   0.339    0.059 |    -0.047    +0.038 |   +0.047    0.000
  -0.338    0.193 |    +0.183    +0.118 |   +0.183    0.007
  -0.169    0.192 |    +0.008    +0.080 |   +0.080    0.004
  -0.000    0.191 |    -0.027    +0.081 |   +0.081    0.016
   0.169    0.191 |    -0.034    +0.075 |   +0.075    0.002
   0.337    0.192 |    -0.170    +0.112 |   +0.170    0.002
  -0.336    0.325 |    +0.255    +0.261 |   +0.261    0.000
  -0.168    0.323 |    +0.071    +0.195 |   +0.195    0.000
  -0.000    0.323 |    -0.012    +0.207 |   +0.207    0.001
   0.168    0.323 |    -0.086    +0.193 |   +0.193    0.001
   0.336    0.324 |    -0.255    +0.257 |   +0.257    0.000

命中 14/25 = 0.56（其中球本来就摆在正中的 2 个，不动眼睛也算命中）
误差：中位 0.080、平均 0.118、最差 0.261 弧度（容差 0.10）
后段抖动的最大值 0.0557 弧度（抖得大 = 眼睛在来回撞，不是稳在一个角度）
