接线 5187 根（移动档 3907、保持档 1280）：分界 0.10、移动档满量程 0.35 推 0.60 弧度、保持档满量程 0.10 推 0.30 弧度、死区 3.0 度、总缩放 2.50
静止时给出的角度（球还没摆）：[0. 0. 0. 0.]

     球方位      球高低 |    yaw 误差  pitch 误差 |       最大     后段抖动
  -0.350   -0.226 |    +0.145    -0.060 |   +0.145    0.001
  -0.170   -0.212 |    -0.001    -0.003 |   +0.003    0.002
   0.000   -0.213 |    -0.029    -0.012 |   +0.029    0.016
   0.170   -0.213 |    -0.033    +0.003 |   +0.033    0.004
   0.340   -0.213 |    -0.154    -0.053 |   +0.154    0.000
  -0.340   -0.076 |    -0.001    +0.019 |   +0.019    0.009
  -0.170   -0.077 |    -0.041    +0.019 |   +0.041    0.039
   0.000   -0.077 |    -0.032    +0.013 |   +0.032    0.127
   0.170   -0.077 |    -0.022    +0.018 |   +0.022    0.034
   0.339   -0.076 |    -0.045    +0.017 |   +0.045    0.003
  -0.339    0.059 |    -0.032    +0.034 |   +0.034    0.025
  -0.169    0.058 |    -0.047    +0.036 |   +0.047    0.167
   0.000    0.058 |    -0.013    +0.037 |   +0.037    0.178
   0.169    0.058 |    -0.042    +0.036 |   +0.042    0.179
   0.339    0.059 |    -0.007    +0.035 |   +0.035    0.032
  -0.338    0.193 |    +0.067    +0.063 |   +0.067    0.028
  -0.169    0.192 |    -0.039    +0.055 |   +0.055    0.031
  -0.000    0.191 |    -0.033    +0.059 |   +0.059    0.133
   0.169    0.191 |    -0.022    +0.052 |   +0.052    0.054
   0.337    0.192 |    -0.036    +0.056 |   +0.056    0.003
  -0.336    0.325 |    +0.207    +0.224 |   +0.224    0.003
  -0.168    0.323 |    +0.024    +0.148 |   +0.148    0.001
  -0.000    0.323 |    -0.020    +0.158 |   +0.158    0.009
   0.168    0.323 |    -0.050    +0.142 |   +0.142    0.001
   0.336    0.324 |    -0.211    +0.220 |   +0.220    0.000

命中 18/25 = 0.72（其中球本来就摆在正中的 2 个，不动眼睛也算命中）
误差：中位 0.047、平均 0.076、最差 0.224 弧度（容差 0.10）
后段抖动的最大值 0.1785 弧度（抖得大 = 眼睛在来回撞，不是稳在一个角度）
