接线 5187 根（移动档 3907、保持档 1280）：分界 0.10、移动档满量程 0.35 推 0.90 弧度、保持档满量程 0.10 推 0.35 弧度、死区 3.0 度、总缩放 2.50
静止时给出的角度（球还没摆）：[0. 0. 0. 0.]

     球方位      球高低 |    yaw 误差  pitch 误差 |       最大     后段抖动
  -0.350   -0.226 |    -0.014    +0.006 |   +0.014    0.019
  -0.170   -0.212 |    -0.047    +0.027 |   +0.047    0.033
   0.000   -0.213 |    -0.038    +0.018 |   +0.038    0.095
   0.170   -0.213 |    -0.030    +0.021 |   +0.030    0.032
   0.340   -0.213 |    -0.040    +0.025 |   +0.040    0.013
  -0.340   -0.076 |    -0.009    +0.011 |   +0.011    0.085
  -0.170   -0.077 |    -0.046    +0.018 |   +0.046    0.173
   0.000   -0.077 |    +0.001    +0.016 |   +0.016    0.211
   0.170   -0.077 |    -0.050    +0.015 |   +0.050    0.168
   0.339   -0.076 |    +0.021    +0.028 |   +0.028    0.028
  -0.339    0.059 |    -0.106    +0.032 |   +0.106    0.143
  -0.169    0.058 |    +0.067    +0.038 |   +0.067    0.323
  -0.000    0.058 |    -0.090    +0.036 |   +0.090    0.389
   0.169    0.058 |    -0.109    +0.037 |   +0.109    0.336
   0.339    0.059 |    +0.041    +0.035 |   +0.041    0.193
  -0.338    0.193 |    -0.056    +0.048 |   +0.056    0.063
  -0.169    0.192 |    -0.034    +0.049 |   +0.049    0.178
   0.000    0.191 |    -0.024    +0.057 |   +0.057    0.258
   0.169    0.191 |    -0.053    +0.053 |   +0.053    0.170
   0.337    0.192 |    +0.032    +0.038 |   +0.038    0.010
  -0.336    0.325 |    +0.117    +0.152 |   +0.152    0.014
  -0.168    0.323 |    -0.016    +0.085 |   +0.085    0.010
  -0.000    0.323 |    -0.039    +0.083 |   +0.083    0.037
   0.168    0.323 |    -0.021    +0.066 |   +0.066    0.013
   0.336    0.324 |    -0.112    +0.136 |   +0.136    0.003

命中 21/25 = 0.84（其中球本来就摆在正中的 2 个，不动眼睛也算命中）
误差：中位 0.050、平均 0.060、最差 0.152 弧度（容差 0.10）
后段抖动的最大值 0.3893 弧度（抖得大 = 眼睛在来回撞，不是稳在一个角度）
