接线 5187 根（移动档 3907、保持档 1280）：分界 0.10、移动档满量程 0.35 推 1.20 弧度、保持档满量程 0.10 推 0.45 弧度、死区 3.0 度、总缩放 2.00
静止时给出的角度（球还没摆）：[0. 0. 0. 0.]

     球方位      球高低 |    yaw 误差  pitch 误差 |       最大     后段抖动
  -0.350   -0.226 |    -0.016    +0.008 |   +0.016    0.031
  -0.170   -0.212 |    -0.055    +0.028 |   +0.055    0.042
   0.000   -0.213 |    -0.035    +0.021 |   +0.035    0.114
   0.170   -0.213 |    -0.031    +0.022 |   +0.031    0.045
   0.340   -0.213 |    -0.029    +0.030 |   +0.030    0.027
  -0.340   -0.076 |    -0.008    +0.011 |   +0.011    0.086
  -0.170   -0.077 |    -0.044    +0.017 |   +0.044    0.207
   0.000   -0.077 |    -0.000    +0.017 |   +0.017    0.217
   0.170   -0.077 |    -0.052    +0.015 |   +0.052    0.195
   0.339   -0.076 |    +0.028    +0.028 |   +0.028    0.013
  -0.339    0.059 |    -0.111    +0.032 |   +0.111    0.153
  -0.169    0.058 |    +0.079    +0.038 |   +0.079    0.334
  -0.000    0.058 |    -0.086    +0.036 |   +0.086    0.420
   0.169    0.058 |    -0.122    +0.037 |   +0.122    0.363
   0.339    0.059 |    +0.048    +0.035 |   +0.048    0.214
  -0.338    0.193 |    -0.037    +0.053 |   +0.053    0.077
  -0.169    0.192 |    -0.033    +0.048 |   +0.048    0.210
   0.000    0.191 |    -0.026    +0.058 |   +0.058    0.264
   0.169    0.191 |    -0.058    +0.055 |   +0.058    0.188
   0.337    0.192 |    +0.033    +0.037 |   +0.037    0.009
  -0.336    0.325 |    +0.098    +0.137 |   +0.137    0.016
  -0.168    0.323 |    -0.029    +0.066 |   +0.066    0.015
  -0.000    0.323 |    -0.042    +0.077 |   +0.077    0.057
   0.168    0.323 |    -0.023    +0.060 |   +0.060    0.026
   0.336    0.324 |    -0.097    +0.126 |   +0.126    0.004

命中 21/25 = 0.84（其中球本来就摆在正中的 2 个，不动眼睛也算命中）
误差：中位 0.053、平均 0.059、最差 0.137 弧度（容差 0.10）
后段抖动的最大值 0.4195 弧度（抖得大 = 眼睛在来回撞，不是稳在一个角度）
