接线 5187 根（移动档 3907、保持档 1280）：分界 0.10、移动档满量程 0.35 推 0.75 弧度、保持档满量程 0.10 推 0.25 弧度、死区 3.0 度、总缩放 2.00
静止时给出的角度（球还没摆）：[0. 0. 0. 0.]

     球方位      球高低 |    yaw 误差  pitch 误差 |       最大     后段抖动
  -0.350   -0.226 |    +0.146    -0.070 |   +0.146 0.002/0.001
  -0.170   -0.212 |    +0.025    -0.027 |   +0.027 0.003/0.001
   0.000   -0.213 |    -0.018    -0.040 |   +0.040 0.004/0.001
   0.170   -0.213 |    -0.054    -0.020 |   +0.054 0.003/0.000
   0.340   -0.213 |    -0.146    -0.056 |   +0.146 0.001/0.001
  -0.340   -0.076 |    +0.031    +0.003 |   +0.031 0.007/0.006
  -0.170   -0.077 |    -0.015    +0.004 |   +0.015 0.020/0.005
   0.000   -0.077 |    -0.035    -0.001 |   +0.035 0.022/0.001
   0.170   -0.077 |    -0.037    +0.006 |   +0.037 0.012/0.001
   0.339   -0.076 |    -0.082    -0.002 |   +0.082 0.002/0.001
  -0.339    0.059 |    -0.023    +0.039 |   +0.039 0.032/0.001
  -0.169    0.058 |    -0.039    +0.039 |   +0.039 0.122/0.004
   0.000    0.058 |    -0.030    +0.040 |   +0.040 0.043/0.000
   0.169    0.058 |    -0.035    +0.039 |   +0.039 0.099/0.003
   0.339    0.059 |    -0.025    +0.038 |   +0.038 0.027/0.000
  -0.338    0.193 |    +0.080    +0.085 |   +0.085 0.017/0.006
  -0.169    0.192 |    -0.010    +0.072 |   +0.072 0.016/0.005
  -0.000    0.191 |    -0.033    +0.075 |   +0.075 0.028/0.003
   0.169    0.191 |    -0.031    +0.067 |   +0.067 0.015/0.002
   0.337    0.192 |    -0.084    +0.086 |   +0.086 0.001/0.002
  -0.336    0.325 |    +0.207    +0.223 |   +0.223 0.003/0.003
  -0.168    0.323 |    +0.041    +0.147 |   +0.147 0.002/0.001
  -0.000    0.323 |    -0.014    +0.158 |   +0.158 0.003/0.000
   0.168    0.323 |    -0.062    +0.143 |   +0.143 0.001/0.000
   0.336    0.324 |    -0.203    +0.216 |   +0.216 0.000/0.000

命中 18/25 = 0.72（其中球本来就摆在正中的 2 个，不动眼睛也算命中）
误差：中位 0.067、平均 0.083、最差 0.223 弧度（容差 0.10）
后段抖动：yaw 最大 0.1222、pitch 最大 0.0060 弧度（抖得大 = 眼睛在来回撞，不是稳在一个角度）
