接线 5187 根（移动档 3907、保持档 1280）：分界 0.10、移动档满量程 0.35 推 0.63 弧度、保持档满量程 0.10 推 0.15 弧度、死区 3.0 度、总缩放 2.00、自激勾住 0.00、互压 0.00、眼肌时间 0.015
静止时给出的角度（球还没摆）：[0. 0. 0. 0.]

     球方位      球高低 |    yaw 误差  pitch 误差 |       最大     后段抖动
  -0.350   -0.226 |    +0.190    -0.105 |   +0.190 0.000/0.001
  -0.170   -0.212 |    +0.051    -0.048 |   +0.051 0.002/0.001
   0.000   -0.213 |    -0.014    -0.061 |   +0.061 0.000/0.000
   0.170   -0.213 |    -0.078    -0.046 |   +0.078 0.000/0.001
   0.340   -0.213 |    -0.194    -0.095 |   +0.194 0.000/0.000
  -0.340   -0.076 |    +0.093    -0.016 |   +0.093 0.001/0.001
  -0.170   -0.077 |    +0.015    -0.011 |   +0.015 0.009/0.001
   0.000   -0.077 |    -0.022    -0.013 |   +0.022 0.002/0.000
   0.170   -0.077 |    -0.054    -0.009 |   +0.054 0.003/0.001
   0.339   -0.076 |    -0.127    -0.021 |   +0.127 0.003/0.000
  -0.339    0.059 |    +0.009    +0.044 |   +0.044 0.010/0.000
  -0.169    0.058 |    -0.015    +0.044 |   +0.044 0.074/0.002
   0.000    0.058 |    -0.016    +0.045 |   +0.045 0.008/0.000
   0.169    0.058 |    -0.036    +0.043 |   +0.043 0.026/0.001
   0.339    0.059 |    -0.047    +0.043 |   +0.047 0.005/0.000
  -0.338    0.193 |    +0.135    +0.115 |   +0.135 0.008/0.003
  -0.169    0.192 |    +0.025    +0.092 |   +0.092 0.005/0.001
  -0.000    0.191 |    -0.015    +0.097 |   +0.097 0.003/0.001
   0.169    0.191 |    -0.051    +0.089 |   +0.089 0.002/0.001
   0.337    0.192 |    -0.135    +0.114 |   +0.135 0.001/0.001
  -0.336    0.325 |    +0.233    +0.241 |   +0.241 0.001/0.001
  -0.168    0.323 |    +0.070    +0.170 |   +0.170 0.000/0.000
  -0.000    0.323 |    -0.010    +0.189 |   +0.189 0.001/0.001
   0.168    0.323 |    -0.082    +0.166 |   +0.166 0.001/0.000
   0.336    0.324 |    -0.233    +0.240 |   +0.240 0.001/0.001

命中 15/25 = 0.60（其中球本来就摆在正中的 2 个，不动眼睛也算命中）
误差：中位 0.092、平均 0.107、最差 0.241 弧度（容差 0.10）
后段抖动：yaw 最大 0.0736、pitch 最大 0.0027 弧度（抖得大 = 眼睛在来回撞，不是稳在一个角度）
