接线 5187 根（yaw 2922、pitch 2265）：增益 0.03 / 移动档推 0.60 弧度 / 保持档推 0.15 弧度 / 分档界线 0.10 弧度 / 死区 3.0 度
静止时给出的角度（球还没摆）：[0. 0. 0. 0.]

     球方位      球高低 |    yaw 误差  pitch 误差 |       最大
  -0.350   -0.226 |    +0.142    -0.091 |   +0.142
  -0.170   -0.212 |    +0.047    -0.053 |   +0.053
   0.000   -0.213 |    -0.009    -0.064 |   +0.064
   0.170   -0.213 |    -0.088    -0.051 |   +0.088
   0.340   -0.213 |    -0.182    -0.097 |   +0.182
  -0.340   -0.076 |    +0.052    -0.027 |   +0.052
  -0.170   -0.077 |    +0.012    -0.024 |   +0.024
   0.000   -0.077 |    -0.012    -0.030 |   +0.030
   0.170   -0.077 |    -0.079    -0.025 |   +0.079
   0.339   -0.076 |    -0.116    -0.033 |   +0.116
  -0.339    0.059 |    -0.027    +0.049 |   +0.049
  -0.169    0.058 |    -0.004    +0.049 |   +0.049
   0.000    0.058 |    -0.005    +0.049 |   +0.049
   0.169    0.058 |    -0.064    +0.048 |   +0.064
   0.339    0.059 |    -0.080    +0.048 |   +0.080
  -0.338    0.193 |    +0.072    +0.101 |   +0.101
  -0.169    0.192 |    +0.017    +0.089 |   +0.089
  -0.000    0.191 |    -0.009    +0.095 |   +0.095
   0.169    0.191 |    -0.064    +0.086 |   +0.086
   0.337    0.192 |    -0.115    +0.107 |   +0.115
  -0.336    0.325 |    +0.194    +0.199 |   +0.199
  -0.168    0.323 |    +0.060    +0.123 |   +0.123
  -0.000    0.323 |    -0.008    +0.144 |   +0.144
   0.168    0.323 |    -0.087    +0.123 |   +0.123
   0.336    0.324 |    -0.205    +0.200 |   +0.205

命中 15/25 = 0.60（不动眼睛也能「命中」的正中位 2 个）
误差：中位 0.088、平均 0.096、最差 0.205 弧度（容差 0.10）
