接线 5187 根（移动档 3907、保持档 1280）：分界 0.10、移动档满量程 0.35 推 0.63 弧度、保持档满量程 0.10 推 0.15 弧度、死区 3.0 度、总缩放 2.00、自激勾住 0.00、互压 0.00、眼肌时间 0.100
静止时给出的角度（球还没摆）：[0. 0. 0. 0.]

     球方位      球高低 |    yaw 误差  pitch 误差 |       最大     后段抖动
  -0.350   -0.226 |    +0.199    -0.110 |   +0.199 0.004/0.001
  -0.170   -0.212 |    +0.050    -0.051 |   +0.051 0.002/0.000
   0.000   -0.213 |    -0.015    -0.062 |   +0.062 0.001/0.000
   0.170   -0.213 |    -0.079    -0.047 |   +0.079 0.002/0.001
   0.340   -0.213 |    -0.197    -0.095 |   +0.197 0.001/0.000
  -0.340   -0.076 |    +0.112    -0.017 |   +0.112 0.009/0.001
  -0.170   -0.077 |    +0.018    -0.014 |   +0.018 0.009/0.001
   0.000   -0.077 |    -0.023    -0.014 |   +0.023 0.005/0.000
   0.170   -0.077 |    -0.054    -0.010 |   +0.054 0.004/0.001
   0.339   -0.076 |    -0.129    -0.021 |   +0.129 0.002/0.001
  -0.339    0.059 |    -0.007    +0.042 |   +0.042 0.014/0.001
  -0.169    0.058 |    +0.034    +0.045 |   +0.045 0.024/0.000
  -0.000    0.058 |    -0.008    +0.045 |   +0.045 0.011/0.000
   0.169    0.058 |    -0.022    +0.043 |   +0.043 0.010/0.000
   0.339    0.059 |    -0.047    +0.043 |   +0.047 0.011/0.000
  -0.338    0.193 |    +0.174    +0.130 |   +0.174 0.011/0.004
  -0.169    0.192 |    +0.025    +0.095 |   +0.095 0.005/0.001
  -0.000    0.191 |    -0.015    +0.096 |   +0.096 0.005/0.000
   0.169    0.191 |    -0.049    +0.089 |   +0.089 0.003/0.002
   0.337    0.192 |    -0.138    +0.113 |   +0.138 0.002/0.001
  -0.336    0.325 |    +0.239    +0.248 |   +0.248 0.002/0.003
  -0.168    0.323 |    +0.069    +0.170 |   +0.170 0.000/0.000
  -0.000    0.323 |    -0.011    +0.190 |   +0.190 0.001/0.001
   0.168    0.323 |    -0.083    +0.167 |   +0.167 0.001/0.000
   0.336    0.324 |    -0.232    +0.240 |   +0.240 0.001/0.001

命中 14/25 = 0.56（其中球本来就摆在正中的 2 个，不动眼睛也算命中）
误差：中位 0.095、平均 0.110、最差 0.248 弧度（容差 0.10）
后段抖动：yaw 最大 0.0244、pitch 最大 0.0043 弧度（抖得大 = 眼睛在来回撞，不是稳在一个角度）
