接线 5187 根（移动档 3907、保持档 1280）：分界 0.10、移动档满量程 0.35 推 0.60 弧度、保持档满量程 0.10 推 0.30 弧度、死区 3.0 度、总缩放 3.50
静止时给出的角度（球还没摆）：[0. 0. 0. 0.]

     球方位      球高低 |    yaw 误差  pitch 误差 |       最大     后段抖动
  -0.350   -0.226 |    -0.024    +0.015 |   +0.024    0.016
  -0.170   -0.212 |    -0.056    +0.035 |   +0.056    0.041
   0.000   -0.213 |    -0.031    +0.025 |   +0.031    0.157
   0.170   -0.213 |    -0.027    +0.026 |   +0.027    0.042
   0.340   -0.213 |    -0.027    +0.035 |   +0.035    0.013
  -0.340   -0.076 |    -0.023    +0.017 |   +0.023    0.105
  -0.170   -0.077 |    -0.037    +0.025 |   +0.037    0.205
   0.000   -0.077 |    -0.014    +0.016 |   +0.016    0.282
   0.170   -0.077 |    -0.061    +0.021 |   +0.061    0.181
   0.339   -0.076 |    +0.040    +0.032 |   +0.040    0.024
  -0.339    0.059 |    -0.107    +0.029 |   +0.107    0.132
  -0.169    0.058 |    +0.054    +0.036 |   +0.054    0.341
  -0.000    0.058 |    -0.097    +0.034 |   +0.097    0.362
   0.169    0.058 |    -0.088    +0.036 |   +0.088    0.353
   0.339    0.059 |    -0.029    +0.035 |   +0.035    0.198
  -0.338    0.193 |    -0.088    +0.029 |   +0.088    0.044
  -0.169    0.192 |    -0.028    +0.043 |   +0.043    0.197
   0.000    0.191 |    -0.035    +0.053 |   +0.053    0.282
   0.169    0.191 |    -0.055    +0.047 |   +0.055    0.174
   0.337    0.192 |    +0.041    +0.031 |   +0.041    0.010
  -0.336    0.325 |    +0.135    +0.168 |   +0.168    0.012
  -0.168    0.323 |    -0.022    +0.089 |   +0.089    0.007
  -0.000    0.323 |    -0.043    +0.099 |   +0.099    0.055
   0.168    0.323 |    -0.009    +0.057 |   +0.057    0.008
   0.336    0.324 |    -0.149    +0.169 |   +0.169    0.003

命中 22/25 = 0.88（其中球本来就摆在正中的 2 个，不动眼睛也算命中）
误差：中位 0.054、平均 0.064、最差 0.169 弧度（容差 0.10）
后段抖动的最大值 0.3618 弧度（抖得大 = 眼睛在来回撞，不是稳在一个角度）
