接线 5187 根（移动档 3907、保持档 1280）：分界 0.10、移动档满量程 0.35 推 0.90 弧度、保持档满量程 0.10 推 0.40 弧度、死区 3.0 度、总缩放 3.00
静止时给出的角度（球还没摆）：[0. 0. 0. 0.]

     球方位      球高低 |    yaw 误差  pitch 误差 |       最大     后段抖动
  -0.350   -0.226 |    +0.007    +0.031 |   +0.031    0.066
  -0.170   -0.212 |    -0.074    +0.038 |   +0.074    0.106
   0.000   -0.213 |    +0.007    +0.030 |   +0.030    0.240
   0.170   -0.213 |    -0.034    +0.029 |   +0.034    0.132
   0.340   -0.213 |    +0.021    +0.036 |   +0.036    0.100
  -0.340   -0.076 |    +0.011    +0.018 |   +0.018    0.130
  -0.170   -0.077 |    -0.032    +0.023 |   +0.032    0.309
   0.000   -0.077 |    -0.108    +0.018 |   +0.108    0.297
   0.170   -0.077 |    +0.057    +0.013 |   +0.057    0.221
   0.339   -0.076 |    -0.009    +0.039 |   +0.039    0.187
  -0.339    0.059 |    -0.122    +0.028 |   +0.122    0.174
  -0.169    0.058 |    +0.098    +0.036 |   +0.098    0.388
  -0.000    0.058 |    -0.092    +0.033 |   +0.092    0.453
   0.169    0.058 |    -0.135    +0.034 |   +0.135    0.418
   0.339    0.059 |    +0.019    +0.035 |   +0.035    0.276
  -0.338    0.193 |    -0.013    +0.053 |   +0.053    0.133
  -0.169    0.192 |    -0.010    +0.042 |   +0.042    0.319
   0.000    0.191 |    -0.119    +0.051 |   +0.119    0.278
   0.169    0.191 |    +0.058    +0.057 |   +0.058    0.209
   0.337    0.192 |    -0.009    +0.027 |   +0.027    0.172
  -0.336    0.325 |    +0.059    +0.104 |   +0.104    0.021
  -0.168    0.323 |    -0.050    +0.044 |   +0.050    0.064
  -0.000    0.323 |    -0.027    +0.053 |   +0.053    0.181
   0.168    0.323 |    -0.030    +0.044 |   +0.044    0.105
   0.336    0.324 |    -0.027    +0.058 |   +0.058    0.013

命中 20/25 = 0.80（其中球本来就摆在正中的 2 个，不动眼睛也算命中）
误差：中位 0.053、平均 0.062、最差 0.135 弧度（容差 0.10）
后段抖动的最大值 0.4526 弧度（抖得大 = 眼睛在来回撞，不是稳在一个角度）
