接线 5187 根（移动档 3907、保持档 1280）：分界 0.10、移动档满量程 0.35 推 0.90 弧度、保持档满量程 0.10 推 0.35 弧度、死区 3.0 度、总缩放 2.50
静止时给出的角度（球还没摆）：[0. 0. 0. 0.]

     球方位      球高低 |    yaw 误差  pitch 误差 |       最大     后段抖动
  -0.350   -0.226 |    -0.003    +0.009 |   +0.009 0.018/0.006
  -0.170   -0.212 |    -0.028    +0.014 |   +0.028 0.039/0.026
   0.000   -0.213 |    -0.014    +0.017 |   +0.017 0.080/0.010
   0.170   -0.213 |    -0.011    +0.026 |   +0.026 0.032/0.003
   0.340   -0.213 |    -0.036    +0.020 |   +0.036 0.010/0.008
  -0.340   -0.076 |    -0.026    +0.024 |   +0.026 0.092/0.015
  -0.170   -0.077 |    -0.018    +0.015 |   +0.018 0.157/0.014
  -0.000   -0.077 |    -0.010    +0.011 |   +0.011 0.255/0.011
   0.170   -0.077 |    -0.001    +0.017 |   +0.017 0.180/0.007
   0.339   -0.076 |    +0.026    +0.025 |   +0.026 0.057/0.008
  -0.339    0.059 |    -0.046    +0.035 |   +0.046 0.182/0.011
  -0.169    0.058 |    +0.007    +0.036 |   +0.036 0.346/0.006
  -0.000    0.058 |    +0.001    +0.036 |   +0.036 0.412/0.002
   0.169    0.058 |    +0.003    +0.036 |   +0.036 0.348/0.002
   0.339    0.059 |    +0.021    +0.035 |   +0.035 0.198/0.003
  -0.338    0.193 |    -0.039    +0.049 |   +0.049 0.054/0.011
  -0.169    0.192 |    -0.024    +0.051 |   +0.051 0.134/0.012
  -0.000    0.191 |    -0.003    +0.057 |   +0.057 0.252/0.014
   0.169    0.191 |    -0.003    +0.048 |   +0.048 0.184/0.015
   0.337    0.192 |    +0.031    +0.040 |   +0.040 0.047/0.011
  -0.336    0.325 |    +0.102    +0.140 |   +0.140 0.011/0.010
  -0.168    0.323 |    -0.016    +0.084 |   +0.084 0.004/0.001
  -0.000    0.323 |    -0.021    +0.079 |   +0.079 0.034/0.003
   0.168    0.323 |    -0.016    +0.064 |   +0.064 0.008/0.001
   0.336    0.324 |    -0.121    +0.144 |   +0.144 0.005/0.005

命中 23/25 = 0.92（其中球本来就摆在正中的 2 个，不动眼睛也算命中）
误差：中位 0.036、平均 0.046、最差 0.144 弧度（容差 0.10）
后段抖动：yaw 最大 0.4121、pitch 最大 0.0263 弧度（抖得大 = 眼睛在来回撞，不是稳在一个角度）
