接线 5187 根（yaw 2922、pitch 2265）：增益 0.1 / 移动档推 0.60 弧度 / 保持档推 0.15 弧度 / 分档界线 0.10 弧度 / 死区 3.0 度
静止时给出的角度（球还没摆）：[0. 0. 0. 0.]

     球方位      球高低 |    yaw 误差  pitch 误差 |       最大
  -0.350   -0.226 |    +0.090    -0.041 |   +0.090
  -0.170   -0.212 |    -0.074    -0.014 |   +0.074
   0.000   -0.213 |    -0.019    +0.097 |   +0.097
   0.170   -0.213 |    +0.156    -0.072 |   +0.156
   0.340   -0.213 |    -0.023    +0.027 |   +0.027
  -0.340   -0.076 |    -0.105    -0.007 |   +0.105
  -0.170   -0.077 |    +0.132    -0.029 |   +0.132
  -0.000   -0.077 |    +0.065    -0.017 |   +0.065
   0.170   -0.077 |    -0.203    -0.013 |   +0.203
   0.339   -0.076 |    +0.097    -0.019 |   +0.097
  -0.339    0.059 |    +0.047    +0.041 |   +0.047
  -0.169    0.058 |    -0.051    +0.040 |   +0.051
   0.000    0.058 |    -0.233    +0.039 |   +0.233
   0.169    0.058 |    +0.177    +0.043 |   +0.177
   0.339    0.059 |    -0.102    +0.039 |   +0.102
  -0.338    0.193 |    -0.032    +0.059 |   +0.059
  -0.169    0.192 |    +0.096    +0.048 |   +0.096
   0.000    0.191 |    -0.160    +0.098 |   +0.160
   0.169    0.191 |    -0.111    +0.019 |   +0.111
   0.337    0.192 |    +0.135    +0.092 |   +0.135
  -0.336    0.325 |    +0.084    +0.021 |   +0.084
  -0.168    0.323 |    -0.106    +0.058 |   +0.106
   0.000    0.323 |    -0.015    +0.054 |   +0.054
   0.168    0.323 |    +0.061    +0.091 |   +0.091
   0.336    0.324 |    -0.126    -0.017 |   +0.126

命中 13/25 = 0.52（不动眼睛也能「命中」的正中位 2 个）
误差：中位 0.097、平均 0.107、最差 0.233 弧度（容差 0.10）
