接线 6912 根（移动档 4173、保持档 2739）：分界 0.10、移动档满量程 0.35 推 0.35 弧度、保持档满量程 0.10 推 0.10 弧度、死区 0.5 度、总缩放 2.50、自激勾住 0.00、互压 0.00、眼肌时间 0.200
静止时给出的角度（球还没摆）：[0. 0. 0. 0.]

     球方位      球高低 |    yaw 误差  pitch 误差 |       最大     后段抖动
  -0.350   -0.226 |    +0.016    +0.024 |   +0.024 0.011/0.011
  -0.170   -0.212 |    -0.037    +0.034 |   +0.037 0.023/0.006
   0.000   -0.213 |    -0.027    +0.040 |   +0.040 0.001/0.001
   0.170   -0.213 |    -0.055    +0.042 |   +0.055 0.011/0.007
   0.340   -0.213 |    -0.029    +0.039 |   +0.039 0.006/0.007
  -0.340   -0.076 |    +0.015    +0.044 |   +0.044 0.014/0.005
  -0.170   -0.077 |    -0.048    +0.028 |   +0.048 0.044/0.002
   0.000   -0.077 |    -0.035    +0.026 |   +0.035 0.006/0.000
   0.170   -0.077 |    -0.041    +0.029 |   +0.041 0.023/0.001
   0.339   -0.076 |    +0.003    +0.031 |   +0.031 0.013/0.000
  -0.339    0.059 |    +0.024    +0.033 |   +0.033 0.018/0.009
  -0.169    0.058 |    -0.042    +0.028 |   +0.042 0.056/0.001
   0.000    0.058 |    -0.027    +0.031 |   +0.031 0.006/0.001
   0.169    0.058 |    -0.050    +0.030 |   +0.050 0.019/0.001
   0.339    0.059 |    -0.026    +0.030 |   +0.030 0.021/0.002
  -0.338    0.193 |    +0.039    +0.026 |   +0.039 0.019/0.007
  -0.169    0.192 |    -0.047    +0.046 |   +0.047 0.039/0.007
  -0.000    0.191 |    -0.032    +0.048 |   +0.048 0.005/0.003
   0.169    0.191 |    -0.036    +0.044 |   +0.044 0.025/0.002
   0.337    0.192 |    +0.008    +0.040 |   +0.040 0.009/0.001
  -0.336    0.325 |    +0.088    +0.057 |   +0.088 0.032/0.030
  -0.168    0.323 |    -0.043    +0.039 |   +0.043 0.013/0.030
  -0.000    0.323 |    -0.033    +0.023 |   +0.033 0.006/0.031
   0.168    0.323 |    -0.030    +0.060 |   +0.060 0.009/0.024
   0.336    0.324 |    -0.028    +0.030 |   +0.030 0.009/0.010

命中 25/25 = 1.00（其中球本来就摆在正中的 2 个，不动眼睛也算命中）
误差：中位 0.040、平均 0.042、最差 0.088 弧度（容差 0.10）
后段抖动：yaw 最大 0.0563、pitch 最大 0.0315 弧度（抖得大 = 眼睛在来回撞，不是稳在一个角度）
读数 -> artifacts\眼睛_大表_死区0.5.json
