眼睛画面 48 x 36，眼肌单元 24，眼睛行程 [-0.6  -0.45 -0.6  -0.45] / [0.6  0.45 0.6  0.45]
静止时给出的角度（没看任何东西）：[0. 0. 0. 0.]

      方位       高低 | 命令yaw@10 命令yaw@30 命令yaw@60 命令yaw@120
                  | 真实yaw@10 真实yaw@30 真实yaw@60 真实yaw@120
   0.000    0.055 |   0.011   0.011  -0.003   0.008
                  |   0.005   0.010   0.000   0.006
   0.291    0.061 |   0.013   0.004   0.004  -0.004
                  |   0.010   0.008   0.002  -0.001
  -0.291    0.061 |   0.011   0.009   0.004   0.004
                  |   0.011   0.006  -0.003   0.004
   0.146    0.061 |   0.001  -0.008  -0.022  -0.032
                  |   0.001  -0.004  -0.024  -0.020
  -0.146    0.061 |  -0.008  -0.010  -0.010  -0.006
                  |  -0.004  -0.009  -0.012  -0.007
   0.000    0.300 |  -0.018  -0.032  -0.047  -0.064
                  |  -0.009  -0.030  -0.047  -0.060
   0.000   -0.183 |  -0.052  -0.051  -0.058  -0.059
                  |  -0.032  -0.049  -0.067  -0.056
   0.194    0.234 |  -0.029  -0.018  -0.018  -0.007
                  |  -0.017  -0.023  -0.027  -0.006

参考：命令左右两眼的 yaw 平均 = 靶方位 才算对准；高低那一对看 pitch（第 1、3 个关节）
