接线 5187 根（yaw 2922、pitch 2265）：增益 3 / 移动档推 0.60 弧度 / 保持档推 0.20 弧度 / 分档界线 0.10 弧度 / 死区 3.0 度
静止时给出的角度（球还没摆）：[0. 0. 0. 0.]

     球方位      球高低 |    yaw 误差  pitch 误差 |       最大
  -0.350   -0.226 |    -0.048    +0.101 |   +0.101
  -0.171   -0.212 |    +0.262    -0.035 |   +0.262
  -0.000   -0.212 |    -0.181    -0.027 |   +0.181
   0.170   -0.213 |    -0.037    +0.069 |   +0.069
   0.340   -0.213 |    -0.153    +0.228 |   +0.228
  -0.340   -0.075 |    -0.256    -0.170 |   +0.256
  -0.170   -0.076 |    +0.311    +0.153 |   +0.311
  -0.000   -0.077 |    +0.245    +0.222 |   +0.245
   0.170   -0.077 |    -0.082    -0.146 |   +0.146
   0.340   -0.076 |    +0.185    -0.254 |   +0.254
  -0.339    0.060 |    -0.194    -0.067 |   +0.194
  -0.169    0.059 |    +0.314    +0.206 |   +0.314
  -0.000    0.058 |    -0.035    +0.299 |   +0.299
   0.169    0.058 |    -0.368    +0.166 |   +0.368
   0.339    0.059 |    +0.206    -0.016 |   +0.206
  -0.338    0.193 |    -0.038    +0.327 |   +0.327
  -0.169    0.192 |    -0.291    +0.037 |   +0.291
  -0.000    0.192 |    -0.017    -0.220 |   +0.220
   0.169    0.192 |    +0.142    +0.025 |   +0.142
   0.338    0.193 |    +0.022    +0.208 |   +0.208
  -0.336    0.326 |    -0.110    +0.018 |   +0.110
  -0.168    0.325 |    -0.219    -0.125 |   +0.219
  -0.000    0.324 |    +0.291    -0.041 |   +0.291
   0.168    0.324 |    -0.099    +0.030 |   +0.099
   0.336    0.325 |    +0.146    +0.038 |   +0.146

命中 2/25 = 0.08（不动眼睛也能「命中」的正中位 2 个）
误差：中位 0.220、平均 0.219、最差 0.368 弧度（容差 0.10）
读数 -> artifacts\眼睛_接线_g3.json
