接线 5187 根（移动档 3907、保持档 1280）：分界 0.10、移动档满量程 0.35 推 0.60 弧度、保持档满量程 0.10 推 0.15 弧度、死区 3.0 度、总缩放 1.00
静止时给出的角度（球还没摆）：[0. 0. 0. 0.]

     球方位      球高低 |    yaw 误差  pitch 误差 |       最大     后段抖动
  -0.350   -0.226 |    +0.280    -0.169 |   +0.280    0.000
  -0.170   -0.212 |    +0.104    -0.117 |   +0.117    0.000
   0.000   -0.213 |    -0.007    -0.134 |   +0.134    0.000
   0.170   -0.213 |    -0.119    -0.120 |   +0.120    0.000
   0.340   -0.213 |    -0.272    -0.155 |   +0.272    0.000
  -0.340   -0.076 |    +0.240    -0.050 |   +0.240    0.001
  -0.170   -0.077 |    +0.078    -0.031 |   +0.078    0.000
   0.000   -0.077 |    -0.007    -0.037 |   +0.037    0.000
   0.170   -0.077 |    -0.099    -0.031 |   +0.099    0.000
   0.339   -0.076 |    -0.246    -0.051 |   +0.246    0.000
  -0.339    0.059 |    +0.150    +0.050 |   +0.150    0.000
  -0.169    0.058 |    +0.047    +0.049 |   +0.049    0.002
  -0.000    0.058 |    -0.007    +0.050 |   +0.050    0.001
   0.169    0.058 |    -0.073    +0.048 |   +0.073    0.002
   0.339    0.059 |    -0.151    +0.051 |   +0.151    0.000
  -0.338    0.193 |    +0.257    +0.160 |   +0.257    0.000
  -0.169    0.192 |    +0.086    +0.130 |   +0.130    0.001
  -0.000    0.191 |    -0.010    +0.135 |   +0.135    0.000
   0.169    0.191 |    -0.102    +0.130 |   +0.130    0.000
   0.337    0.192 |    -0.256    +0.159 |   +0.256    0.000
  -0.336    0.325 |    +0.287    +0.287 |   +0.287    0.000
  -0.168    0.323 |    +0.118    +0.246 |   +0.246    0.000
  -0.000    0.323 |    -0.003    +0.256 |   +0.256    0.000
   0.168    0.323 |    -0.124    +0.245 |   +0.245    0.000
   0.336    0.324 |    -0.282    +0.283 |   +0.283    0.000

命中 6/25 = 0.24（其中球本来就摆在正中的 2 个，不动眼睛也算命中）
误差：中位 0.150、平均 0.173、最差 0.287 弧度（容差 0.10）
后段抖动的最大值 0.0022 弧度（抖得大 = 眼睛在来回撞，不是稳在一个角度）
读数 -> artifacts\眼睛_接线_归一.json
