接线 5187 根（移动档 3907、保持档 1280）：分界 0.10、移动档满量程 0.35 推 1.00 弧度、保持档满量程 0.10 推 0.40 弧度、死区 3.0 度、总缩放 3.50、自激勾住 0.90、互压 0.30、眼肌时间 0.200
静止时给出的角度（球还没摆）：[0. 0. 0. 0.]

     球方位      球高低 |    yaw 误差  pitch 误差 |       最大     后段抖动
  -0.350   -0.226 |    -0.163    -0.011 |   +0.163 0.102/0.139
  -0.170   -0.212 |    -0.069    -0.062 |   +0.069 0.210/0.070
   0.000   -0.213 |    +0.141    -0.025 |   +0.141 0.125/0.086
   0.170   -0.213 |    -0.227    +0.158 |   +0.227 0.137/0.097
   0.340   -0.213 |    +0.013    +0.205 |   +0.205 0.174/0.045
  -0.340   -0.076 |    -0.227    +0.173 |   +0.227 0.057/0.040
  -0.170   -0.077 |    -0.260    +0.129 |   +0.260 0.162/0.088
   0.000   -0.077 |    -0.237    -0.064 |   +0.237 0.158/0.095
   0.170   -0.077 |    -0.281    -0.198 |   +0.281 0.121/0.050
   0.339   -0.076 |    -0.179    -0.021 |   +0.179 0.124/0.152
  -0.339    0.059 |    -0.261    -0.161 |   +0.261 0.000/0.153
  -0.169    0.058 |    -0.342    -0.025 |   +0.342 0.065/0.173
  -0.000    0.058 |    -0.380    +0.063 |   +0.380 0.115/0.150
   0.169    0.058 |    -0.307    +0.157 |   +0.307 0.075/0.138
   0.339    0.059 |    -0.074    +0.255 |   +0.255 0.153/0.108
  -0.338    0.193 |    -0.262    +0.078 |   +0.262 0.002/0.069
  -0.169    0.192 |    -0.344    +0.114 |   +0.344 0.093/0.036
   0.000    0.191 |    -0.398    +0.035 |   +0.398 0.116/0.101
   0.169    0.191 |    -0.374    -0.149 |   +0.374 0.075/0.117
   0.337    0.192 |    -0.009    -0.193 |   +0.193 0.193/0.089
  -0.336    0.325 |    -0.099    -0.116 |   +0.116 0.132/0.018
  -0.168    0.323 |    -0.167    -0.095 |   +0.167 0.173/0.042
  -0.000    0.323 |    -0.119    -0.076 |   +0.119 0.152/0.047
   0.168    0.323 |    -0.235    -0.048 |   +0.235 0.122/0.044
   0.336    0.324 |    -0.208    -0.004 |   +0.208 0.061/0.044

命中 1/25 = 0.04（其中球本来就摆在正中的 2 个，不动眼睛也算命中）
误差：中位 0.235、平均 0.238、最差 0.398 弧度（容差 0.10）
后段抖动：yaw 最大 0.2096、pitch 最大 0.1735 弧度（抖得大 = 眼睛在来回撞，不是稳在一个角度）
