接线 5187 根（移动档 3907、保持档 1280）：分界 0.10、移动档满量程 0.35 推 1.00 弧度、保持档满量程 0.10 推 0.40 弧度、死区 3.0 度、总缩放 3.50、自激勾住 0.98、互压 0.30、眼肌时间 0.200
静止时给出的角度（球还没摆）：[0. 0. 0. 0.]

     球方位      球高低 |    yaw 误差  pitch 误差 |       最大     后段抖动
  -0.350   -0.226 |    -0.250    +0.196 |   +0.250 0.000/0.044
  -0.170   -0.212 |    -0.034    +0.169 |   +0.169 0.057/0.008
   0.000   -0.213 |    -0.014    +0.050 |   +0.050 0.011/0.009
   0.170   -0.213 |    +0.098    +0.126 |   +0.126 0.012/0.003
   0.340   -0.213 |    -0.017    +0.097 |   +0.097 0.027/0.002
  -0.340   -0.076 |    +0.669    +0.139 |   +0.669 0.017/0.011
  -0.170   -0.077 |    -0.126    +0.108 |   +0.126 0.102/0.019
   0.000   -0.077 |    -0.011    +0.080 |   +0.080 0.044/0.032
   0.170   -0.077 |    +0.075    +0.035 |   +0.075 0.027/0.001
   0.339   -0.076 |    +0.104    +0.075 |   +0.104 0.014/0.007
  -0.339    0.059 |    +0.611    +0.182 |   +0.611 0.019/0.006
  -0.169    0.058 |    -0.078    +0.121 |   +0.121 0.084/0.060
  -0.000    0.058 |    -0.006    +0.020 |   +0.020 0.038/0.062
   0.169    0.058 |    +0.106    -0.075 |   +0.106 0.011/0.023
   0.339    0.059 |    +0.121    +0.010 |   +0.121 0.011/0.014
  -0.338    0.193 |    +0.564    +0.089 |   +0.564 0.041/0.004
  -0.169    0.192 |    -0.004    +0.018 |   +0.018 0.054/0.023
  -0.000    0.191 |    +0.004    -0.059 |   +0.059 0.044/0.007
   0.169    0.191 |    +0.012    -0.025 |   +0.025 0.040/0.009
   0.337    0.192 |    +0.125    +0.014 |   +0.125 0.003/0.002
  -0.336    0.325 |    +0.532    +0.120 |   +0.532 0.045/0.006
  -0.168    0.323 |    -0.009    -0.127 |   +0.127 0.051/0.000
  -0.000    0.323 |    -0.023    -0.012 |   +0.023 0.006/0.001
   0.168    0.323 |    -0.128    -0.055 |   +0.128 0.037/0.002
   0.336    0.324 |    +0.136    -0.064 |   +0.136 0.014/0.001

命中 9/25 = 0.36（其中球本来就摆在正中的 2 个，不动眼睛也算命中）
误差：中位 0.121、平均 0.178、最差 0.669 弧度（容差 0.10）
后段抖动：yaw 最大 0.1021、pitch 最大 0.0622 弧度（抖得大 = 眼睛在来回撞，不是稳在一个角度）
