接线 5400 根（移动档 4524、保持档 876）：分界 0.10、移动档满量程 0.35 推 0.35 弧度、保持档满量程 0.10 推 0.10 弧度、死区 3.0 度、总缩放 1.00、自激勾住 0.00、互压 0.00、眼肌时间 0.200、每眼独立 True
静止时给出的角度（球还没摆）：[0. 0. 0. 0.]

     球方位      球高低 |  左眼 yaw/pitch |  右眼 yaw/pitch |     后段抖动
  -0.350   -0.248 | +0.389/-0.168 盲 | +0.098/-0.112 看 | 0.023
  -0.170   -0.235 | +0.101/-0.087 看 | +0.015/-0.070 看 | 0.020
   0.000   -0.235 | +0.016/-0.073 看 | -0.085/-0.085 看 | 0.017
   0.170   -0.236 | -0.071/-0.079 看 | -0.187/-0.109 看 | 0.011
   0.340   -0.236 | -0.147/-0.095 看 | -0.399/-0.146 盲 | 0.008
  -0.339   -0.099 | +0.277/-0.072 盲 | +0.072/-0.040 看 | 0.004
  -0.170   -0.101 | +0.078/-0.044 看 | +0.011/-0.034 看 | 0.015
  -0.000   -0.101 | +0.005/-0.036 看 | -0.070/-0.042 看 | 0.011
   0.169   -0.102 | -0.053/-0.039 看 | -0.161/-0.057 看 | 0.016
   0.339   -0.101 | -0.129/-0.049 看 | -0.317/-0.076 盲 | 0.007
  -0.338    0.034 | +0.260/-0.005 盲 | +0.067/+0.005 看 | 0.020
  -0.169    0.032 | +0.080/+0.003 看 | +0.003/+0.005 看 | 0.005
  -0.000    0.031 | +0.018/+0.005 看 | -0.079/+0.003 看 | 0.012
   0.169    0.031 | -0.059/+0.003 看 | -0.145/-0.002 看 | 0.002
   0.338    0.032 | -0.122/+0.001 看 | -0.276/-0.007 盲 | 0.002
  -0.336    0.166 | +0.271/+0.079 盲 | +0.075/+0.059 看 | 0.016
  -0.168    0.164 | +0.093/+0.063 看 | +0.005/+0.057 看 | 0.009
  -0.000    0.163 | +0.016/+0.057 看 | -0.081/+0.060 看 | 0.011
   0.168    0.163 | -0.057/+0.058 看 | -0.169/+0.070 看 | 0.009
   0.336    0.165 | -0.133/+0.064 看 | -0.325/+0.079 盲 | 0.003
  -0.334    0.298 | +0.378/+0.148 盲 | +0.101/+0.111 看 | 0.023
  -0.167    0.296 | +0.141/+0.121 看 | +0.015/+0.107 看 | 0.048
  -0.000    0.295 | +0.009/+0.098 看 | -0.081/+0.109 看 | 0.045
   0.167    0.295 | -0.054/+0.105 看 | -0.230/+0.135 看 | 0.042
   0.334    0.297 | -0.159/+0.122 看 | -0.415/+0.149 盲 | 0.010

命中 10/25 = 0.40（每只眼对着自己的目标算；标「盲」的那只眼看不见球，不判它）
误差：中位 0.083、平均 0.096、最差 0.230 弧度（容差 0.10）
后段抖动：最大 0.0480 弧度（抖得大 = 眼睛在来回撞，不是稳在一个角度）
