接线 5187 根（移动档 3907、保持档 1280）：分界 0.10、移动档满量程 0.35 推 1.00 弧度、保持档满量程 0.10 推 0.40 弧度、死区 3.0 度、总缩放 3.50、自激勾住 0.00、互压 0.30、眼肌时间 0.050
静止时给出的角度（球还没摆）：[0. 0. 0. 0.]

     球方位      球高低 |    yaw 误差  pitch 误差 |       最大     后段抖动
  -0.350   -0.226 |    -0.008    +0.013 |   +0.013 0.049/0.035
  -0.170   -0.212 |    -0.094    +0.037 |   +0.094 0.183/0.029
   0.000   -0.213 |    -0.103    +0.025 |   +0.103 0.148/0.017
   0.170   -0.213 |    -0.022    +0.031 |   +0.031 0.046/0.018
   0.340   -0.213 |    -0.020    +0.037 |   +0.037 0.021/0.019
  -0.340   -0.076 |    -0.031    +0.011 |   +0.031 0.101/0.024
  -0.170   -0.077 |    -0.162    +0.009 |   +0.162 0.237/0.011
   0.000   -0.077 |    -0.103    +0.014 |   +0.103 0.334/0.019
   0.170   -0.077 |    -0.072    +0.017 |   +0.072 0.144/0.012
   0.339   -0.076 |    +0.032    +0.033 |   +0.033 0.054/0.008
  -0.339    0.059 |    -0.022    +0.024 |   +0.024 0.242/0.022
  -0.169    0.058 |    -0.206    +0.023 |   +0.206 0.260/0.014
   0.000    0.058 |    -0.000    +0.032 |   +0.032 0.458/0.021
   0.169    0.058 |    -0.131    +0.038 |   +0.131 0.421/0.009
   0.339    0.059 |    -0.064    +0.025 |   +0.064 0.190/0.010
  -0.338    0.193 |    -0.068    +0.029 |   +0.068 0.193/0.071
  -0.169    0.192 |    -0.103    +0.036 |   +0.103 0.316/0.079
   0.000    0.191 |    +0.090    +0.054 |   +0.090 0.235/0.060
   0.169    0.191 |    -0.088    +0.035 |   +0.088 0.179/0.095
   0.337    0.192 |    -0.022    -0.032 |   +0.032 0.092/0.090
  -0.336    0.325 |    -0.019    +0.040 |   +0.040 0.045/0.033
  -0.168    0.323 |    -0.105    +0.016 |   +0.105 0.144/0.011
  -0.000    0.323 |    -0.119    +0.047 |   +0.119 0.147/0.012
   0.168    0.323 |    -0.060    +0.011 |   +0.060 0.111/0.026
   0.336    0.324 |    -0.007    +0.011 |   +0.011 0.007/0.016

命中 17/25 = 0.68（其中球本来就摆在正中的 2 个，不动眼睛也算命中）
误差：中位 0.068、平均 0.074、最差 0.206 弧度（容差 0.10）
后段抖动：yaw 最大 0.4576、pitch 最大 0.0946 弧度（抖得大 = 眼睛在来回撞，不是稳在一个角度）
