接线 5400 根（移动档 4524、保持档 876）：分界 0.10、移动档满量程 0.35 推 0.35 弧度、保持档满量程 0.10 推 0.10 弧度、死区 3.0 度、总缩放 1.00、自激勾住 0.00、互压 0.00、眼肌时间 0.200、每眼独立 True
静止时给出的角度（球还没摆）：[0. 0. 0. 0.]

     球方位      球高低 |  左眼 yaw/pitch |  右眼 yaw/pitch |     后段抖动
  -0.350   -0.248 | +0.440/-0.176 盲 | +0.098/-0.107 看 | 0.017
  -0.170   -0.233 | +0.107/-0.102 看 | -0.031/-0.079 看 | 0.020
   0.000   -0.234 | -0.013/-0.081 看 | -0.103/-0.080 看 | 0.031
   0.170   -0.234 | -0.081/-0.080 看 | -0.204/-0.107 看 | 0.030
   0.340   -0.234 | -0.157/-0.087 看 | -0.395/-0.145 盲 | 0.017
  -0.340   -0.097 | +0.530/-0.123 盲 | +0.046/-0.010 看 | 0.019
  -0.170   -0.098 | +0.085/-0.044 看 | -0.039/-0.062 看 | 0.037
   0.000   -0.099 | -0.029/-0.048 看 | -0.100/-0.049 看 | 0.039
   0.170   -0.098 | -0.089/-0.060 看 | -0.164/-0.050 看 | 0.030
   0.340   -0.098 | -0.156/-0.044 看 | -0.313/-0.074 盲 | 0.018
  -0.339    0.038 | +0.449/-0.008 盲 | +0.028/+0.020 看 | 0.014
  -0.169    0.037 | +0.098/+0.002 看 | -0.043/+0.003 看 | 0.058
  -0.000    0.036 | -0.038/+0.005 看 | -0.100/+0.003 看 | 0.050
   0.169    0.036 | -0.073/+0.003 看 | -0.169/+0.003 看 | 0.048
   0.339    0.037 | -0.155/+0.004 看 | -0.276/-0.004 盲 | 0.018
  -0.338    0.172 | +0.550/+0.116 盲 | +0.050/+0.067 看 | 0.025
  -0.169    0.171 | +0.093/+0.059 看 | -0.043/+0.057 看 | 0.024
  -0.000    0.170 | -0.023/+0.066 看 | -0.105/+0.057 看 | 0.027
   0.169    0.170 | -0.081/+0.061 看 | -0.172/+0.068 看 | 0.018
   0.338    0.171 | -0.152/+0.062 看 | -0.332/+0.080 盲 | 0.009
  -0.336    0.305 | +0.613/+0.286 盲 | +0.129/+0.114 看 | 0.021
  -0.168    0.304 | +0.183/+0.137 看 | -0.009/+0.122 看 | 0.034
  -0.000    0.303 | +0.007/+0.130 看 | -0.102/+0.101 看 | 0.038
   0.168    0.303 | -0.076/+0.080 看 | -0.230/+0.130 看 | 0.037
   0.336    0.304 | -0.152/+0.120 看 | -0.425/+0.150 盲 | 0.016

命中 8/25 = 0.32（每只眼对着自己的目标算；标「盲」的那只眼看不见球，不判它）
误差：中位 0.100、平均 0.107、最差 0.230 弧度（容差 0.10）
后段抖动：最大 0.0578 弧度（抖得大 = 眼睛在来回撞，不是稳在一个角度）
