接线 6180 根（移动档 4524、保持档 1656）：分界 0.10、移动档满量程 0.35 推 0.60 弧度、保持档满量程 0.10 推 0.15 弧度、死区 1.5 度、总缩放 1.40、自激勾住 0.00、互压 0.00、眼肌时间 0.200、每眼独立 True
静止时给出的角度（球还没摆）：[0. 0. 0. 0.]

     球方位      球高低 |  左眼 yaw/pitch |  右眼 yaw/pitch |     后段抖动
  -0.350   -0.248 | +0.115/-0.080 盲 | +0.073/-0.095 看 | 0.122
  -0.170   -0.235 | +0.045/-0.085 看 | +0.002/-0.063 看 | 0.116
   0.000   -0.235 | +0.007/-0.066 看 | -0.058/-0.064 看 | 0.158
   0.170   -0.236 | -0.050/-0.060 看 | -0.119/-0.062 看 | 0.137
   0.340   -0.236 | -0.089/-0.068 看 | -0.216/-0.093 盲 | 0.120
  -0.339   -0.099 | +0.087/-0.041 盲 | +0.056/-0.065 看 | 0.119
  -0.170   -0.101 | +0.060/-0.037 看 | -0.021/-0.065 看 | 0.140
  -0.000   -0.101 | +0.002/-0.020 看 | -0.040/-0.049 看 | 0.145
   0.169   -0.102 | -0.044/-0.040 看 | -0.103/-0.047 看 | 0.156
   0.339   -0.101 | -0.081/-0.047 看 | -0.158/-0.049 盲 | 0.135
  -0.338    0.034 | +0.076/-0.006 盲 | +0.060/-0.018 看 | 0.131
  -0.169    0.032 | +0.060/-0.009 看 | -0.013/+0.015 看 | 0.199
  -0.000    0.031 | +0.012/-0.000 看 | -0.057/+0.012 看 | 0.191
   0.169    0.031 | -0.035/+0.008 看 | -0.100/-0.013 看 | 0.198
   0.338    0.032 | -0.089/-0.016 看 | -0.149/-0.010 盲 | 0.177
  -0.336    0.166 | +0.081/+0.037 盲 | +0.048/+0.038 看 | 0.124
  -0.168    0.164 | +0.057/+0.034 看 | -0.020/+0.040 看 | 0.170
  -0.000    0.163 | +0.005/+0.039 看 | -0.034/+0.040 看 | 0.154
   0.168    0.163 | -0.028/+0.043 看 | -0.099/+0.038 看 | 0.198
   0.336    0.165 | -0.079/+0.041 看 | -0.163/+0.043 盲 | 0.133
  -0.334    0.298 | +0.139/+0.095 盲 | +0.044/+0.071 看 | 0.088
  -0.167    0.296 | +0.061/+0.070 看 | -0.005/+0.095 看 | 0.116
  -0.000    0.295 | -0.003/+0.080 看 | -0.054/+0.081 看 | 0.050
   0.167    0.295 | -0.042/+0.089 看 | -0.120/+0.088 看 | 0.114
   0.334    0.297 | -0.082/+0.089 看 | -0.264/+0.116 盲 | 0.113

命中 22/25 = 0.88（每只眼对着自己的目标算；标「盲」的那只眼看不见球，不判它）
误差：中位 0.065、平均 0.067、最差 0.120 弧度（容差 0.10）
后段抖动：最大 0.1993 弧度（抖得大 = 眼睛在来回撞，不是稳在一个角度）
