鐞冭壊 red锛?.9 绫宠繙锛岀洿寰?0.06 绫筹紱鎵?936 涓綅缃紙宸﹀彸 36 x 涓婁笅 26锛夛紝姣忎釜鍋?12 姝ヨ 6 姝?
灞傜殑澶у皬锛歳etinal_opponent 10368銆乺etinal_contrast 1504銆乥inocular 4480銆乺etinal_memory 48銆乺etina 18

=== 1. 瑙嗙綉鑶滀笂浜殑鏄柟鍧楄繕鏄垪锛燂紙宸︾溂绾㈤€氶亾锛岀悆鍦?0.00, 0.00 寮у害锛?==
    012345678901234567890123456789012345678901234567
  0                                                 
  1                                                 
  2                                                 
  3                                                 
  4                                                 
  5                                                 
  6                                                 
  7                                                 
  8                                                 
  9                                                 
 10                                                 
 11                                                 
 12                                                 
 13                                                 
 14                                                 
 15                                 .--             
 16                                #@@@%            
 17                               -@@@@@:           
 18                              .@@@@@@@           
 19                              +@@@@@@@           
 20                              @@@@@@#%.          
 21                              %+*@%@%@=          
 22                             :=%@#@@%@-          
 23                             .+*@@@@@@-          
 24                              +=+@#@@@.          
 25                              .##@@@%+           
 26                                .=*#-            
 27                                                 
 28                                                 
 29                                                 
 30                                                 
 31                                                 
 32                                                 
 33                                                 
 34                                                 
 35                                                 
鏂瑰潡鑼冨洿锛氱 16~26 琛屻€佺 29~36 鍒楋紝鍏?72 涓粏鑳烇紙鏁村箙鍥炬槸 36 x 48 = 1728 涓級
鏈€浜偅涓€琛屾湁 8 涓粏鑳炰寒锛涙渶浜偅涓€鍒楁湁 11 涓粏鑳炰寒锛堟墍浠ユ槸鍧楋紝涓嶆槸鍒楋級

=== 1b. 姣忎竴涓綅缃笂鐨勪寒鍧椾腑蹇冿紙宸︾溂锛?==
楂樹綆\鏂逛綅  -28.6  -27.0  -25.4  -23.7  -22.1  -20.5  -18.8  -17.2  -15.6  -13.9  -12.3  -10.6   -9.0   -7.4   -5.7   -4.1   -2.5   -0.8    0.8    2.5    4.1    5.7    7.4    9.0   10.6   12.3   13.9   15.6   17.2   18.8   20.5   22.1   23.7   25.4   27.0   28.6
  -28.6    nan    nan    nan    nan    nan    nan    nan    nan    nan    nan    nan    nan    nan    nan    nan    nan    nan    nan    nan    nan    nan    nan    nan    nan    nan    nan    nan    nan    nan    nan    nan    nan    nan    nan    nan    nan
           nan    nan    nan    nan    nan    nan    nan    nan    nan    nan    nan    nan    nan    nan    nan    nan    nan    nan    nan    nan    nan    nan    nan    nan    nan    nan    nan    nan    nan    nan    nan    nan    nan    nan    nan    nan
  -26.4    nan    nan    nan    nan    nan    nan    nan    nan    nan    nan    nan    nan    nan    nan    nan    nan    nan    nan    nan    nan    nan    nan    nan    nan    nan    nan    nan    nan    nan    nan    nan    nan    nan    nan    nan    nan
           nan    nan    nan    nan    nan    nan    nan    nan    nan    nan    nan    nan    nan    nan    nan    nan    nan    nan    nan    nan    nan    nan    nan    nan    nan    nan    nan    nan    nan    nan    nan    nan    nan    nan    nan    nan
  -24.1    nan    nan    nan    nan    nan    nan    nan    nan    nan    nan    nan    nan    nan    nan    nan    nan    nan    nan    nan    nan    nan    nan    nan    nan    nan    nan    nan    nan    nan    nan    nan    nan    nan    nan    nan    nan
           nan    nan    nan    nan    nan    nan    nan    nan    nan    nan    nan    nan    nan    nan    nan    nan    nan    nan    nan    nan    nan    nan    nan    nan    nan    nan    nan    nan    nan    nan    nan    nan    nan    nan    nan    nan
  -21.8    nan    nan    nan    nan    nan   47.0   46.6   46.0   45.0   44.4   43.5   42.5   41.8   40.5   39.5   38.5   37.0   35.2   34.0   32.0   29.6   27.0   24.1   21.1   18.1   15.6   13.6   11.6   10.1    8.6    7.6    nan    nan    nan    nan    nan
           nan    nan    nan    nan    nan   35.0   35.0   35.0   35.0   35.0   35.0   35.0   35.0   35.0   35.0   35.0   35.0   35.0   35.0   35.0   35.0   35.0   35.0   35.0   35.0   35.0   35.0   35.0   35.0   35.0   35.0    nan    nan    nan    nan    nan
  -19.5    nan    nan    nan    nan   47.0   46.7   46.5   46.0   45.0   44.4   43.5   42.4   41.5   40.5   39.3   38.0   36.7   35.1   33.6   31.5   28.9   26.4   23.7   21.2   18.6   15.9   13.8   11.9   10.4    8.9    7.2    6.5    5.3    4.0    3.1    2.4
           nan    nan    nan    nan   35.0   35.0   35.0   34.8   34.8   34.7   34.7   34.6   34.6   34.5   34.6   34.5   34.6   34.6   34.6   34.6   34.6   34.6   34.6   34.6   34.7   34.7   34.7   34.7   34.7   34.8   35.0   35.0   35.0   35.0   35.0   35.0
  -17.2    nan    nan    nan    nan   47.0   46.8   46.5   45.9   45.0   44.3   43.4   42.5   41.5   40.5   39.3   38.1   36.7   35.1   33.4   31.1   28.9   26.2   23.6   20.9   18.3   15.9   13.6   11.9   10.1    8.6    7.1    6.0    5.0    3.9    2.7    1.7
           nan    nan    nan    nan   34.4   34.1   34.1   34.1   34.1   34.1   34.1   34.1   34.0   34.0   34.0   33.9   34.0   34.0   34.0   34.0   34.0   34.0   34.0   34.0   34.1   34.1   34.1   34.1   34.2   34.2   34.3   34.4   34.5   34.6   34.6   34.6
  -14.9    nan    nan    nan    nan   47.0   46.8   46.5   46.0   45.1   44.1   43.3   42.4   41.5   40.4   39.2   38.1   36.6   35.1   33.2   31.0   28.7   26.1   23.5   20.9   18.2   15.6   13.4   11.7    9.9    8.4    7.0    5.9    4.9    3.8    2.6    1.6
           nan    nan    nan    nan   33.4   33.2   33.2   33.4   33.2   33.1   33.0   33.0   33.0   32.9   32.8   32.8   32.8   32.8   32.8   32.8   32.8   32.8   32.9   33.0   33.0   33.1   33.2   33.2   33.3   33.4   33.5   33.6   33.7   33.9   34.1   34.1
  -12.6    nan    nan    nan   47.0   47.0   46.7   46.4   46.0   45.0   44.1   43.3   42.5   41.5   40.2   39.2   38.1   36.6   35.1   33.2   31.0   28.6   26.0   23.3   20.6   18.0   15.6   13.4   11.6   10.0    8.5    7.1    6.0    4.8    3.7    2.6    1.7
           nan    nan    nan   32.0   31.9   31.8   32.2   32.0   31.8   31.8   31.7   31.7   31.7   31.6   31.6   31.5   31.5   31.5   31.5   31.5   31.5   31.6   31.6   31.6   31.6   31.7   31.7   31.8   31.9   32.2   32.3   32.4   32.5   32.5   32.6   32.9
  -10.3    nan    nan    nan   47.0   47.0   46.7   46.3   45.9   45.0   44.1   43.1   42.3   41.2   40.3   38.9   37.8   36.5   34.9   33.2   30.9   28.4   25.9   23.1   20.4   17.8   15.5   13.4   11.7   10.1    8.5    7.1    5.9    4.8    3.7    2.6    1.6
           nan    nan    nan   30.6   30.4   30.4   30.4   30.6   30.5   30.2   30.2   30.2   30.2   30.2   30.2   30.1   30.1   30.1   30.0   30.1   30.1   30.1   30.2   30.2   30.2   30.3   30.4   30.4   30.5   30.5   30.7   30.8   30.8   31.0   31.3   31.4
   -8.0    nan    nan    nan   47.0   47.0   46.6   46.3   45.8   45.0   44.1   43.1   42.3   41.2   40.2   39.1   37.8   36.4   34.8   33.0   30.8   28.3   25.8   23.2   20.4   17.8   15.6   13.3   11.7   10.0    8.6    7.0    5.9    4.9    3.8    2.7    1.6
           nan    nan    nan   29.0   28.4   28.7   28.9   29.0   28.9   28.8   28.8   28.7   28.7   28.7   28.6   28.6   28.5   28.5   28.5   28.6   28.6   28.6   28.6   28.7   28.8   28.8   28.9   28.9   28.9   29.0   29.0   29.0   29.1   29.3   29.4   29.7
   -5.7    nan    nan    nan   47.0   47.0   46.6   46.4   45.7   45.0   44.0   43.0   42.2   41.0   40.1   38.9   37.7   36.3   34.7   32.9   30.8   28.2   25.8   23.1   20.4   17.8   15.5   13.3   11.6   10.0    8.6    7.1    6.0    4.8    3.7    2.7    1.7
           nan    nan    nan   27.4   26.8   26.8   26.7   26.8   26.7   26.6   26.6   26.6   26.6   26.5   26.5   26.6   26.6   26.5   26.6   26.6   26.6   26.6   26.6   26.6   26.6   26.7   26.7   26.7   26.8   27.0   27.1   27.1   27.2   27.2   27.3   27.3
   -3.4    nan    nan    nan   47.0   47.0   46.6   46.3   45.6   44.9   44.0   43.0   42.0   40.9   40.0   38.9   37.6   36.3   34.7   32.8   30.7   28.3   25.7   23.0   20.4   17.7   15.5   13.3   11.5   10.1    8.6    7.1    6.0    4.9    3.8    2.7    1.7
           nan    nan    nan   24.4   23.8   23.8   24.0   24.0   24.0   24.0   23.9   23.9   24.0   23.9   23.9   23.9   23.9   23.7   23.9   23.8   23.8   23.9   23.9   23.9   24.0   24.0   24.0   24.1   24.1   24.1   24.2   24.3   24.3   24.2   24.3   24.5
   -1.1    nan    nan    nan   47.0   47.0   46.6   46.3   45.6   44.9   43.9   43.0   42.0   41.0   40.0   38.9   37.6   36.2   34.6   32.9   30.8   28.2   25.7   23.1   20.4   17.8   15.5   13.2   11.6   10.0    8.6    7.1    6.0    4.9    3.8    2.8    1.7
           nan    nan    nan   20.9   20.2   20.4   20.5   20.9   20.7   20.6   20.6   20.7   20.8   20.7   20.7   20.7   20.9   20.7   20.7   20.8   20.8   20.8   20.9   20.8   20.8   20.9   20.8   20.8   20.8   20.7   20.8   20.8   20.8   20.7   20.7   20.8
    1.1    nan    nan    nan   47.0   47.0   46.6   46.2   45.6   44.8   43.9   42.9   42.0   41.0   39.9   38.9   37.6   36.3   34.7   32.9   30.7   28.2   25.7   23.0   20.4   17.7   15.5   13.3   11.5   10.0    8.6    7.1    6.0    4.9    3.8    2.7    1.7
           nan    nan    nan   17.3   16.6   16.9   17.1   17.3   17.3   17.3   17.3   17.3   17.4   17.5   17.5   17.4   17.4   17.3   17.5   17.4   17.5   17.5   17.5   17.6   17.5   17.5   17.5   17.5   17.5   17.5   17.4   17.3   17.3   17.1   17.2   17.1
    3.4    nan    nan    nan   47.0   47.0   46.6   46.2   45.6   44.9   44.0   42.9   41.9   40.9   40.0   38.9   37.6   36.2   34.7   32.8   30.7   28.2   25.7   23.0   20.3   17.6   15.5   13.2   11.5   10.0    8.6    7.1    6.0    4.9    3.8    2.8    1.7
           nan    nan    nan   12.9   13.1   13.7   13.7   13.9   13.9   14.0   14.1   14.1   14.1   14.3   14.3   14.2   14.3   14.4   14.3   14.4   14.4   14.4   14.4   14.3   14.3   14.2   14.1   14.0   14.0   14.0   13.9   13.6   13.6   13.5   13.6   13.5
    5.7    nan    nan    nan   47.0   47.0   46.7   46.3   45.7   44.8   44.0   43.0   42.1   41.0   40.0   38.9   37.6   36.4   34.8   33.0   30.9   28.4   25.9   23.1   20.4   17.7   15.5   13.2   11.6   10.1    8.6    7.2    6.0    4.9    3.8    2.7    1.7
           nan    nan    nan   10.4   10.2   10.3   10.6   10.7   10.7   10.8   10.9   11.0   11.0   11.1   11.2   11.0   11.1   11.1   11.2   11.1   11.2   11.2   11.2   11.2   11.1   11.0   10.9   10.8   10.8   10.7   10.5   10.4   10.3   10.2   10.2    9.8
    8.0    nan    nan    nan   47.0   47.0   46.7   46.3   45.6   44.9   44.0   43.1   42.1   40.9   40.0   38.9   37.7   36.4   34.8   33.0   30.9   28.5   25.8   23.1   20.4   17.8   15.6   13.4   11.6   10.1    8.7    7.3    6.1    5.0    3.9    2.8    1.9
           nan    nan    nan    7.9    7.3    7.6    7.8    8.2    8.0    8.2    8.3    8.3    8.3    8.4    8.4    8.5    8.5    8.5    8.5    8.5    8.5    8.5    8.5    8.4    8.4    8.4    8.3    8.2    8.2    8.0    7.8    7.6    7.4    7.4    7.3    7.1
   10.3    nan    nan    nan   47.0   47.0   46.6   46.3   45.7   44.9   44.0   43.1   42.1   41.1   40.1   39.0   37.6   36.4   34.7   33.0   30.9   28.5   25.9   23.2   20.5   17.9   15.7   13.3   11.6   10.0    8.7    7.2    6.1    5.0    4.0    2.8    1.8
           nan    nan    nan    5.9    5.3    5.7    5.9    5.9    5.9    6.1    6.2    6.3    6.4    6.4    6.4    6.5    6.6    6.6    6.6    6.6    6.6    6.6    6.5    6.4    6.4    6.2    6.2    6.0    5.9    5.9    5.8    5.7    5.8    5.5    5.2    5.1
   12.6    nan    nan    nan   47.0   47.0   46.6   46.3   45.7   45.0   44.1   43.1   42.1   41.2   40.2   39.0   37.9   36.5   34.8   33.1   31.0   28.7   26.0   23.3   20.6   18.0   15.7   13.3   11.7   10.2    8.8    7.3    6.1    5.0    4.0    2.9    1.8
           nan    nan    nan    4.5    3.8    4.1    4.4    4.4    4.3    4.4    4.6    4.6    4.8    4.7    4.8    4.9    4.9    4.9    4.9    4.9    4.9    4.9    4.8    4.8    4.8    4.7    4.6    4.5    4.4    4.3    4.3    4.1    3.8    3.6    3.5    3.4
   14.9    nan    nan    nan   47.0   47.0   46.7   46.5   45.9   45.0   44.1   43.1   42.3   41.3   40.3   39.1   38.0   36.6   35.0   33.1   31.3   28.6   26.0   23.3   20.7   18.1   15.7   13.5   11.7   10.2    8.8    7.3    6.1    5.0    4.0    3.0    2.0
           nan    nan    nan    3.0    2.8    2.4    2.7    2.8    3.0    3.1    3.1    3.2    3.3    3.4    3.4    3.4    3.4    3.4    3.5    3.4    3.4    3.4    3.4    3.3    3.3    3.2    3.2    3.1    3.1    2.9    2.8    2.5    2.4    2.2    2.1    2.1
   17.2    nan    nan    nan   47.0   47.0   46.7   46.5   46.0   45.0   44.1   43.1   42.3   41.3   40.4   39.2   38.1   36.6   35.1   33.6   31.5   29.0   26.2   23.5   20.8   18.1   15.9   13.7   11.7   10.3    8.9    7.2    6.2    5.0    4.0    3.0    1.8
           nan    nan    nan    1.6    1.5    1.4    1.6    1.6    1.7    1.9    1.9    1.9    1.9    2.0    2.1    2.2    2.1    2.2    2.2    2.2    2.2    2.1    2.0    2.0    1.9    1.9    1.9    1.8    1.8    1.7    1.4    1.2    1.1    0.9    0.8    0.6
   19.5    nan    nan    nan    nan   47.0   46.6   46.6   46.1   45.1   44.2   43.3   42.5   41.6   40.4   39.3   38.2   36.7   35.3   33.7   31.4   29.2   26.4   23.8   21.0   18.5   16.0   13.7   11.9   10.4    8.9    7.5    6.0    5.0    4.0    3.3    2.1
           nan    nan    nan    nan    0.5    0.7    0.5    0.6    0.6    0.7    0.8    0.8    0.8    0.8    0.9    0.9    0.9    1.0    1.0    1.0    0.9    0.9    0.9    0.9    0.8    0.8    0.7    0.7    0.6    0.5    0.5    0.3    0.3    0.3    0.3    0.3
   21.8    nan    nan    nan    nan   47.0   46.6   46.2   46.1   45.1   44.1   43.5   42.6   41.6   40.6   39.2   38.2   36.7   35.4   33.9   31.7   29.2   26.7   24.0   21.4   18.9   16.2   13.9   11.9   10.4    8.9    7.5    6.4    5.1    4.1    3.4    2.4
           nan    nan    nan    nan    0.0    0.0    0.0    0.0    0.2    0.2    0.3    0.3    0.3    0.3    0.3    0.3    0.3    0.3    0.3    0.3    0.3    0.3    0.3    0.3    0.3    0.3    0.2    0.2    0.2    0.0    0.0    0.0    0.0    0.0    0.0    0.0
   24.1    nan    nan    nan    nan    nan    nan   46.0   45.6   45.0   44.4   43.5   42.2   41.2   40.6   39.5   38.5   37.0   35.3   33.8   32.1   29.7   26.9   24.6   21.4   19.0   16.4   14.0   12.1   10.5    9.3    8.0    nan    nan    nan    nan    nan
           nan    nan    nan    nan    nan    nan    0.0    0.0    0.0    0.0    0.0    0.0    0.0    0.0    0.0    0.0    0.0    0.0    0.0    0.0    0.0    0.0    0.0    0.0    0.0    0.0    0.0    0.0    0.0    0.0    0.0    nan    nan    nan    nan    nan
   26.4    nan    nan    nan    nan    nan    nan    nan    nan    nan    nan    nan    nan    nan    nan    nan    nan    nan    nan    nan    nan    nan    nan    nan    nan    nan    nan    nan    nan    nan    nan    nan    nan    nan    nan    nan    nan
           nan    nan    nan    nan    nan    nan    nan    nan    nan    nan    nan    nan    nan    nan    nan    nan    nan    nan    nan    nan    nan    nan    nan    nan    nan    nan    nan    nan    nan    nan    nan    nan    nan    nan    nan    nan
   28.6    nan    nan    nan    nan    nan    nan    nan    nan    nan    nan    nan    nan    nan    nan    nan    nan    nan    nan    nan    nan    nan    nan    nan    nan    nan    nan    nan    nan    nan    nan    nan    nan    nan    nan    nan    nan
           nan    nan    nan    nan    nan    nan    nan    nan    nan    nan    nan    nan    nan    nan    nan    nan    nan    nan    nan    nan    nan    nan    nan    nan    nan    nan    nan    nan    nan    nan    nan    nan    nan    nan    nan    nan
鐪嬪緱鍒扮殑鐞?673 / 936 涓綅缃紱浜潡骞冲潎 5.4 x 6.0 涓粏鑳?
鍒椾腑蹇?= -1.0470 * 鏂逛綅 + 30.00锛堟渶澶у亸宸?7.1 鍒?= 6.8 搴︼級
琛屼腑蹇?= -0.9833 * 楂樹綆 + 20.11锛堟渶澶у亸宸?4.0 琛?= 4.1 搴︼級

=== 2. 瑙嗙綉鑶滄牸瀛愮殑浣嶇疆閲庯紙鐞冨湪杩欎釜浣嶇疆鏃讹紝瀹冩渶浜級===
  鏍煎瓙(琛?鍒?      鏈€鐖辨柟浣?     鏈€鐖遍珮浣?     閫夋嫨鎬        宄板€?
    (6,8)     16.5掳      9.3掳      10.2     1.000
   (6,16)     10.2掳      9.3掳      10.6     1.000
   (6,24)      5.5掳      9.2掳      10.3     1.000
   (6,32)      0.8掳      9.2掳      10.8     1.000
   (6,40)     -7.1掳      9.3掳      10.6     1.000
   (12,8)     18.1掳      2.8掳      10.2     1.000
  (12,16)     10.2掳      2.8掳      10.2     1.000
  (12,24)      7.1掳      2.7掳      10.4     1.000
  (12,32)      2.4掳      2.7掳      10.1     1.000
  (12,40)     -7.1掳      2.7掳      10.8     1.000
   (18,8)     16.6掳      0.6掳      10.2     1.000
  (18,16)      8.7掳      0.6掳      10.2     1.000
  (18,24)      3.9掳      0.6掳       9.8     1.000
  (18,32)      0.8掳      0.6掳      10.2     1.000
  (18,40)     -8.7掳      0.6掳      10.5     1.000
   (24,8)     16.6掳     -1.6掳       9.9     1.000
  (24,16)     10.3掳     -3.8掳      10.2     1.000
  (24,24)      5.5掳     -3.8掳      10.3     1.000
  (24,32)      0.8掳     -3.8掳      10.1     1.000
  (24,40)     -7.1掳     -3.8掳      10.4     1.000
   (30,8)     16.6掳     -8.1掳      10.3     1.000
  (30,16)      8.7掳     -8.2掳       9.9     1.000
  (30,24)      7.1掳    -10.4掳       9.9     1.000
  (30,32)      2.4掳    -10.4掳       9.8     1.000
  (30,40)     -7.1掳    -10.4掳      10.1     1.000

=== 3. 鍚勫眰閲屼綅缃€夋嫨鎬ф渶寮虹殑缁嗚優 ===
灞?                     缁嗚優鍙?鍐?     閫夋嫨鎬       鏈€鐖辨柟浣?     鏈€鐖遍珮浣?       宄板€?
retinal_opponent         6621     30.6     -27.5掳       7.3掳     0.522
retinal_opponent          432     30.6      27.4掳      13.8掳     0.551
retinal_opponent         5757     30.6     -27.4掳      13.8掳     0.529
retinal_opponent         1296     30.6      27.5掳       7.3掳     0.553
retinal_opponent         6333     30.6     -27.5掳       9.5掳     0.528
retinal_contrast         1355     30.6      -5.5掳      -3.8掳     0.293
retinal_contrast          842     30.6     -27.4掳      11.7掳     0.362
retinal_contrast          936     30.6     -27.5掳       7.3掳     0.682
retinal_contrast          840     30.6     -25.9掳      11.6掳     0.362
retinal_contrast         1032     30.6     -27.6掳       5.1掳     0.466
binocular                3283     30.6     -28.0掳     -25.8掳     0.318
binocular                2332     30.6     -28.0掳     -25.8掳     0.547
binocular                2371     30.6     -28.0掳     -25.8掳     0.386
binocular                3022     30.6     -28.0掳     -25.8掳     0.367
binocular                2280     30.6     -28.0掳     -25.8掳     0.435
retinal_memory              0      8.6      13.3掳      13.6掳     1.000
retinal_memory             12      8.2      13.4掳       7.1掳     1.000
retinal_memory              3      8.1      14.9掳      13.6掳     1.000
retinal_memory              9      8.1      -8.6掳      13.6掳     1.000
retinal_memory              6      8.0       8.6掳      13.6掳     1.000
retina                     10     15.3     -28.0掳     -25.8掳     0.000
retina                     16     10.0      -8.7掳      -8.2掳     0.000
retina                      7      9.1       2.3掳      13.6掳     0.000
retina                     13      8.6      -0.8掳      15.7掳     0.001
retina                      1      8.1      16.5掳       5.0掳     0.000

浣嶇疆閲庤〃 -> artifacts\绾㈢悆浣嶇疆閲巁绾澶?json锛?6418 涓粏鑳?x 936 涓綅缃級

璇绘暟 -> artifacts\绾㈢悆鎵満_绾澶?json
