指令细胞： ['eye_red_hold_down', 'eye_red_hold_down_inhibition', 'eye_red_hold_left', 'eye_red_hold_left_inhibition', 'eye_red_hold_right', 'eye_red_hold_right_inhibition', 'eye_red_hold_up', 'eye_red_hold_up_inhibition', 'eye_red_move_down', 'eye_red_move_down_inhibition', 'eye_red_move_left', 'eye_red_move_left_inhibition', 'eye_red_move_right', 'eye_red_move_right_inhibition', 'eye_red_move_up', 'eye_red_move_up_inhibition']

球 方位 -0.350 高低 +0.320  ->  真实方位 -0.350 高低 +0.372
  眼命令 左眼(yaw,pitch) -0.070 -0.092 | 右眼 -0.066 -0.092
  误差 yaw +0.282 pitch +0.280
   eye_red_move_right                 0.222
   eye_red_move_right_inhibition      0.224
   eye_red_move_up                    0.296
   eye_red_move_up_inhibition         0.298

球 方位 -0.350 高低 -0.220  ->  真实方位 -0.341 高低 -0.153
  眼命令 左眼(yaw,pitch) -0.134 +0.077 | 右眼 -0.134 +0.077
  误差 yaw +0.206 pitch -0.076
   eye_red_hold_down                  0.171
   eye_red_hold_down_inhibition       0.170
   eye_red_move_down                  0.178
   eye_red_move_down_inhibition       0.178
   eye_red_move_right                 0.402
   eye_red_move_right_inhibition      0.401

球 方位 -0.170 高低 +0.320  ->  真实方位 -0.164 高低 +0.366
  眼命令 左眼(yaw,pitch) -0.071 -0.181 | 右眼 -0.071 -0.181
  误差 yaw +0.093 pitch +0.185
   eye_red_hold_right                 0.051
   eye_red_hold_right_inhibition      0.050
   eye_red_move_right                 0.200
   eye_red_move_right_inhibition      0.199
   eye_red_move_up                    0.558
   eye_red_move_up_inhibition         0.556

球 方位 +0.340 高低 +0.320  ->  真实方位 +0.327 高低 +0.366
  眼命令 左眼(yaw,pitch) +0.074 -0.108 | 右眼 +0.074 -0.108
  误差 yaw -0.253 pitch +0.258
   eye_red_move_left                  0.228
   eye_red_move_left_inhibition       0.228
   eye_red_move_up                    0.317
   eye_red_move_up_inhibition         0.317

球 方位 +0.340 高低 -0.220  ->  真实方位 +0.330 高低 -0.154
  眼命令 左眼(yaw,pitch) +0.120 +0.080 | 右眼 +0.121 +0.080
  误差 yaw -0.209 pitch -0.074
   eye_red_hold_down                  0.183
   eye_red_hold_down_inhibition       0.182
   eye_red_move_down                  0.185
   eye_red_move_down_inhibition       0.185
   eye_red_move_left                  0.360
   eye_red_move_left_inhibition       0.360

球 方位 +0.000 高低 +0.000  ->  真实方位 +0.000 高低 +0.059
  眼命令 左眼(yaw,pitch) -0.007 -0.017 | 右眼 -0.007 -0.017
  误差 yaw -0.007 pitch +0.042
   eye_red_hold_left                  0.036
   eye_red_hold_left_inhibition       0.036
   eye_red_hold_right                 0.113
   eye_red_hold_right_inhibition      0.113
   eye_red_hold_up                    0.169
   eye_red_hold_up_inhibition         0.169
   eye_red_move_left                  0.001
   eye_red_move_left_inhibition       0.001
