头一代的爹 1 只：第50代第243只
第 0 代：生 12 只、每只考 4 趟不动球 + 2 趟躲着跑的球、4 个进程
  跨代冠军易主：0 代第 0 只  到了 0/4 趟、最近贴到 2.65 米、走了 0.59 米  摔了
    0  倒了/没建出来 走起来 0/4  到了 0/4 趟  最近贴到  2.65 米  平均  3.17 米  位移离球  22.3 度  走了  0.59 米  路 orient 对调  本机 10 秒
  跨代冠军易主：0 代第 1 只  到了 0/4 趟、最近贴到 1.21 米、走了 1.52 米  没摔
    1  没摔     走起来 1/4  到了 0/4 趟  最近贴到  1.21 米  平均  2.44 米  位移离球  40.0 度  走了  1.52 米  路 motor  本机 10 秒
    2  没摔     走起来 0/4  到了 0/4 趟  最近贴到  2.68 米  平均  3.31 米  位移离球  17.5 度  走了  0.27 米  路 motor  本机 10 秒
  跨代冠军易主：0 代第 3 只  到了 0/4 趟、最近贴到 1.74 米、走了 2.46 米  没摔
    3  没摔     走起来 3/4  到了 0/4 趟  最近贴到  1.74 米  平均  2.28 米  位移离球  32.3 度  走了  2.46 米  路 orient 对调  本机 10 秒
    4  没摔     走起来 0/4  到了 0/4 趟  最近贴到  2.79 米  平均  3.35 米  位移离球  26.2 度  走了  0.21 米  路 orient  本机 8 秒
    5  没摔     走起来 0/4  到了 0/4 趟  最近贴到  1.58 米  平均  2.41 米  位移离球  27.6 度  走了  1.40 米  路 orient  本机 7 秒
    6  没摔     走起来 0/4  到了 0/4 趟  最近贴到  2.58 米  平均  3.05 米  位移离球  62.2 度  走了  0.87 米  路 motor 对调  本机 7 秒
    7  没摔     走起来 0/4  到了 0/4 趟  最近贴到  2.90 米  平均  3.42 米  位移离球  25.3 度  走了  0.06 米  路 motor 对调  本机 8 秒
    8  没摔     走起来 1/4  到了 0/4 趟  最近贴到  1.68 米  平均  2.06 米  位移离球  17.0 度  走了  1.88 米  路 motor  本机 7 秒
  跨代冠军易主：0 代第 9 只  到了 2/4 趟、最近贴到 0.71 米、走了 3.16 米  没摔
    9  没摔     走起来 4/4  到了 2/4 趟  最近贴到  0.71 米  平均  1.73 米  位移离球  27.9 度  走了  3.16 米  路 motor 对调  本机 7 秒
   10  没摔     走起来 2/4  到了 1/4 趟  最近贴到  0.44 米  平均  2.28 米  位移离球  58.7 度  走了  1.89 米  路 motor 对调  本机 7 秒
   11  没摔     走起来 0/4  到了 0/4 趟  最近贴到  2.46 米  平均  3.07 米  位移离球  57.2 度  走了  0.87 米  路 orient  本机 7 秒
第 0 代收工：12 只里建出来 12 只（没摔 11、4 趟都走起来的 1 只）；朝球走的 2 只，两边都会的 0 只，球躲着跑能跟住的 0 只，追上过球的 0 只（球挪走行为会变的 12 只，只当参考）；最好那只到了 2/4 趟、最近贴到 0.71 米；本代花了 0.4 分钟
  复试 3 只：18 个没见过的位置，每个位置各配一趟「球搬走」对照
  复试留下 6 只：第9只(贴到4/18、看球位置16/18)、第3只(贴到0/18、看球位置14/18)、第10只(贴到2/18、看球位置17/18)
  下一代的爹 6 只（artifacts/追球_复试冒烟2_g00_keep.jsonl）：转2/4跟住0/0 1.73米、转0/4跟住0/0 2.28米、转1/4跟住0/0 2.28米、转0/4跟住0/0 2.06米、转0/4跟住0/0 2.44米、转0/4跟住0/0 2.41米
跑完。跨代冠军：0 代第 9 只，转 2/4 趟、跟住 0/0 趟、最后离球 1.73 米，没摔
