出货配置：每只眼 160x120，运动/本体/联想 800/256/1024，408328 细胞，1181313 连接
视网膜一侧 367712 细胞（90.1%），其余 40616
  活动 > 0.01：全部 77.88%   视网膜一侧 78.06%   其余 76.24%
  活动 > 0.10：全部 68.32%   视网膜一侧 68.18%   其余 69.54%
  活动 > 0.20：全部 51.20%   视网膜一侧 49.87%   其余 63.28%
  活动 > 0.30：全部 31.79%   视网膜一侧 30.92%   其余 39.60%
  活动 > 0.50：全部  6.54%   视网膜一侧  4.15%   其余 28.17%
  连接里有活动源的：69.00%
大脑一步（learning=True）：60.18 ms
大脑一步（learning=False）：39.47 ms
眼睛渲染：23.51 ms

   ncalls  tottime  percall  cumtime  percall filename:lineno(function)
       10    0.125    0.012    0.149    0.015 F:\born-wired-cortex-v2\born_wired\synapses.py:119(currents)
        2    0.108    0.054    0.200    0.100 F:\born-wired-cortex-v2\born_wired\regulation.py:85(update)
       10    0.076    0.008    0.493    0.049 F:\born-wired-cortex-v2\born_wired\adaptive.py:79(step)
        2    0.063    0.031    0.074    0.037 F:\born-wired-cortex-v2\born_wired\regulation.py:67(_project)
     1906    0.045    0.000    0.045    0.000 {built-in method numpy.array}
       10    0.038    0.004    0.045    0.004 F:\born-wired-cortex-v2\born_wired\auditory_neurons.py:190(step)

各个区还能长到多大（每只眼 160x120 不变）：
  运动单位   800：建起来了，408328 细胞 1181313 连接
  运动单位  1600：建起来了，417928 细胞 1363713 连接
  运动单位  3200：建起来了，437128 细胞 1728513 连接
  运动单位  6400：建起来了，475528 细胞 2458113 连接
  本体单位   256：建起来了，408328 细胞 1181313 连接
  本体单位   512：建起来了，411400 细胞 1182273 连接
  本体单位  1024：建不起来 - structural lower bounds exceed an incoming budget
  联想单位  1024：建起来了，408328 细胞 1181313 连接
  联想单位  2048：建起来了，409352 细胞 1316481 连接
  联想单位  4096：建起来了，411400 细胞 1586817 连接
  联想单位  8192：建起来了，415496 细胞 2127489 连接
