EYE_DISTANCE_GAIN = 2.8
DISTANCE_THRESHOLDS = (-0.1, 0.03, 0.16, 0.26, 0.37, 0.43, 0.6)

======== scenery: clean
  d     angle   scaled |  yawL    yawR   (should be) | lit | bank
  none  +0.000  +0.000 | +0.001  +0.001  (+-0.000) |  1  | 0.10 0.00 0.00 0.00 0.00 0.00 0.00
  0.20  +0.414  +1.160 | -0.302  +0.194  (+-0.537) |  7  | 1.00 1.00 1.00 0.90 0.79 0.73 0.56
  0.25  +0.364  +1.020 | -0.266  +0.170  (+-0.433) |  7  | 1.00 0.99 0.86 0.76 0.65 0.59 0.42
  0.30  +0.305  +0.854 | -0.234  +0.134  (+-0.363) |  7  | 0.95 0.82 0.69 0.59 0.48 0.42 0.25
  0.35  +0.229  +0.641 | -0.164  +0.111  (+-0.312) |  7  | 0.74 0.61 0.48 0.38 0.27 0.21 0.04
  0.40  +0.176  +0.492 | -0.124  +0.086  (+-0.273) |  6  | 0.59 0.46 0.33 0.23 0.12 0.06 0.00
  0.50  +0.145  +0.405 | -0.098  +0.075  (+-0.219) |  5  | 0.50 0.37 0.24 0.14 0.03 0.00 0.00
  0.60  +0.129  +0.362 | -0.090  +0.065  (+-0.183) |  4  | 0.46 0.33 0.20 0.10 0.00 0.00 0.00
  0.70  +0.098  +0.274 | -0.063  +0.054  (+-0.157) |  3  | 0.37 0.24 0.11 0.01 0.00 0.00 0.00
  0.80  +0.090  +0.252 | -0.061  +0.047  (+-0.137) |  3  | 0.35 0.22 0.09 0.00 0.00 0.00 0.00
  0.90  +0.089  +0.249 | -0.058  +0.048  (+-0.122) |  3  | 0.35 0.22 0.09 0.00 0.00 0.00 0.00
  1.00  +0.080  +0.224 | -0.051  +0.045  (+-0.110) |  3  | 0.33 0.20 0.07 0.00 0.00 0.00 0.00
  1.20  +0.055  +0.153 | -0.038  +0.027  (+-0.092) |  2  | 0.25 0.12 0.00 0.00 0.00 0.00 0.00
  1.50  +0.022  +0.063 | -0.014  +0.013  (+-0.073) |  2  | 0.16 0.03 0.00 0.00 0.00 0.00 0.00
  1.80  +0.029  +0.081 | -0.019  +0.015  (+-0.061) |  2  | 0.18 0.05 0.00 0.00 0.00 0.00 0.00
  2.20  +0.034  +0.095 | -0.023  +0.017  (+-0.050) |  2  | 0.20 0.07 0.00 0.00 0.00 0.00 0.00
  2.50  +0.026  +0.074 | -0.017  +0.014  (+-0.044) |  2  | 0.17 0.04 0.00 0.00 0.00 0.00 0.00
  3.00  +0.000  +0.001 | -0.001  -0.000  (+-0.037) |  1  | 0.10 0.00 0.00 0.00 0.00 0.00 0.00
  4.00  +0.000  +0.000 | +0.001  +0.001  (+-0.027) |  1  | 0.10 0.00 0.00 0.00 0.00 0.00 0.00

======== scenery: arena
  d     angle   scaled |  yawL    yawR   (should be) | lit | bank
  none  +0.000  +0.000 | -0.116  -0.116  (+-0.000) |  1  | 0.10 0.00 0.00 0.00 0.00 0.00 0.00
  0.20  +0.393  +1.100 | -0.335  +0.140  (+-0.537) |  7  | 1.00 1.00 0.94 0.84 0.73 0.67 0.50
  0.25  +0.312  +0.874 | -0.301  +0.074  (+-0.433) |  7  | 0.97 0.84 0.71 0.61 0.50 0.44 0.27
  0.30  +0.275  +0.769 | -0.281  +0.049  (+-0.363) |  7  | 0.87 0.74 0.61 0.51 0.40 0.34 0.17
  0.35  +0.250  +0.700 | -0.270  +0.027  (+-0.312) |  7  | 0.80 0.67 0.54 0.44 0.33 0.27 0.10
  0.40  +0.228  +0.637 | -0.250  +0.020  (+-0.273) |  7  | 0.74 0.61 0.48 0.38 0.27 0.21 0.04
  0.50  +0.186  +0.522 | -0.226  -0.004  (+-0.219) |  6  | 0.62 0.49 0.36 0.26 0.15 0.09 0.00
  0.60  +0.145  +0.405 | -0.191  -0.015  (+-0.183) |  5  | 0.50 0.37 0.24 0.14 0.03 0.00 0.00
  0.70  +0.109  +0.305 | -0.165  -0.036  (+-0.157) |  4  | 0.41 0.28 0.15 0.05 0.00 0.00 0.00
  0.80  +0.074  +0.206 | -0.147  -0.059  (+-0.137) |  3  | 0.31 0.18 0.05 0.00 0.00 0.00 0.00
  0.90  +0.062  +0.174 | -0.121  -0.046  (+-0.122) |  2  | 0.27 0.14 0.01 0.00 0.00 0.00 0.00
  1.00  +0.038  +0.107 | -0.121  -0.079  (+-0.110) |  2  | 0.21 0.08 0.00 0.00 0.00 0.00 0.00
  1.20  +0.051  +0.142 | -0.135  -0.074  (+-0.092) |  2  | 0.24 0.11 0.00 0.00 0.00 0.00 0.00
  1.50  +0.000  +0.000 | -0.116  -0.116  (+-0.073) |  1  | 0.10 0.00 0.00 0.00 0.00 0.00 0.00
  1.80  +0.000  +0.000 | -0.116  -0.116  (+-0.061) |  1  | 0.10 0.00 0.00 0.00 0.00 0.00 0.00
  2.20  +0.000  +0.000 | -0.116  -0.116  (+-0.050) |  1  | 0.10 0.00 0.00 0.00 0.00 0.00 0.00
  2.50  +0.000  +0.000 | -0.116  -0.116  (+-0.044) |  1  | 0.10 0.00 0.00 0.00 0.00 0.00 0.00
  3.00  +0.000  +0.000 | -0.116  -0.116  (+-0.037) |  1  | 0.10 0.00 0.00 0.00 0.00 0.00 0.00
  4.00  +0.000  +0.000 | -0.116  -0.116  (+-0.027) |  1  | 0.10 0.00 0.00 0.00 0.00 0.00 0.00
