seed 0 {'neurons': 17, 'edges': 62, 'edges_moved_by_A': 24, 'edges_moved_by_B': 24, 'edges_moved_by_A_above_0_05': 5, 'edges_moved_by_B_above_0_05': 5, 'edges_moved_in_opposite_directions': 2, 'edges_moved_in_opposite_directions_above_0_05': 0, 'A_moved_edges_per_motor_cell': {13: 5, 14: 0}, 'B_moved_edges_per_motor_cell': {13: 0, 14: 5}, 'max_abs_change_A': 0.7909180529521277, 'max_abs_change_B': 0.7909945229996598}
   birth                  cueA +0.000  cueB +0.000  (in favour of the intended answer)
   parent_A               cueA +1.000  cueB -0.729  (in favour of the intended answer)
   parent_B               cueA -0.726  cueB +1.000  (in favour of the intended answer)
   mean(A,B)              cueA +1.000  cueB +1.000  (in favour of the intended answer)
   keep(A,B)              cueA +1.000  cueB +1.000  (in favour of the intended answer)
   sum(A,B)               cueA +1.000  cueB +1.000  (in favour of the intended answer)
   mean(A,A)              cueA +1.000  cueB -0.729  (in favour of the intended answer)
   mean(birth,birth)      cueA +0.000  cueB +0.000  (in favour of the intended answer)
   mean(swapped lessons)  cueA +1.000  cueB +1.000  (in favour of the intended answer)
   mean(C,D) conflict     cueA -0.000  cueB -0.044  (in favour of the intended answer)
seed 1 {'neurons': 17, 'edges': 62, 'edges_moved_by_A': 24, 'edges_moved_by_B': 24, 'edges_moved_by_A_above_0_05': 5, 'edges_moved_by_B_above_0_05': 5, 'edges_moved_in_opposite_directions': 2, 'edges_moved_in_opposite_directions_above_0_05': 0, 'A_moved_edges_per_motor_cell': {13: 5, 14: 0}, 'B_moved_edges_per_motor_cell': {13: 0, 14: 5}, 'max_abs_change_A': 0.7907319166055057, 'max_abs_change_B': 0.7901937740271058}
   birth                  cueA +0.000  cueB +0.000  (in favour of the intended answer)
   parent_A               cueA +1.000  cueB -0.727  (in favour of the intended answer)
   parent_B               cueA -0.729  cueB +1.000  (in favour of the intended answer)
   mean(A,B)              cueA +1.000  cueB +1.000  (in favour of the intended answer)
   keep(A,B)              cueA +1.000  cueB +1.000  (in favour of the intended answer)
   sum(A,B)               cueA +1.000  cueB +1.000  (in favour of the intended answer)
   mean(A,A)              cueA +1.000  cueB -0.727  (in favour of the intended answer)
   mean(birth,birth)      cueA +0.000  cueB +0.000  (in favour of the intended answer)
   mean(swapped lessons)  cueA +1.000  cueB +1.000  (in favour of the intended answer)
   mean(C,D) conflict     cueA +0.001  cueB +0.011  (in favour of the intended answer)
seed 2 {'neurons': 17, 'edges': 62, 'edges_moved_by_A': 24, 'edges_moved_by_B': 24, 'edges_moved_by_A_above_0_05': 5, 'edges_moved_by_B_above_0_05': 5, 'edges_moved_in_opposite_directions': 2, 'edges_moved_in_opposite_directions_above_0_05': 0, 'A_moved_edges_per_motor_cell': {13: 5, 14: 0}, 'B_moved_edges_per_motor_cell': {13: 0, 14: 5}, 'max_abs_change_A': 0.7904767757315014, 'max_abs_change_B': 0.7906998754733894}
   birth                  cueA +0.000  cueB +0.000  (in favour of the intended answer)
   parent_A               cueA +1.000  cueB -0.727  (in favour of the intended answer)
   parent_B               cueA -0.726  cueB +1.000  (in favour of the intended answer)
   mean(A,B)              cueA +1.000  cueB +1.000  (in favour of the intended answer)
   keep(A,B)              cueA +1.000  cueB +1.000  (in favour of the intended answer)
   sum(A,B)               cueA +1.000  cueB +1.000  (in favour of the intended answer)
   mean(A,A)              cueA +1.000  cueB -0.727  (in favour of the intended answer)
   mean(birth,birth)      cueA +0.000  cueB +0.000  (in favour of the intended answer)
   mean(swapped lessons)  cueA +1.000  cueB +1.000  (in favour of the intended answer)
   mean(C,D) conflict     cueA +0.000  cueB +0.007  (in favour of the intended answer)
seed 3 {'neurons': 17, 'edges': 62, 'edges_moved_by_A': 24, 'edges_moved_by_B': 24, 'edges_moved_by_A_above_0_05': 5, 'edges_moved_by_B_above_0_05': 5, 'edges_moved_in_opposite_directions': 2, 'edges_moved_in_opposite_directions_above_0_05': 0, 'A_moved_edges_per_motor_cell': {13: 5, 14: 0}, 'B_moved_edges_per_motor_cell': {13: 0, 14: 5}, 'max_abs_change_A': 0.7908287016657128, 'max_abs_change_B': 0.7899665196347573}
   birth                  cueA +0.000  cueB +0.000  (in favour of the intended answer)
   parent_A               cueA +1.000  cueB -0.727  (in favour of the intended answer)
   parent_B               cueA -0.726  cueB +1.000  (in favour of the intended answer)
   mean(A,B)              cueA +1.000  cueB +1.000  (in favour of the intended answer)
   keep(A,B)              cueA +1.000  cueB +1.000  (in favour of the intended answer)
   sum(A,B)               cueA +1.000  cueB +1.000  (in favour of the intended answer)
   mean(A,A)              cueA +1.000  cueB -0.727  (in favour of the intended answer)
   mean(birth,birth)      cueA +0.000  cueB +0.000  (in favour of the intended answer)
   mean(swapped lessons)  cueA +1.000  cueB +1.000  (in favour of the intended answer)
   mean(C,D) conflict     cueA +0.000  cueB +0.009  (in favour of the intended answer)
seed 4 {'neurons': 17, 'edges': 62, 'edges_moved_by_A': 24, 'edges_moved_by_B': 24, 'edges_moved_by_A_above_0_05': 5, 'edges_moved_by_B_above_0_05': 5, 'edges_moved_in_opposite_directions': 2, 'edges_moved_in_opposite_directions_above_0_05': 0, 'A_moved_edges_per_motor_cell': {13: 5, 14: 0}, 'B_moved_edges_per_motor_cell': {13: 0, 14: 5}, 'max_abs_change_A': 0.78978528833601, 'max_abs_change_B': 0.7902605484146952}
   birth                  cueA +0.000  cueB +0.000  (in favour of the intended answer)
   parent_A               cueA +1.000  cueB -0.728  (in favour of the intended answer)
   parent_B               cueA -0.726  cueB +1.000  (in favour of the intended answer)
   mean(A,B)              cueA +1.000  cueB +1.000  (in favour of the intended answer)
   keep(A,B)              cueA +1.000  cueB +1.000  (in favour of the intended answer)
   sum(A,B)               cueA +1.000  cueB +1.000  (in favour of the intended answer)
   mean(A,A)              cueA +1.000  cueB -0.728  (in favour of the intended answer)
   mean(birth,birth)      cueA +0.000  cueB +0.000  (in favour of the intended answer)
   mean(swapped lessons)  cueA +1.000  cueB +1.000  (in favour of the intended answer)
   mean(C,D) conflict     cueA +0.001  cueB -0.013  (in favour of the intended answer)
wall 251.7 s -> F:\born-wired-cortex-v2\artifacts\fusion_parents.json
