still ball parked at 3.0 m, nothing moving
  baseline
  first      0.862  0.000  0.000  0.000  0.000  0.000  0.000  0.104  0.018  0.036
  middle     0.855  0.000  0.000  0.000  0.000  0.000  0.000  0.100  0.018  0.035
  last       0.862  0.000  0.000  0.000  0.000  0.000  0.000  0.105  0.018  0.035
  tail frames:
     dist  change   rise   fall    out    inw   grow   loom   bank   near  brake
    3.00   0.851  0.000  0.000  0.000  0.000  0.000  0.000  0.101  0.020  0.042
    3.00   0.720  0.000  0.000  0.000  0.000  0.000  0.000  0.100  0.020  0.039
    3.00   0.857  0.000  0.000  0.000  0.000  0.000  0.000  0.100  0.012  0.025
    3.00   0.973  0.000  0.000  0.000  0.000  0.000  0.000  0.100  0.020  0.036
    3.00   0.849  0.000  0.000  0.000  0.000  0.000  0.000  0.101  0.019  0.038
    3.00   0.755  0.000  0.001  0.000  0.000  0.000  0.000  0.100  0.016  0.038
    3.00   0.900  0.000  0.000  0.000  0.000  0.000  0.000  0.100  0.015  0.026
    3.00   0.952  0.000  0.000  0.000  0.000  0.000  0.000  0.109  0.020  0.040

still ball parked at 0.35 m, nothing moving
  baseline close
  first      0.912  0.000  0.000  0.000  0.000  0.000  0.000  0.100  0.022  0.040
  middle     0.917  0.000  0.000  0.000  0.000  0.000  0.000  0.100  0.024  0.043
  last       0.926  0.000  0.000  0.000  0.000  0.000  0.000  0.100  0.024  0.045
  tail frames:
     dist  change   rise   fall    out    inw   grow   loom   bank   near  brake
    0.35   0.973  0.000  0.000  0.000  0.000  0.000  0.000  0.100  0.027  0.047
    0.35   0.944  0.000  0.000  0.000  0.000  0.000  0.000  0.100  0.030  0.046
    0.35   0.670  0.000  0.000  0.000  0.000  0.000  0.000  0.100  0.020  0.049
    0.35   0.953  0.000  0.000  0.000  0.000  0.000  0.000  0.100  0.020  0.029
    0.35   0.998  0.000  0.000  0.000  0.000  0.000  0.000  0.100  0.027  0.049
    0.35   0.930  0.000  0.000  0.000  0.000  0.000  0.000  0.100  0.034  0.053
    0.35   0.915  0.000  0.000  0.000  0.000  0.000  0.000  0.100  0.015  0.040
    0.35   0.996  0.000  0.000  0.000  0.000  0.000  0.000  0.100  0.025  0.037

ball walked in at 0.5 m/s
  first      0.846  0.000  0.001  0.000  0.000  0.000  0.000  0.122  0.021  0.041
  middle     0.890  0.000  0.000  0.000  0.000  0.000  0.000  0.100  0.020  0.037
  last       0.903  0.000  0.000  0.000  0.000  0.000  0.000  0.101  0.023  0.042
  tail frames:
     dist  change   rise   fall    out    inw   grow   loom   bank   near  brake
    0.35   0.940  0.000  0.000  0.000  0.000  0.000  0.000  0.100  0.016  0.041
    0.35   0.984  0.000  0.000  0.000  0.000  0.000  0.000  0.100  0.025  0.036
    0.35   0.986  0.000  0.000  0.000  0.000  0.000  0.000  0.100  0.025  0.049
    0.35   0.886  0.000  0.000  0.000  0.000  0.000  0.000  0.100  0.032  0.059
    0.35   0.914  0.000  0.000  0.000  0.000  0.000  0.000  0.100  0.012  0.032
    0.35   0.989  0.000  0.000  0.000  0.000  0.000  0.000  0.100  0.024  0.039
    0.35   0.966  0.000  0.000  0.000  0.000  0.000  0.000  0.100  0.022  0.042
    0.35   0.708  0.000  0.000  0.000  0.000  0.000  0.000  0.100  0.027  0.055

ball walked in at 1.5 m/s
  first      0.842  0.000  0.001  0.000  0.000  0.000  0.000  0.138  0.023  0.046
  middle     0.892  0.000  0.000  0.000  0.000  0.000  0.000  0.100  0.022  0.041
  last       0.911  0.000  0.000  0.000  0.000  0.000  0.000  0.100  0.022  0.040
  tail frames:
     dist  change   rise   fall    out    inw   grow   loom   bank   near  brake
    0.35   0.995  0.000  0.000  0.000  0.000  0.000  0.000  0.100  0.023  0.032
    0.35   0.973  0.000  0.000  0.000  0.000  0.000  0.000  0.100  0.023  0.047
    0.35   0.836  0.000  0.000  0.000  0.000  0.000  0.000  0.100  0.028  0.052
    0.35   0.921  0.000  0.000  0.000  0.000  0.000  0.000  0.100  0.010  0.026
    0.35   0.980  0.000  0.000  0.000  0.000  0.000  0.000  0.100  0.026  0.041
    0.35   0.984  0.000  0.000  0.000  0.000  0.000  0.000  0.100  0.024  0.045
    0.35   0.670  0.000  0.000  0.000  0.000  0.000  0.000  0.100  0.025  0.051
    0.35   0.929  0.000  0.000  0.000  0.000  0.000  0.000  0.100  0.013  0.025

ball walked in at 3.0 m/s
  first      0.834  0.000  0.001  0.000  0.000  0.000  0.000  0.150  0.025  0.050
  middle     0.901  0.000  0.000  0.000  0.000  0.000  0.000  0.101  0.022  0.041
  last       0.914  0.000  0.000  0.000  0.000  0.000  0.000  0.100  0.023  0.043
  tail frames:
     dist  change   rise   fall    out    inw   grow   loom   bank   near  brake
    0.35   0.882  0.000  0.000  0.000  0.000  0.000  0.000  0.100  0.028  0.053
    0.35   0.951  0.000  0.000  0.000  0.000  0.000  0.000  0.100  0.012  0.030
    0.35   0.996  0.000  0.000  0.000  0.000  0.000  0.000  0.100  0.027  0.041
    0.35   0.934  0.000  0.000  0.000  0.000  0.000  0.000  0.100  0.024  0.046
    0.35   0.640  0.000  0.001  0.000  0.000  0.000  0.000  0.100  0.024  0.052
    0.35   0.914  0.000  0.000  0.000  0.000  0.000  0.000  0.100  0.012  0.023
    0.35   0.965  0.000  0.000  0.000  0.000  0.000  0.000  0.100  0.028  0.045
    0.35   0.948  0.000  0.000  0.000  0.000  0.000  0.000  0.100  0.028  0.046
