细胞               驱动细胞         亮着总数         每步ms       每千个亮着/ms
100000              0            0         0.03          32.94
100000            100          111         0.18           1.64
100000           1000         1184         1.22           1.03
100000           5000         5780         7.80           1.35
200000              0            0         0.03          32.50
200000            100          111         0.14           1.27
200000           1000         1151         1.32           1.14
200000           5000         5804         8.87           1.53
400000              0            0         0.03          32.59
400000            100          117         0.18           1.56
400000           1000         1169         1.41           1.20
400000           5000         5807        10.05           1.73
800000              0            0         0.03          32.31
800000            100          116         0.16           1.38
800000           1000         1188         1.37           1.16
800000           5000         5879         9.97           1.70

=== 只放大细胞数，驱动细胞数固定 1000 ===
细胞                 亮着总数         每步ms          相对10万细胞
100000             1164         1.28            1.00x
200000             1169         1.33            1.04x
400000             1185         1.30            1.02x
800000             1183         1.35            1.06x

写到 F:\born-wired-cortex-v2\artifacts\probe_sparse_scaling.json
