头一代的爹 46 只：第0代第253只、第0代第224只、第0代第91只、第0代第30只
第 0 代：生 1000 只、每只考 4 趟不动球 + 2 趟躲着跑的球、24 个进程
  跨代冠军易主：0 代第 0 只  到了 0/4 趟、最近贴到 1.84 米、走了 1.42 米  摔了
  跨代冠军易主：0 代第 1 只  到了 0/4 趟、最近贴到 1.89 米、走了 1.39 米  摔了
  跨代冠军易主：0 代第 2 只  到了 1/4 趟、最近贴到 0.50 米、走了 2.59 米  没摔
  跨代冠军易主：0 代第 5 只  到了 2/4 趟、最近贴到 0.63 米、走了 3.06 米  没摔
  跨代冠军易主：0 代第 8 只  到了 1/4 趟、最近贴到 0.97 米、走了 8.80 米  没摔
  跨代冠军易主：0 代第 28 只  到了 2/4 趟、最近贴到 0.35 米、走了 5.77 米  没摔
  跨代冠军易主：0 代第 30 只  到了 2/4 趟、最近贴到 0.18 米、走了 6.50 米  没摔
  跨代冠军易主：0 代第 43 只  到了 2/4 趟、最近贴到 0.36 米、走了 3.98 米  没摔
  跨代冠军易主：0 代第 115 只  到了 4/4 趟、最近贴到 0.03 米、走了 3.13 米  没摔
  跨代冠军易主：0 代第 263 只  到了 4/4 趟、最近贴到 0.03 米、走了 6.35 米  没摔
第 0 代收工：1000 只里建出来 875 只（没摔 500、4 趟都走起来的 387 只）；朝球走的 282 只，两边都会的 31 只，球躲着跑能跟住的 8 只，追上过球的 55 只（球挪走行为会变的 875 只，只当参考）；最好那只到了 4/4 趟、最近贴到 0.03 米；本代花了 38.5 分钟
  复试 8 只：18 个没见过的位置，每个位置各配一趟「球搬走」对照
  复试留下 6 只：第263只(贴到11/18、看球位置18/18)、第115只(贴到11/18、看球位置16/18)、第550只(贴到4/18、看球位置17/18)、第319只(贴到11/18、看球位置18/18)、第236只(贴到3/18、看球位置17/18)、第407只(贴到10/18、看球位置13/18)
  下一代的爹 6 只（artifacts/追球_云_二批_g00_keep.jsonl）：转4/4跟住1/2 0.39米、转4/4跟住0/2 0.46米、转3/4跟住1/2 0.63米、转3/4跟住1/2 0.70米、转3/4跟住0/2 0.67米、转3/4跟住0/2 0.81米
第 1 代：生 1000 只、每只考 4 趟不动球 + 2 趟躲着跑的球、24 个进程
第 1 代收工：1000 只里建出来 829 只（没摔 559、4 趟都走起来的 459 只）；朝球走的 249 只，两边都会的 46 只，球躲着跑能跟住的 3 只，追上过球的 18 只（球挪走行为会变的 829 只，只当参考）；最好那只到了 4/4 趟、最近贴到 0.03 米；本代花了 36.5 分钟
  复试 8 只：18 个没见过的位置，每个位置各配一趟「球搬走」对照
  复试留下 6 只：第251只(贴到9/18、看球位置16/18)、第217只(贴到13/18、看球位置17/18)、第647只(贴到10/18、看球位置18/18)、第834只(贴到13/18、看球位置17/18)、第454只(贴到10/18、看球位置18/18)、第802只(贴到12/18、看球位置18/18)
  下一代的爹 6 只（artifacts/追球_云_二批_g01_keep.jsonl）：转4/4跟住0/2 0.26米、转4/4跟住0/2 0.37米、转4/4跟住0/2 0.45米、转4/4跟住0/2 0.46米、转4/4跟住0/2 0.55米、转4/4跟住0/2 0.56米
第 2 代：生 1000 只、每只考 4 趟不动球 + 2 趟躲着跑的球、24 个进程
第 2 代收工：1000 只里建出来 871 只（没摔 810、4 趟都走起来的 641 只）；朝球走的 275 只，两边都会的 130 只，球躲着跑能跟住的 0 只，追上过球的 0 只（球挪走行为会变的 871 只，只当参考）；最好那只到了 4/4 趟、最近贴到 0.06 米；本代花了 38.3 分钟
  复试 8 只：18 个没见过的位置，每个位置各配一趟「球搬走」对照
  复试留下 6 只：第29只(贴到13/18、看球位置17/18)、第810只(贴到9/18、看球位置18/18)、第70只(贴到13/18、看球位置14/18)、第963只(贴到12/18、看球位置18/18)、第186只(贴到12/18、看球位置14/18)、第689只(贴到12/18、看球位置17/18)
  下一代的爹 6 只（artifacts/追球_云_二批_g02_keep.jsonl）：转4/4跟住0/2 0.29米、转4/4跟住0/2 0.30米、转4/4跟住0/2 0.31米、转4/4跟住0/2 0.34米、转4/4跟住0/2 0.34米、转4/4跟住0/2 0.35米
第 3 代：生 1000 只、每只考 4 趟不动球 + 2 趟躲着跑的球、24 个进程
第 3 代收工：1000 只里建出来 832 只（没摔 745、4 趟都走起来的 599 只）；朝球走的 275 只，两边都会的 130 只，球躲着跑能跟住的 0 只，追上过球的 0 只（球挪走行为会变的 832 只，只当参考）；最好那只到了 4/4 趟、最近贴到 0.06 米；本代花了 36.7 分钟
  复试 8 只：18 个没见过的位置，每个位置各配一趟「球搬走」对照
  复试留下 6 只：第90只(贴到13/18、看球位置17/18)、第2只(贴到13/18、看球位置17/18)、第163只(贴到13/18、看球位置17/18)、第273只(贴到15/18、看球位置16/18)、第789只(贴到12/18、看球位置13/18)、第846只(贴到12/18、看球位置15/18)
  下一代的爹 6 只（artifacts/追球_云_二批_g03_keep.jsonl）：转4/4跟住0/2 0.17米、转4/4跟住0/2 0.21米、转4/4跟住0/2 0.21米、转4/4跟住0/2 0.23米、转4/4跟住0/2 0.24米、转4/4跟住0/2 0.25米
第 4 代：生 1000 只、每只考 4 趟不动球 + 2 趟躲着跑的球、24 个进程
第 4 代收工：1000 只里建出来 818 只（没摔 727、4 趟都走起来的 602 只）；朝球走的 286 只，两边都会的 130 只，球躲着跑能跟住的 1 只，追上过球的 2 只（球挪走行为会变的 818 只，只当参考）；最好那只到了 4/4 趟、最近贴到 0.21 米；本代花了 36.0 分钟
  复试 8 只：18 个没见过的位置，每个位置各配一趟「球搬走」对照
  复试留下 6 只：第93只(贴到12/18、看球位置18/18)、第450只(贴到14/18、看球位置18/18)、第46只(贴到14/18、看球位置18/18)、第2只(贴到13/18、看球位置18/18)、第335只(贴到15/18、看球位置18/18)、第283只(贴到14/18、看球位置16/18)
  下一代的爹 6 只（artifacts/追球_云_二批_g04_keep.jsonl）：转4/4跟住0/2 0.37米、转4/4跟住0/2 0.08米、转4/4跟住0/2 0.15米、转4/4跟住0/2 0.17米、转4/4跟住0/2 0.18米、转4/4跟住0/2 0.19米
第 5 代：生 1000 只、每只考 4 趟不动球 + 2 趟躲着跑的球、24 个进程
第 5 代收工：1000 只里建出来 840 只（没摔 781、4 趟都走起来的 627 只）；朝球走的 279 只，两边都会的 140 只，球躲着跑能跟住的 0 只，追上过球的 0 只（球挪走行为会变的 840 只，只当参考）；最好那只到了 4/4 趟、最近贴到 0.04 米；本代花了 36.9 分钟
  复试 8 只：18 个没见过的位置，每个位置各配一趟「球搬走」对照
  复试留下 6 只：第556只(贴到13/18、看球位置18/18)、第535只(贴到13/18、看球位置18/18)、第766只(贴到12/18、看球位置18/18)、第979只(贴到13/18、看球位置17/18)、第379只(贴到13/18、看球位置18/18)、第52只(贴到12/18、看球位置17/18)
  下一代的爹 6 只（artifacts/追球_云_二批_g05_keep.jsonl）：转4/4跟住0/2 0.11米、转4/4跟住0/2 0.13米、转4/4跟住0/2 0.15米、转4/4跟住0/2 0.15米、转4/4跟住0/2 0.16米、转4/4跟住0/2 0.16米
第 6 代：生 1000 只、每只考 4 趟不动球 + 2 趟躲着跑的球、24 个进程
第 6 代收工：1000 只里建出来 776 只（没摔 700、4 趟都走起来的 573 只）；朝球走的 256 只，两边都会的 115 只，球躲着跑能跟住的 0 只，追上过球的 0 只（球挪走行为会变的 776 只，只当参考）；最好那只到了 4/4 趟、最近贴到 0.05 米；本代花了 34.1 分钟
  复试 8 只：18 个没见过的位置，每个位置各配一趟「球搬走」对照
  复试留下 6 只：第601只(贴到11/18、看球位置17/18)、第675只(贴到12/18、看球位置16/18)、第575只(贴到11/18、看球位置18/18)、第499只(贴到10/18、看球位置14/18)、第878只(贴到11/18、看球位置17/18)、第477只(贴到15/18、看球位置17/18)
  下一代的爹 6 只（artifacts/追球_云_二批_g06_keep.jsonl）：转4/4跟住0/2 0.13米、转4/4跟住0/2 0.15米、转4/4跟住0/2 0.16米、转4/4跟住0/2 0.18米、转4/4跟住0/2 0.20米、转4/4跟住0/2 0.20米
第 7 代：生 1000 只、每只考 4 趟不动球 + 2 趟躲着跑的球、24 个进程
第 7 代收工：1000 只里建出来 785 只（没摔 718、4 趟都走起来的 582 只）；朝球走的 254 只，两边都会的 136 只，球躲着跑能跟住的 1 只，追上过球的 3 只（球挪走行为会变的 785 只，只当参考）；最好那只到了 4/4 趟、最近贴到 0.08 米；本代花了 34.6 分钟
  复试 8 只：18 个没见过的位置，每个位置各配一趟「球搬走」对照
  复试留下 6 只：第684只(贴到12/18、看球位置17/18)、第508只(贴到14/18、看球位置18/18)、第224只(贴到15/18、看球位置18/18)、第810只(贴到14/18、看球位置17/18)、第219只(贴到15/18、看球位置16/18)、第115只(贴到14/18、看球位置18/18)
  下一代的爹 6 只（artifacts/追球_云_二批_g07_keep.jsonl）：转4/4跟住0/2 0.39米、转4/4跟住0/2 0.08米、转4/4跟住0/2 0.12米、转4/4跟住0/2 0.13米、转4/4跟住0/2 0.16米、转4/4跟住0/2 0.16米
跑完。跨代冠军：0 代第 263 只，转 4/4 趟、跟住 1/2 趟、最后离球 0.39 米，没摔
