=== 绿球 4米 avoidance_gain=0.05 ===
追球接线：不接
球：左边 0.60 弧度、4.00 米
  轨迹（每 0.5 秒）：球偏在 +0.60 +0.62 +0.74 +0.86 +0.98 +1.39 +1.71 +1.94 +2.23 +2.42 +2.45 +2.59 +2.59 +2.86 +3.08 -2.90）

球一开始在 +0.60 弧度（狗的左前方），最后 -2.98 弧度（+0.60 到 -2.98）
离球：开头 4.00 米、最后 6.16 米、最近 2.74 米
走了 8.84 米（路程 9.61、直度 0.92）最低直立分量 0.620  用时 2.2 秒
=== 绿球 4米 avoidance_gain=0.15 ===
追球接线：不接
球：左边 0.60 弧度、4.00 米
  轨迹（每 0.5 秒）：球偏在 +0.60 +0.63 +0.77 +0.86 +1.04 +1.43 +1.70 +1.90 +2.17 +2.34 +2.35 +2.50 +2.48 +2.74 +3.03 -3.14）

球一开始在 +0.60 弧度（狗的左前方），最后 -3.14 弧度（+0.60 到 -3.14）
离球：开头 4.00 米、最后 5.92 米、最近 2.88 米
走了 8.62 米（路程 9.46、直度 0.91）最低直立分量 0.613  用时 2.1 秒
=== 绿球 4米 avoidance_gain=0.3 ===
追球接线：不接
球：左边 0.60 弧度、4.00 米
  轨迹（每 0.5 秒）：球偏在 +0.60 +0.65 +0.80 +0.74 +0.66 +0.89 +1.18 +1.58 +2.09 +2.40 +2.46 +2.61 +2.62 +2.88 +3.05 -2.98）

球一开始在 +0.60 弧度（狗的左前方），最后 -3.08 弧度（+0.60 到 -3.08）
离球：开头 4.00 米、最后 4.27 米、最近 1.59 米
走了 8.09 米（路程 9.08、直度 0.89）最低直立分量 0.627  用时 2.2 秒
