窗口已开：A随机 F老路 S停 0正前 1~8位置 ←→挪球 Z/X远近 P暂停 R复位
贴图：视口 left=270 width=740 height=720，图 288x216，放 x=278/714 y=496
t=  1.0 秒  球 方位+0.10 高低+0.05 距离0.97  左眼 +2.7(该到 -0.9)  右眼 +9.1(该到+12.0)  随机漫游
t=  2.0 秒  球 方位+0.03 高低+0.16 距离1.04  左眼 -0.7(该到 -4.7)  右眼 -2.0(该到 +7.6)  随机漫游
t=  3.0 秒  球 方位-0.08 高低+0.18 距离1.05  左眼 -8.2(该到-10.8)  右眼 -5.4(该到 +1.4)  随机漫游
t=  4.0 秒  球 方位-0.05 高低+0.27 距离0.99  左眼 -1.6(该到 -9.7)  右眼 +6.5(该到 +3.5)  随机漫游
t=  5.1 秒  球 方位+0.04 高低+0.27 距离0.90  左眼 -2.7(该到 -4.9)  右眼 +3.9(该到 +9.6)  随机漫游
t=  6.1 秒  球 方位+0.09 高低+0.24 距离0.79  左眼 -7.0(该到 -3.0)  右眼 +1.2(该到+13.2)  随机漫游
t=  7.1 秒  球 方位+0.03 高低+0.20 距离0.72  左眼 -7.3(该到 -7.3)  右眼 +0.6(该到+10.4)  随机漫游
t=  8.1 秒  球 方位+0.05 高低+0.20 距离0.70  左眼-10.8(该到 -6.5)  右眼 +1.9(该到+11.7)  随机漫游
t=  9.1 秒  球 方位+0.16 高低+0.28 距离0.74  左眼 -0.3(该到 +0.1)  右眼+16.6(该到+17.4)  随机漫游
t= 10.1 秒  球 方位+0.13 高低+0.21 距离0.84  左眼 -2.7(该到 -0.0)  右眼+14.4(该到+15.2)  随机漫游
t= 11.1 秒  球 方位+0.34 高低+0.27 距离0.94  左眼+12.3(该到+12.8)  右眼+26.8(该到+25.9)  随机漫游
t= 12.1 秒  球 方位+0.39 高低+0.21 距离1.02  左眼+15.9(该到+16.4)  右眼+30.7(该到+28.1)  随机漫游
t= 13.3 秒  球 方位+0.36 高低+0.28 距离1.04  左眼+16.2(该到+14.8)  右眼+12.2(该到+26.6)  随机漫游
t= 14.3 秒  球 方位+0.36 高低+0.16 距离1.01  左眼+16.6(该到+14.4)  右眼+26.3(该到+26.3)  随机漫游
t= 15.3 秒  球 方位+0.22 高低+0.16 距离0.92  左眼 +7.5(该到 +5.7)  右眼+21.5(该到+19.3)  随机漫游
t= 16.3 秒  球 方位+0.17 高低+0.28 距离0.81  左眼 +0.3(该到 +1.9)  右眼+20.8(该到+17.6)  随机漫游
t= 17.3 秒  球 方位+0.04 高低+0.21 距离0.73  左眼 -4.5(该到 -6.7)  右眼+13.0(该到+10.7)  随机漫游
t= 18.4 秒  球 方位+0.27 高低+0.13 距离0.70  左眼 +0.6(该到 +6.6)  右眼+22.0(该到+23.9)  随机漫游
t= 19.4 秒  球 方位+0.32 高低+0.14 距离0.73  左眼 +5.9(该到 +9.9)  右眼+27.1(该到+26.3)  随机漫游
t= 20.4 秒  球 方位+0.23 高低+0.13 距离0.82  左眼 +3.6(该到 +5.3)  右眼+18.9(该到+20.3)  随机漫游
t= 21.4 秒  球 方位+0.28 高低+0.25 距离0.92  左眼 +1.1(该到 +8.8)  右眼+15.0(该到+22.3)  随机漫游
t= 22.4 秒  球 方位+0.37 高低+0.18 距离1.01  左眼+11.2(该到+15.1)  右眼+20.1(该到+26.9)  随机漫游
t= 23.4 秒  球 方位+0.12 高低+0.25 距离1.05  左眼 -1.1(该到 +0.7)  右眼 +8.0(该到+12.9)  随机漫游
t= 24.4 秒  球 方位+0.05 高低+0.11 距离1.03  左眼 -8.3(该到 -3.1)  右眼 +6.6(该到 +9.2)  随机漫游
t= 25.5 秒  球 方位+0.15 高低+0.11 距离0.95  左眼 +0.1(该到 +1.8)  右眼+12.5(该到+15.0)  随机漫游
t= 26.5 秒  球 方位+0.39 高低+0.04 距离0.85  左眼 +5.2(该到+15.0)  右眼+24.8(该到+28.8)  随机漫游
t= 27.5 秒  球 方位+0.23 高低-0.03 距离0.75  左眼 +0.2(该到 +4.9)  右眼+11.4(该到+21.1)  随机漫游
t= 28.5 秒  球 方位+0.12 高低-0.12 距离0.70  左眼 +0.2(该到 -2.1)  右眼 +3.7(该到+15.7)  随机漫游
t= 29.5 秒  球 方位+0.24 高低-0.15 距离0.71  左眼 +0.3(该到 +4.6)  右眼+13.1(该到+21.8)  随机漫游
t= 30.5 秒  球 方位+0.39 高低-0.17 距离0.78  左眼 +7.5(该到+14.2)  右眼+21.7(该到+29.3)  随机漫游
t= 31.5 秒  球 方位+0.32 高低-0.21 距离0.88  左眼 +5.0(该到+11.2)  右眼+13.2(该到+25.0)  随机漫游
t= 32.5 秒  球 方位+0.27 高低-0.17 距离0.98  左眼 -0.1(该到 +9.2)  右眼 +8.9(该到+21.7)  随机漫游
t= 33.6 秒  球 方位+0.40 高低-0.27 距离1.04  左眼 +8.3(该到+16.8)  右眼+14.2(该到+28.4)  随机漫游
t= 34.6 秒  球 方位+0.38 高低-0.21 距离1.04  左眼 +3.7(该到+15.6)  右眼+11.0(该到+27.1)  随机漫游
t= 35.6 秒  球 方位+0.42 高低-0.22 距离0.98  左眼 +4.0(该到+17.8)  右眼+21.0(该到+29.8)  随机漫游
t= 36.6 秒  球 方位+0.39 高低-0.26 距离0.88  左眼 +8.5(该到+15.2)  右眼+17.7(该到+28.8)  随机漫游
t= 37.6 秒  球 方位+0.38 高低-0.20 距离0.78  左眼 +8.7(该到+13.6)  右眼+26.0(该到+28.9)  随机漫游
t= 38.6 秒  球 方位+0.29 高低-0.21 距离0.71  左眼 -0.0(该到 +7.7)  右眼+19.4(该到+24.9)  随机漫游
t= 39.7 秒  球 方位+0.35 高低-0.25 距离0.70  左眼 +9.6(该到+11.1)  右眼+25.3(该到+28.4)  随机漫游
t= 40.7 秒  球 方位+0.38 高低-0.08 距离0.76  左眼+15.3(该到+13.4)  右眼+31.4(该到+28.9)  随机漫游
t= 41.7 秒  球 方位+0.39 高低+0.10 距离0.85  左眼+11.1(该到+15.0)  右眼+19.6(该到+28.7)  随机漫游
t= 42.7 秒  球 方位+0.36 高低+0.27 距离0.96  左眼 +8.9(该到+14.0)  右眼+14.5(该到+26.8)  随机漫游
t= 43.7 秒  球 方位+0.41 高低+0.13 距离1.03  左眼 +7.3(该到+17.6)  右眼+12.7(该到+28.9)  随机漫游
t= 44.7 秒  球 方位+0.42 高低+0.08 距离1.05  左眼 +4.8(该到+18.1)  右眼+20.7(该到+29.1)  随机漫游
t= 45.8 秒  球 方位+0.38 高低+0.10 距离1.00  左眼 +6.0(该到+15.7)  右眼+27.6(该到+27.4)  随机漫游
t= 46.8 秒  球 方位+0.40 高低+0.04 距离0.91  左眼 +9.4(该到+16.0)  右眼+25.8(该到+28.7)  随机漫游
t= 47.8 秒  球 方位+0.32 高低-0.08 距离0.81  左眼 +1.9(该到+10.5)  右眼+15.4(该到+25.3)  随机漫游
t= 48.8 秒  球 方位+0.23 高低-0.04 距离0.73  左眼 +0.0(该到 +4.4)  右眼 +8.4(该到+21.2)  随机漫游
t= 49.8 秒  球 方位+0.15 高低+0.08 距离0.70  左眼 -0.3(该到 -0.5)  右眼 +8.2(该到+17.3)  随机漫游
t= 50.8 秒  球 方位+0.22 高低-0.04 距离0.73  左眼 +0.0(该到 +3.8)  右眼+12.9(该到+20.4)  随机漫游
t= 51.8 秒  球 方位+0.24 高低-0.11 距离0.82  左眼 +5.9(该到 +6.3)  右眼+13.9(该到+21.2)  随机漫游
t= 52.9 秒  球 方位+0.23 高低-0.09 距离0.92  左眼 +8.3(该到 +6.4)  右眼 +8.0(该到+19.7)  随机漫游
t= 53.9 秒  球 方位+0.18 高低-0.13 距离1.01  左眼 +4.1(该到 +4.3)  右眼 +7.5(该到+16.6)  随机漫游
t= 54.9 秒  球 方位+0.28 高低-0.22 距离1.05  左眼+13.0(该到 +9.9)  右眼+24.8(该到+21.7)  随机漫游
t= 55.9 秒  球 方位+0.40 高低-0.27 距离1.02  左眼+20.5(该到+16.7)  右眼+29.5(该到+28.5)  随机漫游
t= 56.9 秒  球 方位+0.40 高低-0.17 距离0.95  左眼+16.9(该到+16.3)  右眼+26.5(该到+28.8)  随机漫游
t= 57.9 秒  球 方位+0.25 高低-0.21 距离0.84  左眼 +8.7(该到 +6.5)  右眼+22.4(该到+21.3)  随机漫游
t= 59.0 秒  球 方位+0.11 高低-0.27 距离0.75  左眼 -0.7(该到 -2.5)  右眼+12.9(该到+14.7)  随机漫游
t= 60.0 秒  球 方位+0.08 高低-0.18 距离0.70  左眼 -6.8(该到 -4.5)  右眼 +9.9(该到+13.5)  随机漫游
t= 61.0 秒  球 方位+0.20 高低-0.18 距离0.72  左眼 -0.3(该到 +2.6)  右眼+19.0(该到+20.0)  随机漫游
t= 62.0 秒  球 方位+0.22 高低-0.08 距离0.79  左眼 +0.3(该到 +4.6)  右眼+18.2(该到+20.1)  随机漫游
t= 63.0 秒  球 方位+0.30 高低+0.08 距离0.89  左眼 +9.7(该到+10.4)  右眼+23.1(该到+23.8)  随机漫游
t= 64.0 秒  球 方位+0.38 高低+0.15 距离0.99  左眼+19.5(该到+15.5)  右眼+31.0(该到+27.4)  随机漫游
t= 65.1 秒  球 方位+0.33 高低+0.27 距离1.04  左眼+16.7(该到+12.8)  右眼+29.1(该到+24.7)  随机漫游
t= 66.1 秒  球 方位+0.41 高低+0.26 距离1.04  左眼+18.1(该到+17.3)  右眼+25.6(该到+28.9)  随机漫游
t= 67.1 秒  球 方位+0.34 高低+0.15 距离0.98  左眼+13.3(该到+13.1)  右眼+18.8(该到+25.4)  随机漫游
t= 68.1 秒  球 方位+0.12 高低+0.13 距离0.88  左眼 +0.3(该到 -0.6)  右眼 +6.4(该到+13.7)  随机漫游
t= 69.1 秒  球 方位+0.06 高低+0.11 距离0.78  左眼 -4.6(该到 -4.8)  右眼 +6.0(该到+11.4)  随机漫游
t= 70.1 秒  球 方位-0.04 高低+0.10 距离0.71  左眼-10.8(该到-11.2)  右眼 +0.0(该到 +6.4)  随机漫游
t= 71.1 秒  球 方位-0.02 高低-0.01 距离0.71  左眼-13.9(该到 -9.9)  右眼 +1.1(该到 +7.8)  随机漫游
t= 72.1 秒  球 方位+0.22 高低-0.13 距离0.76  左眼 +0.3(该到 +4.4)  右眼+12.9(该到+20.6)  随机漫游
t= 73.2 秒  球 方位+0.33 高低-0.25 距离0.86  左眼 +6.2(该到+11.6)  右眼+18.8(该到+25.9)  随机漫游
t= 74.2 秒  球 方位+0.17 高低-0.18 距离0.96  左眼 +1.6(该到 +3.3)  右眼 +3.4(该到+16.4)  随机漫游
t= 75.2 秒  球 方位+0.01 高低-0.07 距离1.03  左眼 -0.3(该到 -5.3)  右眼 +3.3(该到 +6.9)  随机漫游
t= 76.2 秒  球 方位+0.07 高低+0.01 距离1.05  左眼 +0.6(该到 -2.3)  右眼+10.1(该到 +9.7)  随机漫游
t= 77.2 秒  球 方位+0.07 高低+0.17 距离1.00  左眼 -6.3(该到 -2.6)  右眼+12.0(该到+10.1)  随机漫游
t= 78.2 秒  球 方位+0.04 高低+0.28 距离0.91  左眼 -8.7(该到 -4.8)  右眼+11.1(该到 +9.5)  随机漫游
t= 79.2 秒  球 方位+0.02 高低+0.24 距离0.81  左眼-10.3(该到 -6.7)  右眼 +4.2(该到 +9.3)  随机漫游
t= 80.2 秒  球 方位+0.04 高低+0.25 距离0.73  左眼 -9.6(该到 -6.4)  右眼 +5.1(该到+11.3)  随机漫游
t= 81.3 秒  球 方位+0.13 高低+0.13 距离0.70  左眼 -2.1(该到 -1.8)  右眼 +9.3(该到+16.0)  随机漫游
t= 82.3 秒  球 方位-0.01 高低+0.26 距离0.74  左眼 -7.8(该到 -9.1)  右眼 +0.2(该到 +8.5)  随机漫游
t= 83.3 秒  球 方位-0.11 高低+0.25 距离0.82  左眼-13.5(该到-13.8)  右眼 +0.2(该到 +1.8)  随机漫游
t= 84.3 秒  球 方位-0.06 高低+0.20 距离0.93  左眼 -2.3(该到-10.4)  右眼 -0.2(该到 +3.4)  随机漫游
t= 85.3 秒  球 方位+0.08 高低+0.16 距离1.01  左眼 +3.0(该到 -1.7)  右眼 +5.9(该到+10.8)  随机漫游
t= 86.3 秒  球 方位+0.00 高低+0.05 距离1.05  左眼 -4.8(该到 -6.0)  右眼 +8.8(该到 +6.0)  随机漫游
t= 87.4 秒  球 方位-0.14 高低-0.07 距离1.02  左眼-13.9(该到-13.9)  右眼 -5.0(该到 -1.7)  随机漫游
t= 88.4 秒  球 方位-0.15 高低-0.22 距离0.94  左眼-11.2(该到-15.0)  右眼 -6.2(该到 -1.5)  随机漫游
t= 89.4 秒  球 方位-0.15 高低-0.24 距离0.84  左眼-10.7(该到-16.3)  右眼 +3.1(该到 -1.1)  随机漫游
t= 90.4 秒  球 方位-0.16 高低-0.14 距离0.75  左眼 -7.9(该到-17.3)  右眼 +0.1(该到 -0.5)  随机漫游
t= 91.4 秒  球 方位-0.34 高低-0.21 距离0.70  左眼-32.1(该到-27.7)  右眼 -7.7(该到-10.4)  随机漫游
t= 92.4 秒  球 方位-0.14 高低-0.25 距离0.72  左眼-20.4(该到-16.5)  右眼 +0.1(该到 +1.3)  随机漫游
t= 93.4 秒  球 方位-0.12 高低-0.20 距离0.79  左眼-21.0(该到-14.9)  右眼 -2.2(该到 +1.1)  随机漫游
t= 94.5 秒  球 方位+0.04 高低-0.20 距离0.90  左眼-10.9(该到 -5.0)  右眼+10.0(该到 +9.3)  随机漫游
t= 95.5 秒  球 方位+0.08 高低-0.27 距离0.99  左眼 -6.8(该到 -2.0)  右眼 -0.8(该到+11.1)  随机漫游
t= 96.5 秒  球 方位+0.34 高低-0.20 距离1.05  左眼 +9.8(该到+13.7)  右眼+28.4(该到+25.3)  随机漫游
t= 97.5 秒  球 方位+0.13 高低-0.15 距离1.04  左眼 +3.4(该到 +1.1)  右眼+17.1(该到+13.2)  随机漫游
t= 98.5 秒  球 方位-0.06 高低-0.13 距离0.97  左眼 -5.6(该到-10.0)  右眼 +1.6(该到 +3.0)  随机漫游
t= 99.5 秒  球 方位-0.09 高低-0.17 距离0.87  左眼 -4.0(该到-12.6)  右眼 +0.1(该到 +2.0)  随机漫游
t=100.6 秒  球 方位+0.01 高低-0.23 距离0.77  左眼 -0.3(该到 -7.8)  右眼 +1.1(该到 +8.8)  随机漫游
t=101.6 秒  球 方位+0.04 高低-0.13 距离0.71  左眼 -0.1(该到 -6.5)  右眼 +0.9(该到+11.3)  随机漫游
t=102.6 秒  球 方位+0.25 高低-0.14 距离0.71  左眼 +0.2(该到 +5.5)  右眼+13.1(该到+22.8)  随机漫游
t=103.6 秒  球 方位+0.27 高低-0.15 距离0.77  左眼 +0.3(该到 +7.0)  右眼+10.5(该到+23.0)  随机漫游
t=104.6 秒  球 方位+0.29 高低-0.04 距离0.86  左眼 -0.1(该到 +9.6)  右眼+15.8(该到+23.6)  随机漫游
t=105.6 秒  球 方位+0.20 高低-0.02 距离0.96  左眼 +0.3(该到 +4.8)  右眼+10.4(该到+17.5)  随机漫游
t=106.6 秒  球 方位+0.23 高低-0.12 距离1.03  左眼 +7.8(该到 +6.8)  右眼+22.1(该到+18.7)  随机漫游
t=107.7 秒  球 方位+0.12 高低-0.13 距离1.05  左眼 -0.5(该到 +0.6)  右眼+16.2(该到+12.7)  随机漫游
t=108.7 秒  球 方位+0.12 高低-0.05 距离1.00  左眼 -0.9(该到 +0.3)  右眼+15.3(该到+12.8)  随机漫游
t=109.7 秒  球 方位+0.10 高低-0.03 距离0.91  左眼 -0.3(该到 -1.1)  右眼+14.7(该到+12.6)  随机漫游
t=110.7 秒  球 方位-0.05 高低-0.09 距离0.80  左眼-13.0(该到-10.5)  右眼 +1.9(该到 +5.1)  随机漫游
t=111.7 秒  球 方位-0.10 高低-0.01 距离0.72  左眼-17.5(该到-14.2)  右眼 -0.1(该到 +2.9)  随机漫游
t=112.7 秒  球 方位+0.01 高低-0.19 距离0.70  左眼 -7.6(该到 -8.7)  右眼 +1.5(该到 +9.4)  随机漫游
t=113.7 秒  球 方位+0.14 高低-0.15 距离0.74  左眼 +0.3(该到 -0.8)  右眼 +9.3(该到+16.1)  随机漫游
t=114.7 秒  球 方位-0.05 高低-0.17 距离0.83  左眼 -6.9(该到-10.7)  右眼 +0.0(该到 +4.7)  随机漫游
t=115.8 秒  球 方位-0.13 高低-0.13 距离0.93  左眼-10.8(该到-14.1)  右眼 -5.7(该到 -0.7)  随机漫游
t=116.8 秒  球 方位+0.06 高低-0.06 距离1.02  左眼 -0.3(该到 -2.7)  右眼 +2.6(该到 +9.7)  随机漫游
t=117.8 秒  球 方位+0.17 高低-0.13 距离1.05  左眼 -0.0(该到 +3.7)  右眼 +5.2(该到+15.6)  随机漫游
t=118.8 秒  球 方位+0.42 高低-0.23 距离1.02  左眼+11.7(该到+17.8)  右眼+26.0(该到+29.4)  随机漫游
t=119.8 秒  球 方位+0.25 高低-0.27 距离0.94  左眼 +7.0(该到 +7.3)  右眼+18.3(该到+20.7)  随机漫游
t=120.8 秒  球 方位+0.02 高低-0.25 距离0.83  左眼 -2.0(该到 -6.9)  右眼 +1.9(该到 +8.6)  随机漫游
t=121.8 秒  球 方位-0.07 高低-0.19 距离0.74  左眼 -9.2(该到-12.2)  右眼 +0.2(该到 +4.9)  随机漫游
t=122.9 秒  球 方位+0.17 高低-0.12 距离0.70  左眼 -0.0(该到 +0.7)  右眼 +8.7(该到+18.4)  随机漫游
t=123.9 秒  球 方位+0.38 高低-0.08 距离0.72  左眼+13.5(该到+13.4)  右眼+19.9(该到+29.6)  随机漫游
t=124.9 秒  球 方位+0.27 高低-0.18 距离0.80  左眼 +3.2(该到 +7.7)  右眼 +8.3(该到+23.1)  随机漫游
t=125.9 秒  球 方位+0.31 高低-0.17 距离0.90  左眼 +8.7(该到+10.8)  右眼+14.6(该到+24.3)  随机漫游
t=126.9 秒  球 方位+0.38 高低-0.04 距离0.99  左眼+13.9(该到+15.5)  右眼+12.6(该到+27.3)  随机漫游
t=127.9 秒  球 方位+0.40 高低-0.02 距离1.05  左眼+11.8(该到+16.9)  右眼+16.6(该到+28.0)  随机漫游
t=129.0 秒  球 方位+0.36 高低-0.05 距离1.04  左眼 +3.8(该到+15.0)  右眼+20.5(该到+26.3)  随机漫游
t=130.0 秒  球 方位+0.30 高低-0.05 距离0.97  左眼 -0.0(该到+10.6)  右眼+26.2(该到+23.1)  随机漫游
t=131.0 秒  球 方位+0.25 高低-0.00 距离0.87  左眼 +2.4(该到 +7.2)  右眼+17.1(该到+21.3)  随机漫游
t=132.0 秒  球 方位+0.41 高低+0.10 距离0.77  左眼+11.9(该到+15.5)  右眼+26.1(该到+30.6)  随机漫游
t=133.0 秒  球 方位+0.31 高低+0.04 距离0.71  左眼 +8.5(该到 +9.1)  右眼+26.7(该到+26.0)  随机漫游
t=134.0 秒  球 方位+0.34 高低+0.03 距离0.71  左眼+10.2(该到+10.4)  右眼+17.6(该到+27.2)  随机漫游
t=135.0 秒  球 方位+0.36 高低+0.08 距离0.77  左眼+12.7(该到+12.6)  右眼+16.4(该到+28.0)  随机漫游
t=136.1 秒  球 方位+0.34 高低+0.10 距离0.87  左眼+16.5(该到+12.6)  右眼+21.7(该到+26.3)  随机漫游
t=137.1 秒  球 方位+0.31 高低+0.20 距离0.97  左眼+11.6(该到+11.1)  右眼+26.4(该到+23.7)  随机漫游
t=138.1 秒  球 方位+0.41 高低+0.16 距离1.04  左眼+15.7(该到+17.9)  右眼+27.2(该到+29.2)  随机漫游
t=139.1 秒  球 方位+0.27 高低+0.20 距离1.05  左眼 +6.7(该到 +9.4)  右眼+12.6(该到+21.2)  随机漫游
t=140.1 秒  球 方位+0.40 高低+0.21 距离1.00  左眼+12.0(该到+16.7)  右眼+14.1(该到+28.6)  随机漫游
t=141.1 秒  球 方位+0.28 高低+0.21 距离0.90  左眼 +3.8(该到 +8.7)  右眼 +4.3(该到+22.4)  随机漫游
t=142.2 秒  球 方位+0.42 高低+0.07 距离0.80  左眼+13.5(该到+16.3)  右眼+32.4(该到+30.8)  随机漫游
t=143.2 秒  球 方位+0.37 高低+0.07 距离0.72  左眼 +7.6(该到+12.7)  右眼+28.3(该到+28.9)  随机漫游
t=144.2 秒  球 方位+0.30 高低+0.13 距离0.70  左眼 +0.3(该到 +8.5)  右眼+24.0(该到+25.7)  随机漫游
t=145.2 秒  球 方位+0.41 高低+0.15 距离0.74  左眼 +7.6(该到+15.1)  右眼+25.1(该到+30.8)  随机漫游
t=146.2 秒  球 方位+0.27 高低+0.20 距离0.83  左眼 +2.0(该到 +7.8)  右眼+11.6(该到+22.6)  随机漫游
t=147.2 秒  球 方位+0.27 高低+0.09 距离0.94  左眼 +4.0(该到 +8.6)  右眼 +7.9(该到+21.6)  随机漫游
t=148.2 秒  球 方位+0.31 高低+0.17 距离1.02  左眼 +6.5(该到+11.3)  右眼 +7.1(该到+23.3)  随机漫游
t=149.3 秒  球 方位+0.38 高低+0.14 距离1.05  左眼+14.3(该到+15.7)  右眼+23.7(该到+27.0)  随机漫游
t=150.3 秒  球 方位+0.38 高低+0.11 距离1.02  左眼+10.7(该到+15.9)  右眼+30.5(该到+27.4)  随机漫游
t=151.3 秒  球 方位+0.20 高低+0.16 距离0.94  左眼 +1.8(该到 +4.4)  右眼+20.8(该到+17.8)  随机漫游
t=152.3 秒  球 方位+0.30 高低+0.26 距离0.83  左眼 +9.1(该到 +9.7)  右眼+16.9(该到+24.6)  随机漫游
t=153.3 秒  球 方位+0.37 高低+0.18 距离0.74  左眼+11.5(该到+12.7)  右眼+21.1(该到+28.8)  随机漫游
t=154.3 秒  球 方位+0.24 高低+0.26 距离0.70  左眼 +3.6(该到 +4.5)  右眼+14.1(该到+22.4)  随机漫游
t=155.3 秒  球 方位+0.20 高低+0.28 距离0.72  左眼 -0.2(该到 +2.1)  右眼+14.1(该到+19.8)  随机漫游
t=156.4 秒  球 方位+0.08 高低+0.25 距离0.80  左眼 -1.6(该到 -3.5)  右眼 +5.8(该到+12.5)  随机漫游
t=157.4 秒  球 方位-0.07 高低+0.16 距离0.90  左眼-14.7(该到-11.2)  右眼 -0.8(该到 +2.8)  随机漫游
t=158.4 秒  球 方位+0.05 高低+0.15 距离1.00  左眼 -9.6(该到 -3.7)  右眼 +8.4(该到 +9.0)  随机漫游
t=159.4 秒  球 方位+0.29 高低+0.22 距离1.05  左眼 +6.5(该到+10.3)  右眼+20.8(该到+22.1)  随机漫游
t=160.4 秒  球 方位+0.41 高低+0.24 距离1.04  左眼+11.6(该到+17.8)  右眼+27.4(该到+29.2)  随机漫游
t=161.4 秒  球 方位+0.37 高低+0.24 距离0.97  左眼 +8.0(该到+14.9)  右眼+19.9(该到+27.4)  随机漫游
t=162.4 秒  球 方位+0.11 高低+0.27 距离0.86  左眼 -0.3(该到 -1.3)  右眼 +5.4(该到+13.7)  随机漫游
t=163.4 秒  球 方位-0.07 高低+0.26 距离0.77  左眼 -6.0(该到-12.6)  右眼 +3.6(该到 +4.3)  随机漫游
t=164.5 秒  球 方位-0.15 高低+0.21 距离0.71  左眼-10.3(该到-17.1)  右眼 -0.3(该到 +0.8)  随机漫游
t=165.5 秒  球 方位-0.17 高低+0.21 距离0.71  左眼-11.3(该到-18.5)  右眼 +0.0(该到 -0.7)  随机漫游
t=166.5 秒  球 方位-0.08 高低+0.27 距离0.77  左眼 -9.5(该到-12.9)  右眼 +0.0(该到 +3.9)  随机漫游
t=167.5 秒  球 方位+0.11 高低+0.19 距离0.87  左眼 +1.1(该到 -1.0)  右眼 +4.8(该到+13.6)  随机漫游
t=168.5 秒  球 方位+0.04 高低+0.16 距离0.97  左眼-10.3(该到 -4.6)  右眼 -2.1(该到 +8.5)  随机漫游
t=169.5 秒  球 方位+0.12 高低+0.20 距离1.04  左眼 +2.1(该到 +0.9)  右眼 +2.4(该到+13.2)  随机漫游
t=170.6 秒  球 方位+0.07 高低+0.14 距离1.05  左眼 -2.2(该到 -1.9)  右眼 +1.5(该到+10.2)  随机漫游
t=171.6 秒  球 方位+0.08 高低+0.05 距离0.99  左眼 -4.2(该到 -1.6)  右眼 +5.0(该到+11.0)  随机漫游
t=172.6 秒  球 方位+0.09 高低-0.08 距离0.90  左眼 +0.3(该到 -1.7)  右眼 +5.9(该到+12.2)  随机漫游
t=173.6 秒  球 方位-0.07 高低-0.20 距离0.80  左眼 -4.8(该到-12.1)  右眼 +4.7(该到 +4.0)  随机漫游
t=174.6 秒  球 方位-0.27 高低-0.08 距离0.72  左眼-20.3(该到-23.3)  右眼 -6.6(该到 -6.5)  随机漫游
t=175.6 秒  球 方位-0.25 高低-0.02 距离0.70  左眼-18.4(该到-22.5)  右眼 -4.8(该到 -5.2)  随机漫游
t=176.6 秒  球 方位-0.41 高低-0.00 距离0.74  左眼-31.1(该到-30.8)  右眼-15.7(该到-15.4)  随机漫游
t=177.7 秒  球 方位-0.42 高低+0.08 距离0.84  左眼-33.7(该到-30.4)  右眼-17.4(该到-16.6)  随机漫游
t=178.7 秒  球 方位-0.41 高低-0.05 距离0.94  左眼-34.4(该到-29.5)  右眼-14.7(该到-17.3)  随机漫游
t=179.7 秒  球 方位-0.34 高低-0.01 距离1.02  左眼-29.7(该到-25.1)  右眼-19.3(该到-13.4)  随机漫游
t=180.7 秒  球 方位-0.36 高低+0.05 距离1.05  左眼-24.5(该到-25.9)  右眼-15.1(该到-14.6)  随机漫游
t=181.7 秒  球 方位-0.41 高低+0.12 距离1.02  左眼-21.0(该到-29.2)  右眼-10.5(该到-17.8)  随机漫游
t=182.7 秒  球 方位-0.31 高低+0.06 距离0.93  左眼-14.1(该到-24.0)  右眼 -1.3(该到-11.1)  随机漫游
t=183.8 秒  球 方位-0.21 高低+0.15 距离0.83  左眼 -8.0(该到-19.2)  右眼 -0.4(该到 -4.2)  随机漫游
t=184.8 秒  球 方位-0.22 高低+0.13 距离0.74  左眼-16.9(该到-20.5)  右眼 -1.4(该到 -3.7)  随机漫游
t=185.8 秒  球 方位-0.18 高低+0.27 距离0.70  左眼-17.3(该到-19.2)  右眼 -4.1(该到 -1.0)  随机漫游
t=186.8 秒  球 方位-0.04 高低+0.24 距离0.72  左眼-11.3(该到-11.2)  右眼 +4.8(该到 +6.6)  随机漫游
t=187.8 秒  球 方位+0.14 高低+0.15 距离0.80  左眼 -1.6(该到 -0.1)  右眼+14.3(该到+15.6)  随机漫游
t=188.8 秒  球 方位-0.09 高低+0.08 距离0.91  左眼-11.7(该到-12.0)  右眼 +1.3(该到 +1.8)  随机漫游
t=189.8 秒  球 方位-0.31 高低+0.02 距离1.00  左眼-29.6(该到-23.6)  右眼-11.1(该到-11.6)  随机漫游
t=190.8 秒  球 方位-0.28 高低-0.10 距离1.05  左眼-27.4(该到-21.8)  右眼 -8.0(该到-10.2)  随机漫游
t=191.9 秒  球 方位-0.15 高低-0.04 距离1.03  左眼-18.3(该到-14.5)  右眼 -3.7(该到 -2.5)  随机漫游
t=192.9 秒  球 方位-0.19 高低-0.18 距离0.96  左眼-20.8(该到-17.3)  右眼 -9.5(该到 -4.3)  随机漫游
t=193.9 秒  球 方位-0.11 高低-0.22 距离0.86  左眼-18.8(该到-13.6)  右眼 -0.1(该到 +1.2)  随机漫游
t=194.9 秒  球 方位-0.02 高低-0.21 距离0.76  左眼-11.7(该到 -9.7)  右眼 +8.5(该到 +7.1)  随机漫游
t=195.9 秒  球 方位+0.02 高低-0.05 距离0.71  左眼-10.3(该到 -7.5)  右眼 +7.8(该到+10.2)  随机漫游
t=196.9 秒  球 方位+0.18 高低+0.06 距离0.71  左眼 -0.2(该到 +1.1)  右眼+19.8(该到+18.5)  随机漫游
t=198.0 秒  球 方位+0.13 高低+0.18 距离0.77  左眼 +0.1(该到 -1.0)  右眼+16.5(该到+15.3)  随机漫游
t=199.0 秒  球 方位+0.19 高低+0.12 距离0.87  左眼 -0.2(该到 +3.4)  右眼+18.6(该到+17.6)  随机漫游
t=200.0 秒  球 方位+0.33 高低+0.22 距离0.97  左眼 +9.1(该到+12.6)  右眼+22.6(该到+25.1)  随机漫游
t=201.0 秒  球 方位+0.12 高低+0.23 距离1.04  左眼 +3.8(该到 +0.9)  右眼 +7.3(该到+13.2)  随机漫游
t=202.0 秒  球 方位+0.03 高低+0.14 距离1.04  左眼 -0.3(该到 -4.3)  右眼 +8.0(该到 +7.8)  随机漫游
t=203.0 秒  球 方位+0.10 高低+0.17 距离0.99  左眼 -5.9(该到 -0.5)  右眼+14.7(该到+12.3)  随机漫游
t=204.0 秒  球 方位+0.36 高低+0.03 距离0.90  左眼 +5.2(该到+14.0)  右眼+27.9(该到+27.1)  随机漫游
t=205.0 秒  球 方位+0.22 高低+0.07 距离0.79  左眼 -0.1(该到 +4.8)  右眼+12.7(该到+20.2)  随机漫游
t=206.0 秒  球 方位+0.24 高低+0.11 距离0.72  左眼 +0.0(该到 +5.0)  右眼+17.3(该到+22.0)  随机漫游
t=207.0 秒  球 方位+0.21 高低+0.05 距离0.70  左眼 +0.1(该到 +3.0)  右眼+14.2(该到+20.5)  随机漫游
t=208.1 秒  球 方位+0.12 高低-0.03 距离0.74  左眼 -0.2(该到 -1.4)  右眼 +7.0(该到+15.3)  随机漫游
t=209.1 秒  球 方位+0.01 高低-0.10 距离0.84  左眼 -3.0(该到 -7.1)  右眼 +0.8(该到 +8.0)  随机漫游
t=210.1 秒  球 方位+0.12 高低-0.08 距离0.94  左眼 -0.2(该到 -0.1)  右眼 +9.2(该到+13.2)  随机漫游
t=211.1 秒  球 方位+0.28 高低+0.07 距离1.02  左眼 +5.7(该到+10.1)  右眼+16.0(该到+22.0)  随机漫游
t=212.1 秒  球 方位+0.33 高低+0.05 距离1.05  左眼+14.7(该到+13.1)  右眼+18.0(该到+24.4)  随机漫游
t=213.1 秒  球 方位+0.10 高低+0.01 距离1.02  左眼 -4.8(该到 -0.6)  右眼 +2.7(该到+11.7)  随机漫游
t=214.1 秒  球 方位+0.12 高低-0.01 距离0.93  左眼 -0.1(该到 +0.4)  右眼+11.7(该到+13.7)  随机漫游
t=215.2 秒  球 方位-0.03 高低-0.06 距离0.83  左眼-11.3(该到 -9.5)  右眼 +7.1(该到 +5.7)  随机漫游
t=216.2 秒  球 方位-0.03 高低-0.14 距离0.74  左眼-11.6(该到-10.4)  右眼 +5.9(该到 +6.7)  随机漫游
t=217.2 秒  球 方位-0.21 高低-0.08 距离0.70  左眼-24.3(该到-20.6)  右眼 -2.6(该到 -3.1)  随机漫游
t=218.2 秒  球 方位-0.19 高低-0.04 距离0.72  左眼-20.2(该到-19.3)  右眼 -0.3(该到 -2.3)  随机漫游
t=219.2 秒  球 方位-0.05 高低+0.09 距离0.80  左眼-11.8(该到-10.5)  右眼 +0.3(该到 +5.2)  随机漫游
t=220.2 秒  球 方位+0.02 高低+0.13 距离0.91  左眼-10.7(该到 -5.9)  右眼 +6.0(该到 +8.0)  随机漫游
t=221.2 秒  球 方位-0.11 高低+0.04 距离1.00  左眼-14.3(该到-12.3)  右眼 -1.4(该到 +0.2)  随机漫游
t=222.3 秒  球 方位-0.12 高低+0.13 距离1.05  左眼-13.8(该到-12.7)  右眼 -7.5(该到 -0.7)  随机漫游
t=223.3 秒  球 方位-0.02 高低+0.18 距离1.03  左眼-10.4(该到 -7.4)  右眼 +4.8(该到 +4.9)  随机漫游
t=224.3 秒  球 方位+0.16 高低+0.28 距离0.96  左眼 -0.4(该到 +2.6)  右眼+13.9(该到+16.0)  随机漫游
t=225.3 秒  球 方位+0.23 高低+0.20 距离0.86  左眼 +7.7(该到 +5.5)  右眼+21.5(该到+20.0)  随机漫游
t=226.3 秒  球 方位+0.05 高低+0.24 距离0.76  左眼 -5.9(该到 -5.5)  右眼+13.4(该到+11.4)  随机漫游
t=227.3 秒  球 方位-0.15 高低+0.13 距离0.71  左眼-17.0(该到-17.4)  右眼 -0.2(该到 +0.3)  随机漫游
t=228.4 秒  球 方位-0.09 高低+0.15 距离0.71  左眼 -9.4(该到-13.8)  右眼 +1.8(该到 +3.9)  随机漫游
t=229.4 秒  球 方位-0.00 高低+0.22 距离0.77  左眼 -4.2(该到 -8.4)  右眼 +3.1(该到 +8.2)  随机漫游
t=230.4 秒  球 方位-0.07 高低+0.28 距离0.87  左眼 -9.2(该到-11.6)  右眼 -1.5(该到 +3.2)  随机漫游
t=231.4 秒  球 方位+0.13 高低+0.25 距离0.97  左眼 +0.1(该到 +0.6)  右眼+10.9(该到+13.8)  随机漫游
t=232.4 秒  球 方位+0.20 高低+0.24 距离1.04  左眼 +1.3(该到 +5.0)  右眼+11.2(该到+17.3)  随机漫游
t=233.4 秒  球 方位+0.23 高低+0.26 距离1.04  左眼 +9.7(该到 +7.2)  右眼 +9.8(该到+19.3)  随机漫游
t=234.4 秒  球 方位+0.20 高低+0.25 距离0.99  左眼 +4.6(该到 +4.8)  右眼 +4.4(该到+17.6)  随机漫游
t=235.5 秒  球 方位+0.12 高低+0.27 距离0.89  左眼 -5.4(该到 -0.7)  右眼 +1.2(该到+13.7)  随机漫游
t=236.5 秒  球 方位+0.26 高低+0.22 距离0.79  左眼 +6.9(该到 +7.0)  右眼+15.5(该到+22.7)  随机漫游
t=237.5 秒  球 方位+0.35 高低+0.13 距离0.72  左眼+14.6(该到+11.6)  右眼+25.9(该到+28.1)  随机漫游
t=238.5 秒  球 方位+0.39 高低+0.09 距离0.70  左眼+14.8(该到+13.6)  右眼+29.8(该到+30.2)  随机漫游
t=239.5 秒  球 方位+0.28 高低+0.02 距离0.75  左眼 +3.8(该到 +7.8)  右眼+22.6(该到+23.9)  随机漫游
t=240.5 秒  球 方位+0.16 高低-0.09 距离0.84  左眼 +0.3(该到 +1.5)  右眼 +8.2(该到+16.4)  随机漫游
t=241.5 秒  球 方位+0.15 高低-0.16 距离0.94  左眼 -1.7(该到 +1.6)  右眼 +6.6(该到+14.9)  随机漫游
t=242.6 秒  球 方位-0.05 高低-0.13 距离1.02  左眼-13.8(该到 -8.7)  右眼 +6.2(该到 +3.6)  随机漫游
t=243.6 秒  球 方位-0.23 高低+0.02 距离1.05  左眼-21.9(该到-18.6)  右眼 -4.7(该到 -7.0)  随机漫游
t=244.6 秒  球 方位-0.28 高低+0.02 距离1.01  左眼-23.2(该到-21.8)  右眼 -0.0(该到 -9.9)  随机漫游
t=245.6 秒  球 方位-0.27 高低-0.01 距离0.93  左眼-19.5(该到-21.7)  右眼 -7.7(该到 -8.7)  随机漫游
t=246.6 秒  球 方位-0.14 高低-0.11 距离0.82  左眼-13.1(该到-15.6)  右眼 +1.1(该到 -0.4)  随机漫游
t=247.6 秒  球 方位-0.28 高低+0.02 距离0.74  左眼-22.1(该到-23.9)  右眼 -5.2(该到 -7.5)  随机漫游
t=248.7 秒  球 方位-0.36 高低+0.01 距离0.70  左眼-27.6(该到-28.5)  右眼 -9.7(该到-11.7)  随机漫游
t=249.7 秒  球 方位-0.33 高低-0.10 距离0.73  左眼-26.1(该到-26.9)  右眼 -8.3(该到-10.6)  随机漫游
t=250.7 秒  球 方位-0.39 高低-0.02 距离0.81  左眼-32.0(该到-28.9)  右眼-19.2(该到-14.5)  随机漫游
t=251.7 秒  球 方位-0.31 高低+0.03 距离0.91  左眼-28.8(该到-24.3)  右眼-11.2(该到-11.1)  随机漫游
t=252.7 秒  球 方位-0.40 高低-0.09 距离1.00  左眼-33.8(该到-28.4)  右眼-14.4(该到-16.8)  随机漫游
t=253.7 秒  球 方位-0.34 高低-0.22 距离1.05  左眼-21.8(该到-25.3)  右眼 -7.0(该到-13.8)  随机漫游
t=254.8 秒  球 方位-0.36 高低-0.24 距离1.03  左眼-19.2(该到-26.3)  右眼 -5.5(该到-14.5)  随机漫游
t=255.8 秒  球 方位-0.33 高低-0.18 距离0.96  左眼-12.4(该到-24.8)  右眼 -2.6(该到-12.1)  随机漫游
t=256.8 秒  球 方位-0.31 高低-0.05 距离0.85  左眼-22.1(该到-24.4)  右眼 -7.4(该到-10.4)  随机漫游
t=257.8 秒  球 方位-0.24 高低-0.03 距离0.76  左眼-23.4(该到-21.3)  右眼 -5.0(该到 -5.2)  随机漫游
t=258.8 秒  球 方位-0.22 高低-0.02 距离0.70  左眼-22.8(该到-21.1)  右眼 -2.1(该到 -3.7)  随机漫游
t=259.8 秒  球 方位-0.24 高低+0.06 距离0.71  左眼-23.6(该到-21.9)  右眼 -0.3(该到 -4.8)  随机漫游
t=260.8 秒  球 方位-0.30 高低+0.10 距离0.78  左眼-27.6(该到-24.5)  右眼 -6.7(该到 -9.0)  随机漫游
t=261.9 秒  球 方位-0.16 高低+0.22 距离0.88  左眼-19.6(该到-16.5)  右眼 +2.3(该到 -2.1)  随机漫游
t=262.9 秒  球 方位-0.33 高低+0.16 距离0.98  左眼-24.9(该到-25.1)  右眼-11.2(该到-12.8)  随机漫游
t=263.9 秒  球 方位-0.30 高低+0.16 距离1.04  左眼-20.2(该到-23.1)  右眼 -1.1(该到-11.4)  随机漫游
t=264.9 秒  球 方位-0.26 高低+0.19 距离1.04  左眼-13.4(该到-20.4)  右眼 -2.3(该到 -8.6)  随机漫游
t=265.9 秒  球 方位-0.30 高低+0.21 距离0.99  左眼-14.3(该到-23.3)  右眼 -2.6(该到-10.8)  随机漫游
t=266.9 秒  球 方位-0.24 高低+0.12 距离0.89  左眼 -8.4(该到-20.2)  右眼 -1.2(该到 -6.4)  随机漫游
t=267.9 秒  球 方位-0.39 高低+0.03 距离0.79  左眼-31.1(该到-29.1)  右眼-10.5(该到-14.4)  随机漫游
t=268.9 秒  球 方位-0.42 高低-0.13 距离0.72  左眼-32.1(该到-31.6)  右眼-11.1(该到-15.4)  随机漫游
t=269.9 秒  球 方位-0.33 高低-0.06 距离0.70  左眼-27.4(该到-27.0)  右眼 -6.5(该到-10.1)  随机漫游
t=270.9 秒  球 方位-0.10 高低+0.06 距离0.75  左眼-16.3(该到-14.1)  右眼 -0.1(该到 +2.6)  随机漫游
t=272.0 秒  球 方位-0.06 高低-0.01 距离0.84  左眼-11.2(该到-11.0)  右眼 +0.0(该到 +3.9)  随机漫游
t=273.0 秒  球 方位-0.04 高低-0.17 距离0.94  左眼 -8.6(该到 -9.2)  右眼 -0.0(该到 +4.3)  随机漫游
t=274.0 秒  球 方位-0.01 高低-0.28 距离1.02  左眼 -9.0(该到 -7.2)  右眼 +2.9(该到 +5.5)  随机漫游
t=275.0 秒  球 方位+0.08 高低-0.21 距离1.05  左眼 -7.1(该到 -1.3)  右眼+12.6(该到+10.9)  随机漫游
t=276.0 秒  球 方位+0.30 高低-0.17 距离1.01  左眼 +4.5(该到+10.9)  右眼+19.4(该到+22.9)  随机漫游
t=277.0 秒  球 方位+0.26 高低-0.03 距离0.93  左眼 +0.5(该到 +8.4)  右眼 +7.3(该到+21.5)  随机漫游
t=278.0 秒  球 方位+0.31 高低+0.11 距离0.82  左眼 +5.2(该到+10.0)  右眼+24.1(该到+24.6)  随机漫游
t=279.0 秒  球 方位+0.11 高低+0.08 距离0.74  左眼 -0.1(该到 -2.2)  右眼+15.6(该到+14.8)  随机漫游
t=280.1 秒  球 方位+0.28 高低+0.03 距离0.70  左眼 +3.4(该到 +7.0)  右眼+18.2(该到+24.2)  随机漫游
t=281.1 秒  球 方位+0.20 高低-0.12 距离0.73  左眼 -0.3(该到 +2.6)  右眼 +6.5(该到+19.6)  随机漫游
t=282.1 秒  球 方位+0.23 高低-0.18 距离0.81  左眼 +0.6(该到 +5.3)  右眼 +7.4(该到+20.7)  随机漫游
t=283.1 秒  球 方位+0.25 高低-0.20 距离0.91  左眼 +0.1(该到 +7.2)  右眼 +7.4(该到+20.9)  随机漫游
t=284.1 秒  球 方位+0.35 高低-0.12 距离1.00  左眼 +8.5(该到+13.9)  右眼+27.9(该到+25.7)  随机漫游
t=285.1 秒  球 方位+0.38 高低-0.19 距离1.05  左眼+10.3(该到+15.8)  右眼+30.6(该到+27.2)  随机漫游
t=286.2 秒  球 方位+0.26 高低-0.23 距离1.03  左眼 +7.8(该到 +8.8)  右眼+24.9(该到+20.9)  随机漫游
t=287.2 秒  球 方位+0.20 高低-0.18 距离0.96  左眼 +5.3(该到 +4.6)  右眼+14.8(该到+17.7)  随机漫游
t=288.2 秒  球 方位+0.12 高低-0.28 距离0.86  左眼 -0.3(该到 -1.0)  右眼 +4.0(该到+14.1)  随机漫游
t=289.2 秒  球 方位-0.02 高低-0.27 距离0.76  左眼 -5.9(该到 -9.5)  右眼 +4.8(该到 +7.5)  随机漫游
t=290.2 秒  球 方位+0.05 高低-0.26 距离0.71  左眼 +0.3(该到 -6.1)  右眼 +9.8(该到+12.2)  随机漫游
t=291.2 秒  球 方位-0.10 高低-0.20 距离0.71  左眼 -7.1(该到-14.5)  右眼 +0.3(该到 +3.4)  随机漫游
t=292.2 秒  球 方位-0.04 高低-0.25 距离0.78  左眼 -5.9(该到-10.5)  右眼 +3.7(该到 +6.2)  随机漫游
t=293.2 秒  球 方位-0.06 高低-0.22 距离0.88  左眼 -6.8(该到-10.7)  右眼 +2.3(该到 +3.9)  随机漫游
t=294.3 秒  球 方位-0.10 高低-0.20 距离0.98  左眼 -5.3(该到-12.0)  右眼 -0.3(该到 +1.1)  随机漫游
t=295.3 秒  球 方位-0.12 高低-0.13 距离1.04  左眼 -2.6(该到-13.0)  右眼 -2.4(该到 -0.9)  随机漫游
t=296.3 秒  球 方位-0.07 高低-0.12 距离1.04  左眼 +0.2(该到 -9.8)  右眼 -0.8(该到 +2.3)  随机漫游
t=297.3 秒  球 方位-0.11 高低-0.00 距离0.99  左眼 -7.8(该到-12.6)  右眼 -0.0(该到 +0.0)  随机漫游
t=298.3 秒  球 方位-0.21 高低+0.09 距离0.89  左眼-15.0(该到-18.7)  右眼 -8.1(该到 -4.8)  随机漫游
t=299.3 秒  球 方位-0.17 高低+0.07 距离0.79  左眼-12.2(该到-17.4)  右眼 -5.9(该到 -1.7)  随机漫游
t=300.3 秒  球 方位-0.09 高低+0.08 距离0.72  左眼 -6.4(该到-13.5)  右眼 -0.0(该到 +3.9)  随机漫游
t=301.3 秒  球 方位-0.04 高低+0.15 距离0.70  左眼 -4.5(该到-11.5)  右眼 +1.1(该到 +6.5)  随机漫游
t=302.4 秒  球 方位+0.13 高低+0.04 距离0.75  左眼 +0.2(该到 -0.9)  右眼 +6.7(该到+15.7)  随机漫游
t=303.4 秒  球 方位+0.21 高低-0.03 距离0.84  左眼 +1.6(该到 +4.6)  右眼+12.0(该到+19.2)  随机漫游
t=304.4 秒  球 方位+0.12 高低-0.01 距离0.94  左眼 -0.2(该到 +0.3)  右眼 +0.4(该到+13.5)  随机漫游
t=305.4 秒  球 方位+0.14 高低-0.07 距离1.02  左眼 +0.1(该到 +2.1)  右眼 +0.2(该到+14.3)  随机漫游
t=306.4 秒  球 方位+0.25 高低+0.07 距离1.05  左眼 +0.7(该到 +8.6)  右眼 +9.4(该到+20.2)  随机漫游
t=307.4 秒  球 方位+0.21 高低+0.18 距离1.01  左眼 +0.5(该到 +5.6)  右眼+10.8(该到+17.9)  随机漫游
t=308.4 秒  球 方位+0.08 高低+0.21 距离0.93  左眼 -0.1(该到 -2.4)  右眼 +5.0(该到+11.4)  随机漫游
t=309.5 秒  球 方位-0.09 高低+0.19 距离0.82  左眼 -7.0(该到-12.9)  右眼 -5.2(该到 +2.6)  随机漫游
t=310.5 秒  球 方位-0.28 高低+0.22 距离0.74  左眼-23.4(该到-24.3)  右眼-14.6(该到 -7.5)  随机漫游
t=311.5 秒  球 方位-0.18 高低+0.13 距离0.70  左眼-18.2(该到-18.9)  右眼 -2.5(该到 -1.2)  随机漫游
t=312.5 秒  球 方位-0.10 高低+0.10 距离0.73  左眼-14.2(该到-14.1)  右眼 -0.1(该到 +3.1)  随机漫游
t=313.5 秒  球 方位+0.14 高低+0.10 距离0.81  左眼 +0.2(该到 +0.4)  右眼 +8.4(该到+15.9)  随机漫游
t=314.5 秒  球 方位+0.19 高低+0.13 距离0.91  左眼 -2.6(该到 +3.9)  右眼 +7.3(该到+17.5)  随机漫游
t=315.5 秒  球 方位+0.23 高低+0.14 距离1.00  左眼 +6.8(该到 +6.8)  右眼+20.2(该到+19.2)  随机漫游
t=316.5 秒  球 方位+0.28 高低+0.28 距离1.05  左眼+13.6(该到 +9.6)  右眼+25.5(该到+21.6)  随机漫游
t=317.6 秒  球 方位+0.32 高低+0.28 距离1.03  左眼+15.3(该到+12.1)  右眼+23.5(该到+24.1)  随机漫游
t=318.6 秒  球 方位+0.39 高低+0.15 距离0.96  左眼+20.0(该到+15.7)  右眼+24.5(该到+27.9)  随机漫游
t=319.6 秒  球 方位+0.37 高低+0.13 距离0.86  左眼+15.1(该到+14.0)  右眼+20.8(该到+27.8)  随机漫游
t=320.6 秒  球 方位+0.33 高低+0.09 距离0.76  左眼+10.2(该到+10.8)  右眼+16.7(该到+26.5)  随机漫游
t=321.6 秒  球 方位+0.30 高低+0.05 距离0.71  左眼 +6.8(该到 +8.1)  右眼+15.2(该到+25.1)  随机漫游
t=322.6 秒  球 方位+0.29 高低+0.15 距离0.71  左眼 +8.7(该到 +7.6)  右眼+14.4(该到+24.7)  随机漫游
t=323.6 秒  球 方位+0.33 高低+0.16 距离0.78  左眼 +7.4(该到+10.9)  右眼+13.2(该到+26.4)  随机漫游
t=324.6 秒  球 方位+0.29 高低+0.06 距离0.87  左眼 -0.3(该到 +9.5)  右眼+12.0(该到+23.3)  随机漫游
t=325.7 秒  球 方位+0.22 高低+0.04 距离0.97  左眼 +3.4(该到 +6.4)  右眼+11.3(该到+19.0)  随机漫游
t=326.7 秒  球 方位+0.17 高低+0.19 距离1.04  左眼 +0.0(该到 +3.5)  右眼 +2.7(该到+15.6)  随机漫游
t=327.7 秒  球 方位-0.07 高低+0.27 距离1.04  左眼 -9.5(该到-10.2)  右眼 -6.8(该到 +2.3)  随机漫游
t=328.7 秒  球 方位-0.29 高低+0.25 距离0.99  左眼-23.9(该到-22.9)  右眼-16.3(该到-10.3)  随机漫游
t=329.7 秒  球 方位-0.24 高低+0.28 距离0.89  左眼-10.0(该到-20.4)  右眼 -6.4(该到 -6.2)  随机漫游
t=330.7 秒  球 方位-0.10 高低+0.11 距离0.79  左眼 -3.0(该到-13.6)  右眼 +3.2(该到 +2.3)  随机漫游
t=331.8 秒  球 方位+0.06 高低+0.07 距离0.72  左眼 -0.2(该到 -5.5)  右眼 +6.5(该到+11.9)  随机漫游
t=332.8 秒  球 方位+0.02 高低-0.01 距离0.70  左眼 -6.2(该到 -7.5)  右眼 +3.4(该到+10.3)  随机漫游
t=333.8 秒  球 方位+0.18 高低-0.06 距离0.75  左眼 -0.1(该到 +1.8)  右眼+13.9(该到+18.3)  随机漫游
t=334.8 秒  球 方位+0.27 高低-0.18 距离0.84  左眼 +4.8(该到 +8.0)  右眼+19.5(该到+22.7)  随机漫游
t=335.8 秒  球 方位+0.39 高低-0.20 距离0.95  左眼+14.6(该到+15.9)  右眼+29.2(该到+28.4)  随机漫游
t=336.8 秒  球 方位+0.26 高低-0.22 距离1.02  左眼 -0.3(该到 +8.9)  右眼+21.3(该到+21.0)  随机漫游
t=337.8 秒  球 方位+0.25 高低-0.13 距离1.05  左眼 +3.8(该到 +8.4)  右眼+14.5(该到+20.1)  随机漫游
t=338.9 秒  球 方位+0.30 高低-0.13 距离1.01  左眼 +7.3(该到+11.0)  右眼+14.1(该到+23.0)  随机漫游
t=339.9 秒  球 方位+0.34 高低-0.12 距离0.92  左眼 +7.9(该到+12.7)  右眼+12.5(该到+25.6)  随机漫游
t=340.9 秒  球 方位+0.41 高低-0.10 距离0.82  左眼+10.5(该到+16.1)  右眼+19.0(该到+30.2)  随机漫游
t=341.9 秒  球 方位+0.33 高低-0.07 距离0.73  左眼 +3.1(该到+10.3)  右眼+19.4(该到+26.5)  随机漫游
t=342.9 秒  球 方位+0.11 高低-0.12 距离0.70  左眼 -2.6(该到 -2.8)  右眼 +7.4(该到+15.1)  随机漫游
t=343.9 秒  球 方位+0.07 高低-0.12 距离0.73  左眼 -5.4(该到 -4.6)  右眼 +9.9(该到+12.7)  随机漫游
t=345.0 秒  球 方位-0.13 高低-0.00 距离0.81  左眼-18.7(该到-14.8)  右眼 -0.1(该到 +0.5)  随机漫游
t=346.0 秒  球 方位-0.27 高低+0.09 距离0.91  左眼-24.7(该到-21.8)  右眼 -5.0(该到 -8.5)  随机漫游
t=347.0 秒  球 方位-0.36 高低+0.05 距离1.01  左眼-33.5(该到-26.4)  右眼-18.9(该到-14.6)  随机漫游
t=348.0 秒  球 方位-0.14 高低+0.02 距离1.05  左眼-17.8(该到-14.1)  右眼 -4.9(该到 -2.3)  随机漫游
t=349.0 秒  球 方位-0.13 高低-0.03 距离1.03  左眼-11.4(该到-13.5)  右眼 +0.2(该到 -1.4)  随机漫游
t=350.0 秒  球 方位-0.29 高低+0.04 距离0.96  左眼-20.3(该到-22.8)  右眼 -8.7(该到-10.2)  随机漫游
t=351.0 秒  球 方位-0.30 高低+0.13 距离0.85  左眼-21.5(该到-23.8)  右眼 -7.1(该到 -9.6)  随机漫游
t=352.1 秒  球 方位-0.33 高低+0.08 距离0.76  左眼-21.4(该到-26.2)  右眼 -9.4(该到-10.4)  随机漫游
t=353.1 秒  球 方位-0.06 高低+0.14 距离0.70  左眼 -9.5(该到-12.3)  右眼 -0.2(该到 +5.5)  随机漫游
t=354.1 秒  球 方位+0.07 高低+0.11 距离0.71  左眼 -4.4(该到 -5.1)  右眼 +6.2(该到+12.5)  随机漫游
t=355.1 秒  球 方位+0.18 高低+0.10 距离0.78  左眼 +0.1(该到 +2.1)  右眼+13.5(该到+18.0)  随机漫游
t=356.1 秒  球 方位+0.17 高低+0.15 距离0.88  左眼 -0.2(该到 +2.2)  右眼+11.4(该到+16.5)  随机漫游
t=357.1 秒  球 方位-0.06 高低+0.18 距离0.98  左眼-15.3(该到 -9.9)  右眼 +4.8(该到 +3.1)  随机漫游
t=358.1 秒  球 方位-0.23 高低+0.22 距离1.04  左眼-24.5(该到-19.2)  右眼 -0.0(该到 -7.1)  随机漫游
t=359.1 秒  球 方位-0.14 高低+0.24 距离1.04  左眼-20.4(该到-14.3)  右眼 +1.3(该到 -2.0)  随机漫游
t=360.2 秒  球 方位-0.07 高低+0.15 距离0.99  左眼-13.6(该到-10.2)  右眼 -4.1(该到 +2.7)  随机漫游
t=361.2 秒  球 方位-0.32 高低+0.03 距离0.89  左眼-29.6(该到-24.7)  右眼-14.0(该到-11.3)  随机漫游
t=362.2 秒  球 方位-0.36 高低+0.15 距离0.79  左眼-32.9(该到-28.0)  右眼-13.0(该到-12.9)  随机漫游
t=363.2 秒  球 方位-0.30 高低+0.15 距离0.72  左眼-28.0(该到-25.4)  右眼 -6.9(该到 -8.5)  随机漫游
t=364.2 秒  球 方位-0.36 高低+0.10 距离0.70  左眼-29.5(该到-28.5)  右眼 -8.0(该到-11.7)  随机漫游
t=365.2 秒  球 方位-0.26 高低+0.02 距离0.75  左眼-17.5(该到-22.5)  右眼 +0.3(该到 -6.4)  随机漫游
t=366.3 秒  球 方位-0.14 高低+0.08 距离0.85  左眼-11.9(该到-15.0)  右眼 -0.2(该到 -0.3)  随机漫游
t=367.3 秒  球 方位-0.21 高低+0.10 距离0.95  左眼-18.5(该到-18.4)  右眼 -4.1(该到 -5.4)  随机漫游
t=368.3 秒  球 方位-0.19 高低+0.15 距离1.03  左眼-17.1(该到-16.7)  右眼 -8.3(该到 -4.5)  随机漫游
t=369.3 秒  球 方位-0.15 高低+0.10 距离1.05  左眼-11.2(该到-14.2)  右眼-10.3(该到 -2.3)  随机漫游
t=370.3 秒  球 方位-0.08 高低+0.05 距离1.01  左眼-15.9(该到-10.7)  右眼 +1.6(该到 +1.7)  随机漫游
t=371.3 秒  球 方位+0.13 高低+0.20 距离0.92  左眼 +0.9(该到 +0.5)  右眼+13.4(该到+14.3)  随机漫游
t=372.4 秒  球 方位+0.25 高低+0.24 距离0.81  左眼 +7.5(该到 +6.3)  右眼+22.8(该到+21.7)  随机漫游
t=373.4 秒  球 方位+0.15 高低+0.17 距离0.73  左眼 +0.2(该到 -0.3)  右眼+19.5(该到+16.9)  随机漫游
t=374.4 秒  球 方位-0.08 高低+0.11 距离0.70  左眼 -8.4(该到-13.6)  右眼 +2.5(该到 +4.3)  随机漫游
t=375.4 秒  球 方位+0.15 高低+0.11 距离0.73  左眼 +0.3(该到 -0.2)  右眼+14.4(该到+16.8)  随机漫游
t=376.4 秒  球 方位+0.15 高低+0.08 距离0.81  左眼 +0.3(该到 +0.7)  右眼 +5.7(该到+16.0)  随机漫游
t=377.4 秒  球 方位-0.01 高低+0.21 距离0.92  左眼-10.1(该到 -7.6)  右眼 +0.3(该到 +6.4)  随机漫游
t=378.4 秒  球 方位-0.14 高低+0.05 距离1.01  左眼-15.6(该到-14.2)  右眼 -7.8(该到 -1.9)  随机漫游
t=379.5 秒  球 方位-0.30 高低+0.08 距离1.05  左眼-28.1(该到-22.6)  右眼-17.7(该到-11.1)  随机漫游
t=380.5 秒  球 方位-0.36 高低+0.21 距离1.03  左眼-30.2(该到-26.0)  右眼-19.1(该到-14.3)  随机漫游
t=381.5 秒  球 方位-0.17 高低+0.27 距离0.95  左眼-18.2(该到-16.4)  右眼-10.2(该到 -2.9)  随机漫游
t=382.5 秒  球 方位-0.14 高低+0.19 距离0.85  左眼-14.7(该到-15.5)  右眼 +2.0(该到 -0.5)  随机漫游
t=383.5 秒  球 方位-0.23 高低+0.26 距离0.75  左眼-26.0(该到-21.4)  右眼 -5.5(该到 -4.7)  随机漫游
t=384.5 秒  球 方位-0.39 高低+0.21 距离0.70  左眼-29.4(该到-30.0)  右眼-17.7(该到-13.1)  随机漫游
t=385.5 秒  球 方位-0.31 高低+0.27 距离0.71  左眼-19.3(该到-26.3)  右眼-10.1(该到 -8.9)  随机漫游
t=386.6 秒  球 方位-0.40 高低+0.16 距离0.78  左眼-24.1(该到-30.1)  右眼-17.8(该到-15.1)  随机漫游
t=387.6 秒  球 方位-0.31 高低+0.19 距离0.88  左眼-11.1(该到-24.3)  右眼 -4.3(该到-10.6)  随机漫游
t=388.6 秒  球 方位-0.31 高低+0.24 距离0.98  左眼-15.0(该到-24.0)  右眼 -2.8(该到-11.5)  随机漫游
t=389.6 秒  球 方位-0.19 高低+0.27 距离1.04  左眼 -7.9(该到-17.2)  右眼 -0.3(该到 -4.9)  随机漫游
t=390.6 秒  球 方位-0.10 高低+0.28 距离1.04  左眼 -5.5(该到-12.0)  右眼 -5.7(该到 +0.5)  随机漫游
t=391.6 秒  球 方位-0.07 高低+0.28 距离0.98  左眼 -3.9(该到-10.6)  右眼 +2.1(该到 +2.6)  随机漫游
t=392.7 秒  球 方位+0.07 高低+0.17 距离0.88  左眼 +3.4(该到 -3.3)  右眼+12.4(该到+11.1)  随机漫游
t=393.7 秒  球 方位+0.23 高低+0.12 距离0.78  左眼 +5.0(该到 +5.2)  右眼+21.9(该到+21.0)  随机漫游
t=394.7 秒  球 方位+0.40 高低+0.16 距离0.71  左眼+15.3(该到+14.5)  右眼+31.2(该到+30.9)  随机漫游
t=395.7 秒  球 方位+0.28 高低+0.21 距离0.70  左眼 +2.6(该到 +6.7)  右眼+16.7(该到+24.2)  随机漫游
t=396.7 秒  球 方位+0.42 高低+0.22 距离0.76  左眼+13.5(该到+15.5)  右眼+24.9(该到+31.2)  随机漫游
t=397.7 秒  球 方位+0.28 高低+0.24 距离0.85  左眼 +7.6(该到 +8.2)  右眼+16.2(该到+22.8)  随机漫游
t=398.7 秒  球 方位+0.24 高低+0.18 距离0.95  左眼 +5.0(该到 +6.9)  右眼 +5.2(该到+19.9)  随机漫游
t=399.7 秒  球 方位+0.20 高低+0.13 距离1.03  左眼 +2.8(该到 +5.1)  右眼 +7.4(该到+17.2)  随机漫游
t=400.8 秒  球 方位+0.09 高低+0.20 距离1.05  左眼 -2.6(该到 -1.2)  右眼 +6.8(该到+11.0)  随机漫游
t=401.8 秒  球 方位+0.07 高低+0.23 距离1.01  左眼 +2.9(该到 -2.4)  右眼 +9.8(该到+10.3)  随机漫游
t=402.8 秒  球 方位-0.02 高低+0.17 距离0.92  左眼 -4.6(该到 -8.2)  右眼 +7.4(该到 +5.7)  随机漫游
t=403.8 秒  球 方位-0.00 高低+0.18 距离0.81  左眼 -6.1(该到 -8.0)  右眼 +2.1(该到 +7.7)  随机漫游
t=404.8 秒  球 方位+0.16 高低+0.28 距离0.73  左眼 -0.0(该到 -0.1)  右眼+13.0(该到+17.5)  随机漫游
t=405.8 秒  球 方位+0.36 高低+0.27 距离0.70  左眼+11.7(该到+11.6)  右眼+29.3(该到+29.0)  随机漫游
t=406.9 秒  球 方位+0.28 高低+0.22 距离0.73  左眼 +0.4(该到 +7.3)  右眼+19.7(该到+24.2)  随机漫游
t=407.9 秒  球 方位+0.36 高低+0.09 距离0.82  左眼 +2.8(该到+13.2)  右眼+20.5(该到+27.6)  随机漫游
t=408.9 秒  球 方位+0.35 高低+0.02 距离0.92  左眼 +3.3(该到+13.3)  右眼+14.7(该到+26.1)  随机漫游
t=409.9 秒  球 方位+0.15 高低+0.12 距离1.01  左眼 -4.8(该到 +2.5)  右眼 +5.4(该到+14.9)  随机漫游
t=410.9 秒  球 方位+0.02 高低-0.04 距离1.05  左眼 -5.2(该到 -4.9)  右眼 -2.4(该到 +7.1)  随机漫游
t=411.9 秒  球 方位-0.06 高低+0.01 距离1.03  左眼 -7.7(该到 -9.5)  右眼 +0.9(该到 +2.7)  随机漫游
t=412.9 秒  球 方位-0.29 高低+0.10 距离0.95  左眼-28.4(该到-22.9)  右眼 -6.2(该到-10.2)  随机漫游
t=414.0 秒  球 方位-0.37 高低+0.10 距离0.84  左眼-28.6(该到-27.9)  右眼 -8.2(该到-14.0)  随机漫游
t=415.0 秒  球 方位-0.24 高低+0.03 距离0.75  左眼-22.8(该到-21.6)  右眼 -2.9(该到 -5.4)  随机漫游
t=416.0 秒  球 方位-0.16 高低+0.04 距离0.70  左眼-15.4(该到-17.7)  右眼 +0.0(该到 -0.1)  随机漫游
t=417.0 秒  球 方位-0.21 高低+0.04 距离0.72  左眼-17.0(该到-20.5)  右眼 -2.7(该到 -3.4)  随机漫游
t=418.0 秒  球 方位-0.12 高低-0.05 距离0.79  左眼-12.8(该到-14.5)  右眼 -0.0(该到 +1.3)  随机漫游
t=419.0 秒  球 方位-0.01 高低-0.11 距离0.89  左眼 -6.9(该到 -7.9)  右眼 +4.3(该到 +6.3)  随机漫游
t=420.1 秒  球 方位+0.02 高低-0.13 距离0.99  左眼 -1.8(该到 -5.1)  右眼 -1.6(该到 +7.7)  随机漫游
t=421.1 秒  球 方位-0.03 高低-0.13 距离1.04  左眼 -0.1(该到 -7.6)  右眼 +0.7(该到 +4.6)  随机漫游
t=422.1 秒  球 方位+0.17 高低-0.27 距离1.04  左眼 +3.1(该到 +3.3)  右眼+16.4(该到+15.7)  随机漫游
t=423.1 秒  球 方位+0.35 高低-0.14 距离0.98  左眼+11.7(该到+14.0)  右眼+24.1(该到+26.2)  随机漫游
t=424.1 秒  球 方位+0.25 高低-0.27 距离0.88  左眼 +2.8(该到 +6.6)  右眼+12.0(该到+21.0)  随机漫游
t=425.1 秒  球 方位+0.39 高低-0.27 距离0.78  左眼+14.3(该到+14.3)  右眼+21.0(该到+29.8)  随机漫游
t=426.1 秒  球 方位+0.23 高低-0.26 距离0.71  左眼 +0.2(该到 +4.2)  右眼+11.4(该到+21.9)  随机漫游
t=427.1 秒  球 方位+0.07 高低-0.17 距离0.70  左眼 -7.4(该到 -5.0)  右眼 +6.0(该到+12.9)  随机漫游
t=428.2 秒  球 方位+0.02 高低-0.16 距离0.76  左眼-11.3(该到 -7.3)  右眼 +5.0(该到 +9.4)  随机漫游
t=429.2 秒  球 方位+0.09 高低-0.20 距离0.85  左眼 -8.0(该到 -2.6)  右眼 +5.4(该到+12.3)  随机漫游
t=430.2 秒  球 方位+0.32 高低-0.07 距离0.96  左眼 +7.3(该到+12.0)  右眼+22.7(该到+24.5)  随机漫游
t=431.2 秒  球 方位+0.27 高低-0.23 距离1.03  左眼 -0.5(该到 +9.3)  右眼+11.4(该到+21.4)  随机漫游
t=432.2 秒  球 方位+0.07 高低-0.17 距离1.05  左眼 -0.3(该到 -2.3)  右眼 +0.7(该到 +9.9)  随机漫游
t=433.2 秒  球 方位-0.07 高低-0.08 距离1.00  左眼 -6.4(该到-10.5)  右眼 -2.2(该到 +2.0)  随机漫游
t=434.3 秒  球 方位-0.03 高低-0.12 距离0.91  左眼 +0.3(该到 -8.6)  右眼 +6.3(该到 +5.2)  随机漫游
t=435.3 秒  球 方位+0.06 高低-0.12 距离0.81  左眼 -0.4(该到 -4.2)  右眼 +8.3(该到+11.4)  随机漫游
t=436.3 秒  球 方位-0.09 高低-0.07 距离0.73  左眼 -8.2(该到-13.9)  右眼 -0.1(该到 +3.3)  随机漫游
t=437.3 秒  球 方位-0.33 高低-0.01 距离0.70  左眼-23.7(该到-26.7)  右眼-14.8(该到 -9.7)  随机漫游
t=438.3 秒  球 方位-0.36 高低+0.07 距离0.74  左眼-20.1(该到-28.0)  右眼 -9.1(该到-12.0)  随机漫游
t=439.3 秒  球 方位-0.35 高低+0.16 距离0.82  左眼-19.4(该到-26.9)  右眼 -3.4(该到-12.4)  随机漫游
t=440.3 秒  球 方位-0.38 高低+0.10 距离0.93  左眼-30.9(该到-28.1)  右眼-21.6(该到-15.4)  随机漫游
t=441.4 秒  球 方位-0.23 高低+0.20 距离1.01  左眼-22.3(该到-19.4)  右眼-14.5(该到 -7.1)  随机漫游
t=442.4 秒  球 方位-0.29 高低+0.25 距离1.05  左眼-24.9(该到-22.2)  右眼-18.3(该到-10.4)  随机漫游
t=443.4 秒  球 方位-0.14 高低+0.16 距离1.02  左眼-13.2(该到-14.3)  右眼 -4.1(该到 -1.9)  随机漫游
t=444.4 秒  球 方位-0.26 高低+0.23 距离0.94  左眼-19.0(该到-21.3)  右眼 -2.1(该到 -8.1)  随机漫游
t=445.4 秒  球 方位-0.17 高低+0.16 距离0.84  左眼 -9.0(该到-17.1)  右眼 +3.7(该到 -2.2)  随机漫游
t=446.4 秒  球 方位-0.08 高低+0.25 距离0.75  左眼 -7.8(该到-12.9)  右眼 -0.0(该到 +4.4)  随机漫游
t=447.5 秒  球 方位+0.05 高低+0.24 距离0.70  左眼 -0.5(该到 -6.2)  右眼 +4.7(该到+12.1)  随机漫游
t=448.5 秒  球 方位-0.07 高低+0.10 距离0.72  左眼 -8.3(该到-12.6)  右眼 -0.2(该到 +4.8)  随机漫游
t=449.5 秒  球 方位+0.07 高低+0.07 距离0.79  左眼 -1.2(该到 -4.2)  右眼 +0.2(该到+11.7)  随机漫游
t=450.5 秒  球 方位+0.23 高低+0.19 距离0.89  左眼 +8.0(该到 +6.3)  右眼+14.5(该到+20.2)  随机漫游
t=451.5 秒  球 方位-0.01 高低+0.24 距离0.99  左眼 -6.8(该到 -7.1)  右眼 -4.1(该到 +6.0)  随机漫游
t=452.5 秒  球 方位-0.14 高低+0.24 距离1.04  左眼 -9.0(该到-14.1)  右眼 +3.5(该到 -1.8)  随机漫游
t=453.5 秒  球 方位-0.04 高低+0.25 距离1.04  左眼 -3.3(该到 -8.2)  右眼 +4.5(该到 +4.3)  随机漫游
t=454.6 秒  球 方位-0.06 高低+0.10 距离0.97  左眼 -4.9(该到-10.0)  右眼 -2.9(该到 +2.9)  随机漫游
t=455.6 秒  球 方位-0.21 高低+0.11 距离0.87  左眼-16.3(该到-19.0)  右眼 -1.8(该到 -4.9)  随机漫游
t=456.6 秒  球 方位-0.20 高低+0.18 距离0.77  左眼-16.2(该到-19.1)  右眼 -0.3(该到 -2.9)  随机漫游
t=457.6 秒  球 方位-0.03 高低+0.27 距离0.71  左眼 -8.8(该到-10.8)  右眼 +5.7(该到 +7.5)  随机漫游
t=458.6 秒  球 方位-0.22 高低+0.21 距离0.71  左眼-25.8(该到-21.3)  右眼 -1.7(该到 -3.6)  随机漫游
t=459.6 秒  球 方位-0.39 高低+0.10 距离0.76  左眼-34.4(该到-29.5)  右眼-11.7(该到-14.3)  随机漫游
t=460.7 秒  球 方位-0.31 高低-0.02 距离0.86  左眼-28.2(该到-24.4)  右眼 -2.1(该到-10.5)  随机漫游
t=461.7 秒  球 方位-0.19 高低-0.01 距离0.96  左眼-18.5(该到-17.0)  右眼 +2.1(该到 -4.2)  随机漫游
t=462.7 秒  球 方位+0.07 高低-0.08 距离1.03  左眼 -1.9(该到 -2.0)  右眼 +8.5(该到+10.1)  随机漫游
t=463.7 秒  球 方位+0.22 高低-0.12 距离1.05  左眼 +8.3(该到 +6.6)  右眼+12.5(该到+18.4)  随机漫游
t=464.7 秒  球 方位+0.20 高低-0.19 距离1.00  左眼 -1.7(该到 +5.3)  右眼 +9.2(该到+17.9)  随机漫游
t=465.7 秒  球 方位+0.18 高低-0.07 距离0.90  左眼 -3.2(该到 +3.1)  右眼+19.9(该到+16.8)  随机漫游
t=466.8 秒  球 方位+0.10 高低-0.08 距离0.80  左眼 +0.3(该到 -2.4)  右眼+15.6(该到+13.2)  随机漫游
t=467.8 秒  球 方位+0.11 高低-0.14 距离0.72  左眼 -0.2(该到 -2.3)  右眼+16.7(该到+15.0)  随机漫游
t=468.8 秒  球 方位+0.23 高低-0.16 距离0.70  左眼 +0.0(该到 +3.8)  右眼+15.9(该到+21.5)  随机漫游
t=469.8 秒  球 方位+0.28 高低-0.15 距离0.74  左眼 +2.6(该到 +7.2)  右眼+14.3(该到+23.7)  随机漫游
t=470.8 秒  球 方位+0.22 高低+0.01 距离0.83  左眼 +0.2(该到 +4.9)  右眼+11.4(该到+19.7)  随机漫游
t=471.8 秒  球 方位-0.03 高低+0.03 距离0.93  左眼-14.0(该到 -8.7)  右眼 +5.5(该到 +4.8)  随机漫游
t=472.8 秒  球 方位-0.20 高低+0.02 距离1.02  左眼-22.4(该到-17.2)  右眼 -3.6(该到 -5.0)  随机漫游
t=473.8 秒  球 方位-0.17 高低+0.15 距离1.05  左眼-21.6(该到-15.6)  右眼 -7.1(该到 -3.6)  随机漫游
t=474.9 秒  球 方位-0.19 高低+0.09 距离1.02  左眼-18.5(该到-16.8)  右眼-12.0(该到 -4.7)  随机漫游
t=475.9 秒  球 方位-0.30 高低-0.03 距离0.94  左眼-26.8(该到-23.6)  右眼-19.1(该到-10.8)  随机漫游
t=476.9 秒  球 方位-0.22 高低-0.04 距离0.83  左眼-13.8(该到-20.0)  右眼-11.5(该到 -5.3)  随机漫游
t=477.9 秒  球 方位-0.06 高低-0.06 距离0.74  左眼 -2.1(该到-11.8)  右眼 +1.8(该到 +5.0)  随机漫游
t=478.9 秒  球 方位-0.00 高低-0.05 距离0.70  左眼 -6.9(该到 -9.2)  右眼 +5.5(该到 +8.7)  随机漫游
t=479.9 秒  球 方位+0.06 高低-0.07 距离0.72  左眼 -1.5(该到 -5.2)  右眼 +9.5(该到+12.2)  随机漫游
t=481.0 秒  球 方位+0.09 高低-0.13 距离0.80  左眼 +0.2(该到 -2.9)  右眼 +8.6(该到+12.9)  随机漫游
t=482.0 秒  球 方位+0.21 高低-0.28 距离0.90  左眼 +3.6(该到 +4.8)  右眼+13.9(该到+18.9)  随机漫游
t=483.0 秒  球 方位+0.00 高低-0.19 距离1.00  左眼 -2.2(该到 -6.4)  右眼 -3.1(该到 +6.4)  随机漫游
t=484.0 秒  球 方位+0.08 高低-0.11 距离1.05  左眼 -0.3(该到 -1.2)  右眼+10.5(该到+10.8)  随机漫游
t=485.0 秒  球 方位+0.31 高低-0.11 距离1.04  左眼 +3.9(该到+11.8)  右眼+21.6(该到+23.4)  随机漫游
t=486.0 秒  球 方位+0.12 高低-0.03 距离0.97  左眼 +0.1(该到 +0.1)  右眼 +8.6(该到+13.0)  随机漫游
t=487.0 秒  球 方位+0.10 高低+0.04 距离0.87  左眼 +0.9(该到 -1.3)  右眼 +9.0(该到+13.1)  随机漫游
t=488.1 秒  球 方位+0.37 高低+0.07 距离0.77  左眼+13.3(该到+13.0)  右眼+21.6(该到+28.3)  随机漫游
t=489.1 秒  球 方位+0.36 高低+0.17 距离0.71  左眼 +9.6(该到+11.7)  右眼+21.8(该到+28.6)  随机漫游
t=490.1 秒  球 方位+0.35 高低+0.25 距离0.71  左眼+10.8(该到+10.8)  右眼+20.7(该到+28.0)  随机漫游
t=491.1 秒  球 方位+0.40 高低+0.26 距离0.77  左眼+14.3(该到+14.8)  右眼+22.4(该到+30.4)  随机漫游
t=492.1 秒  球 方位+0.29 高低+0.21 距离0.87  左眼 +3.9(该到 +9.0)  右眼 +8.4(该到+23.2)  随机漫游
t=493.1 秒  球 方位+0.21 高低+0.21 距离0.97  左眼 +7.6(该到 +5.2)  右眼 +3.0(该到+18.2)  随机漫游
t=494.1 秒  球 方位+0.29 高低+0.16 距离1.04  左眼 +7.2(该到+10.3)  右眼 +9.2(该到+22.1)  随机漫游
t=495.1 秒  球 方位+0.36 高低+0.02 距离1.05  左眼+12.6(该到+14.8)  右眼+21.0(该到+26.1)  随机漫游
t=496.2 秒  球 方位+0.36 高低+0.01 距离1.00  左眼+14.6(该到+14.4)  右眼+29.1(该到+26.2)  随机漫游
t=497.2 秒  球 方位+0.31 高低+0.11 距离0.90  左眼 +5.7(该到+10.7)  右眼+25.4(该到+24.1)  随机漫游
t=498.2 秒  球 方位+0.18 高低+0.15 距离0.80  左眼 -2.1(该到 +2.4)  右眼+21.1(该到+18.0)  随机漫游
t=499.2 秒  球 方位-0.07 高低+0.12 距离0.72  左眼-15.7(该到-12.5)  右眼 +5.5(该到 +4.9)  随机漫游
t=500.2 秒  球 方位+0.01 高低-0.05 距离0.70  左眼 -4.9(该到 -8.5)  右眼 +1.8(该到 +9.3)  随机漫游
t=501.2 秒  球 方位+0.09 高低-0.20 距离0.74  左眼 -1.1(该到 -3.4)  右眼 +5.0(该到+13.7)  随机漫游
t=502.2 秒  球 方位+0.17 高低-0.25 距离0.83  左眼 +0.3(该到 +2.0)  右眼+10.0(该到+17.4)  随机漫游
t=503.3 秒  球 方位+0.23 高低-0.14 距离0.94  左眼 +1.2(该到 +6.1)  右眼 +5.3(该到+19.3)  随机漫游
t=504.3 秒  球 方位+0.24 高低-0.26 距离1.02  左眼 +0.1(该到 +7.5)  右眼 +4.6(该到+19.9)  随机漫游
t=505.3 秒  球 方位+0.27 高低-0.18 距离1.05  左眼 +3.5(该到 +9.2)  右眼 +9.0(该到+21.0)  随机漫游
t=506.3 秒  球 方位+0.12 高低-0.21 距离1.02  左眼 +3.2(该到 +0.7)  右眼 +1.6(该到+13.2)  随机漫游
t=507.3 秒  球 方位+0.19 高低-0.15 距离0.94  左眼 +3.3(该到 +4.0)  右眼+11.5(该到+17.3)  随机漫游
t=508.3 秒  球 方位+0.27 高低-0.07 距离0.83  左眼 +0.7(该到 +7.7)  右眼+10.8(该到+22.3)  随机漫游
t=509.4 秒  球 方位+0.41 高低+0.06 距离0.74  左眼 +5.1(该到+15.5)  右眼+25.9(该到+31.1)  随机漫游
t=510.4 秒  球 方位+0.34 高低+0.12 距离0.70  左眼 +1.9(该到+10.7)  右眼+22.3(该到+27.6)  随机漫游
t=511.4 秒  球 方位+0.13 高低-0.05 距离0.72  左眼 +0.2(该到 -1.2)  右眼+11.9(该到+15.9)  随机漫游
t=512.4 秒  球 方位+0.04 高低+0.01 距离0.80  左眼 -4.5(该到 -5.6)  右眼 +4.2(该到+10.0)  随机漫游
t=513.4 秒  球 方位+0.22 高低-0.13 距离0.90  左眼 +2.0(该到 +5.3)  右眼+21.1(该到+19.0)  随机漫游
t=514.4 秒  球 方位+0.19 高低-0.17 距离1.00  左眼 +6.5(该到 +4.4)  右眼+19.8(该到+17.0)  随机漫游
t=515.4 秒  球 方位+0.16 高低-0.19 距离1.05  左眼 -1.8(该到 +3.1)  右眼+17.7(该到+15.1)  随机漫游
t=516.4 秒  球 方位+0.41 高低-0.14 距离1.04  左眼+11.6(该到+17.4)  右眼+27.9(该到+28.7)  随机漫游
t=517.5 秒  球 方位+0.19 高低-0.07 距离0.97  左眼 +1.8(该到 +4.2)  右眼+12.0(该到+17.0)  随机漫游
t=518.5 秒  球 方位+0.40 高低-0.01 距离0.87  左眼+14.4(该到+16.1)  右眼+23.8(该到+29.4)  随机漫游
t=519.5 秒  球 方位+0.14 高低+0.03 距离0.77  左眼 -0.1(该到 -0.1)  右眼 +9.1(该到+16.1)  随机漫游
t=520.5 秒  球 方位-0.05 高低+0.10 距离0.71  左眼 -4.5(该到-11.9)  右眼 +5.8(该到 +5.8)  随机漫游
t=521.5 秒  球 方位-0.08 高低+0.09 距离0.71  左眼-12.3(该到-13.3)  右眼 -0.0(该到 +4.4)  随机漫游
t=522.5 秒  球 方位+0.16 高低-0.07 距离0.77  左眼 +0.3(该到 +1.1)  右眼 +9.0(该到+17.2)  随机漫游
t=523.6 秒  球 方位+0.11 高低-0.10 距离0.87  左眼 +0.2(该到 -1.0)  右眼 +0.3(该到+13.4)  随机漫游
t=524.6 秒  球 方位-0.09 高低-0.21 距离0.97  左眼 -9.6(该到-11.8)  右眼 -4.6(该到 +1.4)  随机漫游
t=525.6 秒  球 方位-0.33 高低-0.24 距离1.04  左眼-22.1(该到-24.5)  右眼-18.3(该到-12.7)  随机漫游
t=526.6 秒  球 方位-0.33 高低-0.27 距离1.05  左眼-14.9(该到-24.4)  右眼-10.1(该到-12.6)  随机漫游
t=527.6 秒  球 方位-0.25 高低-0.17 距离0.99  左眼-10.7(该到-20.2)  右眼 -8.7(该到 -7.8)  随机漫游
t=528.6 秒  球 方位-0.14 高低-0.11 距离0.90  左眼 -4.3(该到-15.1)  右眼 +1.7(该到 -1.2)  随机漫游
t=529.6 秒  球 方位-0.00 高低-0.14 距离0.80  左眼 +0.3(该到 -8.1)  右眼 +7.6(该到 +7.8)  随机漫游
t=530.6 秒  球 方位-0.08 高低-0.23 距离0.72  左眼 -5.9(该到-13.6)  右眼 +1.2(该到 +4.1)  随机漫游
t=531.7 秒  球 方位-0.19 高低-0.22 距离0.70  左眼-18.8(该到-19.5)  右眼 -5.5(该到 -1.5)  随机漫游
t=532.7 秒  球 方位-0.07 高低-0.12 距离0.74  左眼-13.0(该到-12.5)  右眼 +0.3(该到 +4.4)  随机漫游
t=533.7 秒  球 方位+0.00 高低-0.14 距离0.83  左眼 -6.6(该到 -7.6)  右眼 +2.7(该到 +7.6)  随机漫游
t=534.7 秒  球 方位-0.23 高低-0.28 距离0.94  左眼-21.6(该到-19.7)  右眼 -2.2(该到 -6.1)  随机漫游
t=535.7 秒  球 方位-0.33 高低-0.21 距离1.02  左眼-29.8(该到-24.7)  右眼 -9.6(该到-12.7)  随机漫游
t=536.7 秒  球 方位-0.20 高低-0.19 距离1.05  左眼-23.3(该到-17.3)  右眼 -8.3(该到 -5.4)  随机漫游
t=537.7 秒  球 方位-0.17 高低-0.21 距离1.02  左眼-16.1(该到-15.8)  右眼 -8.7(该到 -3.4)  随机漫游
t=538.7 秒  球 方位-0.16 高低-0.17 距离0.94  左眼-10.8(该到-15.9)  右眼 -6.8(该到 -2.5)  随机漫游
t=539.8 秒  球 方位-0.16 高低-0.18 距离0.83  左眼-11.1(该到-16.8)  右眼 -0.2(该到 -1.7)  随机漫游
t=540.8 秒  球 方位-0.00 高低-0.08 距离0.74  左眼 -3.9(该到 -8.7)  右眼 +5.7(该到 +8.3)  随机漫游
t=541.8 秒  球 方位+0.14 高低-0.02 距离0.70  左眼 +0.3(该到 -0.9)  右眼+14.3(该到+16.8)  随机漫游
t=542.8 秒  球 方位+0.11 高低-0.10 距离0.72  左眼 -7.0(该到 -2.7)  右眼 +2.6(该到+14.6)  随机漫游
t=543.8 秒  球 方位+0.20 高低-0.01 距离0.80  左眼 -0.3(该到 +3.4)  右眼+15.5(该到+18.7)  随机漫游
t=544.8 秒  球 方位+0.25 高低+0.09 距离0.90  左眼 +3.1(该到 +7.2)  右眼+18.1(该到+20.7)  随机漫游
t=545.9 秒  球 方位+0.30 高低+0.17 距离1.00  左眼 +8.4(该到+11.0)  右眼+21.1(该到+23.2)  随机漫游
t=546.9 秒  球 方位+0.35 高低+0.23 距离1.05  左眼+10.0(该到+14.0)  右眼+29.5(该到+25.6)  随机漫游
t=547.9 秒  球 方位+0.31 高低+0.27 距离1.04  左眼 +8.5(该到+11.6)  右眼+28.0(该到+23.6)  随机漫游
t=548.9 秒  球 方位+0.10 高低+0.21 距离0.97  左眼 +0.5(该到 -1.1)  右眼+15.8(该到+12.2)  随机漫游
t=549.9 秒  球 方位+0.07 高低+0.19 距离0.87  左眼 -4.2(该到 -3.5)  右眼+15.1(该到+11.2)  随机漫游
t=550.9 秒  球 方位-0.15 高低+0.28 距离0.77  左眼-16.6(该到-16.7)  右眼 -1.9(该到 +0.1)  随机漫游
t=551.9 秒  球 方位-0.30 高低+0.21 距离0.71  左眼-27.6(该到-25.5)  右眼-14.6(该到 -8.2)  随机漫游
t=552.9 秒  球 方位-0.23 高低+0.17 距离0.71  左眼-22.1(该到-21.7)  右眼 -7.8(该到 -4.3)  随机漫游
t=553.9 秒  球 方位-0.14 高低+0.24 距离0.77  左眼-13.8(该到-16.0)  右眼 -0.3(该到 +0.6)  随机漫游
t=555.0 秒  球 方位-0.39 高低+0.10 距离0.87  左眼-27.0(该到-28.8)  右眼-14.2(该到-15.3)  随机漫游
t=556.0 秒  球 方位-0.40 高低+0.02 距离0.97  左眼-20.9(该到-28.8)  右眼-14.7(该到-16.8)  随机漫游
t=557.0 秒  球 方位-0.41 高低+0.08 距离1.04  左眼-23.3(该到-28.8)  右眼-14.3(该到-17.7)  随机漫游
t=558.0 秒  球 方位-0.25 高低+0.15 距离1.05  左眼-13.8(该到-20.3)  右眼 -3.8(该到 -8.5)  随机漫游
t=559.0 秒  球 方位-0.05 高低+0.14 距离0.99  左眼 -4.9(该到 -9.2)  右眼 -2.9(该到 +3.6)  随机漫游
t=560.0 秒  球 方位-0.17 高低+0.25 距离0.90  左眼-11.8(该到-16.6)  右眼 -1.3(该到 -2.4)  随机漫游
t=561.1 秒  球 方位-0.39 高低+0.26 距离0.80  左眼-22.7(该到-29.5)  右眼 -9.8(该到-14.4)  随机漫游
t=562.1 秒  球 方位-0.20 高低+0.14 距离0.72  左眼 -9.6(该到-20.0)  右眼 +0.0(该到 -2.8)  随机漫游
t=563.1 秒  球 方位-0.04 高低+0.19 距离0.70  左眼 -8.9(该到-11.2)  右眼 +3.6(该到 +6.9)  随机漫游
t=564.1 秒  球 方位+0.10 高低+0.05 距离0.74  左眼 -2.4(该到 -3.0)  右眼+11.9(该到+13.8)  随机漫游
t=565.1 秒  球 方位-0.00 高低-0.10 距离0.84  左眼-11.3(该到 -7.7)  右眼 +0.3(该到 +7.3)  随机漫游
t=566.1 秒  球 方位+0.05 高低-0.01 距离0.94  左眼 -8.0(该到 -3.8)  右眼 +3.7(该到 +9.6)  随机漫游
t=567.1 秒  球 方位+0.04 高低+0.09 距离1.02  左眼 -4.3(该到 -3.9)  右眼 +5.1(该到 +8.5)  随机漫游
t=568.2 秒  球 方位-0.15 高低-0.01 距离1.05  左眼-15.0(该到-14.7)  右眼 -0.8(该到 -2.8)  随机漫游
t=569.2 秒  球 方位-0.26 高低-0.13 距离1.02  左眼-19.6(该到-20.6)  右眼 -4.9(该到 -8.5)  随机漫游
t=570.2 秒  球 方位-0.03 高低+0.04 距离0.93  左眼 -7.3(该到 -8.2)  右眼 -0.1(该到 +5.3)  随机漫游
t=571.2 秒  球 方位-0.03 高低+0.14 距离0.83  左眼 -7.0(该到 -9.1)  右眼 -0.6(该到 +6.2)  随机漫游
t=572.2 秒  球 方位-0.14 高低+0.12 距离0.74  左眼-16.0(该到-16.4)  右眼 -0.3(该到 +0.5)  随机漫游
t=573.2 秒  球 方位-0.06 高低+0.03 距离0.70  左眼-11.0(该到-12.0)  右眼 +5.5(该到 +5.8)  随机漫游
t=574.2 秒  球 方位-0.19 高低+0.08 距离0.72  左眼-21.0(该到-19.0)  右眼 +0.1(该到 -2.0)  随机漫游
t=575.2 秒  球 方位-0.38 高低+0.12 距离0.80  左眼-29.6(该到-28.7)  右眼-15.0(该到-14.1)  随机漫游
t=576.3 秒  球 方位-0.41 高低+0.13 距离0.90  左眼-27.2(该到-29.4)  右眼-11.6(该到-16.5)  随机漫游
t=577.3 秒  球 方位-0.33 高低+0.21 距离1.00  左眼-24.8(该到-24.7)  右眼 -5.4(该到-12.5)  随机漫游
t=578.3 秒  球 方位-0.09 高低+0.07 距离1.05  左眼-11.9(该到-11.1)  右眼 -2.4(该到 +0.9)  随机漫游
t=579.3 秒  球 方位+0.06 高低+0.02 距离1.03  左眼 -8.2(该到 -2.8)  右眼 +1.2(该到 +9.3)  随机漫游
t=580.3 秒  球 方位+0.11 高低-0.09 距离0.97  左眼 +0.3(该到 -0.5)  右眼 +1.7(该到+12.5)  随机漫游
t=581.3 秒  球 方位-0.02 高低-0.14 距离0.86  左眼-11.7(该到 -8.4)  右眼 -2.1(该到 +6.2)  随机漫游
t=582.3 秒  球 方位+0.04 高低-0.13 距离0.77  左眼 -6.2(该到 -6.2)  右眼 +2.0(该到+10.3)  随机漫游
t=583.4 秒  球 方位-0.20 高低-0.23 距离0.71  左眼-18.6(该到-20.1)  右眼 -2.7(该到 -2.2)  随机漫游
t=584.4 秒  球 方位-0.40 高低-0.18 距离0.71  左眼-28.3(该到-30.7)  右眼-14.8(该到-14.2)  随机漫游
t=585.4 秒  球 方位-0.37 高低-0.19 距离0.77  左眼-29.3(该到-28.6)  右眼-13.8(该到-13.1)  随机漫游
t=586.4 秒  球 方位-0.16 高低-0.07 距离0.87  左眼-17.4(该到-16.1)  右眼 -8.1(该到 -1.8)  随机漫游
t=587.4 秒  球 方位-0.03 高低-0.06 距离0.97  左眼-13.8(该到 -8.0)  右眼 +4.7(该到 +5.0)  随机漫游
t=588.4 秒  球 方位+0.10 高低+0.10 距离1.04  左眼 -0.0(该到 -0.3)  右眼+15.7(该到+11.8)  随机漫游
t=589.5 秒  球 方位-0.14 高低+0.26 距离1.05  左眼 -8.6(该到-13.8)  右眼 -3.5(该到 -1.5)  随机漫游
t=590.5 秒  球 方位-0.04 高低+0.19 距离0.99  左眼 -0.3(该到 -9.0)  右眼 +2.6(该到 +3.9)  随机漫游
t=591.5 秒  球 方位-0.19 高低+0.25 距离0.90  左眼-20.2(该到-17.7)  右眼-11.5(该到 -3.5)  随机漫游
t=592.5 秒  球 方位-0.05 高低+0.12 距离0.79  左眼-10.7(该到-10.6)  右眼 +4.0(该到 +5.3)  随机漫游
t=593.5 秒  球 方位-0.15 高低+0.04 距离0.72  左眼-21.2(该到-17.1)  右眼 -0.1(该到 +0.1)  随机漫游
t=594.5 秒  球 方位-0.24 高低-0.10 距离0.70  左眼-26.5(该到-22.1)  右眼 -3.6(该到 -4.6)  随机漫游
t=595.5 秒  球 方位-0.31 高低-0.22 距离0.75  左眼-29.8(该到-25.6)  右眼-11.8(该到 -9.1)  随机漫游
t=596.6 秒  球 方位-0.16 高低-0.26 距离0.84  左眼-19.3(该到-16.5)  右眼 +0.1(该到 -1.2)  随机漫游
t=597.6 秒  球 方位+0.02 高低-0.28 距离0.94  左眼-11.9(该到 -5.7)  右眼 +6.1(该到 +8.1)  随机漫游
t=598.6 秒  球 方位+0.04 高低-0.14 距离1.02  左眼 -6.5(该到 -3.7)  右眼 -1.6(该到 +8.7)  随机漫游
t=599.6 秒  球 方位+0.16 高低-0.02 距离1.05  左眼 +6.7(该到 +3.2)  右眼 +7.8(该到+15.0)  随机漫游
t=600.6 秒  球 方位+0.33 高低+0.04 距离1.02  左眼+14.0(该到+12.6)  右眼+11.1(该到+24.4)  随机漫游
t=601.6 秒  球 方位+0.33 高低-0.05 距离0.93  左眼+11.8(该到+12.0)  右眼+15.7(该到+24.8)  随机漫游
t=602.6 秒  球 方位+0.18 高低+0.01 距离0.82  左眼 -0.2(该到 +2.4)  右眼+11.2(该到+17.4)  随机漫游
t=603.7 秒  球 方位+0.24 高低+0.14 距离0.74  左眼 +2.8(该到 +5.3)  右眼+24.3(该到+22.0)  随机漫游
t=604.7 秒  球 方位+0.14 高低+0.20 距离0.70  左眼 +0.1(该到 -1.1)  右眼+19.2(该到+16.9)  随机漫游
t=605.7 秒  球 方位+0.01 高低+0.10 距离0.72  左眼 -3.8(该到 -7.9)  右眼+11.7(该到 +9.5)  随机漫游
t=606.7 秒  球 方位-0.16 高低+0.05 距离0.80  左眼-14.5(该到-16.8)  右眼 -4.5(该到 -1.4)  随机漫游
t=607.7 秒  球 方位-0.14 高低+0.05 距离0.91  左眼 -9.3(该到-14.6)  右眼 -1.1(该到 -0.9)  随机漫游
t=608.7 秒  球 方位-0.27 高低+0.16 距离1.00  左眼-16.8(该到-21.3)  右眼-11.2(该到 -9.0)  随机漫游
t=609.7 秒  球 方位-0.21 高低+0.20 距离1.05  左眼-11.0(该到-18.0)  右眼-10.0(该到 -6.0)  随机漫游
t=610.8 秒  球 方位-0.14 高低+0.26 距离1.03  左眼 -4.2(该到-14.0)  右眼 -6.1(该到 -1.6)  随机漫游
t=611.8 秒  球 方位-0.16 高低+0.21 距离0.96  左眼 -4.7(该到-15.6)  右眼 +2.6(该到 -2.4)  随机漫游
t=612.8 秒  球 方位-0.03 高低+0.14 距离0.86  左眼 -1.3(该到 -9.2)  右眼 +2.9(该到 +5.5)  随机漫游
t=613.8 秒  球 方位+0.20 高低+0.05 距离0.76  左眼 +3.0(该到 +3.0)  右眼+15.4(该到+19.1)  随机漫游
t=614.8 秒  球 方位+0.28 高低+0.00 距离0.71  左眼 +2.4(该到 +7.0)  右眼+20.7(该到+24.0)  随机漫游
t=615.8 秒  球 方位+0.33 高低+0.07 距离0.71  左眼 +0.1(该到 +9.9)  右眼+25.4(该到+26.6)  随机漫游
t=616.8 秒  球 方位+0.38 高低+0.24 距离0.77  左眼 +9.3(该到+13.7)  右眼+31.2(该到+29.2)  随机漫游
t=617.9 秒  球 方位+0.40 高低+0.17 距离0.87  左眼+16.0(该到+15.8)  右眼+26.9(该到+29.3)  随机漫游
t=618.9 秒  球 方位+0.40 高低+0.06 距离0.97  左眼+10.1(该到+16.9)  右眼+18.5(该到+28.8)  随机漫游
t=619.9 秒  球 方位+0.25 高低-0.06 距离1.04  左眼 +0.8(该到 +8.4)  右眼 +7.0(该到+20.1)  随机漫游
t=620.9 秒  球 方位+0.10 高低-0.14 距离1.04  左眼 +0.4(该到 -0.6)  右眼 +1.1(该到+11.4)  随机漫游
t=621.9 秒  球 方位-0.07 高低-0.10 距离0.99  左眼 -4.1(该到-10.4)  右眼 +2.9(该到 +2.3)  随机漫游
t=622.9 秒  球 方位-0.33 高低-0.08 距离0.89  左眼-22.0(该到-25.1)  右眼 -7.1(该到-11.7)  随机漫游
t=623.9 秒  球 方位-0.35 高低-0.05 距离0.79  左眼-24.0(该到-27.3)  右眼 -8.0(该到-12.3)  随机漫游
t=625.0 秒  球 方位-0.33 高低-0.06 距离0.72  左眼-18.4(该到-27.0)  右眼 -2.5(该到-10.4)  随机漫游
t=626.0 秒  球 方位-0.34 高低-0.07 距离0.70  左眼-18.5(该到-27.3)  右眼 -1.9(该到-10.3)  随机漫游
t=627.0 秒  球 方位-0.29 高低+0.04 距离0.75  左眼-27.2(该到-24.3)  右眼-12.8(该到 -8.2)  随机漫游
t=628.0 秒  球 方位-0.21 高低+0.04 距离0.84  左眼-25.0(该到-19.2)  右眼 -8.9(该到 -4.6)  随机漫游
t=629.0 秒  球 方位-0.12 高低+0.04 距离0.94  左眼-17.8(该到-13.3)  右眼 +1.2(该到 -0.0)  随机漫游
t=630.0 秒  球 方位-0.13 高低+0.06 距离1.02  左眼-18.9(该到-13.7)  右眼 -5.0(该到 -1.5)  随机漫游
t=631.0 秒  球 方位+0.01 高低-0.01 距离1.05  左眼-11.2(该到 -5.5)  右眼 -2.1(该到 +6.5)  随机漫游
t=632.1 秒  球 方位-0.10 高低+0.06 距离1.01  左眼-15.7(该到-12.0)  右眼 +1.1(该到 +0.4)  随机漫游
t=633.1 秒  球 方位-0.30 高低+0.22 距离0.93  左眼-26.4(该到-23.6)  右眼 -7.2(该到-10.3)  随机漫游
t=634.1 秒  球 方位-0.31 高低+0.28 距离0.82  左眼-25.9(该到-25.0)  右眼 -0.3(该到 -9.8)  随机漫游
t=635.1 秒  球 方位-0.21 高低+0.22 距离0.74  左眼-16.8(该到-20.1)  右眼 -0.1(该到 -3.0)  随机漫游
t=636.1 秒  球 方位+0.05 高低+0.15 距离0.70  左眼 -4.6(该到 -6.2)  右眼 +4.7(该到+11.8)  随机漫游
t=637.1 秒  球 方位+0.11 高低+0.03 距离0.73  左眼 -4.1(该到 -2.4)  右眼 +8.2(该到+14.7)  随机漫游
t=638.2 秒  球 方位-0.07 高低-0.07 距离0.81  左眼-15.7(该到-11.5)  右眼 -2.1(该到 +4.1)  随机漫游
t=639.2 秒  球 方位-0.25 高低-0.08 距离0.91  左眼-26.6(该到-20.6)  右眼-13.7(该到 -7.2)  随机漫游
t=640.2 秒  球 方位-0.33 高低-0.17 距离1.00  左眼-29.6(该到-24.7)  右眼-20.0(该到-12.6)  随机漫游
t=641.2 秒  球 方位-0.39 高低-0.22 距离1.05  左眼-34.4(该到-27.8)  右眼-24.4(该到-16.4)  随机漫游
t=642.2 秒  球 方位-0.29 高低-0.28 距离1.03  左眼-29.6(该到-22.7)  右眼-19.2(该到-10.5)  随机漫游
t=643.2 秒  球 方位-0.27 高低-0.21 距离0.96  左眼-15.9(该到-21.9)  右眼-13.6(该到 -8.9)  随机漫游
t=644.3 秒  球 方位-0.32 高低-0.19 距离0.85  左眼-18.6(该到-25.0)  右眼-16.9(该到-10.7)  随机漫游
t=645.3 秒  球 方位-0.18 高低-0.26 距离0.76  左眼-17.2(该到-18.3)  右眼 -3.4(该到 -1.5)  随机漫游
t=646.3 秒  球 方位-0.28 高低-0.18 距离0.70  左眼-27.2(该到-24.2)  右眼-11.1(该到 -6.8)  随机漫游
t=647.3 秒  球 方位-0.35 高低-0.18 距离0.71  左眼-30.3(该到-28.2)  右眼-14.4(该到-11.4)  随机漫游
t=648.3 秒  球 方位-0.41 高低-0.15 距离0.78  左眼-34.4(该到-30.3)  右眼-19.8(该到-15.4)  随机漫游
t=649.3 秒  球 方位-0.24 高低-0.01 距离0.88  左眼-19.5(该到-20.7)  右眼 -9.9(该到 -6.9)  随机漫游
t=650.4 秒  球 方位-0.23 高低+0.07 距离0.98  左眼-23.9(该到-19.5)  右眼-13.0(该到 -7.0)  随机漫游
t=651.4 秒  球 方位-0.25 高低+0.06 距离1.04  左眼-18.9(该到-20.2)  右眼-13.2(该到 -8.5)  随机漫游
t=652.4 秒  球 方位-0.36 高低+0.06 距离1.04  左眼-24.7(该到-26.1)  右眼-19.0(该到-14.8)  随机漫游
t=653.4 秒  球 方位-0.10 高低+0.16 距离0.98  左眼-11.3(该到-11.9)  右眼 -6.0(该到 +1.0)  随机漫游
t=654.4 秒  球 方位-0.02 高低+0.27 距离0.89  左眼 -9.2(该到 -8.2)  右眼 +6.7(该到 +6.5)  随机漫游
t=655.4 秒  球 方位+0.26 高低+0.25 距离0.78  左眼 +0.6(该到 +6.4)  右眼+21.7(该到+22.3)  随机漫游
t=656.4 秒  球 方位+0.17 高低+0.22 距离0.72  左眼 -0.3(该到 +0.6)  右眼+16.0(该到+18.3)  随机漫游
t=657.5 秒  球 方位+0.06 高低+0.28 距离0.70  左眼 -1.5(该到 -6.0)  右眼 +9.4(该到+12.4)  随机漫游
t=658.5 秒  球 方位-0.08 高低+0.28 距离0.75  左眼 -5.9(该到-13.2)  右眼 +1.6(该到 +4.0)  随机漫游
t=659.5 秒  球 方位-0.20 高低+0.24 距离0.85  左眼-16.3(该到-18.9)  右眼 -6.5(该到 -3.9)  随机漫游
t=660.5 秒  球 方位-0.09 高低+0.17 距离0.95  左眼 -0.0(该到-12.0)  右眼 +4.5(该到 +1.3)  随机漫游
t=661.5 秒  球 方位-0.21 高低+0.15 距离1.03  左眼-22.9(该到-18.2)  右眼 -2.5(该到 -6.1)  随机漫游
t=662.5 秒  球 方位-0.09 高低+0.23 距离1.05  左眼-15.9(该到-11.4)  右眼 -4.2(该到 +0.8)  随机漫游
t=663.5 秒  球 方位-0.13 高低+0.24 距离1.01  左眼-19.6(该到-13.6)  右眼 -7.7(该到 -0.9)  随机漫游
t=664.5 秒  球 方位-0.37 高低+0.19 距离0.92  左眼-32.9(该到-27.3)  右眼-19.5(该到-14.4)  随机漫游
t=665.5 秒  球 方位-0.37 高低+0.03 距离0.82  左眼-29.7(该到-28.0)  右眼-18.8(该到-13.7)  随机漫游
t=666.6 秒  球 方位-0.37 高低+0.03 距离0.73  左眼-27.3(该到-28.5)  右眼-11.6(该到-12.5)  随机漫游
t=667.6 秒  球 方位-0.40 高低+0.14 距离0.70  左眼-30.2(该到-30.7)  右眼-16.3(该到-14.0)  随机漫游
t=668.6 秒  球 方位-0.37 高低-0.02 距离0.73  左眼-27.8(该到-28.6)  右眼-15.1(该到-12.5)  随机漫游
t=669.6 秒  球 方位-0.23 高低-0.01 距离0.81  左眼-21.8(该到-20.8)  右眼-10.1(该到 -5.7)  随机漫游
t=670.9 秒  球 方位-0.08 高低-0.12 距离0.91  左眼-14.4(该到-11.5)  右眼 +0.0(该到 +2.3)  随机漫游
t=671.9 秒  球 方位-0.13 高低-0.21 距离1.02  左眼 -8.5(该到-13.5)  右眼 -6.5(该到 -1.0)  随机漫游
t=672.9 秒  球 方位-0.29 高低-0.25 距离1.05  左眼-18.9(该到-22.6)  右眼-18.4(该到-10.7)  随机漫游
t=673.9 秒  球 方位-0.09 高低-0.21 距离1.02  左眼 -7.0(该到-11.2)  右眼 -5.7(该到 +1.4)  随机漫游
t=674.9 秒  球 方位+0.10 高低-0.21 距离0.93  左眼 -1.8(该到 -1.0)  右眼 +3.4(该到+12.7)  随机漫游
t=675.9 秒  球 方位+0.13 高低-0.17 距离0.83  左眼 -0.4(该到 -0.6)  右眼 +0.1(该到+14.7)  随机漫游
t=677.0 秒  球 方位-0.09 高低-0.11 距离0.74  左眼 -9.6(该到-13.7)  右眼 -0.7(该到 +3.3)  随机漫游
t=678.0 秒  球 方位+0.05 高低+0.03 距离0.70  左眼 -1.7(该到 -6.4)  右眼 +0.7(该到+11.4)  随机漫游
t=679.0 秒  球 方位-0.07 高低-0.04 距离0.73  左眼 -5.2(该到-12.4)  右眼 +0.2(该到 +4.8)  随机漫游
t=680.0 秒  球 方位-0.07 高低-0.05 距离0.80  左眼 -5.7(该到-11.9)  右眼 -0.1(该到 +3.6)  随机漫游
t=681.0 秒  球 方位-0.00 高低-0.09 距离0.91  左眼 -5.3(该到 -7.2)  右眼 -0.1(该到 +6.7)  随机漫游
t=682.0 秒  球 方位-0.05 高低-0.17 距离1.00  左眼 -6.4(该到 -8.9)  右眼 +5.1(该到 +3.8)  随机漫游
t=683.0 秒  球 方位-0.16 高低-0.20 距离1.05  左眼 -9.0(该到-15.3)  右眼 -7.2(该到 -3.3)  随机漫游
t=684.0 秒  球 方位-0.36 高低-0.10 距离1.03  左眼-29.2(该到-26.1)  右眼-18.3(该到-14.6)  随机漫游
t=685.1 秒  球 方位-0.39 高低-0.02 距离0.99  左眼-30.2(该到-28.2)  右眼-13.2(该到-16.5)  随机漫游
t=686.1 秒  球 方位-0.26 高低-0.00 距离0.85  左眼-17.7(该到-22.0)  右眼 -0.1(该到 -7.9)  随机漫游
t=687.1 秒  球 方位-0.11 高低-0.09 距离0.76  左眼 -8.4(该到-14.3)  右眼 +0.2(该到 +2.1)  随机漫游
t=688.1 秒  球 方位-0.10 高低+0.02 距离0.71  左眼 -7.3(该到-14.2)  右眼 +0.2(该到 +3.5)  随机漫游
t=689.1 秒  球 方位-0.00 高低+0.06 距离0.71  左眼 -8.8(该到 -9.0)  右眼 +8.5(该到 +8.6)  随机漫游
t=690.1 秒  球 方位-0.11 高低+0.06 距离0.77  左眼-13.3(该到-14.4)  右眼 +0.2(该到 +1.7)  随机漫游
t=691.2 秒  球 方位-0.28 高低+0.02 距离0.87  左眼-22.2(该到-22.7)  右眼 -8.8(该到 -8.9)  随机漫游
t=692.2 秒  球 方位-0.32 高低+0.16 距离0.97  左眼-23.8(该到-24.1)  右眼 -8.3(该到-11.7)  随机漫游
t=693.2 秒  球 方位-0.26 高低+0.26 距离1.04  左眼-11.6(该到-20.5)  右眼 -7.3(该到 -8.4)  随机漫游
t=694.2 秒  球 方位-0.21 高低+0.17 距离1.05  左眼 -6.5(该到-17.6)  右眼-10.0(该到 -5.7)  随机漫游
t=695.2 秒  球 方位-0.30 高低+0.21 距离0.99  左眼-26.5(该到-23.3)  右眼-17.1(该到-10.9)  随机漫游
t=696.2 秒  球 方位-0.35 高低+0.10 距离0.90  左眼-31.5(该到-26.3)  右眼-20.4(该到-13.0)  随机漫游
t=697.2 秒  球 方位-0.28 高低+0.12 距离0.80  左眼-15.9(该到-23.4)  右眼 -6.3(该到 -8.2)  随机漫游
t=698.2 秒  球 方位-0.30 高低+0.20 距离0.72  左眼-23.2(该到-25.3)  右眼 -4.7(该到 -8.3)  随机漫游
t=699.2 秒  球 方位-0.24 高低+0.14 距离0.70  左眼-23.3(该到-22.1)  右眼 -6.0(该到 -4.6)  随机漫游
t=700.2 秒  球 方位-0.28 高低+0.15 距离0.74  左眼-27.6(该到-24.2)  右眼-13.9(该到 -7.8)  随机漫游
t=701.2 秒  球 方位-0.41 高低+0.08 距离0.83  左眼-27.8(该到-30.2)  右眼-14.5(该到-16.3)  随机漫游
t=702.2 秒  球 方位-0.28 高低+0.08 距离0.93  左眼-10.9(该到-22.0)  右眼 -1.4(该到 -9.1)  随机漫游
t=703.2 秒  球 方位-0.33 高低+0.04 距离1.02  左眼-22.1(该到-24.3)  右眼 -7.5(该到-12.6)  随机漫游
t=704.3 秒  球 方位-0.39 高低-0.05 距离1.05  左眼-30.5(该到-27.5)  右眼-20.7(该到-16.4)  随机漫游
t=705.3 秒  球 方位-0.37 高低-0.16 距离1.02  左眼-31.2(该到-26.8)  右眼-21.4(该到-15.1)  随机漫游
t=706.3 秒  球 方位-0.29 高低-0.10 距离0.94  左眼-27.5(该到-23.0)  右眼-17.2(该到-10.1)  随机漫游
t=707.3 秒  球 方位-0.10 高低-0.02 距离0.83  左眼-18.4(该到-13.0)  右眼 -2.2(该到 +2.0)  随机漫游
t=708.3 秒  球 方位-0.04 高低+0.04 距离0.74  左眼-10.1(该到-10.5)  右眼 +6.9(该到 +6.4)  随机漫游
t=709.3 秒  球 方位-0.04 高低+0.04 距离0.70  左眼 -4.3(该到-10.9)  右眼 +1.6(该到 +7.0)  随机漫游
t=710.3 秒  球 方位+0.02 高低+0.06 距离0.72  左眼 -2.3(该到 -7.5)  右眼 +4.1(该到 +9.8)  随机漫游
t=711.3 秒  球 方位-0.11 高低+0.01 距离0.80  左眼-15.0(该到-14.2)  右眼 +0.3(该到 +1.5)  随机漫游
t=712.4 秒  球 方位-0.24 高低-0.05 距离0.90  左眼-24.5(该到-20.1)  右眼 -6.2(该到 -6.5)  随机漫游
t=713.4 秒  球 方位-0.26 高低-0.04 距离1.00  左眼-17.5(该到-21.1)  右眼 -8.3(该到 -8.9)  随机漫游
t=714.4 秒  球 方位-0.28 高低+0.06 距离1.05  左眼-11.5(该到-21.8)  右眼-11.9(该到-10.2)  随机漫游
t=715.4 秒  球 方位-0.28 高低+0.06 距离1.04  左眼-25.8(该到-21.8)  右眼-15.9(该到-10.1)  随机漫游
t=716.4 秒  球 方位-0.35 高低-0.03 距离0.97  左眼-29.2(该到-25.8)  右眼-12.2(该到-13.6)  随机漫游
t=717.4 秒  球 方位-0.37 高低-0.01 距离0.87  左眼-31.0(该到-27.7)  右眼-14.4(该到-14.2)  随机漫游
t=718.5 秒  球 方位-0.23 高低-0.05 距离0.77  左眼-19.8(该到-21.1)  右眼 -9.0(该到 -5.2)  随机漫游
t=719.5 秒  球 方位-0.20 高低+0.06 距离0.71  左眼-13.2(该到-20.1)  右眼 -7.7(该到 -2.7)  随机漫游
t=720.5 秒  球 方位-0.26 高低+0.12 距离0.71  左眼-15.7(该到-23.4)  右眼 -9.4(该到 -6.2)  随机漫游
t=721.5 秒  球 方位-0.31 高低-0.02 距离0.77  左眼-23.1(该到-25.1)  右眼-13.4(该到 -9.5)  随机漫游
t=722.5 秒  球 方位-0.31 高低-0.14 距离0.87  左眼-19.3(该到-24.4)  右眼-14.6(该到-10.5)  随机漫游
t=723.5 秒  球 方位-0.33 高低-0.08 距离0.97  左眼-15.2(该到-24.6)  右眼 -7.0(该到-12.3)  随机漫游
t=724.5 秒  球 方位-0.40 高低-0.08 距离1.04  左眼-34.0(该到-28.5)  右眼-22.8(该到-17.3)  随机漫游
t=725.6 秒  球 方位-0.23 高低-0.15 距离1.05  左眼-22.7(该到-19.2)  右眼-11.2(该到 -7.4)  随机漫游
t=726.6 秒  球 方位-0.40 高低-0.24 距离1.00  左眼-32.0(该到-28.8)  右眼-23.2(该到-16.9)  随机漫游
t=727.6 秒  球 方位-0.29 高低-0.18 距离0.90  左眼-27.5(该到-23.4)  右眼-17.6(该到 -9.8)  随机漫游
t=728.6 秒  球 方位-0.11 高低-0.20 距离0.80  左眼-15.9(该到-14.4)  右眼 -0.2(该到 +1.5)  随机漫游
t=729.6 秒  球 方位-0.11 高低-0.18 距离0.72  左眼-16.1(该到-14.9)  右眼 -0.2(该到 +2.6)  随机漫游
t=730.6 秒  球 方位-0.24 高低-0.05 距离0.70  左眼-25.9(该到-22.2)  右眼 -7.8(该到 -4.9)  随机漫游
t=731.6 秒  球 方位-0.25 高低+0.01 距离0.74  左眼-24.1(该到-22.3)  右眼 -5.8(该到 -5.9)  随机漫游
t=732.6 秒  球 方位-0.16 高低+0.10 距离0.83  左眼-19.7(该到-16.7)  右眼 +0.6(该到 -1.8)  随机漫游
t=733.6 秒  球 方位-0.10 高低+0.21 距离0.93  左眼-19.3(该到-12.5)  右眼 -0.2(该到 +1.2)  随机漫游
t=734.6 秒  球 方位+0.05 高低+0.22 距离1.02  左眼-10.0(该到 -3.4)  右眼 +3.1(该到 +9.2)  随机漫游
t=735.6 秒  球 方位+0.23 高低+0.12 距离1.05  左眼 +5.2(该到 +7.3)  右眼 +5.6(该到+19.1)  随机漫游
t=736.7 秒  球 方位+0.33 高低+0.10 距离1.02  左眼+11.6(该到+12.9)  右眼+11.2(该到+24.6)  随机漫游
t=737.7 秒  球 方位+0.25 高低+0.03 距离0.94  左眼 +7.3(该到 +7.6)  右眼 +7.6(该到+20.6)  随机漫游
t=738.7 秒  球 方位+0.24 高低-0.04 距离0.83  左眼 +6.5(该到 +6.0)  右眼+19.2(该到+20.6)  随机漫游
t=739.7 秒  球 方位+0.24 高低-0.15 距离0.74  左眼 -0.2(该到 +5.1)  右眼+20.2(该到+21.6)  随机漫游
t=740.7 秒  球 方位+0.36 高低-0.19 距离0.70  左眼 +5.9(该到+11.5)  右眼+30.6(该到+28.6)  随机漫游
t=741.7 秒  球 方位+0.18 高低-0.26 距离0.72  左眼 +0.3(该到 +1.0)  右眼+20.3(该到+18.7)  随机漫游
t=742.7 秒  球 方位+0.05 高低-0.17 距离0.80  左眼 -1.0(该到 -4.9)  右眼+13.2(该到+11.0)  随机漫游
t=743.8 秒  球 方位+0.18 高低-0.07 距离0.90  左眼 +3.7(该到 +3.1)  右眼+15.6(该到+16.9)  随机漫游
t=744.8 秒  球 方位+0.19 高低-0.03 距离0.99  左眼 -0.1(该到 +4.4)  右眼+13.0(该到+16.8)  随机漫游
t=745.8 秒  球 方位+0.34 高低-0.03 距离1.05  左眼 +7.3(该到+13.7)  右眼+16.7(该到+25.0)  随机漫游
t=746.8 秒  球 方位+0.30 高低-0.18 距离1.04  左眼 +0.1(该到+10.9)  右眼 +6.3(该到+22.7)  随机漫游
t=747.8 秒  球 方位+0.27 高低-0.11 距离0.97  左眼 +1.6(该到 +9.1)  右眼 +6.3(该到+21.7)  随机漫游
t=748.8 秒  球 方位+0.36 高低-0.13 距离0.87  左眼 +7.1(该到+13.2)  右眼+29.0(该到+26.9)  随机漫游
t=749.9 秒  球 方位+0.38 高低-0.28 距离0.77  左眼 +7.5(该到+13.4)  右眼+29.9(该到+29.2)  随机漫游
t=750.9 秒  球 方位+0.28 高低-0.19 距离0.71  左眼 +0.5(该到 +7.2)  右眼+22.2(该到+24.5)  随机漫游
t=751.9 秒  球 方位+0.11 高低-0.23 距离0.71  左眼 -1.1(该到 -3.0)  右眼+10.4(该到+15.0)  随机漫游
t=752.9 秒  球 方位+0.36 高低-0.13 距离0.77  左眼 +3.9(该到+12.6)  右眼+22.9(该到+28.0)  随机漫游
t=753.9 秒  球 方位+0.33 高低-0.09 距离0.87  左眼 +1.7(该到+12.0)  右眼+16.3(该到+25.8)  随机漫游
t=754.9 秒  球 方位+0.15 高低-0.11 距离0.97  左眼 -2.7(该到 +2.0)  右眼 +3.6(该到+14.9)  随机漫游
t=756.0 秒  球 方位+0.01 高低-0.05 距离1.04  左眼 -7.1(该到 -5.8)  右眼 +0.9(该到 +6.4)  随机漫游
t=757.2 秒  球 方位-0.06 高低+0.03 距离1.05  左眼 -1.6(该到 -9.3)  右眼 +4.1(该到 +2.7)  随机漫游
t=758.2 秒  球 方位-0.06 高低+0.16 距离0.98  左眼 -1.6(该到 -9.8)  右眼 +0.3(该到 +3.2)  随机漫游
t=759.2 秒  球 方位+0.06 高低+0.07 距离0.88  左眼 +0.2(该到 -3.6)  右眼 +1.3(该到+10.7)  随机漫游
t=760.2 秒  球 方位+0.14 高低-0.05 距离0.78  左眼 +0.3(该到 +0.0)  右眼 +9.4(该到+15.9)  随机漫游
t=761.2 秒  球 方位+0.14 高低-0.02 距离0.71  左眼 +0.3(该到 -0.6)  右眼+12.5(该到+16.8)  随机漫游
t=762.2 秒  球 方位+0.17 高低+0.03 距离0.70  左眼 +0.3(该到 +0.8)  右眼+17.8(该到+18.3)  随机漫游
t=763.2 秒  球 方位+0.21 高低+0.10 距离0.76  左眼 -0.0(该到 +3.5)  右眼+22.0(该到+19.8)  随机漫游
t=764.3 秒  球 方位+0.14 高低+0.17 距离0.85  左眼 -0.0(该到 +0.7)  右眼+10.8(该到+15.5)  随机漫游
t=765.3 秒  球 方位+0.05 高低+0.12 距离0.95  左眼 -5.1(该到 -3.7)  右眼 +2.7(该到 +9.5)  随机漫游
t=766.3 秒  球 方位+0.08 高低-0.01 距离1.03  左眼 +1.0(该到 -1.7)  右眼 +2.9(该到+10.4)  随机漫游
t=767.3 秒  球 方位-0.12 高低-0.15 距离1.05  左眼-13.7(该到-12.7)  右眼 -5.1(该到 -0.7)  随机漫游
