FIELD_RADIUS = 3.1
WANDER_MAX = 0.6 WANDER_SIGMA = 0.9 WANDER_FIELD = （已删）
  t= 0.0 秒  球在 (2.81, 0.00)  离场中心 2.81 米
  t= 1.0 秒  球在 (3.35, 0.18)  离场中心 3.36 米
  t= 2.0 秒  球在 (3.63, 0.59)  离场中心 3.68 米
  t= 3.0 秒  球在 (3.86, 0.06)  离场中心 3.86 米
  t= 4.0 秒  球在 (4.08, -0.46)  离场中心 4.10 米
  t= 5.0 秒  球在 (4.04, -1.06)  离场中心 4.18 米
  t= 6.0 秒  球在 (3.88, -1.64)  离场中心 4.21 米
  t= 7.0 秒  球在 (3.63, -2.18)  离场中心 4.24 米
  t= 8.0 秒  球在 (3.31, -2.69)  离场中心 4.27 米
  t= 9.0 秒  球在 (2.92, -3.14)  离场中心 4.29 米
  t=10.0 秒  球在 (2.47, -3.54)  离场中心 4.32 米
  t=11.0 秒  球在 (1.97, -3.87)  离场中心 4.35 米
  t=12.0 秒  球在 (1.43, -4.13)  离场中心 4.37 米
  t=13.0 秒  球在 (0.86, -4.32)  离场中心 4.40 米
  t=14.0 秒  球在 (0.27, -4.42)  离场中心 4.43 米
  t=15.0 秒  球在 (-0.33, -4.44)  离场中心 4.45 米
  t=16.0 秒  球在 (-0.92, -4.39)  离场中心 4.48 米
  t=17.0 秒  球在 (-1.51, -4.25)  离场中心 4.51 米
  t=18.0 秒  球在 (-2.07, -4.03)  离场中心 4.53 米
  t=19.0 秒  球在 (-2.60, -3.75)  离场中心 4.56 米
  t=20.0 秒  球在 (-3.09, -3.41)  离场中心 4.60 米
  t=21.0 秒  球在 (-3.63, -3.24)  离场中心 4.87 米
  t=22.0 秒  球在 (-4.05, -2.83)  离场中心 4.94 米
  t=23.0 秒  球在 (-4.53, -3.10)  离场中心 5.49 米
  t=24.0 秒  球在 (-5.00, -2.75)  离场中心 5.70 米
  t=25.0 秒  球在 (-5.47, -2.50)  离场中心 6.02 米
  t=26.0 秒  球在 (-5.73, -1.96)  离场中心 6.06 米
  t=27.0 秒  球在 (-5.99, -1.45)  离场中心 6.16 米
  t=28.0 秒  球在 (-6.46, -1.23)  离场中心 6.57 米
  t=29.0 秒  球在 (-6.96, -0.97)  离场中心 7.03 米
