FIELD_RADIUS = 3.0
WANDER_MAX = 0.6 WANDER_SIGMA = 0.9 WANDER_FIELD = （已删）
  t= 0.0 秒  球在 (2.81, 0.00)  离场中心 2.81 米
  t= 1.0 秒  球在 (3.22, -0.28)  离场中心 3.24 米
  t= 2.0 秒  球在 (3.19, -0.88)  离场中心 3.31 米
  t= 3.0 秒  球在 (3.01, -1.45)  离场中心 3.34 米
  t= 4.0 秒  球在 (2.73, -1.98)  离场中心 3.38 米
  t= 5.0 秒  球在 (2.37, -2.46)  离场中心 3.41 米
  t= 6.0 秒  球在 (1.92, -2.86)  离场中心 3.45 米
  t= 7.0 秒  球在 (1.42, -3.18)  离场中心 3.48 米
  t= 8.0 秒  球在 (0.86, -3.41)  离场中心 3.52 米
  t= 9.0 秒  球在 (0.28, -3.54)  离场中心 3.55 米
  t=10.0 秒  球在 (-0.32, -3.57)  离场中心 3.58 米
  t=11.0 秒  球在 (-0.92, -3.50)  离场中心 3.62 米
  t=12.0 秒  球在 (-1.49, -3.33)  离场中心 3.65 米
  t=13.0 秒  球在 (-2.03, -3.07)  离场中心 3.68 米
  t=14.0 秒  球在 (-2.52, -2.72)  离场中心 3.71 米
  t=15.0 秒  球在 (-2.95, -2.31)  离场中心 3.74 米
  t=16.0 秒  球在 (-3.31, -1.82)  离场中心 3.78 米
  t=17.0 秒  球在 (-3.58, -1.29)  离场中心 3.81 米
  t=18.0 秒  球在 (-3.77, -0.72)  离场中心 3.84 米
  t=19.0 秒  球在 (-3.87, -0.13)  离场中心 3.87 米
  t=20.0 秒  球在 (-3.87, 0.47)  离场中心 3.90 米
  t=21.0 秒  球在 (-3.78, 1.06)  离场中心 3.93 米
  t=22.0 秒  球在 (-3.61, 1.63)  离场中心 3.96 米
  t=23.0 秒  球在 (-3.34, 2.17)  离场中心 3.99 米
  t=24.0 秒  球在 (-3.00, 2.67)  离场中心 4.02 米
  t=25.0 秒  球在 (-2.60, 3.11)  离场中心 4.05 米
  t=26.0 秒  球在 (-2.13, 3.48)  离场中心 4.08 米
  t=27.0 秒  球在 (-1.61, 3.78)  离场中心 4.11 米
  t=28.0 秒  球在 (-1.05, 4.00)  离场中心 4.13 米
  t=29.0 秒  球在 (-0.47, 4.14)  离场中心 4.16 米
