球：+0.60 弧度、1.20 米
    秒 |    球偏(度)    左眼yaw    右眼yaw |    眼位左半    眼位右半 | 转向细胞
 0.00 |     34.4     -0.0     -0.0 |    0.03    0.03 | 
 0.05 |     34.4      0.0      0.0 |    0.06    0.06 | 
 0.10 |     34.7      0.6      0.6 |    0.06    0.06 | 
 0.15 |     35.1      2.0      2.1 |    0.06    0.06 | 
 0.20 |     35.6      4.0      4.1 |    0.06    0.06 | 
 0.25 |     36.1      6.3      6.3 |    0.06    0.06 | 
 0.30 |     36.7      8.7      8.7 |    0.06    0.06 | 
 0.35 |     37.0     11.1     11.2 |    0.06    0.06 | 
 0.40 |     37.2     13.7     13.7 |    0.06    0.06 | 
 0.45 |     37.2     16.2     16.3 |    0.06    0.06 | 
 0.50 |     37.0     18.8     18.9 |    0.06    0.06 | 
 0.55 |     36.8     21.3     21.4 |    0.06    0.06 | 
 0.60 |     36.6     23.9     24.0 |    0.06    0.06 | 
 0.65 |     36.4     26.5     26.6 |    0.06    0.06 | 
 0.70 |     36.2     29.1     29.1 |    0.06    0.06 | 
 0.75 |     36.3     31.4     31.4 |    0.06    0.06 | 
 0.80 |     36.8     32.8     32.8 |    0.06    0.06 | 
 0.85 |     37.9     33.4     33.5 |    0.06    0.06 | 
 0.90 |     40.3     33.2     33.9 |    0.06    0.06 | 
 0.95 |     43.1     31.8     34.1 |    0.06    0.06 | 
 1.00 |     46.0     30.1     34.2 |    0.06    0.06 | 
 1.05 |     46.9     28.3     34.3 |    0.06    0.06 | 
 1.10 |     47.4     27.0     34.3 |    0.06    0.06 | 
 1.15 |     44.5     27.2     34.4 |    0.06    0.06 | 
 1.20 |     41.8     28.6     34.4 |    0.06    0.06 | 
 1.25 |     41.3     30.5     34.4 |    0.06    0.06 | 
 1.30 |     45.2     32.2     34.4 |    0.06    0.06 | 
 1.35 |     51.4     33.2     34.4 |    0.06    0.06 | 
 1.40 |     58.7     33.7     34.4 |    0.06    0.06 | 
 1.45 |     67.0     34.0     34.4 |    0.06    0.06 | 
用时 0.5 秒
