=== --no-chase ===
球：+0.60 弧度、1.20 米
    秒 |    球偏(度)    左眼yaw    右眼yaw |    眼位左半    眼位右半 | 转向细胞
 0.00 |     34.4     -0.0     -0.0 |    0.03    0.03 | 
 0.25 |     36.1      6.3      6.3 |    0.06    0.06 | 
 0.50 |     37.0     18.8     18.9 |    0.06    0.06 | 
 0.75 |     36.3     31.4     31.4 |    0.06    0.06 | 
 1.00 |     46.0     30.1     34.2 |    0.06    0.06 | 
 1.25 |     41.3     30.5     34.4 |    0.06    0.06 | 
 1.50 |     72.0     34.2     34.4 |    0.06    0.06 | 
 1.75 |     95.8     34.4     34.3 |    0.06    0.06 | 
 2.00 |    116.7     33.8     33.4 |    0.06    0.06 | 
 2.25 |    140.6     32.9     32.5 |    0.06    0.06 | 
用时 0.8 秒
=== --turn-gain 0.05 ===
球：+0.60 弧度、1.20 米；追球拧髋 0.050
    秒 |    球偏(度)    左眼yaw    右眼yaw |    眼位左半    眼位右半 | 转向细胞
 0.00 |     34.4     -0.0     -0.0 |    0.03    0.03 | 0.00/0.00
 0.25 |     36.1      6.3      6.3 |    0.06    0.06 | 0.07/0.00
 0.50 |     37.5     18.8     18.9 |    0.06    0.06 | 0.58/0.00
 0.75 |     37.6     31.4     31.4 |    0.06    0.06 | 0.82/0.00
 1.00 |     49.0     31.5     34.2 |    0.06    0.06 | 0.92/0.00
 1.25 |     43.0     34.1     34.4 |    0.06    0.06 | 0.97/0.00
 1.50 |     69.1     34.4     34.4 |    0.06    0.06 | 0.99/0.00
 1.75 |     96.7     34.4     34.4 |    0.06    0.06 | 0.99/0.00
 2.00 |    115.5     33.9     33.7 |    0.06    0.06 | 1.00/0.00
 2.25 |    138.7     33.1     32.9 |    0.06    0.06 | 1.00/0.00
用时 0.8 秒
=== --turn-gain 0.05 --flip ===
球：+0.60 弧度、1.20 米；追球拧髋 0.050 对调
    秒 |    球偏(度)    左眼yaw    右眼yaw |    眼位左半    眼位右半 | 转向细胞
 0.00 |     34.4     -0.0     -0.0 |    0.03    0.03 | 0.00/0.00
 0.25 |     36.1      6.3      6.3 |    0.06    0.06 | 0.00/0.07
 0.50 |     36.6     18.8     18.9 |    0.06    0.06 | 0.00/0.58
 0.75 |     34.7     31.4     31.4 |    0.06    0.06 | 0.00/0.82
 1.00 |     43.0     26.7     34.2 |    0.06    0.06 | 0.00/0.92
 1.25 |     51.4     25.9     34.4 |    0.06    0.06 | 0.00/0.97
 1.50 |     84.7     33.7     34.4 |    0.06    0.06 | 0.00/0.99
 1.75 |    102.3     33.9     33.9 |    0.06    0.06 | 0.00/0.99
 2.00 |    112.9     32.5     32.0 |    0.06    0.06 | 0.00/1.00
 2.25 |    134.1     29.4     28.2 |    0.06    0.06 | 0.00/1.00
用时 0.8 秒
