left: 眼球体原点 [0.3, 0.11, 0.32]   相机 local pos [0.0, 0.0, 0.0]   cam_fovy 60.0
        相机 local 朝向(矩阵)
[[ 0.  0. -1.]
 [-1.  0.  0.]
 [ 0.  1.  0.]]
right: 眼球体原点 [0.3, -0.11, 0.32]   相机 local pos [0.0, 0.0, 0.0]   cam_fovy 60.0
        相机 local 朝向(矩阵)
[[ 0.  0. -1.]
 [-1.  0.  0.]
 [ 0.  1.  0.]]

球摆在正前方后（眼睛已经稳定）三个原点算出来的角度：

球 +0.00/+0.00  左眼实际 -6.8 度  右眼实际 +9.9 度
   left  按眼球体算该到   -9.9 度  （和 W.required 的   -9.9 差 +0.0）
   left  按相机算该到   -9.9 度  （和 W.required 的   -9.9 差 +0.0）
   right  按眼球体算该到   +9.9 度  （和 W.required 的   +9.9 差 +0.0）
   right  按相机算该到   +9.9 度  （和 W.required 的   +9.9 差 +0.0）
   相机在头坐标系里的位置：左 [0.3, 0.11, 0.05]  右 [0.3, -0.11, 0.05]

球 +0.30/+0.00  左眼实际 +15.1 度  右眼实际 +25.1 度
   left  按眼球体算该到  +14.8 度  （和 W.required 的  +14.8 差 +0.0）
   left  按相机算该到  +14.8 度  （和 W.required 的  +14.8 差 +0.0）
   right  按眼球体算该到  +32.5 度  （和 W.required 的  +32.5 差 +0.0）
   right  按相机算该到  +32.5 度  （和 W.required 的  +32.5 差 +0.0）
   相机在头坐标系里的位置：左 [0.3, 0.11, 0.05]  右 [0.3, -0.11, 0.05]
