头一代的爹 60 只：第0代第936只、第0代第263只、第0代第319只、第0代第320只
第 0 代：生 6 只、每只考 4 趟不动球（每趟 6 秒）+ 2 趟追着跑的球（每趟 6 秒，球沿随机曲线逃）+ 1 趟没球对照、6 个进程
  跨代冠军易主：0 代第 0 只  追住 0/2 趟、跑完落后 5.42 米、球在正前方  25% 的时间  摔了
    0  倒了/没建出来        追住 0/2 趟  落后   5.42 米  最近  2.51 米  正前方  25%  静球到了 0/4 趟  走了  2.38 米  路 motor  本机 33 秒
  跨代冠军易主：0 代第 1 只  追住 0/2 趟、跑完落后 4.55 米、球在正前方  38% 的时间  没摔
    1  没摔             追住 0/2 趟  落后   4.55 米  最近  0.48 米  正前方  38%  静球到了 1/4 趟  走了  8.11 米  路 motor  本机 33 秒
    2  倒了/没建出来        追住 0/2 趟  落后   4.96 米  最近  2.51 米  正前方  32%  静球到了 0/4 趟  走了  0.77 米  路 motor 对调  本机 33 秒
    3  没摔             追住 0/2 趟  落后   8.13 米  最近  2.51 米  正前方  33%  静球到了 0/4 趟  走了  2.93 米  路 motor 对调  本机 33 秒
    4  没摔             追住 0/2 趟  落后   5.99 米  最近  2.43 米  正前方  22%  静球到了 0/4 趟  走了  7.22 米  路 motor 对调  本机 30 秒
    5  没摔             追住 0/2 趟  落后   4.60 米  最近  2.51 米  正前方  32%  静球到了 0/4 趟  走了  4.20 米  路 motor  本机 33 秒
第 0 代收工：6 只里建出来 6 只（没摔 4）；真追住球的 0 只，两边都追住的 0 只（球挪走行为会变的 6 只）；追得最好那只落后 4.55 米、球在正前方  38% 的时间、最近贴到 0.48 米；本代花了 0.6 分钟
  这一代自己走出来的、真追住球的 0 只，其中两边都追住的 0 只
  下一代的爹 4 只（artifacts/_冒烟_追球_五批_g00_keep.jsonl）：第1只 追住0/2趟 落后4.55米、第5只 追住0/2趟 落后4.60米、第4只 追住0/2趟 落后5.99米、第3只 追住0/2趟 落后8.13米
第 1 代：生 6 只、每只考 4 趟不动球（每趟 6 秒）+ 2 趟追着跑的球（每趟 6 秒，球沿随机曲线逃）+ 1 趟没球对照、6 个进程
  跨代冠军易主：1 代第 0 只  追住 0/2 趟、跑完落后 2.86 米、球在正前方  44% 的时间  没摔
    0  没摔             追住 0/2 趟  落后   2.86 米  最近  1.14 米  正前方  44%  静球到了 1/4 趟  走了  3.32 米  路 orient 对调  本机 27 秒
    1  没摔             追住 0/2 趟  落后   4.57 米  最近  1.63 米  正前方  30%  静球到了 0/4 趟  走了  6.31 米  路 motor  本机 29 秒
    2  倒了/没建出来        追住 0/2 趟  落后   5.17 米  最近  2.40 米  正前方  28%  静球到了 0/4 趟  走了  5.60 米  路 motor  本机 30 秒
    3  倒了/没建出来        追住 0/2 趟  落后   4.70 米  最近  2.51 米  正前方  72%  静球到了 0/4 趟  走了  1.16 米  路 motor 对调  本机 30 秒
    4  没摔             追住 0/2 趟  落后   6.61 米  最近  2.51 米  正前方  21%  静球到了 0/4 趟  走了  6.89 米  路 motor 对调  本机 30 秒
    5  没摔             追住 0/2 趟  落后   4.44 米  最近  2.51 米  正前方  58%  静球到了 0/4 趟  走了  2.51 米  路 motor 对调  本机 30 秒
第 1 代收工：6 只里建出来 6 只（没摔 4）；真追住球的 0 只，两边都追住的 0 只（球挪走行为会变的 6 只）；追得最好那只落后 2.86 米、球在正前方  44% 的时间、最近贴到 1.14 米；本代花了 0.5 分钟
  这一代自己走出来的、真追住球的 0 只，其中两边都追住的 0 只
  下一代的爹 4 只（artifacts/_冒烟_追球_五批_g01_keep.jsonl）：第0只 追住0/2趟 落后2.86米、第5只 追住0/2趟 落后4.44米、第1只 追住0/2趟 落后4.57米、第4只 追住0/2趟 落后6.61米
跑完。跨代冠军：1 代第 0 只，追住 0/2 趟、跑完落后 2.86 米、球在正前方  44% 的时间、最近贴到 1.14 米，没摔
