头一代的爹 6 只：第7代第684只、第7代第508只、第7代第224只、第7代第810只
第 0 代：生 12 只、每只考 4 趟不动球（每趟 6 秒）+ 2 趟追着跑的球（每趟 6 秒，球沿随机曲线逃）+ 1 趟没球对照、4 个进程
  跨代冠军易主：0 代第 0 只  追住 0/2 趟、跑完落后 2.93 米、球在正前方  92% 的时间  没摔
    0  没摔             追住 0/2 趟  落后   2.93 米  最近  2.49 米  正前方  92%  静球到了 3/4 趟  走了  3.10 米  (两边都会)  路 motor 对调  本机 38 秒
    1  没摔             追住 0/2 趟  落后   2.23 米  最近  1.72 米  正前方  44%  静球到了 1/4 趟  走了  4.24 米  路 motor 对调  本机 38 秒
    2  没摔             追住 0/2 趟  落后   2.90 米  最近  1.65 米  正前方  50%  静球到了 0/4 趟  走了  4.11 米  路 orient  本机 38 秒
    3  倒了/没建出来        追住 0/0 趟  落后    nan 米  最近   nan 米  正前方   0%  静球到了 0/0 趟  走了   nan 米  路 orient  本机 12 秒
    4  没摔             追住 0/2 趟  落后   4.79 米  最近  2.51 米  正前方  18%  静球到了 0/4 趟  走了  3.47 米  路 motor  本机 27 秒
    5  没摔             追住 0/2 趟  落后   3.54 米  最近  0.22 米  正前方  44%  静球到了 1/4 趟  走了  6.10 米  路 orient  本机 26 秒
    6  没摔             追住 0/2 趟  落后   4.92 米  最近  2.51 米  正前方  31%  静球到了 0/4 趟  走了  1.90 米  路 motor  本机 26 秒
    7  没摔             追住 0/2 趟  落后   2.96 米  最近  2.51 米  正前方 100%  静球到了 2/4 趟  走了  2.35 米  (两边都会)  路 motor 对调  本机 26 秒
    8  没摔             追住 0/2 趟  落后   2.81 米  最近  1.22 米  正前方  29%  静球到了 1/4 趟  走了  5.56 米  路 orient  本机 26 秒
    9  没摔             追住 0/2 趟  落后   3.07 米  最近  2.25 米  正前方  32%  静球到了 0/4 趟  走了  4.49 米  路 orient  本机 22 秒
   10  没摔             追住 0/2 趟  落后   5.40 米  最近  2.51 米  正前方  53%  静球到了 0/4 趟  走了  0.10 米  路 motor  本机 22 秒
  跨代冠军易主：0 代第 11 只  追住 0/2 趟、跑完落后 1.86 米、球在正前方  97% 的时间  没摔
   11  没摔             追住 0/2 趟  落后   1.86 米  最近  1.62 米  正前方  97%  静球到了 4/4 趟  走了  3.76 米  (两边都会)  路 motor 对调  本机 22 秒
第 0 代收工：12 只里建出来 11 只（没摔 11）；真追住球的 1 只，两边都追住的 0 只（球挪走行为会变的 10 只）；追得最好那只落后 1.86 米、球在正前方  97% 的时间、最近贴到 1.62 米；本代花了 1.5 分钟
  这一代自己走出来的、真追住球的 1 只，其中两边都追住的 0 只
  下一代的爹 6 只（artifacts/_冒烟_追球_三批_g00_keep.jsonl）：第5只 追住1/2趟 落后3.54米、第11只 追住0/2趟 落后1.86米、第0只 追住0/2趟 落后2.93米、第7只 追住0/2趟 落后2.96米、第1只 追住0/2趟 落后2.23米、第8只 追住0/2趟 落后2.81米
跑完。跨代冠军：0 代第 11 只，追住 0/2 趟、跑完落后 1.86 米、球在正前方  97% 的时间、最近贴到 1.62 米，没摔
