
==== 云台账第 13 只（考试：到了 2/4 趟、最近 0.13 米、两边都会 True）  追球路 motor pivot=8 gain=1.37 turn_gain=0.090 拐弯力 0.0025 ====
  球偏(弧度)      距离(米) |      最近(米)    位移离球(度)      走了(米) | 判定
   -0.70        2.5 |       1.03       15.6       8.60 | 走起来了
   -0.50        2.5 |       1.29       22.0       4.75 | 走起来了
   -0.30        2.5 |       1.00       19.5       4.64 | 走起来了
    0.30        2.5 |       0.21        6.1       6.33 | 贴到球了
    0.50        2.5 |       0.09       10.2       6.75 | 贴到球了
    0.70        2.5 |       1.91       42.7       8.79 | 走起来了
   -0.70        3.5 |       1.75       30.4       8.79 | 走起来了
   -0.50        3.5 |       1.50       21.0       7.08 | 走起来了
   -0.30        3.5 |       1.99        5.3       1.25 | 没怎么动  (摔了)
    0.30        3.5 |       0.84       12.9       3.57 | 贴到球了
    0.50        3.5 |       0.64        6.7       6.98 | 贴到球了
    0.70        3.5 |       2.70       43.8       8.79 | 走起来了
   -0.70        4.5 |       2.27       31.1       8.79 | 走起来了
   -0.50        4.5 |       1.36       11.2       8.47 | 走起来了
   -0.30        4.5 |       0.20        1.2       8.34 | 贴到球了
    0.30        4.5 |       1.69       21.4       6.81 | 走起来了
    0.50        4.5 |       2.37       22.0       8.39 | 走起来了
    0.70        4.5 |       3.44       44.5       8.79 | 走起来了
  -> 20 个没见过的位置里贴到球 5 个、走起来 17 个；真在看球

==== 云台账第 172 只（考试：到了 2/4 趟、最近 0.16 米、两边都会 True）  追球路 motor pivot=6 gain=0.88 turn_gain=0.171 拐弯力 0.0037 ====
  球偏(弧度)      距离(米) |      最近(米)    位移离球(度)      走了(米) | 判定
   -0.70        2.5 |       0.76       11.3       8.52 | 贴到球了
   -0.50        2.5 |       1.01       17.1       1.71 | 没怎么动
   -0.30        2.5 |       0.96       38.1       2.81 | 贴到球了
    0.30        2.5 |       1.39       32.2       5.35 | 走起来了
    0.50        2.5 |       0.03        8.4       3.85 | 贴到球了
    0.70        2.5 |       2.07       48.2       8.69 | 走起来了
   -0.70        3.5 |       0.51        3.0       8.02 | 贴到球了
   -0.50        3.5 |       0.50       11.9       6.38 | 贴到球了
   -0.30        3.5 |       1.67       31.7       5.51 | 走起来了
    0.30        3.5 |       2.41       52.2       6.81 | 走起来了
    0.50        3.5 |       2.99       74.1       2.30 | 走起来了
    0.70        3.5 |       2.94       48.2       8.68 | 走起来了
   -0.70        4.5 |       1.54       17.9       8.64 | 走起来了
   -0.50        4.5 |       0.51        1.2       8.34 | 贴到球了
   -0.30        4.5 |       2.50        1.6       2.10 | 走起来了
    0.30        4.5 |       2.78       46.8       5.93 | 走起来了
    0.50        4.5 |       1.64       14.9       2.97 | 走起来了  (摔了)
    0.70        4.5 |       3.84       50.8       8.66 | 走起来了
  -> 20 个没见过的位置里贴到球 6 个、走起来 17 个；真在看球

==== 云台账第 118 只（考试：到了 2/4 趟、最近 0.80 米、两边都会 True）  追球路 orient 对调 pivot=7 gain=0.88 turn_gain=0.245 拐弯力 0.1035 ====
  球偏(弧度)      距离(米) |      最近(米)    位移离球(度)      走了(米) | 判定
   -0.70        2.5 |       0.33        2.4       7.82 | 贴到球了
   -0.50        2.5 |       0.59       14.6       8.01 | 贴到球了
   -0.30        2.5 |       0.06        5.0       3.16 | 贴到球了
    0.30        2.5 |       0.53        2.7       8.11 | 贴到球了
    0.50        2.5 |       1.02        7.3       8.05 | 走起来了
    0.70        2.5 |       1.36       14.3       7.99 | 走起来了
   -0.70        3.5 |       2.16       48.2       8.18 | 走起来了
   -0.50        3.5 |       1.04       11.6       7.30 | 走起来了
   -0.30        3.5 |       0.43        3.2       7.38 | 贴到球了
    0.30        3.5 |       0.38        4.8       8.05 | 贴到球了
    0.50        3.5 |       0.08       11.1       7.38 | 贴到球了
    0.70        3.5 |       1.60       12.5       7.92 | 走起来了
   -0.70        4.5 |       3.31       56.9       8.02 | 走起来了
   -0.50        4.5 |       2.68       46.0       8.06 | 走起来了
   -0.30        4.5 |       3.57       24.6       0.76 | 没怎么动  (摔了)
    0.30        4.5 |       0.46        9.5       7.93 | 贴到球了
    0.50        4.5 |       3.20       67.3       1.10 | 没怎么动  (摔了)
    0.70        4.5 |       2.20       18.6       8.03 | 走起来了
  -> 20 个没见过的位置里贴到球 8 个、走起来 16 个；真在看球

==== 云台账第 70 只（考试：到了 2/4 趟、最近 0.08 米、两边都会 False）  追球路 motor pivot=10 gain=0.41 turn_gain=0.211 拐弯力 0.0268 ====
  球偏(弧度)      距离(米) |      最近(米)    位移离球(度)      走了(米) | 判定
   -0.70        2.5 |       1.13       28.8       8.69 | 走起来了
   -0.50        2.5 |       0.47       13.6       7.45 | 贴到球了
   -0.30        2.5 |       2.01       37.1       6.46 | 走起来了
    0.30        2.5 |       1.36       21.9       1.61 | 没怎么动  (摔了)
    0.50        2.5 |       0.67       22.0       5.83 | 贴到球了
    0.70        2.5 |       1.90       38.9       8.72 | 走起来了
   -0.70        3.5 |       1.64       29.7       8.70 | 走起来了
   -0.50        3.5 |       0.97       12.3       8.41 | 贴到球了
   -0.30        3.5 |       2.24       27.6       0.85 | 没怎么动  (摔了)
    0.30        3.5 |       2.35       21.3       1.66 | 没怎么动  (摔了)
    0.50        3.5 |       0.05        2.9       7.14 | 贴到球了
    0.70        3.5 |       2.70       41.2       8.72 | 走起来了
   -0.70        4.5 |       2.29       33.0       8.72 | 走起来了
   -0.50        4.5 |       1.37       14.5       8.67 | 走起来了
   -0.30        4.5 |       0.58        5.0       8.62 | 贴到球了
    0.30        4.5 |       0.63        0.4       8.32 | 贴到球了
    0.50        4.5 |       2.55       27.4       8.70 | 走起来了
    0.70        4.5 |       3.41       41.7       8.73 | 走起来了
  -> 20 个没见过的位置里贴到球 6 个、走起来 15 个；真在看球

==== 云台账第 88 只（考试：到了 2/4 趟、最近 0.77 米、两边都会 False）  追球路 orient pivot=5 gain=1.00 turn_gain=0.146 拐弯力 0.0028 ====
  球偏(弧度)      距离(米) |      最近(米)    位移离球(度)      走了(米) | 判定
   -0.70        2.5 |       1.99       52.3       8.54 | 走起来了
   -0.50        2.5 |       1.69       41.8       8.53 | 走起来了
   -0.30        2.5 |       1.25       31.0       8.53 | 走起来了
    0.30        2.5 |       0.16        0.5       8.54 | 贴到球了
    0.50        2.5 |       0.64        9.5       8.54 | 贴到球了
    0.70        2.5 |       1.12       19.8       8.54 | 走起来了
   -0.70        3.5 |       2.80       53.4       8.54 | 走起来了
   -0.50        3.5 |       2.36       43.2       8.54 | 走起来了
   -0.30        3.5 |       1.79       31.6       8.54 | 走起来了
    0.30        3.5 |       0.15        0.5       8.53 | 贴到球了
    0.50        3.5 |       0.83       10.2       8.53 | 贴到球了
    0.70        3.5 |       1.49       20.7       8.53 | 走起来了
   -0.70        4.5 |       3.63       54.1       8.54 | 走起来了
   -0.50        4.5 |       3.06       42.9       8.54 | 走起来了
   -0.30        4.5 |       2.36       32.1       8.54 | 走起来了
    0.30        4.5 |       0.16        0.3       8.53 | 贴到球了
    0.50        4.5 |       1.05       10.7       8.54 | 走起来了
    0.70        4.5 |       1.87       21.4       8.53 | 走起来了
  -> 20 个没见过的位置里贴到球 5 个、走起来 18 个；球挪走行为不变（碰巧）

==== 云台账第 149 只（考试：到了 2/4 趟、最近 0.26 米、两边都会 False）  追球路 orient 对调 pivot=5 gain=1.54 turn_gain=0.283 拐弯力 0.0017 ====
  球偏(弧度)      距离(米) |      最近(米)    位移离球(度)      走了(米) | 判定
   -0.70        2.5 |       2.09       74.6       8.12 | 走起来了
   -0.50        2.5 |       1.89       56.4       8.39 | 走起来了
   -0.30        2.5 |       1.62       48.3       8.32 | 走起来了
    0.30        2.5 |       0.63       22.8       8.12 | 贴到球了
    0.50        2.5 |       0.14       12.3       8.13 | 贴到球了
    0.70        2.5 |       0.35        2.4       8.12 | 贴到球了
   -0.70        3.5 |       3.05       75.7       8.12 | 走起来了
   -0.50        3.5 |       2.84       65.2       8.11 | 走起来了
   -0.30        3.5 |       2.46       50.4       8.26 | 走起来了
    0.30        3.5 |       1.04       22.5       8.12 | 走起来了
    0.50        3.5 |       0.36       11.9       8.12 | 贴到球了
    0.70        3.5 |       0.30        1.6       8.11 | 贴到球了
   -0.70        4.5 |       4.02       76.3       8.12 | 走起来了
   -0.50        4.5 |       3.78       65.4       8.12 | 走起来了
   -0.30        4.5 |       3.43       54.7       8.11 | 走起来了
    0.30        4.5 |       1.45       22.3       8.12 | 走起来了
    0.50        4.5 |       0.64       11.7       8.11 | 贴到球了
    0.70        4.5 |       0.25        0.7       8.12 | 贴到球了
  -> 20 个没见过的位置里贴到球 7 个、走起来 18 个；球挪走行为不变（碰巧）

---- 汇总 ----
   第几只     考试趟数     没见过的        走起来         球挪走差 结论
    13        2       5/18         17        2.04米  不追
   172        2       6/18         17        1.96米  一半会追
   118        2       8/18         16        6.13米  一半会追
    70        2       6/18         15        0.66米  一半会追
    88        2       5/18         18        0.02米  不追
   149        2       7/18         18        0.03米  一半会追
读数 -> _复核追球2.json
