
==== 云台账第 13 只（考试：到了 2/4 趟、最近 0.13 米、两边都会 True）  追球路 motor pivot=8 gain=1.37 turn_gain=0.090 拐弯力 0.0025 ====
  球偏(弧度)      距离(米) |      最近(米)    位移离球(度)      走了(米) | 判定
   -0.70        2.5 |       1.03       15.6       8.60 | 走起来了
   -0.50        2.5 |       1.29       22.0       4.75 | 走起来了
   -0.30        2.5 |       1.00       19.5       4.64 | 走起来了
    0.30        2.5 |       0.21        6.1       6.33 | 贴到球了
    0.50        2.5 |       0.09       10.2       6.75 | 贴到球了
    0.70        2.5 |       1.91       42.7       8.79 | 走起来了
   -0.70        3.5 |       1.75       30.4       8.79 | 走起来了
   -0.50        3.5 |       1.50       21.0       7.08 | 走起来了
   -0.30        3.5 |       1.99        5.3       1.25 | 没怎么动  (摔了)
    0.30        3.5 |       0.84       12.9       3.57 | 贴到球了
    0.50        3.5 |       0.64        6.7       6.98 | 贴到球了
    0.70        3.5 |       2.70       43.8       8.79 | 走起来了
   -0.70        4.5 |       2.27       31.1       8.79 | 走起来了
   -0.50        4.5 |       1.36       11.2       8.47 | 走起来了
   -0.30        4.5 |       1.83       20.6       7.48 | 走起来了
    0.30        4.5 |       2.53       37.1       7.27 | 走起来了
    0.50        4.5 |       2.07       21.6       8.76 | 走起来了
    0.70        4.5 |       3.44       44.5       8.79 | 走起来了
  -> 20 个没见过的位置里贴到球 4 个、走起来 17 个；真在看球

==== 云台账第 70 只（考试：到了 2/4 趟、最近 0.08 米、两边都会 False）  追球路 motor pivot=10 gain=0.41 turn_gain=0.211 拐弯力 0.0268 ====
  球偏(弧度)      距离(米) |      最近(米)    位移离球(度)      走了(米) | 判定
   -0.70        2.5 |       1.13       28.8       8.69 | 走起来了
   -0.50        2.5 |       0.47       13.6       7.45 | 贴到球了
   -0.30        2.5 |       2.01       37.1       6.46 | 走起来了
    0.30        2.5 |       1.36       21.9       1.61 | 没怎么动  (摔了)
    0.50        2.5 |       0.67       22.0       5.83 | 贴到球了
    0.70        2.5 |       1.90       38.9       8.72 | 走起来了
   -0.70        3.5 |       1.64       29.7       8.70 | 走起来了
   -0.50        3.5 |       0.97       12.3       8.41 | 贴到球了
   -0.30        3.5 |       2.24       27.6       0.85 | 没怎么动  (摔了)
    0.30        3.5 |       2.35       15.5       1.71 | 没怎么动  (摔了)
    0.50        3.5 |       0.15        3.5       7.08 | 贴到球了
    0.70        3.5 |       2.69       41.1       8.73 | 走起来了
   -0.70        4.5 |       2.29       33.0       8.72 | 走起来了
   -0.50        4.5 |       1.38       14.8       8.69 | 走起来了
   -0.30        4.5 |       0.53        4.1       8.63 | 贴到球了
    0.30        4.5 |       0.81        2.2       8.36 | 贴到球了
    0.50        4.5 |       2.27       21.3       8.55 | 走起来了
    0.70        4.5 |       3.38       40.8       8.72 | 走起来了
  -> 20 个没见过的位置里贴到球 6 个、走起来 15 个；真在看球

==== 云台账第 88 只（考试：到了 2/4 趟、最近 0.77 米、两边都会 False）  追球路 orient pivot=5 gain=1.00 turn_gain=0.146 拐弯力 0.0028 ====
  球偏(弧度)      距离(米) |      最近(米)    位移离球(度)      走了(米) | 判定
   -0.70        2.5 |       1.99       52.3       8.54 | 走起来了
   -0.50        2.5 |       1.69       41.8       8.53 | 走起来了
   -0.30        2.5 |       1.25       31.0       8.53 | 走起来了
    0.30        2.5 |       0.16        0.5       8.54 | 贴到球了
    0.50        2.5 |       0.64        9.5       8.54 | 贴到球了
    0.70        2.5 |       1.12       19.8       8.54 | 走起来了
   -0.70        3.5 |       2.81       53.5       8.53 | 走起来了
   -0.50        3.5 |       2.35       42.7       8.54 | 走起来了
   -0.30        3.5 |       1.79       31.5       8.54 | 走起来了
    0.30        3.5 |       0.15        0.5       8.53 | 贴到球了
    0.50        3.5 |       0.83       10.2       8.54 | 贴到球了
    0.70        3.5 |       1.49       20.7       8.53 | 走起来了
   -0.70        4.5 |       3.63       54.1       8.53 | 走起来了
   -0.50        4.5 |       3.06       42.9       8.54 | 走起来了
   -0.30        4.5 |       2.36       32.1       8.54 | 走起来了
    0.30        4.5 |       0.16        0.3       8.53 | 贴到球了
    0.50        4.5 |       1.05       10.6       8.53 | 走起来了
    0.70        4.5 |       1.87       21.4       8.53 | 走起来了
  -> 20 个没见过的位置里贴到球 5 个、走起来 18 个；球挪走行为不变（碰巧）

==== 云台账第 59 只（考试：到了 2/4 趟、最近 0.66 米、两边都会 False）  追球路 orient 对调 pivot=10 gain=1.78 turn_gain=0.117 拐弯力 0.1359 ====
  球偏(弧度)      距离(米) |      最近(米)    位移离球(度)      走了(米) | 判定
   -0.70        2.5 |       0.82        9.9       6.96 | 贴到球了
   -0.50        2.5 |       0.56       15.1       3.21 | 贴到球了
   -0.30        2.5 |       0.76       10.1       3.40 | 贴到球了
    0.30        2.5 |       0.51        4.7       7.64 | 贴到球了
    0.50        2.5 |       1.10        4.6       1.86 | 没怎么动  (摔了)
    0.70        2.5 |       1.97       47.5       8.36 | 走起来了
   -0.70        3.5 |       0.70        5.1       7.35 | 贴到球了
   -0.50        3.5 |       0.48        4.2       7.17 | 贴到球了
   -0.30        3.5 |       0.71        9.6       6.86 | 贴到球了
    0.30        3.5 |       1.32        8.8       7.62 | 走起来了
    0.50        3.5 |       2.27       32.9       1.45 | 没怎么动
    0.70        3.5 |       3.33       87.8       7.27 | 走起来了
   -0.70        4.5 |       1.43       13.7       7.09 | 走起来了
   -0.50        4.5 |       0.06        2.1       7.62 | 贴到球了
   -0.30        4.5 |       0.92       10.1       7.01 | 贴到球了
    0.30        4.5 |       3.96       84.1       1.02 | 没怎么动
    0.50        4.5 |       2.57       31.9       3.43 | 走起来了
    0.70        4.5 |       4.15       69.9       7.32 | 走起来了
  -> 20 个没见过的位置里贴到球 9 个、走起来 15 个；真在看球

---- 汇总 ----
   第几只     考试趟数     没见过的        走起来         球挪走差 结论
    13        2       4/18         17        2.08米  不追
    70        2       6/18         15        0.64米  一半会追
    88        2       5/18         18        0.00米  不追
    59        2       9/18         15        0.15米  一半会追
读数 -> _复核追球.json
