
==== 第 13 只（考试：到了 2/4 趟、最近 0.13 米、两边都会 True）  路 motor pivot=8 gain=1.37 turn_gain=0.090 拐弯力 0.0025 ====
  球偏(弧度)     距离(米) |     最近(米)   球搬走差(米)     走了(米) | 判定
   -0.70       2.5 |      1.03      2.09      8.60 | 走起来了
   -0.50       2.5 |      0.66      6.91      2.35 | 贴到球了（真在看）
   -0.30       2.5 |      0.69      6.72      2.39 | 贴到球了（真在看）
    0.30       2.5 |      0.04      2.69      6.43 | 贴到球了（真在看）
    0.50       2.5 |      0.26      4.73      6.79 | 贴到球了（真在看）
    0.70       2.5 |      1.91      0.00      8.79 | 走起来了
   -0.70       3.5 |      1.75      0.00      8.79 | 走起来了
   -0.50       3.5 |      2.24      7.34      1.45 | 没怎么动
   -0.30       3.5 |      2.01      1.55      1.77 | 没怎么动
    0.30       3.5 |      0.48      3.06      6.25 | 贴到球了（真在看）
    0.50       3.5 |      0.85      3.52      6.71 | 贴到球了（真在看）
    0.70       3.5 |      2.70      0.00      8.79 | 走起来了
   -0.70       4.5 |      2.27      0.00      8.79 | 走起来了
   -0.50       4.5 |      1.39      1.32      8.51 | 走起来了
   -0.30       4.5 |      0.28      1.39      8.16 | 贴到球了（真在看）
    0.30       4.5 |      2.98      8.98      7.26 | 走起来了
    0.50       4.5 |      2.78      0.00      8.79 | 走起来了
    0.70       4.5 |      3.44      0.00      8.79 | 走起来了
  -> 18 个新位置里：真的贴到球 7 个；有反应的位置 12 个；走起来 16 个

==== 第 172 只（考试：到了 2/4 趟、最近 0.16 米、两边都会 True）  路 motor pivot=6 gain=0.88 turn_gain=0.171 拐弯力 0.0037 ====
  球偏(弧度)     距离(米) |     最近(米)   球搬走差(米)     走了(米) | 判定
   -0.70       2.5 |      0.76      2.19      8.52 | 贴到球了（真在看）
   -0.50       2.5 |      0.17      6.08      2.70 | 贴到球了（真在看）
   -0.30       2.5 |      0.68      5.92      3.08 | 贴到球了（真在看）
    0.30       2.5 |      1.51      9.19      6.99 | 走起来了
    0.50       2.5 |      0.26      6.69      3.58 | 贴到球了（真在看）
    0.70       2.5 |      2.05      0.12      8.68 | 走起来了
   -0.70       3.5 |      1.01      2.60      8.34 | 走起来了
   -0.50       3.5 |      2.98      8.53      1.22 | 没怎么动
   -0.30       3.5 |      2.59      7.88      2.58 | 走起来了
    0.30       3.5 |      1.30      7.07      2.38 | 走起来了
    0.50       3.5 |      3.22      6.01      3.00 | 走起来了
    0.70       3.5 |      2.98      0.14      8.66 | 走起来了
   -0.70       4.5 |      1.55      1.75      8.63 | 走起来了
   -0.50       4.5 |      0.54      2.21      8.35 | 贴到球了（真在看）
   -0.30       4.5 |      0.69      2.39      6.36 | 贴到球了（真在看）
    0.30       4.5 |      3.84     12.96      4.74 | 走起来了
    0.50       4.5 |      0.57      5.51      7.91 | 贴到球了（真在看）
    0.70       4.5 |      3.78      0.22      8.67 | 走起来了
  -> 18 个新位置里：真的贴到球 7 个；有反应的位置 18 个；走起来 17 个

==== 第 118 只（考试：到了 2/4 趟、最近 0.80 米、两边都会 True）  路 orient 对调 pivot=7 gain=0.88 turn_gain=0.245 拐弯力 0.1035 ====
  球偏(弧度)     距离(米) |     最近(米)   球搬走差(米)     走了(米) | 判定
   -0.70       2.5 |      0.33      7.84      7.82 | 贴到球了（真在看）
   -0.50       2.5 |      0.41      5.82      8.07 | 贴到球了（真在看）
   -0.30       2.5 |      0.12      4.64      8.36 | 贴到球了（真在看）
    0.30       2.5 |      0.52      0.28      8.11 | 贴到球了（真在看）
    0.50       2.5 |      1.02      1.00      8.05 | 走起来了
    0.70       2.5 |      1.31      0.42      7.94 | 走起来了
   -0.70       3.5 |      2.33      0.63      8.10 | 走起来了
   -0.50       3.5 |      0.81      5.90      8.41 | 贴到球了（真在看）
   -0.30       3.5 |      0.43      4.84      7.40 | 贴到球了（真在看）
    0.30       3.5 |      0.34      0.22      8.02 | 贴到球了（真在看）
    0.50       3.5 |      0.42      1.35      7.66 | 贴到球了（真在看）
    0.70       3.5 |      1.60      0.55      7.94 | 走起来了
   -0.70       4.5 |      3.29      0.65      8.04 | 走起来了
   -0.50       4.5 |      2.65      0.62      8.07 | 走起来了
   -0.30       4.5 |      3.56      7.62      1.05 | 没怎么动
    0.30       4.5 |      0.38      0.54      7.67 | 贴到球了（真在看）
    0.50       4.5 |      3.29      6.60      1.55 | 没怎么动
    0.70       4.5 |      1.74      0.86      7.88 | 走起来了
  -> 18 个新位置里：真的贴到球 9 个；有反应的位置 18 个；走起来 16 个

==== 第 70 只（考试：到了 2/4 趟、最近 0.08 米、两边都会 False）  路 motor pivot=10 gain=0.41 turn_gain=0.211 拐弯力 0.0268 ====
  球偏(弧度)     距离(米) |     最近(米)   球搬走差(米)     走了(米) | 判定
   -0.70       2.5 |      1.13      0.61      8.69 | 走起来了
   -0.50       2.5 |      0.41      2.06      7.54 | 贴到球了（真在看）
   -0.30       2.5 |      2.04      7.77      6.80 | 走起来了
    0.30       2.5 |      1.36      7.50      1.35 | 没怎么动
    0.50       2.5 |      0.26      3.46      6.08 | 贴到球了（真在看）
    0.70       2.5 |      1.90      0.03      8.73 | 走起来了
   -0.70       3.5 |      1.64      0.65      8.70 | 走起来了
   -0.50       3.5 |      0.89      1.89      8.52 | 贴到球了（真在看）
   -0.30       3.5 |      2.66      7.34      2.66 | 走起来了
    0.30       3.5 |      2.36      7.59      1.16 | 没怎么动
    0.50       3.5 |      0.23      4.89      7.06 | 贴到球了（真在看）
    0.70       3.5 |      2.66      0.08      8.73 | 走起来了
   -0.70       4.5 |      2.28      0.22      8.72 | 走起来了
   -0.50       4.5 |      1.48      0.85      8.74 | 走起来了
   -0.30       4.5 |      0.11      1.81      8.61 | 贴到球了（真在看）
    0.30       4.5 |      0.78      2.64      8.34 | 贴到球了（真在看）
    0.50       4.5 |      1.73      2.68      8.33 | 走起来了
    0.70       4.5 |      3.41      0.04      8.72 | 走起来了
  -> 18 个新位置里：真的贴到球 6 个；有反应的位置 16 个；走起来 16 个

==== 第 88 只（考试：到了 2/4 趟、最近 0.77 米、两边都会 False）  路 orient pivot=5 gain=1.00 turn_gain=0.146 拐弯力 0.0028 ====
  球偏(弧度)     距离(米) |     最近(米)   球搬走差(米)     走了(米) | 判定
   -0.70       2.5 |      1.99      0.01      8.54 | 走起来了
   -0.50       2.5 |      1.69      0.02      8.53 | 走起来了
   -0.30       2.5 |      1.24      0.11      8.53 | 走起来了
    0.30       2.5 |      0.16      0.08      8.54 | 贴到球了（真在看）
    0.50       2.5 |      0.64      0.00      8.54 | 贴到球了（搬走球也一样=碰巧）
    0.70       2.5 |      1.12      0.00      8.54 | 走起来了
   -0.70       3.5 |      2.81      0.00      8.54 | 走起来了
   -0.50       3.5 |      2.34      0.12      8.54 | 走起来了
   -0.30       3.5 |      1.80      0.01      8.54 | 走起来了
    0.30       3.5 |      0.15      0.01      8.53 | 贴到球了（搬走球也一样=碰巧）
    0.50       3.5 |      0.83      0.00      8.53 | 贴到球了（搬走球也一样=碰巧）
    0.70       3.5 |      1.49      0.03      8.53 | 走起来了
   -0.70       4.5 |      3.63      0.00      8.54 | 走起来了
   -0.50       4.5 |      3.06      0.03      8.54 | 走起来了
   -0.30       4.5 |      2.36      0.04      8.54 | 走起来了
    0.30       4.5 |      0.16      0.02      8.53 | 贴到球了（搬走球也一样=碰巧）
    0.50       4.5 |      1.06      0.03      8.54 | 走起来了
    0.70       4.5 |      1.87      0.00      8.53 | 走起来了
