头一代的爹 1 只：第50代第243只
第 0 代：生 12 只、每只考 4 趟不动球 + 2 趟躲着跑的球、4 个进程
  跨代冠军易主：0 代第 0 只  到了 0/4 趟、最近贴到 1.11 米、走了 3.32 米  没摔
    0  没摔     走起来 4/4  到了 0/4 趟  最近贴到  1.11 米  平均  1.68 米  位移离球  26.1 度  走了  3.32 米  路 orient 对调  本机 19 秒
    1  倒了/没建出来 走起来 0/4  到了 0/4 趟  最近贴到  2.24 米  平均  2.86 米  位移离球  30.8 度  走了  0.75 米  路 orient  本机 19 秒
    2  没摔     走起来 0/4  到了 0/4 趟  最近贴到  2.51 米  平均  3.18 米  位移离球  60.5 度  走了  0.98 米  路 motor 对调  本机 19 秒
    3  倒了/没建出来 走起来 0/4  到了 0/4 趟  最近贴到  2.65 米  平均  3.28 米  位移离球  48.6 度  走了  0.45 米  路 motor  本机 19 秒
    4  没摔     走起来 1/4  到了 1/4 趟  最近贴到  0.95 米  平均  2.79 米  位移离球  53.2 度  走了  1.64 米  路 motor  本机 16 秒
  跨代冠军易主：0 代第 5 只  到了 1/4 趟、最近贴到 1.00 米、走了 3.12 米  没摔
    5  没摔     走起来 4/4  到了 1/4 趟  最近贴到  1.00 米  平均  1.68 米  位移离球  26.3 度  走了  3.12 米  路 orient 对调  本机 17 秒
    6  倒了/没建出来 走起来 0/4  到了 0/0 趟  最近贴到   nan 米  平均   nan 米  位移离球   nan 度  走了   nan 米  路 motor  本机 0 秒
    7  没摔     走起来 4/4  到了 0/4 趟  最近贴到  1.02 米  平均  1.68 米  位移离球  26.5 度  走了  3.35 米  路 orient  本机 17 秒
    8  倒了/没建出来 走起来 0/4  到了 0/4 趟  最近贴到  2.64 米  平均  3.09 米  位移离球  56.3 度  走了  0.93 米  路 motor  本机 17 秒
    9  倒了/没建出来 走起来 0/4  到了 0/4 趟  最近贴到  2.85 米  平均  3.24 米  位移离球  71.6 度  走了  0.62 米  路 motor  本机 14 秒
   10  没摔     走起来 2/4  到了 1/4 趟  最近贴到  0.16 米  平均  1.55 米  位移离球  13.2 度  走了  2.36 米  路 orient 对调  本机 14 秒
   11  没摔     走起来 1/4  到了 0/4 趟  最近贴到  1.91 米  平均  2.40 米  位移离球  23.0 度  走了  1.50 米  路 motor 对调  本机 14 秒
第 0 代收工：12 只里建出来 11 只（没摔 7、4 趟都走起来的 3 只）；朝球走的 3 只，两边都会的 0 只，球躲着跑能跟住的 0 只，追上过球的 0 只（球挪走行为会变的 11 只，只当参考）；最好那只到了 1/4 趟、最近贴到 1.00 米；本代花了 0.8 分钟
  复试 3 只：18 个没见过的位置 + 球挪走对照
  复试剔掉 3 只（球挪走行为不变 = 碰巧）：第5只(差0.01米)、第0只(差0.00米)、第7只(差0.01米)
  复试留下 3 只：（没有一只进了复试）
  下一代的爹 3 只（artifacts/追球_复试冒烟_g00_keep.jsonl）：转1/4跟住0/2 1.55米、转1/4跟住0/2 2.79米、转0/4跟住0/2 2.40米
跑完。跨代冠军：0 代第 5 只，转 1/4 趟、跟住 0/2 趟、最后离球 1.68 米，没摔
