头一代的爹 1 只：第36代第158只
第 0 代：生 120 只、每只考 4 趟不动球 + 2 趟躲着跑的球、6 个进程
    0  倒了/没建出来 走起来 0/4  到了 0/0 趟  最近贴到   nan 米  平均   nan 米  位移离球   nan 度  走了   nan 米  路 motor 对调  本机 1 秒
  跨代冠军易主：0 代第 1 只  到了 1/4 趟、最近贴到 0.54 米、走了 3.46 米  摔了
    1  倒了/没建出来 走起来 3/4  到了 1/4 趟  最近贴到  0.54 米  平均  2.16 米  位移离球  73.9 度  走了  3.46 米  路 motor 对调  本机 31 秒
  跨代冠军易主：0 代第 2 只  到了 0/4 趟、最近贴到 1.44 米、走了 7.35 米  摔了
    2  倒了/没建出来 走起来 4/4  到了 0/4 趟  最近贴到  1.44 米  平均  2.46 米  位移离球  62.7 度  走了  7.35 米  路 orient  本机 35 秒
    3  倒了/没建出来 走起来 1/4  到了 0/4 趟  最近贴到  1.64 米  平均  2.85 米  位移离球  39.3 度  走了  1.70 米  路 motor  本机 35 秒
  跨代冠军易主：0 代第 4 只  到了 0/4 趟、最近贴到 2.22 米、走了 2.23 米  没摔
    4  没摔     走起来 2/4  到了 0/4 趟  最近贴到  2.22 米  平均  3.05 米  位移离球  95.0 度  走了  2.23 米  路 motor 对调  本机 35 秒
    5  倒了/没建出来 走起来 3/4  到了 1/4 趟  最近贴到  0.04 米  平均  2.01 米  位移离球  45.6 度  走了  3.18 米  路 orient 对调  本机 34 秒
  跨代冠军易主：0 代第 6 只  到了 0/4 趟、最近贴到 1.65 米、走了 2.18 米  没摔
    6  没摔     走起来 3/4  到了 0/4 趟  最近贴到  1.65 米  平均  2.75 米  位移离球  60.6 度  走了  2.18 米  路 motor 对调  本机 33 秒
  跨代冠军易主：0 代第 7 只  到了 3/4 趟、最近贴到 0.84 米、走了 8.01 米  没摔
    7  没摔     走起来 4/4  到了 3/4 趟  最近贴到  0.84 米  平均  1.08 米  位移离球  14.3 度  走了  8.01 米  (两边都会)  路 motor  本机 28 秒
    8  没摔     走起来 3/4  到了 1/4 趟  最近贴到  0.41 米  平均  2.15 米  位移离球  37.0 度  走了  5.45 米  路 motor  本机 27 秒
    9  没摔     走起来 4/4  到了 0/4 趟  最近贴到  1.33 米  平均  2.08 米  位移离球  31.2 度  走了  7.39 米  路 orient 对调  本机 30 秒
   10  没摔     走起来 4/4  到了 0/4 趟  最近贴到  1.05 米  平均  1.69 米  位移离球  30.3 度  走了  8.72 米  路 orient  本机 29 秒
   11  没摔     走起来 4/4  到了 0/4 趟  最近贴到  1.58 米  平均  2.17 米  位移离球  72.5 度  走了  5.06 米  路 motor 对调  本机 30 秒
   12  倒了/没建出来 走起来 0/4  到了 0/0 趟  最近贴到   nan 米  平均   nan 米  位移离球   nan 度  走了   nan 米  路 motor  本机 0 秒
   13  倒了/没建出来 走起来 0/4  到了 0/0 趟  最近贴到   nan 米  平均   nan 米  位移离球   nan 度  走了   nan 米  路 orient 对调  本机 0 秒
   14  没摔     走起来 4/4  到了 1/4 趟  最近贴到  0.90 米  平均  1.88 米  位移离球  30.3 度  走了  3.34 米  路 orient  本机 29 秒
   15  没摔     走起来 4/4  到了 1/4 趟  最近贴到  0.94 米  平均  1.60 米  位移离球  25.7 度  走了  8.79 米  路 orient  本机 27 秒
  跨代冠军易主：0 代第 16 只  到了 3/4 趟、最近贴到 0.15 米、走了 6.68 米  没摔
   16  没摔     走起来 4/4  到了 3/4 趟  最近贴到  0.15 米  平均  0.62 米  位移离球   9.8 度  走了  6.68 米  (两边都会)  路 motor  本机 28 秒
   17  倒了/没建出来 走起来 0/4  到了 0/0 趟  最近贴到   nan 米  平均   nan 米  位移离球   nan 度  走了   nan 米  路 orient 对调  本机 0 秒
   18  没摔     走起来 4/4  到了 2/4 趟  最近贴到  0.45 米  平均  1.61 米  位移离球  25.9 度  走了  8.36 米  路 orient 对调  本机 28 秒
   19  没摔     走起来 4/4  到了 0/4 趟  最近贴到  1.22 米  平均  1.93 米  位移离球  39.1 度  走了  8.48 米  路 orient  本机 29 秒
   20  没摔     走起来 4/4  到了 1/4 趟  最近贴到  0.65 米  平均  1.47 米  位移离球  23.0 度  走了  8.42 米  路 orient  本机 29 秒
   21  倒了/没建出来 走起来 2/4  到了 0/4 趟  最近贴到  1.66 米  平均  2.35 米  位移离球  65.7 度  走了  1.90 米  路 orient  本机 29 秒
   22  没摔     走起来 1/4  到了 0/4 趟  最近贴到  1.58 米  平均  2.75 米  位移离球  50.3 度  走了  1.96 米  路 orient  本机 28 秒
   23  倒了/没建出来 走起来 4/4  到了 0/4 趟  最近贴到  0.87 米  平均  2.71 米  位移离球  54.8 度  走了  3.54 米  路 motor  本机 30 秒
   24  倒了/没建出来 走起来 2/4  到了 0/4 趟  最近贴到  0.74 米  平均  2.23 米  位移离球  44.2 度  走了  2.20 米  路 motor 对调  本机 28 秒
   25  倒了/没建出来 走起来 4/4  到了 0/4 趟  最近贴到  1.34 米  平均  2.33 米  位移离球  48.5 度  走了  2.37 米  路 motor 对调  本机 28 秒
   26  倒了/没建出来 走起来 0/4  到了 0/4 趟  最近贴到  2.07 米  平均  3.20 米  位移离球 112.7 度  走了  1.20 米  路 motor 对调  本机 29 秒
   27  没摔     走起来 3/4  到了 1/4 趟  最近贴到  0.74 米  平均  1.88 米  位移离球  30.5 度  走了  4.42 米  路 motor  本机 30 秒
   28  没摔     走起来 4/4  到了 0/4 趟  最近贴到  1.10 米  平均  1.70 米  位移离球  26.6 度  走了  8.82 米  路 orient 对调  本机 27 秒
   29  没摔     走起来 4/4  到了 0/4 趟  最近贴到  1.17 米  平均  1.67 米  位移离球  26.5 度  走了  6.62 米  路 orient  本机 29 秒
   30  没摔     走起来 2/4  到了 1/4 趟  最近贴到  0.10 米  平均  1.88 米  位移离球  28.3 度  走了  3.48 米  路 orient 对调  本机 29 秒
   31  没摔     走起来 4/4  到了 0/4 趟  最近贴到  1.01 米  平均  1.66 米  位移离球  26.0 度  走了  8.81 米  路 orient 对调  本机 28 秒
   32  倒了/没建出来 走起来 0/4  到了 0/4 趟  最近贴到  1.71 米  平均  2.54 米  位移离球  18.0 度  走了  1.05 米  路 motor  本机 28 秒
   33  没摔     走起来 3/4  到了 2/4 趟  最近贴到  0.14 米  平均  1.19 米  位移离球  13.8 度  走了  5.27 米  路 motor  本机 29 秒
   34  没摔     走起来 4/4  到了 0/4 趟  最近贴到  1.10 米  平均  1.67 米  位移离球  26.1 度  走了  8.82 米  路 orient 对调  本机 28 秒
   35  没摔     走起来 4/4  到了 1/4 趟  最近贴到  0.93 米  平均  1.66 米  位移离球  25.8 度  走了  8.80 米  路 orient 对调  本机 30 秒
   36  倒了/没建出来 走起来 0/4  到了 0/4 趟  最近贴到  2.63 米  平均  2.98 米  位移离球  66.0 度  走了  0.77 米  路 motor 对调  本机 30 秒
   37  没摔     走起来 3/4  到了 0/4 趟  最近贴到  1.44 米  平均  2.32 米  位移离球  35.5 度  走了  2.15 米  路 orient 对调  本机 29 秒
   38  倒了/没建出来 走起来 0/4  到了 0/0 趟  最近贴到   nan 米  平均   nan 米  位移离球   nan 度  走了   nan 米  路 orient  本机 0 秒
   39  倒了/没建出来 走起来 0/4  到了 0/4 趟  最近贴到  2.24 米  平均  2.85 米  位移离球  92.1 度  走了  0.94 米  路 motor  本机 28 秒
   40  倒了/没建出来 走起来 2/4  到了 0/4 趟  最近贴到  1.25 米  平均  2.03 米  位移离球  40.6 度  走了  2.00 米  路 motor 对调  本机 29 秒
   41  没摔     走起来 0/4  到了 0/4 趟  最近贴到  2.71 米  平均  3.21 米  位移离球  26.4 度  走了  0.33 米  路 orient 对调  本机 27 秒
   42  没摔     走起来 2/4  到了 0/4 趟  最近贴到  2.20 米  平均  2.72 米  位移离球  53.9 度  走了  1.85 米  路 orient  本机 28 秒
   43  没摔     走起来 4/4  到了 0/4 趟  最近贴到  1.13 米  平均  1.81 米  位移离球  34.1 度  走了  8.69 米  路 motor 对调  本机 29 秒
   44  倒了/没建出来 走起来 0/4  到了 0/4 趟  最近贴到  2.51 米  平均  3.30 米  位移离球  77.9 度  走了  0.79 米  路 orient 对调  本机 29 秒
   45  倒了/没建出来 走起来 0/4  到了 0/4 趟  最近贴到  2.66 米  平均  3.17 米  位移离球  34.2 度  走了  0.62 米  路 motor  本机 29 秒
   46  没摔     走起来 3/4  到了 1/4 趟  最近贴到  0.84 米  平均  2.36 米  位移离球  55.4 度  走了  4.62 米  路 motor 对调  本机 28 秒
   47  没摔     走起来 3/4  到了 0/4 趟  最近贴到  1.04 米  平均  1.90 米  位移离球  31.0 度  走了  2.10 米  路 motor  本机 27 秒
   48  倒了/没建出来 走起来 2/4  到了 0/4 趟  最近贴到  2.32 米  平均  3.08 米  位移离球 120.0 度  走了  3.15 米  路 motor 对调  本机 27 秒
   49  没摔     走起来 3/4  到了 0/4 趟  最近贴到  1.62 米  平均  2.76 米  位移离球  92.2 度  走了  3.84 米  路 orient 对调  本机 29 秒
   50  倒了/没建出来 走起来 0/4  到了 0/4 趟  最近贴到  2.34 米  平均  3.00 米  位移离球  52.8 度  走了  0.84 米  路 motor 对调  本机 29 秒
   51  没摔     走起来 4/4  到了 1/4 趟  最近贴到  0.19 米  平均  1.50 米  位移离球  22.2 度  走了  8.19 米  路 motor  本机 29 秒
   52  没摔     走起来 4/4  到了 1/4 趟  最近贴到  0.13 米  平均  1.45 米  位移离球  31.6 度  走了  7.21 米  路 orient  本机 28 秒
   53  没摔     走起来 4/4  到了 0/4 趟  最近贴到  1.56 米  平均  2.14 米  位移离球  48.6 度  走了  7.55 米  路 motor 对调  本机 27 秒
   54  倒了/没建出来 走起来 3/4  到了 1/4 趟  最近贴到  0.55 米  平均  1.43 米  位移离球  21.3 度  走了  4.53 米  路 orient 对调  本机 28 秒
   55  没摔     走起来 4/4  到了 0/4 趟  最近贴到  1.56 米  平均  2.20 米  位移离球  36.8 度  走了  2.83 米  路 orient 对调  本机 29 秒
   56  倒了/没建出来 走起来 4/4  到了 1/4 趟  最近贴到  0.71 米  平均  2.27 米  位移离球  38.6 度  走了  6.23 米  路 orient  本机 28 秒
   57  没摔     走起来 4/4  到了 1/4 趟  最近贴到  0.25 米  平均  2.11 米  位移离球  61.6 度  走了  3.89 米  路 motor  本机 29 秒
   58  没摔     走起来 4/4  到了 0/4 趟  最近贴到  1.00 米  平均  1.65 米  位移离球  25.6 度  走了  8.81 米  路 orient 对调  本机 29 秒
   59  倒了/没建出来 走起来 3/4  到了 1/4 趟  最近贴到  0.94 米  平均  2.73 米  位移离球  88.0 度  走了  3.76 米  路 motor 对调  本机 27 秒
   60  倒了/没建出来 走起来 0/4  到了 0/0 趟  最近贴到   nan 米  平均   nan 米  位移离球   nan 度  走了   nan 米  路 orient 对调  本机 1 秒
   61  倒了/没建出来 走起来 2/4  到了 0/4 趟  最近贴到  1.73 米  平均  2.53 米  位移离球  60.6 度  走了  2.60 米  路 motor  本机 28 秒
   62  没摔     走起来 4/4  到了 0/4 趟  最近贴到  1.57 米  平均  2.19 米  位移离球  46.8 度  走了  6.59 米  路 orient 对调  本机 28 秒
   63  倒了/没建出来 走起来 2/4  到了 1/4 趟  最近贴到  0.31 米  平均  2.04 米  位移离球  52.0 度  走了  2.62 米  路 motor  本机 28 秒
   64  没摔     走起来 1/4  到了 0/4 趟  最近贴到  1.99 米  平均  2.87 米  位移离球 101.9 度  走了  1.24 米  路 motor 对调  本机 29 秒
   65  没摔     走起来 1/4  到了 0/4 趟  最近贴到  2.55 米  平均  3.05 米  位移离球 100.0 度  走了  1.57 米  路 orient  本机 29 秒
   66  没摔     走起来 2/4  到了 0/4 趟  最近贴到  2.17 米  平均  2.77 米  位移离球 102.9 度  走了  2.47 米  路 orient  本机 27 秒
   67  没摔     走起来 4/4  到了 0/4 趟  最近贴到  1.01 米  平均  1.68 米  位移离球  27.0 度  走了  8.77 米  路 orient  本机 28 秒
   68  没摔     走起来 4/4  到了 0/4 趟  最近贴到  1.01 米  平均  1.66 米  位移离球  28.9 度  走了  8.63 米  路 orient  本机 28 秒
   69  没摔     走起来 0/4  到了 0/4 趟  最近贴到  2.90 米  平均  3.40 米  位移离球  24.8 度  走了  0.12 米  路 motor 对调  本机 30 秒
   70  倒了/没建出来 走起来 2/4  到了 1/4 趟  最近贴到  0.78 米  平均  2.26 米  位移离球  44.5 度  走了  1.63 米  路 motor 对调  本机 29 秒
   71  没摔     走起来 4/4  到了 0/4 趟  最近贴到  1.03 米  平均  1.61 米  位移离球  26.4 度  走了  8.77 米  路 orient  本机 29 秒
   72  倒了/没建出来 走起来 2/4  到了 0/4 趟  最近贴到  0.43 米  平均  2.51 米  位移离球  61.9 度  走了  2.59 米  路 motor 对调  本机 27 秒
   73  没摔     走起来 4/4  到了 1/4 趟  最近贴到  0.99 米  平均  2.42 米  位移离球  62.9 度  走了  7.28 米  路 motor 对调  本机 30 秒
   74  倒了/没建出来 走起来 1/4  到了 0/4 趟  最近贴到  1.88 米  平均  2.76 米  位移离球  73.7 度  走了  1.52 米  路 motor 对调  本机 29 秒
   75  没摔     走起来 3/4  到了 0/4 趟  最近贴到  1.75 米  平均  2.29 米  位移离球  32.4 度  走了  1.78 米  路 orient 对调  本机 30 秒
   76  没摔     走起来 4/4  到了 1/4 趟  最近贴到  0.72 米  平均  1.61 米  位移离球  31.0 度  走了  8.62 米  路 orient  本机 30 秒
   77  没摔     走起来 4/4  到了 1/4 趟  最近贴到  0.37 米  平均  1.87 米  位移离球  44.4 度  走了  7.36 米  路 orient 对调  本机 30 秒
   78  倒了/没建出来 走起来 4/4  到了 1/4 趟  最近贴到  0.88 米  平均  2.08 米  位移离球  42.2 度  走了  7.91 米  路 orient 对调  本机 29 秒
