头一代的爹 1 只：第36代第158只
第 0 代：生 160 只、每只考 4 趟不动球 + 2 趟躲着跑的球、10 个进程
  跨代冠军易主：0 代第 0 只  转 0/2 趟、跟住 0/2 趟、最后离球 1.75 米、走了 1.57 米  摔了
    0  倒了/没建出来 走起来 1/4  转 0/2 趟  跟住 0/2 趟  最后离球   1.75 米  正前方  18% 时间  走了  1.57 米  路 motor  本机 85 秒
  跨代冠军易主：0 代第 1 只  转 1/2 趟、跟住 0/2 趟、最后离球 3.41 米、走了 5.40 米  没摔
    1  没摔     走起来 2/4  转 1/2 趟  跟住 0/2 趟  最后离球   3.41 米  正前方   0% 时间  走了  5.40 米  路 orient 对调  本机 82 秒
  跨代冠军易主：0 代第 2 只  转 1/2 趟、跟住 0/2 趟、最后离球 2.28 米、走了 3.57 米  没摔
    2  没摔     走起来 2/4  转 1/2 趟  跟住 0/2 趟  最后离球   2.28 米  正前方   0% 时间  走了  3.57 米  路 orient  本机 91 秒
    3  倒了/没建出来 走起来 0/4  转 0/0 趟  跟住 0/0 趟  最后离球    nan 米  正前方   0% 时间  走了   nan 米  路 orient 对调  本机 2 秒
    4  倒了/没建出来 走起来 0/4  转 0/2 趟  跟住 0/2 趟  最后离球   1.40 米  正前方  16% 时间  走了  0.68 米  路 orient 对调  本机 92 秒
  跨代冠军易主：0 代第 5 只  转 1/2 趟、跟住 0/2 趟、最后离球 0.80 米、走了 1.09 米  没摔
    5  没摔     走起来 2/4  转 1/2 趟  跟住 0/2 趟  最后离球   0.80 米  正前方  10% 时间  走了  1.09 米  路 motor  本机 84 秒
  跨代冠军易主：0 代第 6 只  转 1/2 趟、跟住 0/2 趟、最后离球 3.34 米、走了 5.35 米  没摔
    6  没摔     走起来 2/4  转 1/2 趟  跟住 0/2 趟  最后离球   3.34 米  正前方   0% 时间  走了  5.35 米  路 orient  本机 80 秒
    7  没摔     走起来 2/4  转 1/2 趟  跟住 0/2 趟  最后离球   3.38 米  正前方   0% 时间  走了  5.36 米  路 orient  本机 85 秒
    8  倒了/没建出来 走起来 2/4  转 1/2 趟  跟住 0/2 趟  最后离球   1.16 米  正前方  15% 时间  走了  1.23 米  路 motor  本机 91 秒
    9  没摔     走起来 2/4  转 1/2 趟  跟住 0/2 趟  最后离球   2.35 米  正前方   0% 时间  走了  4.05 米  路 motor 对调  本机 85 秒
  跨代冠军易主：0 代第 10 只  转 2/2 趟、跟住 0/2 趟、最后离球 1.48 米、走了 3.53 米  没摔
   10  没摔     走起来 2/4  转 2/2 趟  跟住 0/2 趟  最后离球   1.48 米  正前方  13% 时间  走了  3.53 米  (两边都会)  路 motor  本机 79 秒
   11  没摔     走起来 2/4  转 1/2 趟  跟住 0/2 趟  最后离球   1.20 米  正前方   2% 时间  走了  1.89 米  路 motor 对调  本机 47 秒
   12  没摔     走起来 2/4  转 1/2 趟  跟住 0/2 趟  最后离球   3.40 米  正前方   0% 时间  走了  5.39 米  路 orient  本机 46 秒
   13  倒了/没建出来 走起来 2/4  转 1/2 趟  跟住 0/2 趟  最后离球   1.26 米  正前方  24% 时间  走了  1.20 米  路 motor  本机 48 秒
   14  没摔     走起来 2/4  转 1/2 趟  跟住 0/2 趟  最后离球   0.97 米  正前方  27% 时间  走了  1.09 米  路 motor 对调  本机 47 秒
   15  倒了/没建出来 走起来 2/4  转 1/2 趟  跟住 0/2 趟  最后离球   0.58 米  正前方  14% 时间  走了  1.54 米  路 motor 对调  本机 50 秒
   16  倒了/没建出来 走起来 2/4  转 1/2 趟  跟住 0/2 趟  最后离球   2.05 米  正前方  12% 时间  走了  3.34 米  路 motor 对调  本机 50 秒
   17  没摔     走起来 2/4  转 1/2 趟  跟住 0/2 趟  最后离球   3.41 米  正前方   0% 时间  走了  5.38 米  路 orient  本机 49 秒
   18  倒了/没建出来 走起来 0/4  转 0/0 趟  跟住 0/0 趟  最后离球    nan 米  正前方   0% 时间  走了   nan 米  路 orient  本机 0 秒
   19  倒了/没建出来 走起来 1/4  转 0/2 趟  跟住 0/2 趟  最后离球   0.60 米  正前方   8% 时间  走了  1.28 米  路 orient  本机 50 秒
   20  没摔     走起来 2/4  转 1/2 趟  跟住 0/2 趟  最后离球   2.78 米  正前方   0% 时间  走了  4.77 米  路 orient 对调  本机 51 秒
   21  没摔     走起来 2/4  转 1/2 趟  跟住 0/2 趟  最后离球   3.38 米  正前方   0% 时间  走了  5.37 米  路 orient  本机 49 秒
   22  倒了/没建出来 走起来 0/4  转 0/2 趟  跟住 0/2 趟  最后离球   1.33 米  正前方   5% 时间  走了  0.75 米  路 motor  本机 49 秒
   23  没摔     走起来 2/4  转 1/2 趟  跟住 0/2 趟  最后离球   2.63 米  正前方   0% 时间  走了  3.17 米  路 motor 对调  本机 47 秒
   24  没摔     走起来 2/4  转 1/2 趟  跟住 0/2 趟  最后离球   3.39 米  正前方   0% 时间  走了  5.38 米  路 orient 对调  本机 47 秒
   25  没摔     走起来 1/4  转 0/2 趟  跟住 0/2 趟  最后离球   2.56 米  正前方   0% 时间  走了  2.92 米  路 motor 对调  本机 45 秒
   26  倒了/没建出来 走起来 0/4  转 0/0 趟  跟住 0/0 趟  最后离球    nan 米  正前方   0% 时间  走了   nan 米  路 orient  本机 1 秒
   27  没摔     走起来 2/4  转 1/2 趟  跟住 0/2 趟  最后离球   1.00 米  正前方   9% 时间  走了  1.30 米  路 orient 对调  本机 49 秒
   28  没摔     走起来 2/4  转 1/2 趟  跟住 0/2 趟  最后离球   0.82 米  正前方   3% 时间  走了  1.21 米  路 orient  本机 49 秒
   29  没摔     走起来 0/4  转 0/2 趟  跟住 0/2 趟  最后离球   1.39 米  正前方   0% 时间  走了  0.23 米  路 motor  本机 49 秒
   30  没摔     走起来 0/4  转 0/2 趟  跟住 0/2 趟  最后离球   1.65 米  正前方   0% 时间  走了  0.21 米  路 motor  本机 48 秒
   31  没摔     走起来 2/4  转 0/2 趟  跟住 0/2 趟  最后离球   3.41 米  正前方   0% 时间  走了  5.38 米  路 orient  本机 50 秒
   32  没摔     走起来 2/4  转 1/2 趟  跟住 0/2 趟  最后离球   3.40 米  正前方   0% 时间  走了  5.39 米  路 orient 对调  本机 49 秒
   33  没摔     走起来 2/4  转 2/2 趟  跟住 0/2 趟  最后离球   1.83 米  正前方   0% 时间  走了  3.51 米  (两边都会)  路 motor 对调  本机 43 秒
   34  倒了/没建出来 走起来 0/4  转 0/0 趟  跟住 0/0 趟  最后离球    nan 米  正前方   0% 时间  走了   nan 米  路 orient 对调  本机 0 秒
   35  没摔     走起来 2/4  转 1/2 趟  跟住 0/2 趟  最后离球   3.40 米  正前方   0% 时间  走了  5.34 米  路 motor 对调  本机 45 秒
   36  没摔     走起来 2/4  转 0/2 趟  跟住 0/2 趟  最后离球   2.31 米  正前方   4% 时间  走了  3.22 米  路 orient  本机 45 秒
   37  倒了/没建出来 走起来 2/4  转 0/2 趟  跟住 0/2 趟  最后离球   1.10 米  正前方   6% 时间  走了  1.07 米  路 motor  本机 45 秒
   38  没摔     走起来 0/4  转 0/2 趟  跟住 0/2 趟  最后离球   1.46 米  正前方   0% 时间  走了  0.11 米  路 motor  本机 46 秒
   39  没摔     走起来 2/4  转 1/2 趟  跟住 0/2 趟  最后离球   3.40 米  正前方   0% 时间  走了  5.38 米  路 orient  本机 45 秒
   40  倒了/没建出来 走起来 1/4  转 0/2 趟  跟住 0/2 趟  最后离球   1.01 米  正前方  20% 时间  走了  0.93 米  路 motor 对调  本机 45 秒
   41  没摔     走起来 2/4  转 1/2 趟  跟住 0/2 趟  最后离球   3.40 米  正前方   0% 时间  走了  5.38 米  路 orient  本机 42 秒
   42  倒了/没建出来 走起来 0/4  转 0/0 趟  跟住 0/0 趟  最后离球    nan 米  正前方   0% 时间  走了   nan 米  路 orient  本机 0 秒
   43  倒了/没建出来 走起来 0/4  转 0/0 趟  跟住 0/0 趟  最后离球    nan 米  正前方   0% 时间  走了   nan 米  路 orient 对调  本机 0 秒
   44  没摔     走起来 0/4  转 0/2 趟  跟住 0/2 趟  最后离球   2.00 米  正前方   0% 时间  走了  0.67 米  路 motor  本机 46 秒
   45  没摔     走起来 2/4  转 1/2 趟  跟住 0/2 趟  最后离球   3.41 米  正前方   0% 时间  走了  5.39 米  路 orient  本机 46 秒
   46  倒了/没建出来 走起来 0/4  转 0/0 趟  跟住 0/0 趟  最后离球    nan 米  正前方   0% 时间  走了   nan 米  路 motor  本机 0 秒
   47  没摔     走起来 2/4  转 1/2 趟  跟住 0/2 趟  最后离球   1.40 米  正前方   6% 时间  走了  1.29 米  路 orient  本机 41 秒
   48  没摔     走起来 2/4  转 0/2 趟  跟住 0/2 趟  最后离球   2.67 米  正前方   0% 时间  走了  4.59 米  路 motor 对调  本机 42 秒
   49  倒了/没建出来 走起来 1/4  转 0/2 趟  跟住 0/2 趟  最后离球   1.28 米  正前方   0% 时间  走了  1.24 米  路 motor  本机 44 秒
   50  没摔     走起来 2/4  转 0/2 趟  跟住 0/2 趟  最后离球   2.03 米  正前方   3% 时间  走了  2.63 米  路 motor  本机 44 秒
   51  没摔     走起来 2/4  转 1/2 趟  跟住 0/2 趟  最后离球   1.31 米  正前方   0% 时间  走了  1.70 米  路 motor 对调  本机 43 秒
   52  倒了/没建出来 走起来 2/4  转 1/2 趟  跟住 0/2 趟  最后离球   0.87 米  正前方  21% 时间  走了  1.03 米  路 motor  本机 46 秒
   53  没摔     走起来 2/4  转 1/2 趟  跟住 0/2 趟  最后离球   3.42 米  正前方   0% 时间  走了  5.40 米  路 orient  本机 46 秒
   54  没摔     走起来 2/4  转 1/2 趟  跟住 0/2 趟  最后离球   3.32 米  正前方   0% 时间  走了  5.29 米  路 orient  本机 46 秒
   55  没摔     走起来 2/4  转 2/2 趟  跟住 0/2 趟  最后离球   2.10 米  正前方  14% 时间  走了  4.01 米  (两边都会)  路 orient 对调  本机 46 秒
   56  倒了/没建出来 走起来 0/4  转 0/0 趟  跟住 0/0 趟  最后离球    nan 米  正前方   0% 时间  走了   nan 米  路 motor  本机 0 秒
   57  倒了/没建出来 走起来 2/4  转 0/2 趟  跟住 0/2 趟  最后离球   1.01 米  正前方   0% 时间  走了  1.50 米  路 motor 对调  本机 47 秒
   58  没摔     走起来 0/4  转 0/2 趟  跟住 0/2 趟  最后离球   1.07 米  正前方  36% 时间  走了  0.50 米  路 motor 对调  本机 43 秒
   59  没摔     走起来 2/4  转 0/2 趟  跟住 0/2 趟  最后离球   2.69 米  正前方   4% 时间  走了  3.19 米  路 orient 对调  本机 44 秒
   60  倒了/没建出来 走起来 2/4  转 1/2 趟  跟住 0/2 趟  最后离球   2.68 米  正前方   3% 时间  走了  4.62 米  路 orient  本机 44 秒
   61  没摔     走起来 2/4  转 0/2 趟  跟住 0/2 趟  最后离球   2.00 米  正前方   2% 时间  走了  3.15 米  路 motor 对调  本机 44 秒
   62  没摔     走起来 1/4  转 1/2 趟  跟住 0/2 趟  最后离球   0.87 米  正前方   6% 时间  走了  0.99 米  路 orient 对调  本机 43 秒
   63  没摔     走起来 2/4  转 1/2 趟  跟住 0/2 趟  最后离球   3.41 米  正前方   0% 时间  走了  5.39 米  路 orient  本机 44 秒
   64  没摔     走起来 0/4  转 0/2 趟  跟住 0/2 趟  最后离球   1.21 米  正前方   0% 时间  走了  0.11 米  路 motor 对调  本机 46 秒
   65  没摔     走起来 2/4  转 1/2 趟  跟住 0/2 趟  最后离球   3.40 米  正前方   0% 时间  走了  5.39 米  路 orient  本机 46 秒
   66  倒了/没建出来 走起来 2/4  转 1/2 趟  跟住 0/2 趟  最后离球   0.74 米  正前方   3% 时间  走了  1.46 米  路 motor  本机 46 秒
   67  没摔     走起来 0/4  转 0/2 趟  跟住 0/2 趟  最后离球   1.21 米  正前方   0% 时间  走了  0.11 米  路 orient 对调  本机 49 秒
   68  没摔     走起来 2/4  转 0/2 趟  跟住 0/2 趟  最后离球   2.00 米  正前方   6% 时间  走了  2.47 米  路 orient  本机 49 秒
