birth      [(0, 'pass', 1.154, 0.557), (1, 'pass', 1.031, 0.518), (2, 'pass', 1.726, 0.453)]
s0-0001    [(0, 'pass', 1.154, 0.557), (1, 'pass', 1.031, 0.518), (2, 'pass', 1.726, 0.453)]
s0-0006    [(0, 'pass', 1.149, 0.558), (1, 'pass', 1.03, 0.518), (2, 'pass', 1.74, 0.454)]
s0-0007    [(0, 'pass', 1.154, 0.557), (1, 'pass', 1.031, 0.518), (2, 'pass', 1.726, 0.453)]
s0-0011    [(0, 'pass', 1.154, 0.557), (1, 'pass', 1.031, 0.518), (2, 'pass', 1.726, 0.453)]
s0-0012    [(0, 'pass', 1.192, 0.551), (1, 'pass', 1.096, 0.511), (2, 'pass', 1.471, 0.547)]
s0-0027    [(0, 'pass', 1.154, 0.557), (1, 'pass', 1.026, 0.524), (2, 'pass', 1.623, 0.457)]
s0-0028    [(0, 'pass', 1.154, 0.557), (1, 'pass', 1.031, 0.518), (2, 'pass', 1.726, 0.453)]
s0-0029    [(0, 'pass', 1.154, 0.557), (1, 'pass', 1.031, 0.518), (2, 'pass', 1.726, 0.453)]
s0-0038    [(0, 'pass', 1.118, 0.653), (1, 'pass', 1.113, 0.595), (2, 'pass', 1.463, 0.522)]
s0-0043    [(0, 'pass', 1.154, 0.557), (1, 'pass', 1.031, 0.518), (2, 'pass', 1.726, 0.453)]
s0-0050    [(0, 'pass', 1.154, 0.557), (1, 'pass', 1.027, 0.522), (2, 'pass', 1.772, 0.466)]
s0-0057    [(0, 'pass', 1.154, 0.557), (1, 'pass', 1.031, 0.518), (2, 'pass', 1.726, 0.453)]
s0-0059    [(0, 'pass', 1.154, 0.549), (1, 'pass', 1.064, 0.498), (2, 'pass', 1.212, 0.565)]
s0-0060    [(0, 'pass', 1.12, 0.56), (1, 'pass', 1.067, 0.524), (2, 'pass', 1.512, 0.534)]
s0-0069    [(0, 'pass', 1.154, 0.557), (1, 'pass', 1.031, 0.518), (2, 'pass', 1.726, 0.453)]
s0-0070    [(0, 'pass', 1.145, 0.57), (1, 'pass', 1.037, 0.529), (2, 'pass', 1.805, 0.476)]
s0-0075    [(0, 'pass', 1.154, 0.557), (1, 'pass', 1.031, 0.518), (2, 'pass', 1.726, 0.453)]
s0-0076    [(0, 'pass', 1.139, 0.572), (1, 'pass', 1.086, 0.54), (2, 'pass', 1.72, 0.461)]
s0-0080    [(0, 'pass', 1.154, 0.557), (1, 'pass', 1.031, 0.518), (2, 'pass', 1.726, 0.453)]
Traceback (most recent call last):
  File "C:\Users\ADMINI~1\AppData\Local\Temp\remeasure_spin.py", line 23, in <module>
    run(r["label"], r["genome"])
    ~~~^^^^^^^^^^^^^^^^^^^^^^^^^
  File "C:\Users\ADMINI~1\AppData\Local\Temp\remeasure_spin.py", line 18, in run
    round(p["turned"], 3), round(p["got_m"], 3)) for p in per_seed]),
    ~~~~~^^^^^^^^^^^^^^^^
TypeError: type NoneType doesn't define __round__ method
