10 kept animals, 3 seed(s), stage screen
  birth
    birth          seed 0   5/7
    birth          seed 1   4/7
    birth          seed 2   5/7
  s0-0007  (screened at 6/7)
    s0-0007        seed 0   6/7
    s0-0007        seed 1   5/7
    s0-0007        seed 2   5/7
  s0-0027  (screened at 6/7)
    s0-0027        seed 0   6/7
    s0-0027        seed 1   5/7
    s0-0027        seed 2   6/7
  s0-0038  (screened at 6/7)
    s0-0038        seed 0   6/7
    s0-0038        seed 1   6/7
    s0-0038        seed 2   6/7
  s0-0057  (screened at 6/7)
    s0-0057        seed 0   6/7
    s0-0057        seed 1   4/7
    s0-0057        seed 2   6/7
  s0-0069  (screened at 6/7)
    s0-0069        seed 0   6/7
    s0-0069        seed 1   6/7
    s0-0069        seed 2   5/7
  s0-0076  (screened at 6/7)
    s0-0076        seed 0   6/7
    s0-0076        seed 1   4/7
    s0-0076        seed 2   4/7
  s0-0084  (screened at 6/7)
    s0-0084        seed 0   6/7
    s0-0084        seed 1   5/7
    s0-0084        seed 2   5/7
  s0-0096  (screened at 6/7)
    s0-0096        seed 0   6/7
    s0-0096        seed 1   5/7
    s0-0096        seed 2   6/7
  s0-0105  (screened at 6/7)
    s0-0105        seed 0   6/7
    s0-0105        seed 1   6/7
    s0-0105        seed 2   5/7
  s0-0117  (screened at 6/7)
    s0-0117        seed 0   6/7
    s0-0117        seed 1   5/7
    s0-0117        seed 2   4/7

animal       passed on every seed count  beyond birth
birth        eyes_follow_ball s 4      -
s0-0007      eyes_follow_ball g 5      get_up_from_back
s0-0027      eyes_follow_ball g 5      get_up_from_back
s0-0038      eyes_follow_ball g 6      get_up_from_back, stay_up_when_pushed
s0-0057      eyes_follow_ball s 4      -
s0-0069      eyes_follow_ball g 5      get_up_from_back
s0-0076      eyes_follow_ball s 4      -
s0-0084      eyes_follow_ball g 5      get_up_from_back
s0-0096      eyes_follow_ball s 5      stay_up_when_pushed
s0-0105      eyes_follow_ball s 5      stay_up_when_pushed
s0-0117      eyes_follow_ball s 4      -

held something the birth animal did not, on every seed: s0-0007, s0-0027, s0-0038, s0-0069, s0-0084, s0-0096, s0-0105
-> artifacts\复核_第一轮_part3.json
wall 30.0 min
