==============================================================================
自动漂移：色相 0° 起，每次挪 3°，看不住就原地多看（每格最多 200 拍），一直挪到 90°
建皮层连接网：视觉23040、听觉30000、前额叶53160、运动120、运动记忆3576、本体感觉480、平衡感觉120、机身状态60、抑制8000 共 118,556 个皮层神经元 ...

  色相   这一步花了   本格累计   探针（8 拍里点着几拍）
    3°           25 拍           65 拍   7/8 ✓
    6°           25 拍           90 拍   7/8 ✓
    9°           25 拍          115 拍   7/8 ✓
   12°           25 拍          140 拍   7/8 ✓
   15°           25 拍          165 拍   7/8 ✓
   18°           25 拍          190 拍   7/8 ✓
   21°           25 拍          215 拍   7/8 ✓
   24°           25 拍          240 拍   7/8 ✓
   27°          100 拍          340 拍   7/8 ✓
   30°           25 拍          365 拍   7/8 ✓
   33°           25 拍          390 拍   7/8 ✓
   36°           25 拍          415 拍   7/8 ✓
   39°           25 拍          440 拍   7/8 ✓
   42°           25 拍          465 拍   7/8 ✓
   45°           25 拍          490 拍   7/8 ✓
   48°           25 拍          515 拍   7/8 ✓
   51°           25 拍          540 拍   7/8 ✓
   54°           25 拍          565 拍   7/8 ✓
   57°           25 拍          590 拍   7/8 ✓
   60°           25 拍          615 拍   7/8 ✓
   63°           25 拍          640 拍   7/8 ✓
   66°           25 拍          665 拍   7/8 ✓
   69°           25 拍          690 拍   7/8 ✓
   72°           25 拍          715 拍   7/8 ✓
   75°           25 拍          740 拍   7/8 ✓
   78°           25 拍          765 拍   7/8 ✓
   81°           25 拍          790 拍   7/8 ✓
   84°           25 拍          815 拍   7/8 ✓
   87°           25 拍          840 拍   7/8 ✓
   90°           25 拍          865 拍   7/8 ✓

【结果】一共跑了 865 拍（17 秒），色相从 0° 挪到 90°
  每一格要花多少拍：0°:40拍、3°:25拍、6°:25拍、9°:25拍、12°:25拍、15°:25拍、18°:25拍、21°:25拍、24°:25拍、27°:100拍、30°:25拍、33°:25拍、36°:25拍、39°:25拍、42°:25拍、45°:25拍、48°:25拍、51°:25拍、54°:25拍、57°:25拍、60°:25拍、63°:25拍、66°:25拍、69°:25拍、72°:25拍、75°:25拍、78°:25拍、81°:25拍、84°:25拍、87°:25拍、90°:25拍
  平均每挪 3° 要 28 拍（0.6 秒）
  挪到头了 ✓

  ---- 收尾对照：都按「复位 + 8 拍」来点一次 ----
     停在 90°（这一格）                            走路 7/8 点着了
     黑屏（关键对照：是颜色在驱动，还是惯性）                   走路 0/8 没点着
     纯红 0°（老的本能还在不在）                        走路 7/8 点着了
     跳到 120°（从没连着挪过去过）                      走路 0/8 没点着
     跳到 180°（从没连着挪过去过）                      走路 0/8 没点着
     再回 90°                                 走路 7/8 点着了
