==============================================================================
自动漂移：色相 0° 起，每次挪 3°，看不住就原地多看（每格最多 200 拍），一直挪到 90°
建皮层连接网：视觉23040、听觉30000、前额叶53160、运动120、运动记忆3576、本体感觉480、平衡感觉120、机身状态60、抑制8000 共 118,556 个皮层神经元 ...

  色相   这一步花了   本格累计   探针（8 拍里点着几拍）
    3°           25 拍           65 拍   7/8 ✓
    6°           25 拍           90 拍   7/8 ✓
    9°           25 拍          115 拍   7/8 ✓
   12°           25 拍          140 拍   7/8 ✓
   15°           25 拍          165 拍   7/8 ✓
   18°           25 拍          190 拍   7/8 ✓
   21°           25 拍          215 拍   7/8 ✓
   24°   —— 这一格花了 200 拍还是点不着，停在这儿

【结果】一共跑了 415 拍（8 秒），色相从 0° 挪到 21°
  每一格要花多少拍：0°:40拍、3°:25拍、6°:25拍、9°:25拍、12°:25拍、15°:25拍、18°:25拍、21°:25拍
  平均每挪 3° 要 54 拍（1.1 秒）
  中途停住

  ---- 收尾对照：都按「复位 + 8 拍」来点一次 ----
     停在 21°（这一格）                            走路 7/8 点着了
     黑屏（关键对照：是颜色在驱动，还是惯性）                   走路 0/8 没点着
     纯红 0°（老的本能还在不在）                        走路 7/8 点着了
     跳到 120°（从没连着挪过去过）                      走路 0/8 没点着
     跳到 180°（从没连着挪过去过）                      走路 0/8 没点着
     再回 21°                                 走路 7/8 点着了
