    birth    stands_still                               pass   10.7s  stayed put at 0.547 m
    birth    walk_flat                                  pass   23.1s  walked 0.561 m, stayed up
    birth    walk_furnished                             pass   25.2s  walked 0.595 m, stayed up
    birth    walks_without_being_told                   pass   19.5s  walked 0.562 m, stayed up
    birth    keeps_walking_without_being_told           pass   36.4s  walked 0.663 m, stayed up
    birth    feet_do_not_slide                          pass   22.0s  worst sliding foot 0.039 m/s
    birth    walk_low_step                              pass   22.0s  walked 0.544 m, stayed up
    birth    walk_ramp                                  pass   23.8s  walked 0.464 m, stayed up
    birth    walk_narrow_passage                        FAIL   20.4s  not upright the whole way (min up_z -0.121, min height 0.079)
    birth    steps_over_the_curb                        FAIL   22.1s  walked 0.587 m but never crossed the far side of the thing in the way 
    birth    climbs_onto_the_platform                   FAIL   21.7s  walked 0.117 m, bar 0.300 m
    birth    stops_at_the_wall                          pass   28.0s  walked 0.328 m and stopped at x 2.910 (wall cells peaked at 0.0000)
    birth    get_up_from_back                           pass    4.1s  on its feet from 2.08 s and still there at the end (final up_z 1.000)
    birth    get_up_from_side                           pass    4.0s  on its feet from 2.30 s and still there at the end (final up_z 0.601)
    birth    nose_up_recover                            FAIL    4.3s  got up at 2.66 s and then went back down (final up_z -0.809)
    birth    nose_down_recover                          FAIL    3.9s  got up at 2.63 s and then went back down (final up_z 0.136)
    birth    stay_up_when_pushed                        pass    4.1s  on its feet from 3.15 s and still there at the end (final up_z 0.947)
    birth    eyes_follow_ball                           pass    4.3s  looked 0.074 rad off the ball
    birth    eyes_follow_fast_ball                      pass    4.3s  looked 0.175 rad off the ball
    birth    eyes_follow_the_ball_both_ways             pass    8.5s  followed the ball both ways (worst 0.076 rad)
    birth    eyes_on_a_new_thing                        pass    6.1s  the eyes swung 0.0264 rad towards the thing that appeared
    birth    eyes_hold_still_on_a_still_thing           pass    4.3s  the eyes held still: 0.0171 rad of wander at a parked ball
    birth    eyes_tell_near_from_far                    FAIL   10.7s  the ball came to 0.25 m and the distance cells only reached 0.10
    birth    eyes_see_a_pattern_not_a_blank             pass    3.6s  有花纹的画面 came apart by 0.26378
    birth    turn_to_sound                              pass    7.2s  right-hand sound pulled the eyes -0.2754 rad towards it
    birth    ears_tell_front_from_back                  pass    5.4s  耳廓前后 came apart by 0.04115
    birth    ears_tell_loud_from_far                    pass    5.5s  近处和远处 came apart by 0.10433
    birth    ears_tell_high_from_low                    pass    5.7s  gain = 1.14354
    birth    a_bang_makes_it_startle                    pass    4.4s  受惊细胞 came apart by 0.22222
    birth    a_sound_keeps_startling_less               pass    3.0s  the startle cell fell 0.6787 while the bang kept on
    birth    feels_a_touch_on_the_front                 pass    4.4s  前面被碰 came apart by 1.00000
    birth    lifts_the_foot_that_was_caught             pass    4.7s  被绊的那条腿 moved 0.87949 and 0.87949
    birth    feels_a_slipping_foot                      pass    4.9s  打滑的那条腿 moved 0.11797 and 0.11797
    birth    feels_which_way_it_is_leaning              pass    4.3s  the direction cells moved 0.3394 when the body rolled
    birth    braces_when_it_is_tipped_over              pass    4.6s  gain_mean = 0.47744
    birth    feels_a_load_on_one_foot                   pass    3.7s  承重的那条腿 moved 0.09023 and 0.09023
    birth    startled_but_still_hearing                 pass    2.3s  the startle cell fell 0.6787 while the ear stayed at 0.0832
    birth    taught_reflex_sticks                       pass   40.5s  tone alone now drives retreat 0.970 over silence
    birth    nothing_is_taught_without_a_teacher        pass   40.4s  the tone still means nothing without a teacher (0.000)
    birth    the_lesson_is_still_there_later            pass   52.2s  tone alone now drives retreat 0.945 over silence
    birth    visual_memory_holds                        pass    9.7s  the pattern drives the aversive cells 0.0761 over silence
    birth    the_pattern_means_nothing_without_pairing  pass    2.7s  the pattern drives the aversive cells -0.0000 over silence
    birth    the_memory_is_still_there_later            pass   12.7s  the pattern drives the aversive cells 0.1413 over silence
    birth    an_idle_animal_does_not_walk_for_a_touch   pass   16.6s  stayed put at 0.193 m
    birth    an_idle_animal_does_not_walk_for_a_ball    pass   19.2s  stayed put at 0.562 m
    birth    moving_is_not_being_pushed                 pass   20.6s  a shove read 1.0000 above its own walking
    birth    the_body_is_not_a_foot                     pass    4.3s  身上和脚上 moved 0.98127 and 0.19493
    birth    walks_in_a_straight_line                   FAIL   22.5s  直度 = 0.6236, bar 0.7000
    birth    does_not_crab_sideways                     pass   23.6s  往旁边蹭的距离 = 0.0504
    birth    holds_its_heading_while_it_walks           FAIL   21.6s  一路累计转头 = 1.1741, bar 0.6000
    birth    walks_for_twenty_seconds                   FAIL   46.3s  walked 0.659 m, bar 0.900 m
    birth    walks_at_a_steady_pace                     FAIL   23.0s  平均速度 averaged 0.088 m/s, bar 0.150
    birth    covers_ground_in_sixteen_seconds           FAIL   33.9s  walked 0.663 m, bar 1.000 m
    birth    turns_towards_a_sound_while_walking        pass   38.8s  边走边听: the two sides came apart by -0.827 rad
    birth    turns_towards_a_sound_while_standing       pass   37.7s  the two sides came apart by -0.827 rad
    birth    does_not_spin_on_the_spot                  pass   17.7s  没人管它时 turned through 1.156 rad while getting 0.562 m along
    birth    walks_down_the_ramp                        pass   21.8s  came off 坡: walked 0.629 m, 0.567 m past the edge
    birth    steps_down_the_low_step                    pass   24.5s  came off 台阶: walked 0.296 m, 0.306 m past the edge
    birth    steps_down_from_the_platform               FAIL   23.2s  walked 0.512 m but never came off 台子 (reached 0.480 m)
    birth    goes_around_the_block                      FAIL   26.4s  walked 0.383 m, bar 0.600 m
    birth    a_touch_on_the_front_holds_it_back         FAIL   34.5s  it fell over in one of the two runs (free min up_z 0.994, held min up_
    birth    a_bang_stops_it_walking                    FAIL   38.9s  那一声砰 barely slowed it: 0.431 m against 0.560 m free (limit 0.392)
    birth    gets_up_after_a_hard_shove                 pass    4.5s  on its feet from 3.91 s and still there at the end (final up_z 0.853)
    birth    eyes_converge_on_a_near_thing              FAIL    6.4s  gain = 0.00564, bar 0.02000
    birth    eyes_look_at_a_still_thing_at_the_side     pass    7.5s  停在旁边的东西: the eyes went 0.1083 and -0.1156 rad
    birth    its_own_eyes_are_felt                      pass    2.2s  gain = 0.00065
    birth    eyes_hold_a_slow_thing                     pass    7.1s  looked 0.080 rad off the ball
    birth    ears_hear_something_far_away               pass    4.3s  远处那一声 came apart by 0.04687
    birth    ears_hear_a_sound_behind                   pass    4.0s  后面那一声 came apart by 0.04115
    birth    two_sounds_at_once_are_still_two           pass    4.3s  两处一起响 came apart by 0.15975
    birth    feels_a_touch_on_the_left_side             pass    4.9s  左边和右边被碰 moved 0.97603 and 0.97603
    birth    feels_a_touch_behind_it                    pass    4.5s  后面和前面被碰 moved 0.96173 and 0.96173
    birth    feels_a_touch_on_both_sides_at_once        pass    4.6s  one touch lit 1 sector and two touches lit 2
    birth    feels_the_ground_under_the_back_legs       pass    3.7s  承重的后腿 moved 0.09023 and 0.09023
    birth    learns_the_lesson_in_five_seconds          pass   21.2s  tone alone now drives retreat 0.627 over silence
    birth    the_lesson_survives_a_longer_pause         pass   73.5s  tone alone now drives retreat 0.945 over silence
    birth    remembers_a_second_pattern                 pass   10.6s  the pattern drives the aversive cells 0.0761 over silence
    birth    remembers_after_one_pairing                pass    4.7s  the pattern drives the aversive cells 0.1324 over silence
    birth    stands_still_for_twenty_seconds            pass   45.7s  stood for the whole twenty seconds: 0.659 m of drift, min up_z 0.993
    birth    stands_still_on_a_slope                    pass   20.4s  stayed upright on the slope (min up_z 0.998)
    birth    stays_up_when_nudged_gently                FAIL    4.8s  never stayed on its feet (final up_z 0.306, height 0.124)
    birth    all_four_feet_leave_the_ground             pass   21.7s  all four feet lifted (front 0.279/0.151 rear 0.175/0.295)
    birth    the_two_sides_step_alike                   pass   25.9s  both pairs stepped alike (front 0.279/0.151, rear 0.175/0.295)
    birth    keeps_walking_for_thirty_seconds           FAIL   69.4s  walked 0.656 m, bar 1.300 m
    birth    does_not_slow_down_on_a_long_walk          FAIL   73.3s  slowed to 0.192 of its starting pace (0.094 m/s then, 0.018 m/s later,
    birth    keeps_walking_while_it_turns               pass  138.9s  一边走一边响: turned it -1.240 rad and it kept walking (0.649 m and 0.786 m)
    birth    backs_away_from_a_hand_on_its_chest        FAIL   42.6s  胸口上那只手 did not back it off (0.001 m, bar 0.100)
    birth    keeps_its_line_with_a_sound_behind         pass   53.1s  kept its line with a sound behind it (0.280 rad of drift)
    birth    does_not_fall_walking_into_the_wall        pass   56.5s  stayed on its feet against the wall (reached x 2.910, min up_z 0.995)
    birth    threads_the_passage_without_touching       FAIL   46.6s  not upright the whole way (min up_z -0.121, min height 0.079)
    birth    sees_a_red_square_from_a_green_one         pass    6.2s  红方块和绿方块 came apart by 0.11737
    birth    sees_a_big_ball_from_a_small_one           pass   19.8s  大球和小球 came apart by 0.14810
    birth    eyes_follow_the_ball_up_and_down           pass   12.0s  the eye pitch stayed 0.116 rad from the ball
    birth    eyes_follow_the_ball_far_away              pass   12.3s  looked 0.054 rad off the ball
    birth    eyes_follow_the_ball_close_up              pass   10.7s  looked 0.120 rad off the ball
    birth    the_eyes_let_go_when_it_is_gone            pass   11.7s  it looked (0.1081 rad) and then let go (0.0054 rad)
    birth    notices_a_thing_that_creeps_in             pass   16.2s  the eyes swung 0.0430 rad towards the thing that appeared
    birth    a_sound_that_stops_is_no_longer_heard      pass    6.9s  那一声 fell from 0.0833 to 0.0000 when it stopped
    birth    a_quiet_room_is_not_a_sound                pass    5.2s  安静的屋子: every channel that received nothing had its opposite cell lit
    birth    ears_tell_left_from_right                  pass    9.8s  左肩和右肩的声音 came apart by 0.05895
    birth    two_sounds_at_one_shoulder_are_still_two   pass    8.0s  同一边两个声音 came apart by 0.12421
    birth    a_bang_behind_it_still_startles            pass    6.5s  背后那一声 came apart by 0.22222
    birth    feels_a_touch_on_the_right_side            pass    2.3s  右边和左边被碰 moved 0.97603 and 0.97603
    birth    feels_a_light_hand_too                     pass    2.0s  轻轻搭上来 moved 0.94121 and 0.94121
    birth    feels_the_ground_under_the_front_legs      pass    1.7s  承重的前腿 moved 0.09023 and 0.09023
    birth    lifts_each_of_the_four_feet                pass    3.6s  all four legs reported themselves (['0.684', '0.684', '0.684', '0.684'
    birth    the_flat_ground_is_not_a_bump              pass    1.1s  平地 stayed at ['0.0000', '0.0000', '0.0000', '0.0000']
    birth    it_forgets_when_nobody_teaches_anymore     FAIL   55.9s  the lesson never faded: 0.970 while the hand was there, 0.970 with nob
    birth    a_second_short_lesson_adds_to_the_first    pass   17.6s  the second lesson added 0.244 (0.627 then 0.871)
    birth    the_lesson_is_still_there_after_a_minute   pass   53.5s  tone alone now drives retreat 0.944 over silence
    birth    the_memory_survives_a_long_life            pass   60.9s  the tone alone drove retreat 0.969 right after the lesson and 0.944 af
    birth    a_second_tone_does_not_wipe_the_first      pass   41.6s  the first tone still drove retreat 0.944 after the second was learned 
    birth    the_route_stops_growing_at_its_ceiling     pass   41.8s  the route rose 1.99118 then 1.10925 then 0.02680 over equal 20 s stret
    birth    remembers_two_patterns_at_once             pass    6.2s  paired 0.0761, unpaired -0.0002
    birth    the_memory_survives_a_small_change         pass    5.9s  the moved copy still meant 0.0934 of the original 0.0761
    birth    walks_towards_a_bright_thing               pass   28.7s  a bright thing in front pulled it 0.080 m further
    birth    knows_when_it_is_tipped_over               pass    2.3s  gain_mean = 0.24746
    birth    the_hidden_layer_sees_the_picture          pass    1.6s  横条纹和竖条纹 came apart by 0.39887
    birth    the_compressed_layer_sees_the_picture      FAIL    1.7s  横条纹和竖条纹 kept only 2.6% of what retinal_interneurons carried (0.01026 o
    birth    hurries_towards_a_bright_thing             FAIL   27.5s  前面有亮东西时: with an empty room it does not even hold a steady pace (0.086
    birth    runs_without_being_told                    FAIL   12.4s  没人管它的那十秒 averaged 0.088 m/s, bar 0.250
    birth    runs_for_twenty_seconds                    FAIL   29.7s  walked 0.659 m, bar 2.000 m
    birth    keeps_running_while_it_turns               FAIL   43.3s  一边跑一边响: it turned but crawled (0.072 m/s, bar 0.250)
    birth    nothing_touching_it_is_not_nothing         pass    1.6s  没被碰的站姿: every channel that received nothing had its opposite cell lit
    birth    the_weight_pair_still_carries_the_weight   pass    1.3s  四只脚的受力那一对: foot_load and its opposite add up to one channel (worst 0.0
    birth    the_dark_room_is_not_silence               pass    1.6s  全黑画面: black lit the dark half 0.96985 (summary 0.97143) and left the b
    birth    the_association_layer_reads_the_body       pass    2.0s  身体被扳歪时那一层的读数变化: 0.03852
    birth    the_association_loop_holds_what_it_was_given FAIL    1.8s  放直三秒后那一层还比平时高多少: 0.00000 (bar 0.01000)
    birth    the_widest_layer_reaches_the_muscles       pass    3.5s  接上返回线和剪断返回线，肌肉那几组读数之差: 0.00018
    birth    keeps_its_line_towards_what_it_sees        pass   25.3s  with something to head for the walk straightened: 0.7120 against 0.629
birth: 102/130 passed, 40.4 min of simulation, artifacts\审计_出生动物_返回线_s0.jsonl
