the animal as it stands: artifacts\扫描_平衡_第一轮.jsonl
steady_inhibition            +0.0 steps -> 2             1/2 passed  margin -0.947 over 2 questions
steady_inhibition            +0.0 steps -> 2             0/2 passed  margin -1.173 over 2 questions
steady_inhibition            +0.0 steps -> 2             1/2 passed  margin -1.021 over 2 questions
steady_inhibition            +1.0 steps -> 2.5           1/2 passed  margin -0.675 over 2 questions
steady_inhibition            +1.0 steps -> 2.5           1/2 passed  margin -0.725 over 2 questions
steady_inhibition            +1.0 steps -> 2.5           1/2 passed  margin -0.501 over 2 questions
steady_inhibition            +2.0 steps -> 3             2/2 passed  margin +0.504 over 2 questions
steady_inhibition            +2.0 steps -> 3             1/2 passed  margin -1.199 over 2 questions
steady_inhibition            +2.0 steps -> 3             0/2 passed  margin -2.448 over 2 questions
steady_gain                  -2.0 steps -> 0.25          2/2 passed  margin +0.272 over 2 questions
steady_gain                  -2.0 steps -> 0.25          2/2 passed  margin +0.458 over 2 questions
steady_gain                  -2.0 steps -> 0.25          2/2 passed  margin +0.940 over 2 questions
steady_gain                  -1.0 steps -> 0.375         1/2 passed  margin -0.684 over 2 questions
steady_gain                  -1.0 steps -> 0.375         1/2 passed  margin -0.650 over 2 questions
steady_gain                  -1.0 steps -> 0.375         1/2 passed  margin -0.727 over 2 questions
steady_gain                  +0.0 steps -> 0.5           1/2 passed  margin -0.947 over 2 questions
steady_gain                  +0.0 steps -> 0.5           0/2 passed  margin -1.173 over 2 questions
steady_gain                  +0.0 steps -> 0.5           1/2 passed  margin -1.021 over 2 questions
steady_gain                  +1.0 steps -> 0.625         2/2 passed  margin +0.300 over 2 questions
steady_gain                  +1.0 steps -> 0.625         2/2 passed  margin +0.621 over 2 questions
steady_gain                  +1.0 steps -> 0.625         1/2 passed  margin +0.339 over 2 questions
steady_gain                  +2.0 steps -> 0.75          1/2 passed  margin -0.485 over 2 questions
steady_gain                  +2.0 steps -> 0.75          1/2 passed  margin +0.014 over 2 questions
steady_gain                  +2.0 steps -> 0.75          2/2 passed  margin +0.961 over 2 questions
balanced_rear_lift           -2.0 steps -> 0.7           1/2 passed  margin -1.282 over 2 questions
balanced_rear_lift           -2.0 steps -> 0.7           0/2 passed  margin -1.544 over 2 questions
balanced_rear_lift           -2.0 steps -> 0.7           2/2 passed  margin +0.941 over 2 questions
balanced_rear_lift           -1.0 steps -> 1.05          1/2 passed  margin -0.815 over 2 questions
balanced_rear_lift           -1.0 steps -> 1.05          0/2 passed  margin -2.334 over 2 questions
balanced_rear_lift           -1.0 steps -> 1.05          0/2 passed  margin -2.048 over 2 questions
balanced_rear_lift           +0.0 steps -> 1.4           1/2 passed  margin -0.947 over 2 questions
balanced_rear_lift           +0.0 steps -> 1.4           0/2 passed  margin -1.173 over 2 questions
balanced_rear_lift           +0.0 steps -> 1.4           1/2 passed  margin -1.021 over 2 questions
balanced_rear_lift           +1.0 steps -> 1.75          1/2 passed  margin +0.090 over 2 questions
balanced_rear_lift           +1.0 steps -> 1.75          1/2 passed  margin -0.932 over 2 questions
balanced_rear_lift           +1.0 steps -> 1.75          2/2 passed  margin +0.581 over 2 questions
balanced_rear_lift           +2.0 steps -> 2.1           2/2 passed  margin +0.137 over 2 questions
balanced_rear_lift           +2.0 steps -> 2.1           2/2 passed  margin +0.504 over 2 questions
balanced_rear_lift           +2.0 steps -> 2.1           1/2 passed  margin -0.992 over 2 questions
clearance_threshold          -2.0 steps -> 0.4           1/2 passed  margin +0.220 over 2 questions
clearance_threshold          -2.0 steps -> 0.4           2/2 passed  margin +0.497 over 2 questions
clearance_threshold          -2.0 steps -> 0.4           1/2 passed  margin -0.961 over 2 questions
clearance_threshold          -1.0 steps -> 0.6           2/2 passed  margin +0.603 over 2 questions
clearance_threshold          -1.0 steps -> 0.6           2/2 passed  margin +0.374 over 2 questions
clearance_threshold          -1.0 steps -> 0.6           0/2 passed  margin -1.413 over 2 questions
clearance_threshold          +0.0 steps -> 0.8           1/2 passed  margin -0.947 over 2 questions
clearance_threshold          +0.0 steps -> 0.8           0/2 passed  margin -1.173 over 2 questions
clearance_threshold          +0.0 steps -> 0.8           1/2 passed  margin -1.021 over 2 questions
clearance_threshold          +1.0 steps -> 1             1/2 passed  margin +0.311 over 2 questions
clearance_threshold          +1.0 steps -> 1             1/2 passed  margin -0.858 over 2 questions
clearance_threshold          +1.0 steps -> 1             0/2 passed  margin -2.061 over 2 questions
clearance_threshold          +2.0 steps -> 1.2           0/2 passed  margin -1.546 over 2 questions
clearance_threshold          +2.0 steps -> 1.2           1/2 passed  margin -1.202 over 2 questions
clearance_threshold          +2.0 steps -> 1.2           1/2 passed  margin -0.821 over 2 questions
lift_gain                    -2.0 steps -> 0.225         1/2 passed  margin -0.702 over 2 questions
lift_gain                    -2.0 steps -> 0.225         2/2 passed  margin +0.696 over 2 questions
lift_gain                    -2.0 steps -> 0.225         0/2 passed  margin -2.563 over 2 questions
lift_gain                    -1.0 steps -> 0.3375        1/2 passed  margin -0.749 over 2 questions
lift_gain                    -1.0 steps -> 0.3375        1/2 passed  margin -0.941 over 2 questions
lift_gain                    -1.0 steps -> 0.3375        1/2 passed  margin -0.332 over 2 questions
lift_gain                    +0.0 steps -> 0.45          1/2 passed  margin -0.947 over 2 questions
lift_gain                    +0.0 steps -> 0.45          0/2 passed  margin -1.173 over 2 questions
lift_gain                    +0.0 steps -> 0.45          1/2 passed  margin -1.021 over 2 questions
lift_gain                    +1.0 steps -> 0.5625        1/2 passed  margin -0.733 over 2 questions
lift_gain                    +1.0 steps -> 0.5625        1/2 passed  margin +0.118 over 2 questions
lift_gain                    +1.0 steps -> 0.5625        0/2 passed  margin -1.833 over 2 questions
lift_gain                    +2.0 steps -> 0.675         2/2 passed  margin +0.516 over 2 questions
lift_gain                    +2.0 steps -> 0.675         2/2 passed  margin +0.882 over 2 questions
lift_gain                    +2.0 steps -> 0.675         1/2 passed  margin -0.807 over 2 questions
wall_hip_gain                -2.0 steps -> 0.4           2/2 passed  margin +0.982 over 2 questions
wall_hip_gain                -2.0 steps -> 0.4           2/2 passed  margin +0.996 over 2 questions
wall_hip_gain                -2.0 steps -> 0.4           2/2 passed  margin +0.998 over 2 questions
wall_hip_gain                -1.0 steps -> 0.6           1/2 passed  margin -0.923 over 2 questions
wall_hip_gain                -1.0 steps -> 0.6           2/2 passed  margin +0.964 over 2 questions
wall_hip_gain                -1.0 steps -> 0.6           1/2 passed  margin -0.724 over 2 questions
wall_hip_gain                +0.0 steps -> 0.8           1/2 passed  margin -0.947 over 2 questions
wall_hip_gain                +0.0 steps -> 0.8           0/2 passed  margin -1.173 over 2 questions
wall_hip_gain                +0.0 steps -> 0.8           1/2 passed  margin -1.021 over 2 questions
wall_hip_gain                +1.0 steps -> 1             0/2 passed  margin -2.301 over 2 questions
wall_hip_gain                +1.0 steps -> 1             1/2 passed  margin -0.614 over 2 questions
wall_hip_gain                +1.0 steps -> 1             2/2 passed  margin +0.603 over 2 questions
wall_hip_gain                +2.0 steps -> 1.2           2/2 passed  margin +0.860 over 2 questions
wall_hip_gain                +2.0 steps -> 1.2           1/2 passed  margin -0.623 over 2 questions
wall_hip_gain                +2.0 steps -> 1.2           2/2 passed  margin +0.859 over 2 questions
stumble_decay                -2.0 steps -> 0.225         2/2 passed  margin +0.467 over 2 questions
stumble_decay                -2.0 steps -> 0.225         1/2 passed  margin -0.779 over 2 questions
stumble_decay                -2.0 steps -> 0.225         1/2 passed  margin -0.801 over 2 questions
stumble_decay                -1.0 steps -> 0.3375        1/2 passed  margin -0.990 over 2 questions
stumble_decay                -1.0 steps -> 0.3375        0/2 passed  margin -1.336 over 2 questions
stumble_decay                -1.0 steps -> 0.3375        2/2 passed  margin +0.647 over 2 questions
stumble_decay                +0.0 steps -> 0.45          1/2 passed  margin -0.947 over 2 questions
stumble_decay                +0.0 steps -> 0.45          0/2 passed  margin -1.173 over 2 questions
stumble_decay                +0.0 steps -> 0.45          1/2 passed  margin -1.021 over 2 questions
stumble_decay                +1.0 steps -> 0.5625        1/2 passed  margin -0.963 over 2 questions
stumble_decay                +1.0 steps -> 0.5625        0/2 passed  margin -1.527 over 2 questions
stumble_decay                +1.0 steps -> 0.5625        2/2 passed  margin +0.964 over 2 questions
stumble_decay                +2.0 steps -> 0.675         2/2 passed  margin +0.642 over 2 questions
stumble_decay                +2.0 steps -> 0.675         2/2 passed  margin +0.661 over 2 questions
stumble_decay                +2.0 steps -> 0.675         0/2 passed  margin -2.000 over 2 questions
righting_hip_gain            -2.0 steps -> 0.3           2/2 passed  margin +0.794 over 2 questions
righting_hip_gain            -2.0 steps -> 0.3           1/2 passed  margin +0.046 over 2 questions
righting_hip_gain            -2.0 steps -> 0.3           1/2 passed  margin +0.334 over 2 questions
righting_hip_gain            -1.0 steps -> 0.45          2/2 passed  margin +0.916 over 2 questions
righting_hip_gain            -1.0 steps -> 0.45          2/2 passed  margin +0.415 over 2 questions
righting_hip_gain            -1.0 steps -> 0.45          2/2 passed  margin +0.680 over 2 questions
righting_hip_gain            +0.0 steps -> 0.6           1/2 passed  margin -0.947 over 2 questions
righting_hip_gain            +0.0 steps -> 0.6           0/2 passed  margin -1.173 over 2 questions
righting_hip_gain            +0.0 steps -> 0.6           1/2 passed  margin -1.021 over 2 questions
righting_hip_gain            +1.0 steps -> 0.75          2/2 passed  margin +0.253 over 2 questions
righting_hip_gain            +1.0 steps -> 0.75          1/2 passed  margin +0.144 over 2 questions
righting_hip_gain            +1.0 steps -> 0.75          1/2 passed  margin -0.888 over 2 questions
righting_hip_gain            +2.0 steps -> 0.9           1/2 passed  margin -0.971 over 2 questions
righting_hip_gain            +2.0 steps -> 0.9           0/2 passed  margin -1.434 over 2 questions
righting_hip_gain            +2.0 steps -> 0.9           1/2 passed  margin -0.415 over 2 questions
support_thigh_offset         -2.0 steps -> 0.05          1/2 passed  margin -0.500 over 2 questions
support_thigh_offset         -2.0 steps -> 0.05          1/2 passed  margin -1.018 over 2 questions
support_thigh_offset         -2.0 steps -> 0.05          2/2 passed  margin +0.912 over 2 questions
support_thigh_offset         -1.0 steps -> 0.075         2/2 passed  margin +0.871 over 2 questions
support_thigh_offset         -1.0 steps -> 0.075         1/2 passed  margin -0.452 over 2 questions
support_thigh_offset         -1.0 steps -> 0.075         2/2 passed  margin +0.536 over 2 questions
support_thigh_offset         +0.0 steps -> 0.1           1/2 passed  margin -0.947 over 2 questions
support_thigh_offset         +0.0 steps -> 0.1           0/2 passed  margin -1.173 over 2 questions
support_thigh_offset         +0.0 steps -> 0.1           1/2 passed  margin -1.021 over 2 questions
support_thigh_offset         +1.0 steps -> 0.125         1/2 passed  margin -0.970 over 2 questions
support_thigh_offset         +1.0 steps -> 0.125         1/2 passed  margin -0.310 over 2 questions
support_thigh_offset         +1.0 steps -> 0.125         1/2 passed  margin -1.270 over 2 questions
support_thigh_offset         +2.0 steps -> 0.15          0/2 passed  margin -2.321 over 2 questions
support_thigh_offset         +2.0 steps -> 0.15          0/2 passed  margin -0.875 over 2 questions
support_thigh_offset         +2.0 steps -> 0.15          1/2 passed  margin -1.011 over 2 questions
rhythm_speed                 -2.0 steps -> 1.25          1/2 passed  margin -0.564 over 2 questions
rhythm_speed                 -2.0 steps -> 1.25          2/2 passed  margin +0.354 over 2 questions
rhythm_speed                 -2.0 steps -> 1.25          1/2 passed  margin -0.027 over 2 questions
rhythm_speed                 -1.0 steps -> 1.875         2/2 passed  margin +0.748 over 2 questions
rhythm_speed                 -1.0 steps -> 1.875         2/2 passed  margin +0.527 over 2 questions
rhythm_speed                 -1.0 steps -> 1.875         2/2 passed  margin +0.520 over 2 questions
rhythm_speed                 +0.0 steps -> 2.5           1/2 passed  margin -0.947 over 2 questions
rhythm_speed                 +0.0 steps -> 2.5           0/2 passed  margin -1.173 over 2 questions
rhythm_speed                 +0.0 steps -> 2.5           1/2 passed  margin -1.021 over 2 questions
rhythm_speed                 +1.0 steps -> 3.125         0/2 passed  margin -1.027 over 2 questions
rhythm_speed                 +1.0 steps -> 3.125         2/2 passed  margin +0.544 over 2 questions
rhythm_speed                 +1.0 steps -> 3.125         1/2 passed  margin -0.955 over 2 questions
rhythm_speed                 +2.0 steps -> 3.75          1/2 passed  margin -0.853 over 2 questions
rhythm_speed                 +2.0 steps -> 3.75          0/2 passed  margin -2.031 over 2 questions
rhythm_speed                 +2.0 steps -> 3.75          1/2 passed  margin -0.862 over 2 questions
gait_gain                    -2.0 steps -> 0.225         0/2 passed  margin -1.304 over 2 questions
gait_gain                    -2.0 steps -> 0.225         2/2 passed  margin +0.344 over 2 questions
gait_gain                    -2.0 steps -> 0.225         2/2 passed  margin +0.466 over 2 questions
gait_gain                    -1.0 steps -> 0.3375        1/2 passed  margin -0.591 over 2 questions
gait_gain                    -1.0 steps -> 0.3375        0/2 passed  margin -1.426 over 2 questions
gait_gain                    -1.0 steps -> 0.3375        1/2 passed  margin -0.867 over 2 questions
gait_gain                    +0.0 steps -> 0.45          1/2 passed  margin -0.947 over 2 questions
gait_gain                    +0.0 steps -> 0.45          0/2 passed  margin -1.173 over 2 questions
gait_gain                    +0.0 steps -> 0.45          1/2 passed  margin -1.021 over 2 questions
gait_gain                    +1.0 steps -> 0.5625        2/2 passed  margin +1.000 over 2 questions
gait_gain                    +1.0 steps -> 0.5625        1/2 passed  margin -0.710 over 2 questions
gait_gain                    +1.0 steps -> 0.5625        2/2 passed  margin +0.829 over 2 questions
gait_gain                    +2.0 steps -> 0.675         1/2 passed  margin -0.500 over 2 questions
gait_gain                    +2.0 steps -> 0.675         1/2 passed  margin -0.723 over 2 questions
gait_gain                    +2.0 steps -> 0.675         0/2 passed  margin -1.849 over 2 questions
