============================================================================================
把本能表里的接线按比例随机接错，再量三条通路：走路 / 踏步 / 眼睛跟住
（接错 = 这一条的源改接到同一个区里别的名字上，力度和固化都不动）
============================================================================================

--------------------------------------------------------------------------------------------
【接错 0%】
建皮层连接网：视觉23040、视觉细节23040、听觉30000、前额叶53200、运动160、运动记忆3576、本体感觉480、平衡感觉120、机身状态60、视觉运动1920、抑制8000 共 143,596 个皮层神经元 ...
建皮层连接网：视觉23040、视觉细节23040、听觉30000、前额叶53200、运动160、运动记忆3576、本体感觉480、平衡感觉120、机身状态60、视觉运动1920、抑制8000 共 143,596 个皮层神经元 ...
============================================================================================================
【模糊化 0%】球：方位 -25 度、高 0.60 米、半径 0.05 米；横速 +0.50、竖速 +0.00 米/秒；眼睛一开始朝 +0 度
本能连接 304,622 根；皮层 143,596 个神经元
------------------------------------------------------------------------------------------------------------
    时间 | 球在视角里          | 眼睛朝哪           | 眼肌档(右左上下)     | 第4层名字(看球在…)            | 第1层名字(细_…)｜刚动过
------------------------------------------------------------------------------------------------------------
末了：球在视角里 左右 +4.3 度、上下 -0.8 度；眼睛朝 左右 +24.6 度、上下 +0.0 度
球离视线中心：平均 5.6 度，最远 29.2 度（0 = 正好盯着；只算球还在视野里的时候）
  本能表 585 条，其中改接了 0 条
  ① 红 → 走路： 7/8 拍
  ② 响 → 踏步： 0/8 拍
  ③ 小球横着飘 → 眼睛：平均偏离 5.6 度，末了眼朝 +24.6 度

--------------------------------------------------------------------------------------------
【接错 10%】
建皮层连接网：视觉23040、视觉细节23040、听觉30000、前额叶53200、运动160、运动记忆3576、本体感觉480、平衡感觉120、机身状态60、视觉运动1920、抑制8000 共 143,596 个皮层神经元 ...
建皮层连接网：视觉23040、视觉细节23040、听觉30000、前额叶53200、运动160、运动记忆3576、本体感觉480、平衡感觉120、机身状态60、视觉运动1920、抑制8000 共 143,596 个皮层神经元 ...
============================================================================================================
【模糊化 10%】球：方位 -25 度、高 0.60 米、半径 0.05 米；横速 +0.50、竖速 +0.00 米/秒；眼睛一开始朝 +0 度
本能连接 265,017 根；皮层 143,596 个神经元
------------------------------------------------------------------------------------------------------------
    时间 | 球在视角里          | 眼睛朝哪           | 眼肌档(右左上下)     | 第4层名字(看球在…)            | 第1层名字(细_…)｜刚动过
------------------------------------------------------------------------------------------------------------
末了：球在视角里 左右 +10.4 度、上下 -0.8 度；眼睛朝 左右 +18.5 度、上下 +0.0 度
球离视线中心：平均 9.8 度，最远 29.2 度（0 = 正好盯着；只算球还在视野里的时候）
  本能表 585 条，其中改接了 59 条
  ① 红 → 走路： 7/8 拍
  ② 响 → 踏步： 0/8 拍
  ③ 小球横着飘 → 眼睛：平均偏离 9.8 度，末了眼朝 +18.5 度

--------------------------------------------------------------------------------------------
【接错 20%】
建皮层连接网：视觉23040、视觉细节23040、听觉30000、前额叶53200、运动160、运动记忆3576、本体感觉480、平衡感觉120、机身状态60、视觉运动1920、抑制8000 共 143,596 个皮层神经元 ...
建皮层连接网：视觉23040、视觉细节23040、听觉30000、前额叶53200、运动160、运动记忆3576、本体感觉480、平衡感觉120、机身状态60、视觉运动1920、抑制8000 共 143,596 个皮层神经元 ...
============================================================================================================
【模糊化 20%】球：方位 -25 度、高 0.60 米、半径 0.05 米；横速 +0.50、竖速 +0.00 米/秒；眼睛一开始朝 +0 度
本能连接 328,153 根；皮层 143,596 个神经元
------------------------------------------------------------------------------------------------------------
    时间 | 球在视角里          | 眼睛朝哪           | 眼肌档(右左上下)     | 第4层名字(看球在…)            | 第1层名字(细_…)｜刚动过
------------------------------------------------------------------------------------------------------------
末了：球在视角里 左右 +4.3 度、上下 -0.8 度；眼睛朝 左右 +24.6 度、上下 +0.0 度
球离视线中心：平均 6.9 度，最远 29.2 度（0 = 正好盯着；只算球还在视野里的时候）
  本能表 585 条，其中改接了 97 条
  ① 红 → 走路： 0/8 拍
  ② 响 → 踏步： 0/8 拍
  ③ 小球横着飘 → 眼睛：平均偏离 6.9 度，末了眼朝 +24.6 度

--------------------------------------------------------------------------------------------
【接错 35%】
建皮层连接网：视觉23040、视觉细节23040、听觉30000、前额叶53200、运动160、运动记忆3576、本体感觉480、平衡感觉120、机身状态60、视觉运动1920、抑制8000 共 143,596 个皮层神经元 ...
建皮层连接网：视觉23040、视觉细节23040、听觉30000、前额叶53200、运动160、运动记忆3576、本体感觉480、平衡感觉120、机身状态60、视觉运动1920、抑制8000 共 143,596 个皮层神经元 ...
============================================================================================================
【模糊化 35%】球：方位 -25 度、高 0.60 米、半径 0.05 米；横速 +0.50、竖速 +0.00 米/秒；眼睛一开始朝 +0 度
本能连接 281,614 根；皮层 143,596 个神经元
------------------------------------------------------------------------------------------------------------
    时间 | 球在视角里          | 眼睛朝哪           | 眼肌档(右左上下)     | 第4层名字(看球在…)            | 第1层名字(细_…)｜刚动过
------------------------------------------------------------------------------------------------------------
末了：球在视角里 左右 +50.1 度、上下 -0.8 度；眼睛朝 左右 -21.3 度、上下 +0.0 度
球离视线中心：平均 20.9 度，最远 44.9 度（0 = 正好盯着；只算球还在视野里的时候）
  本能表 585 条，其中改接了 193 条
  ① 红 → 走路： 0/8 拍
  ② 响 → 踏步： 0/8 拍
  ③ 小球横着飘 → 眼睛：平均偏离 20.9 度，末了眼朝 -21.3 度

--------------------------------------------------------------------------------------------
【接错 50%】
建皮层连接网：视觉23040、视觉细节23040、听觉30000、前额叶53200、运动160、运动记忆3576、本体感觉480、平衡感觉120、机身状态60、视觉运动1920、抑制8000 共 143,596 个皮层神经元 ...
建皮层连接网：视觉23040、视觉细节23040、听觉30000、前额叶53200、运动160、运动记忆3576、本体感觉480、平衡感觉120、机身状态60、视觉运动1920、抑制8000 共 143,596 个皮层神经元 ...
============================================================================================================
【模糊化 50%】球：方位 -25 度、高 0.60 米、半径 0.05 米；横速 +0.50、竖速 +0.00 米/秒；眼睛一开始朝 +0 度
本能连接 281,803 根；皮层 143,596 个神经元
------------------------------------------------------------------------------------------------------------
    时间 | 球在视角里          | 眼睛朝哪           | 眼肌档(右左上下)     | 第4层名字(看球在…)            | 第1层名字(细_…)｜刚动过
------------------------------------------------------------------------------------------------------------
末了：球在视角里 左右 +58.9 度、上下 +29.2 度；眼睛朝 左右 -30.0 度、上下 -30.0 度
球离视线中心：平均 26.9 度，最远 44.9 度（0 = 正好盯着；只算球还在视野里的时候）
  本能表 585 条，其中改接了 315 条
  ① 红 → 走路： 0/8 拍
  ② 响 → 踏步： 0/8 拍
  ③ 小球横着飘 → 眼睛：平均偏离 26.9 度，末了眼朝 -30.0 度

--------------------------------------------------------------------------------------------
【接错 75%】
建皮层连接网：视觉23040、视觉细节23040、听觉30000、前额叶53200、运动160、运动记忆3576、本体感觉480、平衡感觉120、机身状态60、视觉运动1920、抑制8000 共 143,596 个皮层神经元 ...
建皮层连接网：视觉23040、视觉细节23040、听觉30000、前额叶53200、运动160、运动记忆3576、本体感觉480、平衡感觉120、机身状态60、视觉运动1920、抑制8000 共 143,596 个皮层神经元 ...
============================================================================================================
【模糊化 75%】球：方位 -25 度、高 0.60 米、半径 0.05 米；横速 +0.50、竖速 +0.00 米/秒；眼睛一开始朝 +0 度
本能连接 304,934 根；皮层 143,596 个神经元
------------------------------------------------------------------------------------------------------------
    时间 | 球在视角里          | 眼睛朝哪           | 眼肌档(右左上下)     | 第4层名字(看球在…)            | 第1层名字(细_…)｜刚动过
------------------------------------------------------------------------------------------------------------
末了：球在视角里 左右 +28.8 度、上下 -30.8 度；眼睛朝 左右 +0.1 度、上下 +30.0 度
球离视线中心：平均 30.1 度，最远 30.9 度（0 = 正好盯着；只算球还在视野里的时候）
  本能表 585 条，其中改接了 450 条
  ① 红 → 走路： 0/8 拍
  ② 响 → 踏步： 0/8 拍
  ③ 小球横着飘 → 眼睛：平均偏离 30.1 度，末了眼朝 +0.1 度

--------------------------------------------------------------------------------------------
【接错 100%】
建皮层连接网：视觉23040、视觉细节23040、听觉30000、前额叶53200、运动160、运动记忆3576、本体感觉480、平衡感觉120、机身状态60、视觉运动1920、抑制8000 共 143,596 个皮层神经元 ...
建皮层连接网：视觉23040、视觉细节23040、听觉30000、前额叶53200、运动160、运动记忆3576、本体感觉480、平衡感觉120、机身状态60、视觉运动1920、抑制8000 共 143,596 个皮层神经元 ...
============================================================================================================
【模糊化 100%】球：方位 -25 度、高 0.60 米、半径 0.05 米；横速 +0.50、竖速 +0.00 米/秒；眼睛一开始朝 +0 度
本能连接 333,480 根；皮层 143,596 个神经元
------------------------------------------------------------------------------------------------------------
    时间 | 球在视角里          | 眼睛朝哪           | 眼肌档(右左上下)     | 第4层名字(看球在…)            | 第1层名字(细_…)｜刚动过
------------------------------------------------------------------------------------------------------------
末了：球在视角里 左右 -1.1 度、上下 -2.5 度；眼睛朝 左右 +30.0 度、上下 +1.7 度
球离视线中心：平均 24.7 度，最远 45.0 度（0 = 正好盯着；只算球还在视野里的时候）
  本能表 585 条，其中改接了 585 条
  ① 红 → 走路： 0/8 拍
  ② 响 → 踏步： 0/8 拍
  ③ 小球横着飘 → 眼睛：平均偏离 24.7 度，末了眼朝 +30.0 度

============================================================================================
【总表】
    接错比例 |       改接条数 |         红→走路 |         响→踏步 |       眼睛平均偏离
--------------------------------------------------------------------------------------------
      0% |      0/585 |          7/8 |          0/8 |         5.6 度
     10% |     59/585 |          7/8 |          0/8 |         9.8 度
     20% |     97/585 |          0/8 |          0/8 |         6.9 度
     35% |    193/585 |          0/8 |          0/8 |        20.9 度
     50% |    315/585 |          0/8 |          0/8 |        26.9 度
     75% |    450/585 |          0/8 |          0/8 |        30.1 度
    100% |    585/585 |          0/8 |          0/8 |        24.7 度

（红→走路、响→踏步的满分是 8 拍；眼睛偏离越小越好，完全不接是 15.3 度左右、接对了是 5.6 度左右）
