### 一、先看前额叶往走路链上打多少电流（种子 20260915）
建皮层连接网：视觉23040、视觉细节23040、听觉30000、前额叶53200、运动160、运动记忆3576、本体感觉480、平衡感觉120、机身状态60、视觉运动1920、多巴胺200、抑制8000 共 143,796 个皮层神经元 ...
     第  20 拍：前额叶打到走路链上的电流 = 0.850（走路链亮 1 个）
     第  40 拍：前额叶打到走路链上的电流 = 0.850（走路链亮 1 个）
     第  60 拍：前额叶打到走路链上的电流 = 0.850（走路链亮 0 个）
     第  80 拍：前额叶打到走路链上的电流 = 0.850（走路链亮 1 个）
     第 100 拍：前额叶打到走路链上的电流 = 0.850（走路链亮 1 个）
     第 120 拍：前额叶打到走路链上的电流 = 0.850（走路链亮 0 个）
  原样                             挪  0.91 米  第 76 拍翻        末高 0.060 末歪 176

### 二、把 前额叶→运动记忆 打折，看摔不摔（200 拍）
建皮层连接网：视觉23040、视觉细节23040、听觉30000、前额叶53200、运动160、运动记忆3576、本体感觉480、平衡感觉120、机身状态60、视觉运动1920、多巴胺200、抑制8000 共 143,796 个皮层神经元 ...
  折 1.0                          挪  1.00 米  第 76 拍翻        末高 0.059 末歪 179
建皮层连接网：视觉23040、视觉细节23040、听觉30000、前额叶53200、运动160、运动记忆3576、本体感觉480、平衡感觉120、机身状态60、视觉运动1920、多巴胺200、抑制8000 共 143,796 个皮层神经元 ...
  [折 0.5] 前额叶→运动记忆 的边 5175 根，强度 x0.50
  折 0.5                          挪  1.66 米  一次没翻           末高 0.344 末歪   4
建皮层连接网：视觉23040、视觉细节23040、听觉30000、前额叶53200、运动160、运动记忆3576、本体感觉480、平衡感觉120、机身状态60、视觉运动1920、多巴胺200、抑制8000 共 143,796 个皮层神经元 ...
  [折 0.25] 前额叶→运动记忆 的边 5175 根，强度 x0.25
  折 0.25                         挪  1.66 米  一次没翻           末高 0.344 末歪   4
建皮层连接网：视觉23040、视觉细节23040、听觉30000、前额叶53200、运动160、运动记忆3576、本体感觉480、平衡感觉120、机身状态60、视觉运动1920、多巴胺200、抑制8000 共 143,796 个皮层神经元 ...
  [折 0.0] 前额叶→运动记忆 的边 5175 根，强度 x0.00
  折 0.0                          挪  0.20 米  一次没翻           末高 0.184 末歪  41
