建皮层连接网：视觉23040、视觉细节23040、听觉30000、前额叶53200、运动160、运动记忆3576、本体感觉480、平衡感觉120、机身状态60、视觉运动1920、多巴胺200、抑制8000 共 143,796 个皮层神经元 ...
========================================================================================================
走路「前进1.2」= 运动记忆区里 15 个时刻神经元，入口（头一拍）= 第 132648 号
声音「低频响」= 听觉区 2749 个细胞；前额叶那一段 1097 个
========================================================================================================

[1] 出生：趴在地上，只放声音、黑屏，走 80 拍（预期：一动不动）
      拍   整片亮  走路链  听觉亮   前额叶亮     机身高      路程       走路链在跑吗
      15     1395       0       17       1114    0.104 米     0.028 米   没动
      30     1396       0       18       1114    0.095 米     0.046 米   没动
      45     1399       0       19       1114    0.095 米     0.069 米   没动
      60     1401       0       21       1114    0.105 米     0.099 米   没动
      75     1403       0       23       1114    0.099 米     0.131 米   没动
    → 出生时：一共挪 0.143 米，最高只有 0.108 米（趴着的高度）

[2] 教学：站着，放声音 + 老师点着走路 + 点亮多巴胺，走 60 拍
      拍   整片亮  走路链  听觉亮   前额叶亮     机身高      路程       走路链在跑吗
      15     1456       1       31       1114    0.392 米     0.062 米   时刻 1
      30     1474       1       34       1114    0.366 米     0.265 米   时刻 2
      45     1482       1       34       1114    0.288 米     0.468 米   时刻 3
      60     1492       1       36       1114    0.220 米     0.664 米   时刻 4
    → 「走路入口刚亮」的瞬间 0 次（每亮一次，多巴胺给入口一共加 0.80 电流）
    → 一共学出 746808 根新连接
    → 教学最后那一拍，走路入口收到的总电流 -2.991（门槛 1.0）

[3] 考试：把皮层全清空、重新趴下，只放声音、黑屏，走 150 拍
      拍   整片亮  走路链  听觉亮   前额叶亮     机身高      路程       走路链在跑吗
      15     1438       0       37       1114    0.360 米     0.106 米   没动
      30     1444       0       42       1114    0.211 米     0.222 米   没动
      45     1448       0       45       1114    0.211 米     0.233 米   没动
      60     1457       0       51       1114    0.211 米     0.234 米   没动
      75     1463       0       55       1114    0.211 米     0.234 米   没动
      90     1469       0       58       1114    0.211 米     0.234 米   没动
     105     1473       0       59       1114    0.211 米     0.234 米   没动
     120     1477       0       61       1114    0.211 米     0.234 米   没动
     135     1477       0       62       1114    0.212 米     0.239 米   没动
     150     1489       0       62       1114    0.213 米     0.245 米   没动
    → 考试结果：一共挪了 0.245 米；最高站到 0.367 米；机身歪 34 度
