「视觉:中有红」1346 个细胞、「前额叶:看着红」1360 个细胞（种子 20260914，本能表 585 条）
走路的两半：视觉 ×0.80、前额叶 ×0.85，阈值 1.00

  色相 |   视觉红亮/总数 | 前额叶红亮/总数 |  视觉给的 | 前额叶给的 |   净电流 | 过阈值? | rgb
----------------------------------------------------------------------------------------------------------------
     0 |  1346 / 1346   |  1357 / 1360    |     0.80 |      0.85 |     1.65 |      是 | (255, 0, 0)
    24 |  1192 / 1346   |  1248 / 1360    |     0.71 |      0.78 |     1.49 |      是 | (255, 102, 0)
    48 |  1149 / 1346   |  1248 / 1360    |     0.68 |      0.78 |     1.46 |      是 | (255, 204, 0)
    72 |  1038 / 1346   |  1243 / 1360    |     0.62 |      0.78 |     1.39 |      是 | (204, 255, 0)
    96 |   663 / 1346   |  1051 / 1360    |     0.39 |      0.66 |     1.05 |      是 | (102, 255, 0)
   120 |   367 / 1346   |   844 / 1360    |     0.22 |      0.53 |     0.75 |      否 | (0, 255, 0)
   144 |   439 / 1346   |   959 / 1360    |     0.26 |      0.60 |     0.86 |      否 | (0, 255, 102)
   168 |   529 / 1346   |  1106 / 1360    |     0.31 |      0.69 |     1.01 |      是 | (0, 255, 204)
   180 |   565 / 1346   |  1111 / 1360    |     0.34 |      0.69 |     1.03 |      是 | (0, 255, 255)
   204 |   507 / 1346   |  1070 / 1360    |     0.30 |      0.67 |     0.97 |      否 | (0, 153, 255)
   240 |   337 / 1346   |   794 / 1360    |     0.20 |      0.50 |     0.70 |      否 | (0, 0, 255)
   270 |   637 / 1346   |  1053 / 1360    |     0.38 |      0.66 |     1.04 |      是 | (128, 0, 255)
   300 |  1091 / 1346   |  1222 / 1360    |     0.65 |      0.76 |     1.41 |      是 | (255, 0, 255)
   330 |  1250 / 1346   |  1288 / 1360    |     0.74 |      0.80 |     1.55 |      是 | (255, 0, 128)

（过阈值 是/否 只是把两半加起来跟 1.0 比 —— 是静态的一拍，实际走路要多拍才转起来，
  所以「刚好压在 1.0 上下」的那些色相（96°、180°）要看 R4 的实测）
