========================================================================================================
发育实验：出生时没有的行为，能不能靠生活自己长出来
  声音 = 低频响（本能表里没有任何一条规则碰过它）
  生活段 = %.0f 秒（%d 拍）；生活之后测：黑屏 + 只放这个声音，清空皮层重新点 8 拍
  种子 = [20260914]；每组对照 3 个
========================================================================================================
建皮层连接网：视觉23040、视觉细节23040、听觉30000、前额叶53200、运动160、运动记忆3576、本体感觉480、平衡感觉120、机身状态60、视觉运动1920、抑制8000 共 143,596 个皮层神经元 ...
   [配对] 种子 20260914：出生时 0/5 点着 [0, 0, 0, 0, 0] -> 生活后 0/5 点着 [0, 0, 0, 0, 0]（生活段用时 145 秒；出生时那 5 次分别 [0, 0, 0, 0, 0]，之后分别 [0, 0, 0, 0, 0]）
建皮层连接网：视觉23040、视觉细节23040、听觉30000、前额叶53200、运动160、运动记忆3576、本体感觉480、平衡感觉120、机身状态60、视觉运动1920、抑制8000 共 143,596 个皮层神经元 ...
   [只听不走] 种子 20260914：出生时 0/5 点着 [0, 0, 0, 0, 0] -> 生活后 0/5 点着 [0, 0, 0, 0, 0]（生活段用时 137 秒；出生时那 5 次分别 [0, 0, 0, 0, 0]，之后分别 [0, 0, 0, 0, 0]）
建皮层连接网：视觉23040、视觉细节23040、听觉30000、前额叶53200、运动160、运动记忆3576、本体感觉480、平衡感觉120、机身状态60、视觉运动1920、抑制8000 共 143,596 个皮层神经元 ...
   [只走不听] 种子 20260914：出生时 0/5 点着 [0, 0, 0, 0, 0] -> 生活后 0/5 点着 [0, 0, 0, 0, 0]（生活段用时 133 秒；出生时那 5 次分别 [0, 0, 0, 0, 0]，之后分别 [0, 0, 0, 0, 0]）

========================================================================================================
【总表】黑屏 + 只放这个声音：清空皮层后重新点 8 拍，走路那串时刻亮了几拍（>=6 算点着）
  条件         出生时 5 次        生活后 5 次        生活后曲线（每 10 拍探一次 3 遍取中位）
--------------------------------------------------------------------------------------------------------
  配对         0/5（1 个种子）     0/5（1 个种子）    
  只听不走       0/5（1 个种子）     0/5（1 个种子）    
  只走不听       0/5（1 个种子）     0/5（1 个种子）    

  [配对] 种子 20260914 生活段曲线（每个探测点 3 次的点数）:
     0/3  0/3  0/3  0/3
     0/3  0/3  0/3  0/3
     0/3  0/3  0/3  0/3
     0/3  0/3  0/3  0/3
     0/3  0/3  0/3  0/3
  [只听不走] 种子 20260914 生活段曲线（每个探测点 3 次的点数）:
     0/3  0/3  0/3  0/3
     0/3  0/3  0/3  0/3
     0/3  0/3  0/3  0/3
     0/3  0/3  0/3  0/3
     0/3  0/3  0/3  0/3
  [只走不听] 种子 20260914 生活段曲线（每个探测点 3 次的点数）:
     0/3  0/3  0/3  0/3
     0/3  0/3  0/3  0/3
     0/3  0/3  0/3  0/3
     0/3  0/3  0/3  0/3
     0/3  0/3  0/3  0/3
