画第 1 张 ...
  写好 figure2_closed_loop.png
画第 2 张 ...
  写好 figure3_prefrontal_ablation.png
画第 3 张 ...
  写好 figure4_staged_repertoire.png
画第 4 张 ...
  写好 figure5_gradient_recognition.png
画第 5 张 ...
  写好 figure6_compression_cost.png
画第 6 张 ...
建皮层连接网：视觉23040、视觉细节23040、听觉30000、前额叶53200、运动160、运动记忆3576、本体感觉480、平衡感觉120、机身状态60、视觉运动1920、多巴胺200、抑制8000 共 143,796 个皮层神经元 ...
============================================================================================================
【小横着飘】球：方位 -25 度、高 0.60 米、半径 0.05 米；横速 +0.50、竖速 +0.00 米/秒；眼睛一开始朝 +0 度
本能连接 308,809 根；皮层 143,796 个神经元
------------------------------------------------------------------------------------------------------------
    时间 | 球在视角里          | 眼睛朝哪           | 眼肌档(右左上下)     | 第4层名字(看球在…)            | 第1层名字(细_…)｜刚动过
------------------------------------------------------------------------------------------------------------
末了：球在视角里 左右 +4.3 度、上下 -0.8 度；眼睛朝 左右 +24.6 度、上下 +0.0 度
球离视线中心：平均 5.6 度，最远 29.2 度（0 = 正好盯着；只算球还在视野里的时候）
建皮层连接网：视觉23040、视觉细节23040、听觉30000、前额叶53200、运动160、运动记忆3576、本体感觉480、平衡感觉120、机身状态60、视觉运动1920、多巴胺200、抑制8000 共 143,796 个皮层神经元 ...
============================================================================================================
【小突然出现】球：方位 +20 度、高 0.60 米、半径 0.05 米；横速 +0.00、竖速 +0.00 米/秒；眼睛一开始朝 +0 度
本能连接 308,809 根；皮层 143,796 个神经元
------------------------------------------------------------------------------------------------------------
    时间 | 球在视角里          | 眼睛朝哪           | 眼肌档(右左上下)     | 第4层名字(看球在…)            | 第1层名字(细_…)｜刚动过
------------------------------------------------------------------------------------------------------------
末了：球在视角里 左右 +2.3 度、上下 -0.8 度；眼睛朝 左右 +21.4 度、上下 +0.0 度
球离视线中心：平均 4.8 度，最远 23.5 度（0 = 正好盯着；只算球还在视野里的时候）
建皮层连接网：视觉23040、视觉细节23040、听觉30000、前额叶53200、运动160、运动记忆3576、本体感觉480、平衡感觉120、机身状态60、视觉运动1920、多巴胺200、抑制8000 共 143,796 个皮层神经元 ...
============================================================================================================
【空场】球：方位 +0 度、高 0.60 米、半径 0.05 米；横速 +0.00、竖速 +0.00 米/秒；眼睛一开始朝 +0 度
本能连接 308,809 根；皮层 143,796 个神经元
------------------------------------------------------------------------------------------------------------
    时间 | 球在视角里          | 眼睛朝哪           | 眼肌档(右左上下)     | 第4层名字(看球在…)            | 第1层名字(细_…)｜刚动过
------------------------------------------------------------------------------------------------------------
末了：眼前自始至终没有球；眼睛朝 左右 +0.0 度、上下 +0.0 度
  写好 figure7_emergent_gaze.png
  写好 日志_眼睛跟随.log
画第 7 张 ...
  写好 figure8_blurred_wiring.png
画第 8 张 ...
  写好 figure9_recurrence.png
目录： F:\一种AGI架构\论文与公开研究_paper_20260908\figures_新版_20260915
