====================================================================================================
渐变边界：同一个脑，3° 一档漂移前 vs 漂移后，哪些色相还能点着走路（5 个种子）
====================================================================================================
建皮层连接网：视觉23040、视觉细节23040、听觉30000、前额叶53200、运动160、运动记忆3576、本体感觉480、平衡感觉120、机身状态60、视觉运动1920、多巴胺200、抑制8000 共 143,796 个皮层神经元 ...
  种子 20260914：漂移走到 96°，共 1040 拍
      （这一趟用了 405 秒）
建皮层连接网：视觉23040、视觉细节23040、听觉30000、前额叶53200、运动160、运动记忆3576、本体感觉480、平衡感觉120、机身状态60、视觉运动1920、多巴胺200、抑制8000 共 143,796 个皮层神经元 ...
  种子 20260915：漂移走到 96°，共 1040 拍
      （这一趟用了 394 秒）
建皮层连接网：视觉23040、视觉细节23040、听觉30000、前额叶53200、运动160、运动记忆3576、本体感觉480、平衡感觉120、机身状态60、视觉运动1920、多巴胺200、抑制8000 共 143,796 个皮层神经元 ...
  种子 20260916：漂移走到 96°，共 1040 拍
      （这一趟用了 410 秒）
建皮层连接网：视觉23040、视觉细节23040、听觉30000、前额叶53200、运动160、运动记忆3576、本体感觉480、平衡感觉120、机身状态60、视觉运动1920、多巴胺200、抑制8000 共 143,796 个皮层神经元 ...
  种子 20260917：漂移走到 96°，共 1040 拍
      （这一趟用了 482 秒）
建皮层连接网：视觉23040、视觉细节23040、听觉30000、前额叶53200、运动160、运动记忆3576、本体感觉480、平衡感觉120、机身状态60、视觉运动1920、多巴胺200、抑制8000 共 143,796 个皮层神经元 ...
  种子 20260918：漂移走到 96°，共 1040 拍
      （这一趟用了 435 秒）

====================================================================================================
【总表】点着几拍 / 8 拍
  色相 |种子20260914种子20260915种子20260916种子20260917种子20260918 | 漂移前合计 | 漂移后合计
------------------------------------------------------------------------
    0° |      7/8        7/8        7/8        7/8        7/8   |    5/5    |    5/5    |
   24° |      7/8        7/8        7/8        7/8        7/8   |    5/5    |    5/5    |
   48° |      7/8        7/8        7/8        7/8        7/8   |    5/5    |    5/5    |
   72° |      7/8        7/8        7/8        7/8        7/8   |    5/5    |    5/5    |
   96° |      7/8        7/8        7/8        7/8        0/8   |    4/5    |    5/5    |
  120° |      0/8        0/8        0/8        0/8        0/8   |    0/5    |    0/5    |
  144° |      0/8        0/8        0/8        0/8        0/8   |    0/5    |    0/5    |
  168° |      7/8        7/8        7/8        7/8        0/8   |    4/5    |    5/5    |
  180° |      7/8        7/8        7/8        7/8        0/8   |    4/5    |    5/5    |
  204° |      0/8        0/8        0/8        0/8        0/8   |    0/5    |    0/5    |
  240° |      0/8        0/8        0/8        0/8        0/8   |    0/5    |    0/5    |
    黑屏 |      0/8        0/8        0/8        0/8        0/8   |    0/5    |    0/5    |

【合并（前后各一次，同一个脑）】
     0°：漂移前 7、7、7、7、7；漂移后 7、7、7、7、7
    24°：漂移前 7、7、7、7、7；漂移后 7、7、7、7、7
    48°：漂移前 7、7、7、7、7；漂移后 7、7、7、7、7
    72°：漂移前 7、7、7、7、7；漂移后 7、7、7、7、7
    96°：漂移前 7、7、7、7、0；漂移后 7、7、7、7、7
   120°：漂移前 0、0、0、0、0；漂移后 0、0、0、0、0
   144°：漂移前 0、0、0、0、0；漂移后 0、0、0、0、0
   168°：漂移前 7、7、7、7、0；漂移后 7、7、7、7、7
   180°：漂移前 7、7、7、7、0；漂移后 7、7、7、7、7
   204°：漂移前 0、0、0、0、0；漂移后 0、0、0、0、0
   240°：漂移前 0、0、0、0、0；漂移后 0、0、0、0、0
   黑屏：漂移前 0、0、0、0、0；漂移后 0、0、0、0、0
