建皮层连接网：视觉23040、视觉细节23040、听觉30000、前额叶53200、运动160、运动记忆3576、本体感觉480、平衡感觉120、机身状态60、视觉运动1920、多巴胺200、抑制8000 共 143,796 个皮层神经元 ...
建皮层连接网：视觉23040、视觉细节23040、听觉30000、前额叶53200、运动160、运动记忆3576、本体感觉480、平衡感觉120、机身状态60、视觉运动1920、多巴胺200、抑制8000 共 143,796 个皮层神经元 ...
肌肉顺序：左前髋、左前大腿、左前小腿、右前髋、右前大腿、右前小腿、左后髋、左后大腿、左后小腿、右后髋、右后大腿、右后小腿
拍   歪(带环) 歪(无环)  力差最大的一块(差值)   总力(带环) 总力(无环)
  1       6       6    左前髋      +0.00           0.00      0.00
  3       5       5    左前髋      +0.00           6.90      6.90
  5       4       4    左前髋      +0.00           6.90      6.90
  7       5       5    右前大腿     +0.20           7.60      7.00
  9      11      10    右后髋      +0.20           7.70      7.30
 11      14      14    右前大腿     +0.10           7.60      7.30
 13      18      16    右后小腿     +0.20           7.70      7.00
 15      20      17    左前小腿     +0.50           8.10      6.90
 17      22      16    右后小腿     +0.30           7.90      7.00
 19      21      17    右前大腿     +0.10           7.70      7.30
 21      22      14    右前小腿     +0.20           7.40      6.90
 23      21      12    左前小腿     +0.10           7.70      7.20
 25      21      12    右前大腿     +0.20           7.90      7.30
 27      19      13    右前大腿     +0.20           7.60      7.20
 29      19      12    右后小腿     +0.30           7.80      6.90
 31      19       9    左前小腿     +0.80           7.20      4.10
 33      19      10    右后小腿     +0.20           7.80      7.10
 35      19       7    右前大腿     +0.10           7.50      7.10
 37      20       4    左后小腿     +0.20           7.50      7.00
 39      19       6    右前大腿     +0.20           7.70      7.20
 41      19       6    右后髋      +0.20           7.70      7.20
 43      19       5    右前大腿     +0.20           7.60      6.90
 45      21       4    左前小腿     +0.30           8.00      6.90
 47      22       6    左前小腿     +0.40           7.90      6.80
 49      21       4    左后小腿     +0.20           7.80      7.10
 51      20       2    右前大腿     +0.20           7.40      6.70
 53      22       5    右后髋      +0.20           7.30      6.80
 55      23       8    右前大腿     +0.20           7.70      7.30
 57      25       9    右后髋      +0.20           7.70      7.20
 59      27       9    左前小腿     +0.30           7.80      6.90
 61      32       5    左前小腿     +0.60           7.20      4.10
 63      35       4    左前小腿     +0.20           7.70      7.10
 65      37       3    右前小腿     +0.20           7.50      7.10
 67      40       5    右前大腿     +0.20           7.60      7.00
 69      47       6    右后髋      +0.20           7.80      7.20
 71      54       7    右前大腿     +0.20           7.60      7.20
 73      63       8    右后小腿     +0.20           7.70      6.90
 75      73       7    左前小腿     +0.50           8.10      6.90
 77      86       4    右后小腿     +0.30           7.90      6.80
 79      97       2    左前髋      +0.10           7.70      7.10
 81     108       3    右前大腿     +0.20           7.50      6.70
 83     117       5    右前大腿     +0.20           7.60      6.80
 85     126       7    左后小腿     +0.20           7.80      7.20
 87     134       7    右前大腿     +0.20           7.60      7.20
 89     145       7    左后大腿     +0.30           8.90      6.90
 91     158       4    左前小腿     +0.80           8.30      4.10
 93     173       3    右后大腿     +0.40           8.90      7.00
 95     172       2    左后大腿     +0.30           8.40      7.00
 97     163       5    左后大腿     +0.40           8.50      7.00
 99     159       6    左后大腿     +0.40           8.60      7.20
101     155       8    左后大腿     +0.40           8.80      7.20
103     159       7    左后大腿     +0.40           8.60      6.90
105     162       6    右后大腿     +0.40           8.90      6.90
107     173       2    左前小腿     +0.40           8.80      6.80
109     180       1    右后大腿     +0.40           8.80      7.10
111     174       4    左后大腿     +0.40           8.40      6.70
113     171       7    左后大腿     +0.40           8.50      6.80
115     172      10    左后大腿     +0.40           8.60      7.30
117     175      12    左后大腿     +0.40           8.80      7.20
119     179      12    左前小腿     +0.30           8.70      6.90

第 10 拍 带环：左前髋0.50 左前大腿0.50 左前小腿1.00 右前髋0.50 右前大腿0.40 右前小腿0.80 左后髋0.50 左后大腿0.40 左后小腿0.70 右后髋0.50 右后大腿0.50 右后小腿1.00
       无环：左前髋0.50 左前大腿0.50 左前小腿1.00 右前髋0.50 右前大腿0.40 右前小腿0.80 左后髋0.50 左后大腿0.40 左后小腿0.70 右后髋0.50 右后大腿0.50 右后小腿1.00
第 30 拍 带环：左前髋0.50 左前大腿0.40 左前小腿0.50 右前髋0.60 右前大腿0.50 右前小腿1.00 左后髋0.50 左后大腿0.60 左后小腿0.90 右后髋0.50 右后大腿0.40 右后小腿0.60
       无环：左前髋0.50 左前大腿0.40 左前小腿0.50 右前髋0.60 右前大腿0.50 右前小腿1.00 左后髋0.40 左后大腿0.60 左后小腿0.90 右后髋0.50 右后大腿0.40 右后小腿0.60
第 60 拍 带环：左前髋0.50 左前大腿0.40 左前小腿0.80 右前髋0.60 右前大腿0.50 右前小腿1.00 左后髋0.50 左后大腿0.60 左后小腿0.90 右后髋0.70 右后大腿0.50 右后小腿0.90
       无环：左前髋0.50 左前大腿0.40 左前小腿0.50 右前髋0.60 右前大腿0.50 右前小腿1.00 左后髋0.40 左后大腿0.60 左后小腿0.90 右后髋0.50 右后大腿0.40 右后小腿0.60
第 90 拍 带环：左前髋0.50 左前大腿0.40 左前小腿0.50 右前髋0.60 右前大腿0.50 右前小腿1.00 左后髋0.40 左后大腿0.60 左后小腿0.90 右后髋0.50 右后大腿0.40 右后小腿0.60
       无环：左前髋0.50 左前大腿0.40 左前小腿0.50 右前髋0.60 右前大腿0.50 右前小腿1.00 左后髋0.40 左后大腿0.60 左后小腿0.90 右后髋0.50 右后大腿0.40 右后小腿0.60
第 120 拍 带环：左前髋0.50 左前大腿0.40 左前小腿0.80 右前髋0.60 右前大腿0.50 右前小腿1.00 左后髋0.50 左后大腿0.60 左后小腿0.90 右后髋0.70 右后大腿0.50 右后小腿0.90
       无环：左前髋0.50 左前大腿0.40 左前小腿0.50 右前髋0.60 右前大腿0.50 右前小腿1.00 左后髋0.40 左后大腿0.60 左后小腿0.90 右后髋0.50 右后大腿0.40 右后小腿0.60
