建皮层连接网：视觉23040、视觉细节23040、听觉30000、前额叶53200、运动160、运动记忆3576、本体感觉480、平衡感觉120、机身状态60、视觉运动1920、多巴胺200、抑制8000 共 143,796 个皮层神经元 ...
=== 考试（黑屏 + 只放声音）===
  拍  5 末高0.145 歪  6 走链1 | 总增 -182.2 最大增 0.010
       +0.010  听觉 → 听觉（现在 0.030）
       +0.009  听觉 → 听觉（现在 0.072）
       +0.008  听觉 → 听觉（现在 0.196）
       +0.005  听觉 → 本体感觉（现在 0.006）
       +0.005  前额叶 → 本体感觉（现在 0.014）
       +0.005  听觉 → 听觉（现在 0.017）
  拍 10 末高0.248 歪 10 走链1 | 总增 -406.2 最大增 0.010
       +0.010  听觉 → 听觉（现在 0.030）
       +0.009  听觉 → 视觉（现在 0.072）
       +0.009  前额叶 → 听觉（现在 0.072）
       +0.009  听觉 → 本体感觉（现在 0.072）
       +0.009  听觉 → 本体感觉（现在 0.072）
       +0.009  听觉 → 本体感觉（现在 0.072）
  拍 15 末高0.312 歪  4 走链1 | 总增 -624.2 最大增 0.010
       +0.010  听觉 → 听觉（现在 0.030）
       +0.009  听觉 → 本体感觉（现在 0.072）
       +0.009  前额叶 → 视觉（现在 0.072）
       +0.009  听觉 → 听觉（现在 0.072）
       +0.009  听觉 → 听觉（现在 0.072）
       +0.009  听觉 → 视觉（现在 0.072）
  拍 20 末高0.342 歪 21 走链1 | 总增 -835.8 最大增 0.014
       +0.014  听觉 → 听觉（现在 0.076）
       +0.010  听觉 → 听觉（现在 0.030）
       +0.009  听觉 → 视觉（现在 0.072）
       +0.009  听觉 → 听觉（现在 0.072）
       +0.009  听觉 → 视觉（现在 0.072）
       +0.009  前额叶 → 听觉（现在 0.072）
  拍 25 末高0.357 歪 37 走链1 | 总增 -1042.1 最大增 0.014
       +0.014  听觉 → 听觉（现在 0.076）
       +0.010  听觉 → 听觉（现在 0.030）
       +0.010  听觉 → 听觉（现在 0.034）
       +0.009  听觉 → 视觉（现在 0.072）
       +0.009  听觉 → 听觉（现在 0.072）
       +0.009  听觉 → 听觉（现在 0.072）
  拍 30 末高0.333 歪 52 走链1 | 总增 -1243.4 最大增 0.014
       +0.014  听觉 → 听觉（现在 0.076）
       +0.014  听觉 → 视觉（现在 0.076）
       +0.014  听觉 → 本体感觉（现在 0.076）
       +0.010  听觉 → 本体感觉（现在 0.011）
       +0.010  听觉 → 听觉（现在 0.030）
       +0.010  听觉 → 听觉（现在 0.034）
  拍 35 末高0.326 歪 65 走链1 | 总增 -1439.9 最大增 0.014
       +0.014  听觉 → 本体感觉（现在 0.076）
       +0.014  听觉 → 听觉（现在 0.076）
       +0.014  听觉 → 听觉（现在 0.076）
       +0.014  前额叶 → 视觉（现在 0.076）
       +0.014  听觉 → 视觉（现在 0.076）
       +0.010  听觉 → 本体感觉（现在 0.011）
  拍 40 末高0.323 歪 76 走链1 | 总增 -1632.0 最大增 0.014
       +0.014  前额叶 → 视觉（现在 0.076）
       +0.014  听觉 → 听觉（现在 0.076）
       +0.014  听觉 → 视觉（现在 0.076）
       +0.014  听觉 → 听觉（现在 0.076）
       +0.014  听觉 → 本体感觉（现在 0.076）
       +0.010  听觉 → 本体感觉（现在 0.011）
  拍 45 末高0.298 歪 87 走链1 | 总增 -1820.0 最大增 0.014
       +0.014  听觉 → 听觉（现在 0.076）
       +0.014  听觉 → 本体感觉（现在 0.076）
       +0.014  听觉 → 听觉（现在 0.076）
       +0.014  前额叶 → 视觉（现在 0.076）
       +0.014  听觉 → 视觉（现在 0.076）
       +0.013  前额叶 → 视觉（现在 0.138）
  拍 50 末高0.269 歪 99 走链1 | 总增 -2003.8 最大增 0.014
       +0.014  听觉 → 听觉（现在 0.076）
       +0.014  听觉 → 听觉（现在 0.076）
       +0.014  听觉 → 视觉（现在 0.076）
       +0.014  前额叶 → 本体感觉（现在 0.076）
       +0.014  前额叶 → 视觉（现在 0.076）
       +0.014  听觉 → 本体感觉（现在 0.076）
  拍 55 末高0.228 歪114 走链1 | 总增 -2183.5 最大增 0.014
       +0.014  听觉 → 听觉（现在 0.076）
       +0.014  听觉 → 视觉（现在 0.076）
       +0.014  听觉 → 听觉（现在 0.076）
       +0.014  听觉 → 视觉（现在 0.076）
       +0.014  前额叶 → 视觉（现在 0.076）
       +0.014  听觉 → 本体感觉（现在 0.076）
  拍 60 末高0.140 歪129 走链1 | 总增 -2358.9 最大增 0.014
       +0.014  听觉 → 听觉（现在 0.076）
       +0.014  听觉 → 视觉（现在 0.076）
       +0.014  听觉 → 听觉（现在 0.076）
       +0.014  听觉 → 视觉（现在 0.076）
       +0.014  前额叶 → 视觉（现在 0.076）
       +0.014  听觉 → 本体感觉（现在 0.076）
  拍 65 末高0.128 歪150 走链1 | 总增 -2530.2 最大增 0.014
       +0.014  听觉 → 听觉（现在 0.076）
       +0.014  前额叶 → 本体感觉（现在 0.076）
       +0.014  听觉 → 听觉（现在 0.076）
       +0.014  听觉 → 平衡感觉（现在 0.076）
       +0.014  听觉 → 本体感觉（现在 0.076）
       +0.014  前额叶 → 听觉（现在 0.076）
  拍 70 末高0.055 歪178 走链1 | 总增 -2699.1 最大增 0.014
       +0.014  听觉 → 视觉（现在 0.076）
       +0.014  听觉 → 视觉（现在 0.076）
       +0.014  听觉 → 本体感觉（现在 0.076）
       +0.014  听觉 → 听觉（现在 0.076）
       +0.014  听觉 → 视觉（现在 0.076）
       +0.014  听觉 → 视觉（现在 0.076）
  拍 75 末高0.067 歪172 走链1 | 总增 -2863.8 最大增 0.014
       +0.014  前额叶 → 视觉（现在 0.076）
       +0.014  听觉 → 听觉（现在 0.076）
       +0.014  听觉 → 听觉（现在 0.076）
       +0.014  听觉 → 听觉（现在 0.076）
       +0.014  听觉 → 本体感觉（现在 0.076）
       +0.014  听觉 → 视觉（现在 0.076）
  拍 80 末高0.057 歪178 走链1 | 总增 -3025.1 最大增 0.019
       +0.019  听觉 → 听觉（现在 0.081）
       +0.015  听觉 → 本体感觉（现在 0.016）
       +0.014  听觉 → 平衡感觉（现在 0.076）
       +0.014  前额叶 → 视觉（现在 0.076）
       +0.014  听觉 → 听觉（现在 0.076）
       +0.014  听觉 → 听觉（现在 0.076）
  拍 85 末高0.058 歪179 走链1 | 总增 -3183.4 最大增 0.019
       +0.019  听觉 → 听觉（现在 0.081）
       +0.015  听觉 → 本体感觉（现在 0.016）
       +0.015  听觉 → 视觉（现在 0.027）
       +0.014  听觉 → 视觉（现在 0.076）
       +0.014  听觉 → 听觉（现在 0.076）
       +0.014  听觉 → 听觉（现在 0.076）
  拍 90 末高0.060 歪179 走链1 | 总增 -3338.6 最大增 0.019
       +0.019  听觉 → 听觉（现在 0.081）
       +0.015  听觉 → 本体感觉（现在 0.016）
       +0.015  听觉 → 视觉（现在 0.027）
       +0.014  听觉 → 视觉（现在 0.076）
       +0.014  听觉 → 视觉（现在 0.076）
       +0.014  听觉 → 视觉（现在 0.076）
  拍 95 末高0.058 歪180 走链1 | 总增 -3490.7 最大增 0.019
       +0.019  听觉 → 听觉（现在 0.081）
       +0.019  前额叶 → 本体感觉（现在 0.081）
       +0.015  听觉 → 本体感觉（现在 0.016）
       +0.015  听觉 → 视觉（现在 0.027）
       +0.014  听觉 → 本体感觉（现在 0.076）
       +0.014  听觉 → 视觉（现在 0.076）
  拍100 末高0.066 歪178 走链1 | 总增 -3639.3 最大增 0.019
       +0.019  前额叶 → 本体感觉（现在 0.081）
       +0.019  听觉 → 听觉（现在 0.081）
       +0.015  听觉 → 本体感觉（现在 0.016）
       +0.015  听觉 → 视觉（现在 0.027）
       +0.014  听觉 → 视觉（现在 0.076）
       +0.014  听觉 → 视觉（现在 0.076）
  拍105 末高0.057 歪180 走链1 | 总增 -3785.1 最大增 0.020
       +0.020  听觉 → 本体感觉（现在 0.021）
       +0.019  听觉 → 听觉（现在 0.081）
       +0.019  前额叶 → 听觉（现在 0.081）
       +0.019  前额叶 → 本体感觉（现在 0.081）
       +0.015  听觉 → 视觉（现在 0.027）
       +0.014  听觉 → 听觉（现在 0.059）
  拍110 末高0.063 歪179 走链1 | 总增 -3928.2 最大增 0.020
       +0.020  听觉 → 本体感觉（现在 0.021）
       +0.019  前额叶 → 本体感觉（现在 0.081）
       +0.019  前额叶 → 听觉（现在 0.081）
       +0.019  听觉 → 听觉（现在 0.081）
       +0.015  听觉 → 视觉（现在 0.027）
       +0.014  听觉 → 听觉（现在 0.046）
  拍115 末高0.057 歪180 走链1 | 总增 -4068.5 最大增 0.020
       +0.020  听觉 → 本体感觉（现在 0.021）
       +0.019  前额叶 → 本体感觉（现在 0.081）
       +0.019  听觉 → 听觉（现在 0.081）
       +0.019  前额叶 → 听觉（现在 0.081）
       +0.015  听觉 → 视觉（现在 0.027）
       +0.014  听觉 → 听觉（现在 0.046）
  拍120 末高0.061 歪179 走链1 | 总增 -4206.2 最大增 0.023
       +0.023  听觉 → 听觉（现在 0.086）
       +0.020  听觉 → 本体感觉（现在 0.021）
       +0.019  前额叶 → 听觉（现在 0.081）
       +0.019  前额叶 → 听觉（现在 0.081）
       +0.019  前额叶 → 本体感觉（现在 0.081）
       +0.015  听觉 → 视觉（现在 0.027）
