建皮层连接网：视觉23040、视觉细节23040、听觉30000、前额叶57436、运动160、运动记忆3576、本体感觉480、平衡感觉120、机身状态60、视觉运动1920、多巴胺200、抑制8000 共 148,032 个皮层神经元 ...
「视觉:中有红」1346 个细胞、「前额叶:看着红」1440 个细胞（种子 20260914，本能表 585 条）
走路的两半：视觉 ×0.80、前额叶 ×0.85，阈值 1.00

  色相 |   视觉红亮/总数 | 前额叶红亮/总数 |  视觉给的 | 前额叶给的 |   净电流 | 过阈值? | rgb
----------------------------------------------------------------------------------------------------------------
     0 |  1346 / 1346   |  1428 / 1440    |     0.80 |      0.84 |     1.64 |      是 | (255, 0, 0)
    24 |  1192 / 1346   |  1329 / 1440    |     0.71 |      0.78 |     1.49 |      是 | (255, 102, 0)
    48 |  1149 / 1346   |  1309 / 1440    |     0.68 |      0.77 |     1.46 |      是 | (255, 204, 0)
    72 |  1038 / 1346   |  1298 / 1440    |     0.62 |      0.77 |     1.38 |      是 | (204, 255, 0)
    96 |   663 / 1346   |  1093 / 1440    |     0.39 |      0.65 |     1.04 |      是 | (102, 255, 0)
   120 |   367 / 1346   |   862 / 1440    |     0.22 |      0.51 |     0.73 |      否 | (0, 255, 0)
   144 |   439 / 1346   |  1006 / 1440    |     0.26 |      0.59 |     0.85 |      否 | (0, 255, 102)
   168 |   529 / 1346   |  1147 / 1440    |     0.31 |      0.68 |     0.99 |      否 | (0, 255, 204)
   180 |   565 / 1346   |  1165 / 1440    |     0.34 |      0.69 |     1.02 |      是 | (0, 255, 255)
   204 |   507 / 1346   |  1111 / 1440    |     0.30 |      0.66 |     0.96 |      否 | (0, 153, 255)
   240 |   337 / 1346   |   817 / 1440    |     0.20 |      0.48 |     0.68 |      否 | (0, 0, 255)
   270 |   637 / 1346   |  1098 / 1440    |     0.38 |      0.65 |     1.03 |      是 | (128, 0, 255)
   300 |  1091 / 1346   |  1287 / 1440    |     0.65 |      0.76 |     1.41 |      是 | (255, 0, 255)
   330 |  1250 / 1346   |  1331 / 1440    |     0.74 |      0.79 |     1.53 |      是 | (255, 0, 128)

（过阈值 是/否 只是把两半加起来跟 1.0 比 —— 是静态的一拍，实际走路要多拍才转起来，
  所以「刚好压在 1.0 上下」的那些色相（96°、180°）要看 R4 的实测）

