前额叶：每拍重算（不保留）
建皮层连接网：视觉23040、视觉细节23040、听觉30000、前额叶53200、运动160、运动记忆3576、本体感觉480、平衡感觉120、机身状态60、视觉运动1920、多巴胺200、抑制8000 共 143,796 个皮层神经元 ...
### 种子 20260914
  E0 没教·站着看红+听声音(不学)             路程  2.581 米  没翻(歪 4 度)  前进1.2200
  E1 教过·只放声音(学)                  路程  1.188 米  第 101 拍翻  前进1.2200 站起来68
  E2 教过·只放声音(不再学)                路程  2.431 米  没翻(歪 3 度)  前进1.2200 站起来4

建皮层连接网：视觉23040、视觉细节23040、听觉30000、前额叶53200、运动160、运动记忆3576、本体感觉480、平衡感觉120、机身状态60、视觉运动1920、多巴胺200、抑制8000 共 143,796 个皮层神经元 ...
### 种子 20260915
  E0 没教·站着看红+听声音(不学)             路程  1.660 米  没翻(歪 4 度)  前进1.2187
  E1 教过·只放声音(学)                  路程  1.472 米  没翻(歪 6 度)  前进1.2187 站起来3
  E2 教过·只放声音(不再学)                路程  1.634 米  没翻(歪 3 度)  前进1.2187 站起来3

建皮层连接网：视觉23040、视觉细节23040、听觉30000、前额叶53200、运动160、运动记忆3576、本体感觉480、平衡感觉120、机身状态60、视觉运动1920、多巴胺200、抑制8000 共 143,796 个皮层神经元 ...
### 种子 20260916
  E0 没教·站着看红+听声音(不学)             路程  2.654 米  没翻(歪 4 度)  前进1.2200
  E1 教过·只放声音(学)                  路程  1.175 米  第 101 拍翻  前进1.2200 站起来45
  E2 教过·只放声音(不再学)                路程  2.562 米  没翻(歪 3 度)  前进1.2200 站起来3

建皮层连接网：视觉23040、视觉细节23040、听觉30000、前额叶53200、运动160、运动记忆3576、本体感觉480、平衡感觉120、机身状态60、视觉运动1920、多巴胺200、抑制8000 共 143,796 个皮层神经元 ...
### 种子 20260918
  E0 没教·站着看红+听声音(不学)             路程  1.691 米  没翻(歪 2 度)  前进1.2200
  E1 教过·只放声音(学)                  路程  1.253 米  第 40 拍翻  前进1.2200 站起来78
  E2 教过·只放声音(不再学)                路程  2.086 米  没翻(歪 2 度)  前进1.2200 站起来3

