============ 前额叶→运动记忆 折 = 0.75 ============
建皮层连接网：视觉23040、视觉细节23040、听觉30000、前额叶53200、运动160、运动记忆3576、本体感觉480、平衡感觉120、机身状态60、视觉运动1920、多巴胺200、抑制8000 共 143,796 个皮层神经元 ...
  种子 20260915（打折边 5175 根）
    出生： 走链   0/30、挪  0.390、一次没翻、末高 0.155、歪    1
    天生： 走链  30/30、挪  0.997、一次没翻、末高 0.356、歪    2
    教学： 走链 192/200、挪 152.763、第 181 拍翻倒、末高 0.154、歪   96
    考试： 走链 187/200、挪 148.327、一次没翻、末高 0.351、歪    2
建皮层连接网：视觉23040、视觉细节23040、听觉30000、前额叶53200、运动160、运动记忆3576、本体感觉480、平衡感觉120、机身状态60、视觉运动1920、多巴胺200、抑制8000 共 143,796 个皮层神经元 ...
  种子 20260918（打折边 5175 根）
    出生： 走链   0/30、挪  0.388、一次没翻、末高 0.155、歪    1
    天生： 走链  30/30、挪  0.996、一次没翻、末高 0.356、歪    1
    教学： 走链   0/200、挪 25.889、一次没翻、末高 0.184、歪   41
    考试： 走链   0/200、挪 17.145、一次没翻、末高 0.104、歪    6
建皮层连接网：视觉23040、视觉细节23040、听觉30000、前额叶53200、运动160、运动记忆3576、本体感觉480、平衡感觉120、机身状态60、视觉运动1920、多巴胺200、抑制8000 共 143,796 个皮层神经元 ...
  种子 20260914（打折边 5175 根）
    出生： 走链   0/30、挪  0.635、一次没翻、末高 0.096、歪    4
    天生： 走链  30/30、挪  1.007、一次没翻、末高 0.348、歪    3
    教学： 走链   0/200、挪 26.218、一次没翻、末高 0.183、歪   40
    考试： 走链   0/200、挪 27.894、一次没翻、末高 0.095、歪    5
建皮层连接网：视觉23040、视觉细节23040、听觉30000、前额叶53200、运动160、运动记忆3576、本体感觉480、平衡感觉120、机身状态60、视觉运动1920、多巴胺200、抑制8000 共 143,796 个皮层神经元 ...
  种子 20260916（打折边 5175 根）
    出生： 走链   0/30、挪  0.396、一次没翻、末高 0.155、歪    1
    天生： 走链  30/30、挪  0.996、一次没翻、末高 0.356、歪    1
    教学： 走链 200/200、挪 214.153、第 154 拍翻倒、末高 0.155、歪   84
    考试： 走链 200/200、挪 128.809、第 101 拍翻倒、末高 0.057、歪  179
建皮层连接网：视觉23040、视觉细节23040、听觉30000、前额叶53200、运动160、运动记忆3576、本体感觉480、平衡感觉120、机身状态60、视觉运动1920、多巴胺200、抑制8000 共 143,796 个皮层神经元 ...
  种子 20260917（打折边 5175 根）
    出生： 走链   0/30、挪  0.398、一次没翻、末高 0.155、歪    1
    天生： 走链  30/30、挪  0.996、一次没翻、末高 0.356、歪    1
    教学： 走链   0/200、挪 34.120、一次没翻、末高 0.184、歪   41
    考试： 走链   0/200、挪 18.409、一次没翻、末高 0.104、歪    4
