建皮层连接网：视觉23040、视觉细节23040、听觉30000、前额叶53200、运动160、运动记忆3576、本体感觉480、平衡感觉120、机身状态60、视觉运动1920、多巴胺200、抑制8000 共 143,796 个皮层神经元 ...
### ① 原样（带环）（种子 20260915）
  拍  高     歪  路程  力   视觉 听觉 前额叶 运动 运动记忆 本体感觉 平衡感觉 机身状态 视觉运动  在跑什么
   10 0.347   12  0.02  7.30    234   494  3719    93     2    20     1     0    19  前进1.21
   20 0.402   22  0.06  7.40    248   517  3850    94     2    19     4     0    19  前进1.21
   30 0.382   19  0.14  7.00    252   524  3861    90     1    15     1     1    19  
   40 0.370   19  0.22  7.70    248   520  3866    97     2    20     1     0    19  前进1.21
   50 0.378   20  0.27  6.90    247   520  3861    89     2    20     1     0    19  前进1.21
   60 0.368   30  0.34  7.90    250   524  3860    99     1    23     3     0    19  
   70 0.316   50  0.45  7.40    250   522  3864    94     2    19     3     0    19  前进1.21
   80 0.159  102  0.66  7.40    249   521  3861    94     2    27     2     0    19  前进1.21
   90 0.115  151  0.79  6.90    252   525  3864    89     2    22     4     0    19  站起来1
  100 0.087  157  0.86  7.70    249   520  3865    97     3    32     3     0    19  前进1.21 站起来1
  110 0.060  176  0.89  7.00    248   523  3862    90     3    29     0     0    19  前进1.21 站起来1
  120 0.060  176  0.91  7.90    251   522  3863    99     2    32     1     0    19  站起来1
  130 0.061  176  0.92  7.30    250   522  3864    93     3    29     3     0    19  前进1.21 站起来1
  140 0.057  180  0.94  7.30    250   523  3862    93     3    35     1     0    19  前进1.21 站起来1
  150 0.059  179  0.95  6.80    249   526  3863    88     2    27     0     0    19  站起来1
  160 0.058  179  0.96  7.70    248   521  3866    97     3    27     0     0    19  前进1.21 站起来1
  170 0.056  180  0.98  6.90    249   522  3862    89     3    27     1     0    19  前进1.21 站起来1
  180 0.058  179  0.98  7.90    251   523  3862    99     2    33     1     0    19  站起来1
  190 0.059  179  0.99  7.20    250   523  3864    92     3    25     2     0    19  前进1.21 站起来1
  200 0.059  179  1.00  7.30    248   523  3863    93     3    31     0     0    19  前进1.21 站起来1
  -> 挪 1.00 米，第 76 拍翻倒，末高 0.059，末歪 179

建皮层连接网：视觉23040、视觉细节23040、听觉30000、前额叶53200、运动160、运动记忆3576、本体感觉480、平衡感觉120、机身状态60、视觉运动1920、多巴胺200、抑制8000 共 143,796 个皮层神经元 ...
### ② 环关掉（每拍重算）（种子 20260915）
  拍  高     歪  路程  力   视觉 听觉 前额叶 运动 运动记忆 本体感觉 平衡感觉 机身状态 视觉运动  在跑什么
   10 0.341   13  0.03  7.30    132   285  2679    93     1    12     0     0    19  前进1.21
   20 0.358   16  0.08  7.10    136   287  2679    91     1    17     2     0    19  前进1.21
   30 0.372   11  0.13  6.90    133   285  2677    89     0    20     1     0    19  
   40 0.353    6  0.22  7.20    132   284  2679    92     1    11     1     0    19  前进1.21
   50 0.341    3  0.33  7.10    135   285  2679    91     1    14     0     0    19  前进1.21
   60 0.369    8  0.44  6.90    133   284  2677    89     0    10     0     0    19  
   70 0.370    7  0.53  7.20    133   284  2679    92     1    14     1     1    19  前进1.21
   80 0.343    2  0.63  7.00    135   285  2679    90     1    14     0     0    19  前进1.21
   90 0.367    6  0.71  6.90    134   285  2677    89     0     9     0     0    19  
  100 0.377    7  0.79  7.30    133   286  2679    93     1    15     1     0    19  前进1.21
  110 0.340    2  0.88  6.90    136   287  2679    89     1    14     1     0    19  前进1.21
  120 0.369   11  0.97  6.90    133   285  2677    89     0    12     0     1    19  
  130 0.367    7  1.06  7.20    133   285  2679    92     1    13     1     1    19  前进1.21
  140 0.343    2  1.16  6.90    135   286  2679    89     1    12     1     0    19  前进1.21
  150 0.367    7  1.24  6.90    133   285  2677    89     0    10     0     0    19  
  160 0.376    8  1.32  7.30    133   286  2679    93     1    15     1     0    19  前进1.21
  170 0.343    3  1.42  7.00    135   285  2679    90     1    11     0     0    19  前进1.21
  180 0.368    8  1.51  6.90    133   285  2677    89     0    10     0     0    19  
  190 0.371    8  1.58  7.30    133   286  2679    93     1    13     1     1    19  前进1.21
  200 0.344    4  1.66  7.10    133   286  2678    91     1    11     0     0    19  前进1.21
  -> 挪 1.66 米，一次没翻，末高 0.344，末歪 4

建皮层连接网：视觉23040、视觉细节23040、听觉30000、前额叶53200、运动160、运动记忆3576、本体感觉480、平衡感觉120、机身状态60、视觉运动1920、多巴胺200、抑制8000 共 143,796 个皮层神经元 ...
### ③ 前额叶按灭（种子 20260915）
  拍  高     歪  路程  力   视觉 听觉 前额叶 运动 运动记忆 本体感觉 平衡感觉 机身状态 视觉运动  在跑什么
   10 0.216   26  0.08  0.90      4    27     0    29     0     5     0     0    22  
   20 0.186   38  0.24  0.00      3    24     0    20     0    11     1     0    22  
   30 0.195   34  0.27  0.00      4    26     0    20     0    11     1     0    22  
   40 0.200   32  0.33  1.10      4    25     0    31     0     6     1     0    22  
   50 0.183   40  0.37  0.60      3    25     0    26     0     5     0     0    22  
   60 0.213   22  0.43  1.80      4    25     0    38     0     7     0     0    22  
   70 0.215   20  0.47  6.00      4    25     0    80     0    14     0     0    22  
   80 0.219   18  0.51  0.00      4    24     0    20     0    13     1     0    22  
   90 0.214   17  0.53  5.30      3    24     0    73     0     8     0     0    22  
  100 0.215   21  0.60  0.60      4    25     0    26     0    13     0     0    22  
  110 0.207   21  0.69  0.60      4    25     0    26     0    13     0     0    22  
  120 0.211   16  0.81  5.40      3    25     0    74     0    14     1     0    22  
  130 0.205   15  0.94  6.00      3    24     0    80     0     6     0     0    22  
  140 0.239   37  1.02  1.10      4    25     0    31     0     8     0     0    22  
  150 0.183   41  1.15  0.00      3    24     0    20     0     7     0     0    22  
  160 0.195   33  1.18  1.10      5    26     0    31     0     9     1     0    22  
  170 0.185   41  1.21  0.00      3    24     0    20     0     7     0     0    22  
  180 0.183   38  1.25  0.00      3    24     0    20     0     9     1     0    22  
  190 0.183   37  1.27  0.00      3    25     0    20     0     6     1     0    22  
  200 0.183   41  1.28  0.00      3    24     0    20     0     2     0     0    22  
  -> 挪 1.28 米，一次没翻，末高 0.183，末歪 41

建皮层连接网：视觉23040、视觉细节23040、听觉30000、前额叶53200、运动160、运动记忆3576、本体感觉480、平衡感觉120、机身状态60、视觉运动1920、多巴胺200、抑制8000 共 143,796 个皮层神经元 ...
### ④ 前额叶自压 0.002（种子 20260915）
  拍  高     歪  路程  力   视觉 听觉 前额叶 运动 运动记忆 本体感觉 平衡感觉 机身状态 视觉运动  在跑什么
   10 0.341   13  0.03  7.30    132   285     0    93     1    12     0     0    19  前进1.21
   20 0.358   16  0.08  7.10    136   287     0    91     1    17     2     0    19  前进1.21
   30 0.372   11  0.13  6.90    133   285     0    89     0    20     1     0    19  
   40 0.353    6  0.22  7.20    132   284     0    92     1    11     1     0    19  前进1.21
   50 0.341    3  0.33  7.10    135   285     0    91     1    14     0     0    19  前进1.21
   60 0.369    8  0.44  6.90    133   284     0    89     0    10     0     0    19  
   70 0.370    7  0.53  7.20    133   284     0    92     1    14     1     1    19  前进1.21
   80 0.343    2  0.63  7.00    135   285     0    90     1    14     0     0    19  前进1.21
   90 0.367    6  0.71  6.90    134   285     0    89     0     9     0     0    19  
  100 0.377    7  0.79  7.30    133   286     0    93     1    15     1     0    19  前进1.21
  110 0.340    2  0.88  6.90    136   287     0    89     1    14     1     0    19  前进1.21
  120 0.369   11  0.97  6.90    133   285     0    89     0    12     0     1    19  
  130 0.367    7  1.06  7.20    133   285     0    92     1    13     1     1    19  前进1.21
  140 0.343    2  1.16  6.90    135   286     0    89     1    12     1     0    19  前进1.21
  150 0.367    7  1.24  6.90    133   285     0    89     0    10     0     0    19  
  160 0.376    8  1.32  7.30    133   286     0    93     1    15     1     0    19  前进1.21
  170 0.343    3  1.42  7.00    135   285     0    90     1    11     0     0    19  前进1.21
  180 0.368    8  1.51  6.90    133   285     0    89     0    10     0     0    19  
  190 0.371    8  1.58  7.30    133   286     0    93     1    13     1     1    19  前进1.21
  200 0.344    4  1.66  7.10    133   286     0    91     1    11     0     0    19  前进1.21
  -> 挪 1.66 米，一次没翻，末高 0.344，末歪 4

建皮层连接网：视觉23040、视觉细节23040、听觉30000、前额叶53200、运动160、运动记忆3576、本体感觉480、平衡感觉120、机身状态60、视觉运动1920、多巴胺200、抑制8000 共 143,796 个皮层神经元 ...
### ⑤ 黑屏（不红）（种子 20260915）
  拍  高     歪  路程  力   视觉 听觉 前额叶 运动 运动记忆 本体感觉 平衡感觉 机身状态 视觉运动  在跑什么
   10 0.212   30  0.08  1.30      0   223  1112    13     0    13     0     0     0  
   20 0.186   40  0.18  0.00      0   221  1122     0     0    11     0     0     0  
   30 0.184   41  0.19  0.00      0   222  1135     0     0     8     0     0     0  
   40 0.184   41  0.19  0.00      0   224  1147     0     0     8     0     0     0  
   50 0.184   41  0.19  0.00      0   228  1176     0     0     8     0     0     0  
   60 0.184   41  0.19  0.00      0   229  1193     0     0     8     0     0     0  
   70 0.184   41  0.19  0.00      0   232  1212     0     0     8     0     0     0  
   80 0.184   41  0.19  0.00      0   237  1242     0     0    10     0     0     0  
   90 0.184   41  0.19  0.00      0   242  1288     0     0    12     0     0     0  
  100 0.184   41  0.19  0.00      0   249  1330     0     0    13     0     0     0  
  110 0.184   41  0.19  0.00      0   256  1371     0     0    13     0     0     0  
  120 0.184   41  0.19  0.00      0   263  1415     0     0    13     0     0     0  
  130 0.184   41  0.19  0.00      0   267  1458     0     0    13     0     0     0  
  140 0.184   41  0.19  0.00      0   271  1494     0     0    13     0     0     0  
  150 0.184   41  0.19  0.00      0   275  1536     0     0    13     0     0     0  
  160 0.184   41  0.19  0.00      0   283  1579     0     0    13     0     0     0  
  170 0.184   41  0.19  0.00      0   293  1639     0     0    13     0     0     0  
  180 0.184   41  0.19  0.00      0   301  1685     0     0    14     0     0     0  
  190 0.184   41  0.19  0.00      0   303  1714     0     0    14     0     0     0  
  200 0.184   41  0.19  0.00      0   307  1739     0     0    14     0     0     0  
  -> 挪 0.19 米，一次没翻，末高 0.184，末歪 41

建皮层连接网：视觉23040、视觉细节23040、听觉30000、前额叶53200、运动160、运动记忆3576、本体感觉480、平衡感觉120、机身状态60、视觉运动1920、多巴胺200、抑制8000 共 143,796 个皮层神经元 ...
### ⑥ 环关+黑屏（种子 20260915）
  拍  高     歪  路程  力   视觉 听觉 前额叶 运动 运动记忆 本体感觉 平衡感觉 机身状态 视觉运动  在跑什么
   10 0.212   30  0.08  1.30      0   218  1092    13     0    13     0     0     0  
   20 0.186   40  0.18  0.00      0   216  1092     0     0    11     0     0     0  
   30 0.184   41  0.19  0.00      0   217  1092     0     0     8     0     0     0  
   40 0.184   41  0.19  0.00      0   218  1092     0     0     8     0     0     0  
   50 0.184   41  0.19  0.00      0   218  1092     0     0     8     0     0     0  
   60 0.184   41  0.19  0.00      0   218  1092     0     0     8     0     0     0  
   70 0.184   41  0.19  0.00      0   219  1092     0     0     8     0     0     0  
   80 0.184   41  0.19  0.00      0   219  1092     0     0    10     0     0     0  
   90 0.184   41  0.19  0.00      0   219  1092     0     0    12     0     0     0  
  100 0.184   41  0.19  0.00      0   219  1092     0     0    12     0     0     0  
  110 0.184   41  0.19  0.00      0   219  1092     0     0    12     0     0     0  
  120 0.184   41  0.19  0.00      0   219  1092     0     0    12     0     0     0  
  130 0.184   41  0.19  0.00      0   219  1092     0     0    12     0     0     0  
  140 0.184   41  0.19  0.00      0   219  1092     0     0    12     0     0     0  
  150 0.184   41  0.19  0.00      0   219  1092     0     0    12     0     0     0  
  160 0.184   41  0.19  0.00      0   219  1092     0     0    12     0     0     0  
  170 0.184   41  0.19  0.00      0   219  1092     0     0    12     0     0     0  
  180 0.184   41  0.19  0.00      0   219  1092     0     0    12     0     0     0  
  190 0.184   41  0.19  0.00      0   219  1092     0     0    12     0     0     0  
  200 0.184   41  0.19  0.00      0   219  1092     0     0    12     0     0     0  
  -> 挪 0.19 米，一次没翻，末高 0.184，末歪 41

======== 汇总（种子 20260915）========
  ① 原样（带环）                 第 76 拍翻  挪 1.00 米
  ② 环关掉（每拍重算）              没翻  挪 1.66 米
  ③ 前额叶按灭                  没翻  挪 1.28 米
  ④ 前额叶自压 0.002            没翻  挪 1.66 米
  ⑤ 黑屏（不红）                 没翻  挪 0.19 米
  ⑥ 环关+黑屏                  没翻  挪 0.19 米
