眼睛跟随（R6）：三幕轨迹，2b7bba 是眼的方位角，b03a2e 是球在视野里的方位角
这三条是 出一张图_论文_20260915.py 图6() 现场跑出来的，画 Figure 7 时写盘

== (a) object crossing the field  [小横着飘 {'球方位角': -25.0, '球半径': 0.05, '球横速': 0.5, '秒数': 5.0}] ==
  秒     球方位角     眼方位角
   0.00     -29.20      -0.20
   0.02     -28.66      -0.54
   0.04     -28.02      -0.99
   0.06     -27.30      -1.51
   0.08     -26.52      -2.09
   0.10     -25.71      -2.70
   0.12     -24.87      -3.35
   0.14     -24.01      -4.01
   0.16     -23.13      -4.69
   0.18     -22.24      -5.37
   0.20     -21.34      -6.07
   0.22     -20.44      -6.77
   0.24     -19.53      -7.47
   0.26     -18.62      -8.18
   0.28     -17.71      -8.89
   0.30     -16.79      -9.60
   0.32     -15.87     -10.31
   0.34     -14.95     -11.03
   0.36     -14.03     -11.74
   0.38     -13.11     -12.45
   0.40     -12.19     -13.17
   0.42     -11.26     -13.88
   0.44     -10.34     -14.59
   0.46      -9.41     -15.31
   0.48      -8.49     -16.02
   0.50      -7.56     -16.74
   0.52      -6.83     -17.25
   0.54      -6.25     -17.62
   0.56      -5.77     -17.89
   0.58      -5.36     -18.08
   0.60      -5.01     -18.22
   0.62      -4.69     -18.32
   0.64      -4.40     -18.39
   0.66      -4.13     -18.44
   0.68      -3.87     -18.48
   0.70      -3.63     -18.50
   0.72      -3.39     -18.52
   0.74      -3.15     -18.54
   0.76      -2.92     -18.55
   0.78      -2.69     -18.55
   0.80      -2.46     -18.56
   0.82      -2.23     -18.56
   0.84      -2.01     -18.56
   0.86      -1.78     -18.57
   0.88      -1.55     -18.57
   0.90      -1.32     -18.57
   0.92      -1.10     -18.57
   0.94      -0.87     -18.57
   0.96      -0.64     -18.57
   0.98      -0.41     -18.57
   1.00      -0.18     -18.57
   1.02       0.05     -18.57
   1.04       0.28     -18.57
   1.06       0.51     -18.57
   1.08       0.75     -18.57
   1.10       0.98     -18.57
   1.12       1.21     -18.57
   1.14       1.45     -18.57
   1.16       1.68     -18.57
   1.18       1.92     -18.57
   1.20       2.15     -18.57
   1.22       2.39     -18.57
   1.24       2.63     -18.57
   1.26       2.86     -18.57
   1.28       3.10     -18.57
   1.30       3.34     -18.57
   1.32       3.58     -18.57
   1.34       3.82     -18.57
   1.36       4.06     -18.57
   1.38       4.30     -18.57
   1.40       4.54     -18.57
   1.42       4.58     -18.37
   1.44       4.48     -18.03
   1.46       4.28     -17.58
   1.48       4.20     -17.26
   1.50       4.21     -17.03
   1.52       4.29     -16.86
   1.54       4.41     -16.74
   1.56       4.37     -16.45
   1.58       4.41     -16.24
   1.60       4.31     -15.90
   1.62       4.30     -15.65
   1.64       4.37     -15.46
   1.66       4.49     -15.33
   1.68       4.44     -15.04
   1.70       4.28     -14.63
   1.72       4.23     -14.33
   1.74       4.26     -14.12
   1.76       4.36     -13.97
   1.78       4.50     -13.86
   1.80       4.47     -13.58
   1.82       4.32     -13.17
   1.84       4.28     -12.89
   1.86       4.32     -12.68
   1.88       4.43     -12.53
   1.90       4.37     -12.22
   1.92       4.40     -12.00
   1.94       4.29     -11.64
   1.96       4.29     -11.38
   1.98       4.35     -11.19
   2.00       4.47     -11.06
   2.02       4.43     -10.76
   2.04       4.27     -10.35
   2.06       4.22     -10.05
   2.08       4.26      -9.84
   2.10       4.36      -9.68
   2.12       4.51      -9.57
   2.14       4.48      -9.29
   2.16       4.34      -8.89
   2.18       4.30      -8.60
   2.20       4.35      -8.39
   2.22       4.45      -8.24
   2.24       4.40      -7.93
   2.26       4.44      -7.71
   2.28       4.33      -7.35
   2.30       4.33      -7.09
   2.32       4.40      -6.91
   2.34       4.52      -6.77
   2.36       4.48      -6.48
   2.38       4.32      -6.06
   2.40       4.28      -5.77
   2.42       4.32      -5.55
   2.44       4.43      -5.40
   2.46       4.37      -5.09
   2.48       4.40      -4.86
   2.50       4.50      -4.70
   2.52       4.44      -4.38
   2.54       4.27      -3.96
   2.56       4.22      -3.65
   2.58       4.25      -3.43
   2.60       4.35      -3.27
   2.62       4.49      -3.15
   2.64       4.46      -2.87
   2.66       4.32      -2.47
   2.68       4.28      -2.18
   2.70       4.33      -1.97
   2.72       4.44      -1.82
   2.74       4.38      -1.51
   2.76       4.42      -1.29
   2.78       4.31      -0.93
   2.80       4.31      -0.67
   2.82       4.38      -0.48
   2.84       4.50      -0.35
   2.86       4.46      -0.05
   2.88       4.30       0.36
   2.90       4.26       0.66
   2.92       4.30       0.88
   2.94       4.40       1.03
   2.96       4.54       1.14
   2.98       4.51       1.42
   3.00       4.37       1.82
   3.02       4.33       2.11
   3.04       4.38       2.32
   3.06       4.48       2.47
   3.08       4.42       2.78
   3.10       4.25       3.20
   3.12       4.20       3.50
   3.14       4.24       3.72
   3.16       4.33       3.88
   3.18       4.47       3.99
   3.20       4.44       4.28
   3.22       4.28       4.68
   3.24       4.25       4.97
   3.26       4.29       5.18
   3.28       4.39       5.33
   3.30       4.53       5.44
   3.32       4.50       5.71
   3.34       4.35       6.11
   3.36       4.31       6.40
   3.38       4.35       6.61
   3.40       4.44       6.76
   3.42       4.38       7.07
   3.44       4.21       7.49
   3.46       4.15       7.79
   3.48       4.18       8.01
   3.50       4.26       8.17
   3.52       4.40       8.28
   3.54       4.36       8.56
   3.56       4.40       8.76
   3.58       4.30       9.11
   3.60       4.29       9.36
   3.62       4.35       9.54
   3.64       4.47       9.67
   3.66       4.41       9.96
   3.68       4.24      10.37
   3.70       4.19      10.67
   3.72       4.21      10.88
   3.74       4.30      11.03
   3.76       4.43      11.14
   3.78       4.39      11.42
   3.80       4.22      11.83
   3.82       4.17      12.11
   3.84       4.20      12.32
   3.86       4.28      12.47
   3.88       4.41      12.58
   3.90       4.37      12.86
   3.92       4.20      13.26
   3.94       4.15      13.55
   3.96       4.17      13.75
   3.98       4.25      13.90
   4.00       4.38      14.01
   4.02       4.33      14.29
   4.04       4.36      14.49
   4.06       4.25      14.83
   4.08       4.23      15.08
   4.10       4.28      15.26
   4.12       4.38      15.38
   4.14       4.31      15.68
   4.16       4.33      15.89
   4.18       4.20      16.24
   4.20       4.18      16.49
   4.22       4.22      16.67
   4.24       4.31      16.81
   4.26       4.44      16.90
   4.28       4.39      17.17
   4.30       4.22      17.56
   4.32       4.16      17.84
   4.34       4.18      18.05
   4.36       4.25      18.19
   4.38       4.36      18.30
   4.40       4.30      18.58
   4.42       4.32      18.77
   4.44       4.20      19.12
   4.46       4.17      19.36
   4.48       4.20      19.54
   4.50       4.29      19.67
   4.52       4.41      19.76
   4.54       4.36      20.03
   4.56       4.18      20.42
   4.58       4.11      20.70
   4.60       4.12      20.91
   4.62       4.18      21.05
   4.64       4.29      21.16
   4.66       4.22      21.43
   4.68       4.23      21.63
   4.70       4.29      21.78
   4.72       4.20      22.08
   4.74       4.18      22.30
   4.76       4.23      22.45
   4.78       4.32      22.57
   4.80       4.25      22.85
   4.82       4.25      23.05
   4.84       4.30      23.20
   4.86       4.20      23.50
   4.88       4.18      23.72
   4.90       4.22      23.88
   4.92       4.31      23.99
   4.94       4.22      24.27
   4.96       4.22      24.48
   4.98       4.27      24.62

== (b) object appearing at t = 2 s  [小突然出现 {'球方位角': 20.0, '球半径': 0.05, '出现时刻': 2.0, '秒数': 5.0}] ==
  秒     球方位角     眼方位角
   0.00        nan       0.00
   0.02        nan       0.00
   0.04        nan       0.00
   0.06        nan       0.00
   0.08        nan       0.00
   0.10        nan       0.00
   0.12        nan       0.00
   0.14        nan       0.00
   0.16        nan       0.00
   0.18        nan       0.00
   0.20        nan       0.00
   0.22        nan       0.00
   0.24        nan       0.00
   0.26        nan       0.00
   0.28        nan       0.00
   0.30        nan       0.00
   0.32        nan       0.00
   0.34        nan       0.00
   0.36        nan       0.00
   0.38        nan       0.00
   0.40        nan       0.00
   0.42        nan       0.00
   0.44        nan       0.00
   0.46        nan       0.00
   0.48        nan       0.00
   0.50        nan       0.00
   0.52        nan       0.00
   0.54        nan       0.00
   0.56        nan       0.00
   0.58        nan       0.00
   0.60        nan       0.00
   0.62        nan       0.00
   0.64        nan       0.00
   0.66        nan       0.00
   0.68        nan       0.00
   0.70        nan       0.00
   0.72        nan       0.00
   0.74        nan       0.00
   0.76        nan       0.00
   0.78        nan       0.00
   0.80        nan       0.00
   0.82        nan       0.00
   0.84        nan       0.00
   0.86        nan       0.00
   0.88        nan       0.00
   0.90        nan       0.00
   0.92        nan       0.00
   0.94        nan       0.00
   0.96        nan       0.00
   0.98        nan       0.00
   1.00        nan       0.00
   1.02        nan       0.00
   1.04        nan       0.00
   1.06        nan       0.00
   1.08        nan       0.00
   1.10        nan       0.00
   1.12        nan       0.00
   1.14        nan       0.00
   1.16        nan       0.00
   1.18        nan       0.00
   1.20        nan       0.00
   1.22        nan       0.00
   1.24        nan       0.00
   1.26        nan       0.00
   1.28        nan       0.00
   1.30        nan       0.00
   1.32        nan       0.00
   1.34        nan       0.00
   1.36        nan       0.00
   1.38        nan       0.00
   1.40        nan       0.00
   1.42        nan       0.00
   1.44        nan       0.00
   1.46        nan       0.00
   1.48        nan       0.00
   1.50        nan       0.00
   1.52        nan       0.00
   1.54        nan       0.00
   1.56        nan       0.00
   1.58        nan       0.00
   1.60        nan       0.00
   1.62        nan       0.00
   1.64        nan       0.00
   1.66        nan       0.00
   1.68        nan       0.00
   1.70        nan       0.00
   1.72        nan       0.00
   1.74        nan       0.00
   1.76        nan       0.00
   1.78        nan       0.00
   1.80        nan       0.00
   1.82        nan       0.00
   1.84        nan       0.00
   1.86        nan       0.00
   1.88        nan       0.00
   1.90        nan       0.00
   1.92        nan       0.00
   1.94        nan       0.00
   1.96        nan       0.00
   1.98        nan       0.00
   2.00      23.54       0.20
   2.02      23.20       0.54
   2.04      22.75       0.99
   2.06      22.23       1.51
   2.08      21.65       2.09
   2.10      21.04       2.70
   2.12      20.40       3.35
   2.14      19.73       4.01
   2.16      19.06       4.69
   2.18      18.37       5.37
   2.20      17.67       6.07
   2.22      16.97       6.77
   2.24      16.27       7.47
   2.26      15.56       8.18
   2.28      14.85       8.89
   2.30      14.14       9.60
   2.32      13.43      10.31
   2.34      12.72      11.03
   2.36      12.00      11.74
   2.38      11.29      12.45
   2.40      10.58      13.17
   2.42       9.86      13.88
   2.44       9.15      14.59
   2.46       8.44      15.31
   2.48       7.72      16.02
   2.50       7.01      16.74
   2.52       6.29      17.45
   2.54       5.58      18.16
   2.56       4.87      18.88
   2.58       4.15      19.59
   2.60       3.64      20.11
   2.62       3.27      20.48
   2.64       3.00      20.74
   2.66       2.81      20.93
   2.68       2.67      21.07
   2.70       2.57      21.17
   2.72       2.50      21.24
   2.74       2.45      21.30
   2.76       2.41      21.33
   2.78       2.38      21.36
   2.80       2.36      21.38
   2.82       2.35      21.39
   2.84       2.34      21.40
   2.86       2.33      21.41
   2.88       2.33      21.42
   2.90       2.32      21.42
   2.92       2.32      21.42
   2.94       2.32      21.42
   2.96       2.32      21.42
   2.98       2.32      21.43
   3.00       2.32      21.43
   3.02       2.32      21.43
   3.04       2.32      21.43
   3.06       2.31      21.43
   3.08       2.31      21.43
   3.10       2.31      21.43
   3.12       2.31      21.43
   3.14       2.31      21.43
   3.16       2.31      21.43
   3.18       2.31      21.43
   3.20       2.31      21.43
   3.22       2.31      21.43
   3.24       2.31      21.43
   3.26       2.31      21.43
   3.28       2.31      21.43
   3.30       2.31      21.43
   3.32       2.31      21.43
   3.34       2.31      21.43
   3.36       2.31      21.43
   3.38       2.31      21.43
   3.40       2.31      21.43
   3.42       2.31      21.43
   3.44       2.31      21.43
   3.46       2.31      21.43
   3.48       2.31      21.43
   3.50       2.31      21.43
   3.52       2.31      21.43
   3.54       2.31      21.43
   3.56       2.31      21.43
   3.58       2.31      21.43
   3.60       2.31      21.43
   3.62       2.31      21.43
   3.64       2.31      21.43
   3.66       2.31      21.43
   3.68       2.31      21.43
   3.70       2.31      21.43
   3.72       2.31      21.43
   3.74       2.31      21.43
   3.76       2.31      21.43
   3.78       2.31      21.43
   3.80       2.31      21.43
   3.82       2.31      21.43
   3.84       2.31      21.43
   3.86       2.31      21.43
   3.88       2.31      21.43
   3.90       2.31      21.43
   3.92       2.31      21.43
   3.94       2.31      21.43
   3.96       2.31      21.43
   3.98       2.31      21.43
   4.00       2.31      21.43
   4.02       2.31      21.43
   4.04       2.31      21.43
   4.06       2.31      21.43
   4.08       2.31      21.43
   4.10       2.31      21.43
   4.12       2.31      21.43
   4.14       2.31      21.43
   4.16       2.31      21.43
   4.18       2.31      21.43
   4.20       2.31      21.43
   4.22       2.31      21.43
   4.24       2.31      21.43
   4.26       2.31      21.43
   4.28       2.31      21.43
   4.30       2.31      21.43
   4.32       2.31      21.43
   4.34       2.31      21.43
   4.36       2.31      21.43
   4.38       2.31      21.43
   4.40       2.31      21.43
   4.42       2.31      21.43
   4.44       2.31      21.43
   4.46       2.31      21.43
   4.48       2.31      21.43
   4.50       2.31      21.43
   4.52       2.31      21.43
   4.54       2.31      21.43
   4.56       2.31      21.43
   4.58       2.31      21.43
   4.60       2.31      21.43
   4.62       2.31      21.43
   4.64       2.31      21.43
   4.66       2.31      21.43
   4.68       2.31      21.43
   4.70       2.31      21.43
   4.72       2.31      21.43
   4.74       2.31      21.43
   4.76       2.31      21.43
   4.78       2.31      21.43
   4.80       2.31      21.43
   4.82       2.31      21.43
   4.84       2.31      21.43
   4.86       2.31      21.43
   4.88       2.31      21.43
   4.90       2.31      21.43
   4.92       2.31      21.43
   4.94       2.31      21.43
   4.96       2.31      21.43
   4.98       2.31      21.43

== (c) empty scene (control)  [空场 {'球方位角': 0.0, '球半径': 0.05, '出现时刻': 999.0, '秒数': 3.0}] ==
  秒     球方位角     眼方位角
   0.00        nan       0.00
   0.02        nan       0.00
   0.04        nan       0.00
   0.06        nan       0.00
   0.08        nan       0.00
   0.10        nan       0.00
   0.12        nan       0.00
   0.14        nan       0.00
   0.16        nan       0.00
   0.18        nan       0.00
   0.20        nan       0.00
   0.22        nan       0.00
   0.24        nan       0.00
   0.26        nan       0.00
   0.28        nan       0.00
   0.30        nan       0.00
   0.32        nan       0.00
   0.34        nan       0.00
   0.36        nan       0.00
   0.38        nan       0.00
   0.40        nan       0.00
   0.42        nan       0.00
   0.44        nan       0.00
   0.46        nan       0.00
   0.48        nan       0.00
   0.50        nan       0.00
   0.52        nan       0.00
   0.54        nan       0.00
   0.56        nan       0.00
   0.58        nan       0.00
   0.60        nan       0.00
   0.62        nan       0.00
   0.64        nan       0.00
   0.66        nan       0.00
   0.68        nan       0.00
   0.70        nan       0.00
   0.72        nan       0.00
   0.74        nan       0.00
   0.76        nan       0.00
   0.78        nan       0.00
   0.80        nan       0.00
   0.82        nan       0.00
   0.84        nan       0.00
   0.86        nan       0.00
   0.88        nan       0.00
   0.90        nan       0.00
   0.92        nan       0.00
   0.94        nan       0.00
   0.96        nan       0.00
   0.98        nan       0.00
   1.00        nan       0.00
   1.02        nan       0.00
   1.04        nan       0.00
   1.06        nan       0.00
   1.08        nan       0.00
   1.10        nan       0.00
   1.12        nan       0.00
   1.14        nan       0.00
   1.16        nan       0.00
   1.18        nan       0.00
   1.20        nan       0.00
   1.22        nan       0.00
   1.24        nan       0.00
   1.26        nan       0.00
   1.28        nan       0.00
   1.30        nan       0.00
   1.32        nan       0.00
   1.34        nan       0.00
   1.36        nan       0.00
   1.38        nan       0.00
   1.40        nan       0.00
   1.42        nan       0.00
   1.44        nan       0.00
   1.46        nan       0.00
   1.48        nan       0.00
   1.50        nan       0.00
   1.52        nan       0.00
   1.54        nan       0.00
   1.56        nan       0.00
   1.58        nan       0.00
   1.60        nan       0.00
   1.62        nan       0.00
   1.64        nan       0.00
   1.66        nan       0.00
   1.68        nan       0.00
   1.70        nan       0.00
   1.72        nan       0.00
   1.74        nan       0.00
   1.76        nan       0.00
   1.78        nan       0.00
   1.80        nan       0.00
   1.82        nan       0.00
   1.84        nan       0.00
   1.86        nan       0.00
   1.88        nan       0.00
   1.90        nan       0.00
   1.92        nan       0.00
   1.94        nan       0.00
   1.96        nan       0.00
   1.98        nan       0.00
   2.00        nan       0.00
   2.02        nan       0.00
   2.04        nan       0.00
   2.06        nan       0.00
   2.08        nan       0.00
   2.10        nan       0.00
   2.12        nan       0.00
   2.14        nan       0.00
   2.16        nan       0.00
   2.18        nan       0.00
   2.20        nan       0.00
   2.22        nan       0.00
   2.24        nan       0.00
   2.26        nan       0.00
   2.28        nan       0.00
   2.30        nan       0.00
   2.32        nan       0.00
   2.34        nan       0.00
   2.36        nan       0.00
   2.38        nan       0.00
   2.40        nan       0.00
   2.42        nan       0.00
   2.44        nan       0.00
   2.46        nan       0.00
   2.48        nan       0.00
   2.50        nan       0.00
   2.52        nan       0.00
   2.54        nan       0.00
   2.56        nan       0.00
   2.58        nan       0.00
   2.60        nan       0.00
   2.62        nan       0.00
   2.64        nan       0.00
   2.66        nan       0.00
   2.68        nan       0.00
   2.70        nan       0.00
   2.72        nan       0.00
   2.74        nan       0.00
   2.76        nan       0.00
   2.78        nan       0.00
   2.80        nan       0.00
   2.82        nan       0.00
   2.84        nan       0.00
   2.86        nan       0.00
   2.88        nan       0.00
   2.90        nan       0.00
   2.92        nan       0.00
   2.94        nan       0.00
   2.96        nan       0.00
   2.98        nan       0.00
