================================================================================================
把同一条注视本能接在视觉网不同的层上（球半径 0.05 = 一个格子那么大，从左边飘到右边）
================================================================================================

------------------------------------------------------------------------------------------------
【完全不接（对照）】
建皮层连接网：视觉23040、视觉细节23040、听觉30000、前额叶53200、运动160、运动记忆3576、本体感觉480、平衡感觉120、机身状态60、视觉运动1920、抑制8000 共 143,596 个皮层神经元 ...
============================================================================================================
【完全不接（对照）】球：方位 -25 度、高 0.60 米、半径 0.05 米；横速 +0.50、竖速 +0.00 米/秒；眼睛一开始朝 +0 度
本能连接 272,612 根；皮层 143,596 个神经元
------------------------------------------------------------------------------------------------------------
    时间 | 球在视角里          | 眼睛朝哪           | 眼肌档(右左上下)     | 第4层名字(看球在…)            | 第1层名字(细_…)｜刚动过
------------------------------------------------------------------------------------------------------------
末了：球在视角里 左右 +28.9 度、上下 -0.8 度；眼睛朝 左右 +0.0 度、上下 +0.0 度
球离视线中心：平均 15.3 度，最远 29.4 度（0 = 正好盯着；只算球还在视野里的时候）

------------------------------------------------------------------------------------------------
【接在第 1 层】
建皮层连接网：视觉23040、视觉细节23040、听觉30000、前额叶53200、运动160、运动记忆3576、本体感觉480、平衡感觉120、机身状态60、视觉运动1920、抑制8000 共 143,596 个皮层神经元 ...
============================================================================================================
【接在第1层】球：方位 -25 度、高 0.60 米、半径 0.05 米；横速 +0.50、竖速 +0.00 米/秒；眼睛一开始朝 +0 度
本能连接 304,622 根；皮层 143,596 个神经元
------------------------------------------------------------------------------------------------------------
    时间 | 球在视角里          | 眼睛朝哪           | 眼肌档(右左上下)     | 第4层名字(看球在…)            | 第1层名字(细_…)｜刚动过
------------------------------------------------------------------------------------------------------------
末了：球在视角里 左右 +4.3 度、上下 -0.8 度；眼睛朝 左右 +24.6 度、上下 +0.0 度
球离视线中心：平均 5.6 度，最远 29.2 度（0 = 正好盯着；只算球还在视野里的时候）

================================================================================================
【总表】小球在视野里离视线中心多远（0 = 正好盯着；越小越好）
    接在哪层 |    写进去/总规则 |      平均偏离(度) |      末了眼朝(度) |      球停在中间
------------------------------------------------------------------------------------------------
      不接 |       240/585 |         15.3 |          0.0 |     144/250
     第1层 |       585/585 |          5.6 |         24.6 |     243/250

每层标定出来有几个名字（共 16 个）：
  第1层： 18 个名字非空  细_列0(9)、细_列1(6)、细_列2(7)、细_列3(7)、细_列4(5)、细_列5(6) …
