================================================================================================
把本能表里的接线按比例换掉（方式：挪一格），再量三条通路：走路 / 踏步 / 眼睛跟住
================================================================================================
建皮层连接网：视觉23040、视觉细节23040、听觉30000、前额叶53200、运动160、运动记忆3576、本体感觉480、平衡感觉120、机身状态60、视觉运动1920、抑制8000 共 143,596 个皮层神经元 ...
建皮层连接网：视觉23040、视觉细节23040、听觉30000、前额叶53200、运动160、运动记忆3576、本体感觉480、平衡感觉120、机身状态60、视觉运动1920、抑制8000 共 143,596 个皮层神经元 ...
============================================================================================================
【模糊化 0%】球：方位 -25 度、高 0.60 米、半径 0.05 米；横速 +0.50、竖速 +0.00 米/秒；眼睛一开始朝 +0 度
本能连接 304,622 根；皮层 143,596 个神经元
------------------------------------------------------------------------------------------------------------
    时间 | 球在视角里          | 眼睛朝哪           | 眼肌档(右左上下)     | 第4层名字(看球在…)            | 第1层名字(细_…)｜刚动过
------------------------------------------------------------------------------------------------------------
末了：球在视角里 左右 +4.3 度、上下 -0.8 度；眼睛朝 左右 +24.6 度、上下 +0.0 度
球离视线中心：平均 5.6 度，最远 29.2 度（0 = 正好盯着；只算球还在视野里的时候）
【挪一格   0%】本能表 585 条，换掉 0 条；走路两半还剩 2/2
        ① 红 → 走路 7/8   ② 响 → 踏步 6/8   ③ 小球 → 眼睛 平均偏离 5.6 度（末了眼 +24.6）
建皮层连接网：视觉23040、视觉细节23040、听觉30000、前额叶53200、运动160、运动记忆3576、本体感觉480、平衡感觉120、机身状态60、视觉运动1920、抑制8000 共 143,596 个皮层神经元 ...
建皮层连接网：视觉23040、视觉细节23040、听觉30000、前额叶53200、运动160、运动记忆3576、本体感觉480、平衡感觉120、机身状态60、视觉运动1920、抑制8000 共 143,596 个皮层神经元 ...
============================================================================================================
【模糊化 10%】球：方位 -25 度、高 0.60 米、半径 0.05 米；横速 +0.50、竖速 +0.00 米/秒；眼睛一开始朝 +0 度
本能连接 275,706 根；皮层 143,596 个神经元
------------------------------------------------------------------------------------------------------------
    时间 | 球在视角里          | 眼睛朝哪           | 眼肌档(右左上下)     | 第4层名字(看球在…)            | 第1层名字(细_…)｜刚动过
------------------------------------------------------------------------------------------------------------
末了：球在视角里 左右 +4.3 度、上下 -0.8 度；眼睛朝 左右 +24.6 度、上下 +0.0 度
球离视线中心：平均 6.3 度，最远 29.2 度（0 = 正好盯着；只算球还在视野里的时候）
【挪一格  10%】本能表 585 条，换掉 58 条；走路两半还剩 2/2
        ① 红 → 走路 7/8   ② 响 → 踏步 6/8   ③ 小球 → 眼睛 平均偏离 6.3 度（末了眼 +24.6）
建皮层连接网：视觉23040、视觉细节23040、听觉30000、前额叶53200、运动160、运动记忆3576、本体感觉480、平衡感觉120、机身状态60、视觉运动1920、抑制8000 共 143,596 个皮层神经元 ...
建皮层连接网：视觉23040、视觉细节23040、听觉30000、前额叶53200、运动160、运动记忆3576、本体感觉480、平衡感觉120、机身状态60、视觉运动1920、抑制8000 共 143,596 个皮层神经元 ...
============================================================================================================
【模糊化 20%】球：方位 -25 度、高 0.60 米、半径 0.05 米；横速 +0.50、竖速 +0.00 米/秒；眼睛一开始朝 +0 度
本能连接 307,113 根；皮层 143,596 个神经元
------------------------------------------------------------------------------------------------------------
    时间 | 球在视角里          | 眼睛朝哪           | 眼肌档(右左上下)     | 第4层名字(看球在…)            | 第1层名字(细_…)｜刚动过
------------------------------------------------------------------------------------------------------------
末了：球在视角里 左右 +38.9 度、上下 -30.8 度；眼睛朝 左右 -10.0 度、上下 +30.0 度
球离视线中心：平均 19.8 度，最远 38.9 度（0 = 正好盯着；只算球还在视野里的时候）
【挪一格  20%】本能表 585 条，换掉 100 条；走路两半还剩 1/2
        ① 红 → 走路 0/8   ② 响 → 踏步 7/8   ③ 小球 → 眼睛 平均偏离 19.8 度（末了眼 -10.0）
建皮层连接网：视觉23040、视觉细节23040、听觉30000、前额叶53200、运动160、运动记忆3576、本体感觉480、平衡感觉120、机身状态60、视觉运动1920、抑制8000 共 143,596 个皮层神经元 ...
建皮层连接网：视觉23040、视觉细节23040、听觉30000、前额叶53200、运动160、运动记忆3576、本体感觉480、平衡感觉120、机身状态60、视觉运动1920、抑制8000 共 143,596 个皮层神经元 ...
============================================================================================================
【模糊化 35%】球：方位 -25 度、高 0.60 米、半径 0.05 米；横速 +0.50、竖速 +0.00 米/秒；眼睛一开始朝 +0 度
本能连接 320,131 根；皮层 143,596 个神经元
------------------------------------------------------------------------------------------------------------
    时间 | 球在视角里          | 眼睛朝哪           | 眼肌档(右左上下)     | 第4层名字(看球在…)            | 第1层名字(细_…)｜刚动过
------------------------------------------------------------------------------------------------------------
末了：球在视角里 左右 -1.1 度、上下 +1.2 度；眼睛朝 左右 +30.0 度、上下 -2.0 度
球离视线中心：平均 23.6 度，最远 41.3 度（0 = 正好盯着；只算球还在视野里的时候）
【挪一格  35%】本能表 585 条，换掉 192 条；走路两半还剩 2/2
        ① 红 → 走路 7/8   ② 响 → 踏步 6/8   ③ 小球 → 眼睛 平均偏离 23.6 度（末了眼 +30.0）
建皮层连接网：视觉23040、视觉细节23040、听觉30000、前额叶53200、运动160、运动记忆3576、本体感觉480、平衡感觉120、机身状态60、视觉运动1920、抑制8000 共 143,596 个皮层神经元 ...
建皮层连接网：视觉23040、视觉细节23040、听觉30000、前额叶53200、运动160、运动记忆3576、本体感觉480、平衡感觉120、机身状态60、视觉运动1920、抑制8000 共 143,596 个皮层神经元 ...
============================================================================================================
【模糊化 50%】球：方位 -25 度、高 0.60 米、半径 0.05 米；横速 +0.50、竖速 +0.00 米/秒；眼睛一开始朝 +0 度
本能连接 235,510 根；皮层 143,596 个神经元
------------------------------------------------------------------------------------------------------------
    时间 | 球在视角里          | 眼睛朝哪           | 眼肌档(右左上下)     | 第4层名字(看球在…)            | 第1层名字(细_…)｜刚动过
------------------------------------------------------------------------------------------------------------
末了：球在视角里 左右 +29.8 度、上下 -30.8 度；眼睛朝 左右 -0.9 度、上下 +30.0 度
球离视线中心：平均 29.2 度，最远 30.9 度（0 = 正好盯着；只算球还在视野里的时候）
【挪一格  50%】本能表 585 条，换掉 323 条；走路两半还剩 1/2
        ① 红 → 走路 0/8   ② 响 → 踏步 6/8   ③ 小球 → 眼睛 平均偏离 29.2 度（末了眼 -0.9）
建皮层连接网：视觉23040、视觉细节23040、听觉30000、前额叶53200、运动160、运动记忆3576、本体感觉480、平衡感觉120、机身状态60、视觉运动1920、抑制8000 共 143,596 个皮层神经元 ...
建皮层连接网：视觉23040、视觉细节23040、听觉30000、前额叶53200、运动160、运动记忆3576、本体感觉480、平衡感觉120、机身状态60、视觉运动1920、抑制8000 共 143,596 个皮层神经元 ...
============================================================================================================
【模糊化 75%】球：方位 -25 度、高 0.60 米、半径 0.05 米；横速 +0.50、竖速 +0.00 米/秒；眼睛一开始朝 +0 度
本能连接 276,651 根；皮层 143,596 个神经元
------------------------------------------------------------------------------------------------------------
    时间 | 球在视角里          | 眼睛朝哪           | 眼肌档(右左上下)     | 第4层名字(看球在…)            | 第1层名字(细_…)｜刚动过
------------------------------------------------------------------------------------------------------------
末了：球在视角里 左右 +2.5 度、上下 -0.8 度；眼睛朝 左右 +26.3 度、上下 +0.0 度
球离视线中心：平均 17.7 度，最远 29.4 度（0 = 正好盯着；只算球还在视野里的时候）
【挪一格  75%】本能表 585 条，换掉 416 条；走路两半还剩 1/2
        ① 红 → 走路 0/8   ② 响 → 踏步 6/8   ③ 小球 → 眼睛 平均偏离 17.7 度（末了眼 +26.3）
建皮层连接网：视觉23040、视觉细节23040、听觉30000、前额叶53200、运动160、运动记忆3576、本体感觉480、平衡感觉120、机身状态60、视觉运动1920、抑制8000 共 143,596 个皮层神经元 ...
建皮层连接网：视觉23040、视觉细节23040、听觉30000、前额叶53200、运动160、运动记忆3576、本体感觉480、平衡感觉120、机身状态60、视觉运动1920、抑制8000 共 143,596 个皮层神经元 ...
============================================================================================================
【模糊化 100%】球：方位 -25 度、高 0.60 米、半径 0.05 米；横速 +0.50、竖速 +0.00 米/秒；眼睛一开始朝 +0 度
本能连接 279,431 根；皮层 143,596 个神经元
------------------------------------------------------------------------------------------------------------
    时间 | 球在视角里          | 眼睛朝哪           | 眼肌档(右左上下)     | 第4层名字(看球在…)            | 第1层名字(细_…)｜刚动过
------------------------------------------------------------------------------------------------------------
末了：球在视角里 左右 +35.2 度、上下 -0.8 度；眼睛朝 左右 -6.3 度、上下 +0.0 度
球离视线中心：平均 18.2 度，最远 35.2 度（0 = 正好盯着；只算球还在视野里的时候）
【挪一格 100%】本能表 585 条，换掉 585 条；走路两半还剩 0/2
        ① 红 → 走路 0/8   ② 响 → 踏步 6/8   ③ 小球 → 眼睛 平均偏离 18.2 度（末了眼 -6.3）

================================================================================================
【总表 · 挪一格】
    换掉比例 |       换掉条数 |         红→走路 |         响→踏步 |       眼睛平均偏离
------------------------------------------------------------------------------------------------
      0% |      0/585 |          7/8 |          6/8 |         5.6 度
     10% |     58/585 |          7/8 |          6/8 |         6.3 度
     20% |    100/585 |          0/8 |          7/8 |        19.8 度
     35% |    192/585 |          7/8 |          6/8 |        23.6 度
     50% |    323/585 |          0/8 |          6/8 |        29.2 度
     75% |    416/585 |          0/8 |          6/8 |        17.7 度
    100% |    585/585 |          0/8 |          6/8 |        18.2 度

（红→走路、响→踏步满分 8 拍；眼睛偏离越小越好：接对了 5.6 度，完全不接 15.3 度）
