====================================================================================================
先天连线模糊化：剂量-反应曲线（每一档嵌套，抽 3 个独立顺序）
判活：红→走路 >= 6/8 拍；响→踏步 >= 4/8 拍；眼睛平均偏离 <= 12.0 度
====================================================================================================
建皮层连接网：视觉23040、视觉细节23040、听觉30000、前额叶57436、运动160、运动记忆3576、本体感觉480、平衡感觉120、机身状态60、视觉运动1920、多巴胺200、抑制8000 共 148,032 个皮层神经元 ...
建皮层连接网：视觉23040、视觉细节23040、听觉30000、前额叶57436、运动160、运动记忆3576、本体感觉480、平衡感觉120、机身状态60、视觉运动1920、多巴胺200、抑制8000 共 148,032 个皮层神经元 ...
============================================================================================================
【p=0%】球：方位 -25 度、高 0.60 米、半径 0.05 米；横速 +0.50、竖速 +0.00 米/秒；眼睛一开始朝 +0 度
本能连接 309,148 根；皮层 148,032 个神经元
------------------------------------------------------------------------------------------------------------
    时间 | 球在视角里          | 眼睛朝哪           | 眼肌档(右左上下)     | 第4层名字(看球在…)            | 第1层名字(细_…)｜刚动过
------------------------------------------------------------------------------------------------------------
末了：球在视角里 左右 +4.5 度、上下 -0.9 度；眼睛朝 左右 +13.7 度、上下 +0.0 度
球离视线中心：平均 5.9 度，最远 29.2 度（0 = 正好盯着；只算球还在视野里的时候）
[随机乱接 基准] 换掉 0 条：走红 7/8、听响 7/8、眼睛 5.9 度
建皮层连接网：视觉23040、视觉细节23040、听觉30000、前额叶57436、运动160、运动记忆3576、本体感觉480、平衡感觉120、机身状态60、视觉运动1920、多巴胺200、抑制8000 共 148,032 个皮层神经元 ...
建皮层连接网：视觉23040、视觉细节23040、听觉30000、前额叶57436、运动160、运动记忆3576、本体感觉480、平衡感觉120、机身状态60、视觉运动1920、多巴胺200、抑制8000 共 148,032 个皮层神经元 ...
============================================================================================================
【p=10%】球：方位 -25 度、高 0.60 米、半径 0.05 米；横速 +0.50、竖速 +0.00 米/秒；眼睛一开始朝 +0 度
本能连接 282,178 根；皮层 148,032 个神经元
------------------------------------------------------------------------------------------------------------
    时间 | 球在视角里          | 眼睛朝哪           | 眼肌档(右左上下)     | 第4层名字(看球在…)            | 第1层名字(细_…)｜刚动过
------------------------------------------------------------------------------------------------------------
末了：球在视角里 左右 +4.5 度、上下 -0.9 度；眼睛朝 左右 +13.7 度、上下 +0.0 度
球离视线中心：平均 5.9 度，最远 29.2 度（0 = 正好盯着；只算球还在视野里的时候）
[随机乱接 第1抽  10%] 换掉  59/587 条，走路两半剩 2/2：走红 7/8、听响 7/8、眼睛 5.9 度
建皮层连接网：视觉23040、视觉细节23040、听觉30000、前额叶57436、运动160、运动记忆3576、本体感觉480、平衡感觉120、机身状态60、视觉运动1920、多巴胺200、抑制8000 共 148,032 个皮层神经元 ...
建皮层连接网：视觉23040、视觉细节23040、听觉30000、前额叶57436、运动160、运动记忆3576、本体感觉480、平衡感觉120、机身状态60、视觉运动1920、多巴胺200、抑制8000 共 148,032 个皮层神经元 ...
============================================================================================================
【p=25%】球：方位 -25 度、高 0.60 米、半径 0.05 米；横速 +0.50、竖速 +0.00 米/秒；眼睛一开始朝 +0 度
本能连接 268,000 根；皮层 148,032 个神经元
------------------------------------------------------------------------------------------------------------
    时间 | 球在视角里          | 眼睛朝哪           | 眼肌档(右左上下)     | 第4层名字(看球在…)            | 第1层名字(细_…)｜刚动过
------------------------------------------------------------------------------------------------------------
末了：球在视角里 左右 +48.2 度、上下 +13.3 度；眼睛朝 左右 -30.0 度、上下 -14.2 度
球离视线中心：平均 21.8 度，最远 44.9 度（0 = 正好盯着；只算球还在视野里的时候）
[随机乱接 第1抽  25%] 换掉 147/587 条，走路两半剩 2/2：走红 7/8、听响 7/8、眼睛 21.8 度
建皮层连接网：视觉23040、视觉细节23040、听觉30000、前额叶57436、运动160、运动记忆3576、本体感觉480、平衡感觉120、机身状态60、视觉运动1920、多巴胺200、抑制8000 共 148,032 个皮层神经元 ...
建皮层连接网：视觉23040、视觉细节23040、听觉30000、前额叶57436、运动160、运动记忆3576、本体感觉480、平衡感觉120、机身状态60、视觉运动1920、多巴胺200、抑制8000 共 148,032 个皮层神经元 ...
============================================================================================================
【p=50%】球：方位 -25 度、高 0.60 米、半径 0.05 米；横速 +0.50、竖速 +0.00 米/秒；眼睛一开始朝 +0 度
本能连接 292,843 根；皮层 148,032 个神经元
------------------------------------------------------------------------------------------------------------
    时间 | 球在视角里          | 眼睛朝哪           | 眼肌档(右左上下)     | 第4层名字(看球在…)            | 第1层名字(细_…)｜刚动过
------------------------------------------------------------------------------------------------------------
末了：球在视角里 左右 +19.9 度、上下 -17.6 度；眼睛朝 左右 -1.8 度、上下 +16.7 度
球离视线中心：平均 14.8 度，最远 29.4 度（0 = 正好盯着；只算球还在视野里的时候）
[随机乱接 第1抽  50%] 换掉 294/587 条，走路两半剩 0/2：走红 0/8、听响 7/8、眼睛 14.8 度
建皮层连接网：视觉23040、视觉细节23040、听觉30000、前额叶57436、运动160、运动记忆3576、本体感觉480、平衡感觉120、机身状态60、视觉运动1920、多巴胺200、抑制8000 共 148,032 个皮层神经元 ...
建皮层连接网：视觉23040、视觉细节23040、听觉30000、前额叶57436、运动160、运动记忆3576、本体感觉480、平衡感觉120、机身状态60、视觉运动1920、多巴胺200、抑制8000 共 148,032 个皮层神经元 ...
============================================================================================================
【p=75%】球：方位 -25 度、高 0.60 米、半径 0.05 米；横速 +0.50、竖速 +0.00 米/秒；眼睛一开始朝 +0 度
本能连接 259,608 根；皮层 148,032 个神经元
------------------------------------------------------------------------------------------------------------
    时间 | 球在视角里          | 眼睛朝哪           | 眼肌档(右左上下)     | 第4层名字(看球在…)            | 第1层名字(细_…)｜刚动过
------------------------------------------------------------------------------------------------------------
末了：球在视角里 左右 +48.2 度、上下 +10.7 度；眼睛朝 左右 -30.0 度、上下 -11.6 度
球离视线中心：平均 23.6 度，最远 44.9 度（0 = 正好盯着；只算球还在视野里的时候）
[随机乱接 第1抽  75%] 换掉 440/587 条，走路两半剩 1/2：走红 0/8、听响 7/8、眼睛 23.6 度
建皮层连接网：视觉23040、视觉细节23040、听觉30000、前额叶57436、运动160、运动记忆3576、本体感觉480、平衡感觉120、机身状态60、视觉运动1920、多巴胺200、抑制8000 共 148,032 个皮层神经元 ...
建皮层连接网：视觉23040、视觉细节23040、听觉30000、前额叶57436、运动160、运动记忆3576、本体感觉480、平衡感觉120、机身状态60、视觉运动1920、多巴胺200、抑制8000 共 148,032 个皮层神经元 ...
============================================================================================================
【p=100%】球：方位 -25 度、高 0.60 米、半径 0.05 米；横速 +0.50、竖速 +0.00 米/秒；眼睛一开始朝 +0 度
本能连接 301,082 根；皮层 148,032 个神经元
------------------------------------------------------------------------------------------------------------
    时间 | 球在视角里          | 眼睛朝哪           | 眼肌档(右左上下)     | 第4层名字(看球在…)            | 第1层名字(细_…)｜刚动过
------------------------------------------------------------------------------------------------------------
末了：球在视角里 左右 +1.7 度、上下 -0.9 度；眼睛朝 左右 +16.5 度、上下 +0.0 度
球离视线中心：平均 13.6 度，最远 29.3 度（0 = 正好盯着；只算球还在视野里的时候）
[随机乱接 第1抽 100%] 换掉 587/587 条，走路两半剩 0/2：走红 0/8、听响 7/8、眼睛 13.6 度
建皮层连接网：视觉23040、视觉细节23040、听觉30000、前额叶57436、运动160、运动记忆3576、本体感觉480、平衡感觉120、机身状态60、视觉运动1920、多巴胺200、抑制8000 共 148,032 个皮层神经元 ...
建皮层连接网：视觉23040、视觉细节23040、听觉30000、前额叶57436、运动160、运动记忆3576、本体感觉480、平衡感觉120、机身状态60、视觉运动1920、多巴胺200、抑制8000 共 148,032 个皮层神经元 ...
============================================================================================================
【p=10%】球：方位 -25 度、高 0.60 米、半径 0.05 米；横速 +0.50、竖速 +0.00 米/秒；眼睛一开始朝 +0 度
本能连接 276,244 根；皮层 148,032 个神经元
------------------------------------------------------------------------------------------------------------
    时间 | 球在视角里          | 眼睛朝哪           | 眼肌档(右左上下)     | 第4层名字(看球在…)            | 第1层名字(细_…)｜刚动过
------------------------------------------------------------------------------------------------------------
末了：球在视角里 左右 +4.3 度、上下 -0.9 度；眼睛朝 左右 +13.9 度、上下 +0.0 度
球离视线中心：平均 6.4 度，最远 29.2 度（0 = 正好盯着；只算球还在视野里的时候）
[随机乱接 第2抽  10%] 换掉  59/587 条，走路两半剩 2/2：走红 7/8、听响 7/8、眼睛 6.4 度
建皮层连接网：视觉23040、视觉细节23040、听觉30000、前额叶57436、运动160、运动记忆3576、本体感觉480、平衡感觉120、机身状态60、视觉运动1920、多巴胺200、抑制8000 共 148,032 个皮层神经元 ...
建皮层连接网：视觉23040、视觉细节23040、听觉30000、前额叶57436、运动160、运动记忆3576、本体感觉480、平衡感觉120、机身状态60、视觉运动1920、多巴胺200、抑制8000 共 148,032 个皮层神经元 ...
============================================================================================================
【p=25%】球：方位 -25 度、高 0.60 米、半径 0.05 米；横速 +0.50、竖速 +0.00 米/秒；眼睛一开始朝 +0 度
本能连接 322,781 根；皮层 148,032 个神经元
------------------------------------------------------------------------------------------------------------
    时间 | 球在视角里          | 眼睛朝哪           | 眼肌档(右左上下)     | 第4层名字(看球在…)            | 第1层名字(细_…)｜刚动过
------------------------------------------------------------------------------------------------------------
末了：球在视角里 左右 +15.2 度、上下 -29.1 度；眼睛朝 左右 +3.0 度、上下 +28.3 度
球离视线中心：平均 21.9 度，最远 29.5 度（0 = 正好盯着；只算球还在视野里的时候）
[随机乱接 第2抽  25%] 换掉 147/587 条，走路两半剩 2/2：走红 7/8、听响 7/8、眼睛 21.9 度
建皮层连接网：视觉23040、视觉细节23040、听觉30000、前额叶57436、运动160、运动记忆3576、本体感觉480、平衡感觉120、机身状态60、视觉运动1920、多巴胺200、抑制8000 共 148,032 个皮层神经元 ...
建皮层连接网：视觉23040、视觉细节23040、听觉30000、前额叶57436、运动160、运动记忆3576、本体感觉480、平衡感觉120、机身状态60、视觉运动1920、多巴胺200、抑制8000 共 148,032 个皮层神经元 ...
============================================================================================================
【p=50%】球：方位 -25 度、高 0.60 米、半径 0.05 米；横速 +0.50、竖速 +0.00 米/秒；眼睛一开始朝 +0 度
本能连接 282,877 根；皮层 148,032 个神经元
------------------------------------------------------------------------------------------------------------
    时间 | 球在视角里          | 眼睛朝哪           | 眼肌档(右左上下)     | 第4层名字(看球在…)            | 第1层名字(细_…)｜刚动过
------------------------------------------------------------------------------------------------------------
末了：球在视角里 左右 +18.1 度、上下 -0.9 度；眼睛朝 左右 +0.1 度、上下 +0.0 度
球离视线中心：平均 9.8 度，最远 29.2 度（0 = 正好盯着；只算球还在视野里的时候）
[随机乱接 第2抽  50%] 换掉 294/587 条，走路两半剩 1/2：走红 0/8、听响 7/8、眼睛 9.8 度
建皮层连接网：视觉23040、视觉细节23040、听觉30000、前额叶57436、运动160、运动记忆3576、本体感觉480、平衡感觉120、机身状态60、视觉运动1920、多巴胺200、抑制8000 共 148,032 个皮层神经元 ...
建皮层连接网：视觉23040、视觉细节23040、听觉30000、前额叶57436、运动160、运动记忆3576、本体感觉480、平衡感觉120、机身状态60、视觉运动1920、多巴胺200、抑制8000 共 148,032 个皮层神经元 ...
============================================================================================================
【p=75%】球：方位 -25 度、高 0.60 米、半径 0.05 米；横速 +0.50、竖速 +0.00 米/秒；眼睛一开始朝 +0 度
本能连接 284,372 根；皮层 148,032 个神经元
------------------------------------------------------------------------------------------------------------
    时间 | 球在视角里          | 眼睛朝哪           | 眼肌档(右左上下)     | 第4层名字(看球在…)            | 第1层名字(细_…)｜刚动过
------------------------------------------------------------------------------------------------------------
末了：球在视角里 左右 +13.4 度、上下 -15.8 度；眼睛朝 左右 +4.8 度、上下 +14.9 度
球离视线中心：平均 17.3 度，最远 29.4 度（0 = 正好盯着；只算球还在视野里的时候）
[随机乱接 第2抽  75%] 换掉 440/587 条，走路两半剩 0/2：走红 0/8、听响 7/8、眼睛 17.3 度
建皮层连接网：视觉23040、视觉细节23040、听觉30000、前额叶57436、运动160、运动记忆3576、本体感觉480、平衡感觉120、机身状态60、视觉运动1920、多巴胺200、抑制8000 共 148,032 个皮层神经元 ...
建皮层连接网：视觉23040、视觉细节23040、听觉30000、前额叶57436、运动160、运动记忆3576、本体感觉480、平衡感觉120、机身状态60、视觉运动1920、多巴胺200、抑制8000 共 148,032 个皮层神经元 ...
============================================================================================================
【p=100%】球：方位 -25 度、高 0.60 米、半径 0.05 米；横速 +0.50、竖速 +0.00 米/秒；眼睛一开始朝 +0 度
本能连接 326,116 根；皮层 148,032 个神经元
------------------------------------------------------------------------------------------------------------
    时间 | 球在视角里          | 眼睛朝哪           | 眼肌档(右左上下)     | 第4层名字(看球在…)            | 第1层名字(细_…)｜刚动过
------------------------------------------------------------------------------------------------------------
末了：球在视角里 左右 -8.5 度、上下 -0.9 度；眼睛朝 左右 +26.6 度、上下 +0.1 度
球离视线中心：平均 13.1 度，最远 29.3 度（0 = 正好盯着；只算球还在视野里的时候）
[随机乱接 第2抽 100%] 换掉 587/587 条，走路两半剩 0/2：走红 0/8、听响 7/8、眼睛 13.1 度
建皮层连接网：视觉23040、视觉细节23040、听觉30000、前额叶57436、运动160、运动记忆3576、本体感觉480、平衡感觉120、机身状态60、视觉运动1920、多巴胺200、抑制8000 共 148,032 个皮层神经元 ...
建皮层连接网：视觉23040、视觉细节23040、听觉30000、前额叶57436、运动160、运动记忆3576、本体感觉480、平衡感觉120、机身状态60、视觉运动1920、多巴胺200、抑制8000 共 148,032 个皮层神经元 ...
============================================================================================================
【p=10%】球：方位 -25 度、高 0.60 米、半径 0.05 米；横速 +0.50、竖速 +0.00 米/秒；眼睛一开始朝 +0 度
本能连接 321,817 根；皮层 148,032 个神经元
------------------------------------------------------------------------------------------------------------
    时间 | 球在视角里          | 眼睛朝哪           | 眼肌档(右左上下)     | 第4层名字(看球在…)            | 第1层名字(细_…)｜刚动过
------------------------------------------------------------------------------------------------------------
末了：球在视角里 左右 +4.4 度、上下 -0.9 度；眼睛朝 左右 +13.7 度、上下 +0.0 度
球离视线中心：平均 6.7 度，最远 29.2 度（0 = 正好盯着；只算球还在视野里的时候）
[随机乱接 第3抽  10%] 换掉  59/587 条，走路两半剩 2/2：走红 7/8、听响 7/8、眼睛 6.7 度
建皮层连接网：视觉23040、视觉细节23040、听觉30000、前额叶57436、运动160、运动记忆3576、本体感觉480、平衡感觉120、机身状态60、视觉运动1920、多巴胺200、抑制8000 共 148,032 个皮层神经元 ...
建皮层连接网：视觉23040、视觉细节23040、听觉30000、前额叶57436、运动160、运动记忆3576、本体感觉480、平衡感觉120、机身状态60、视觉运动1920、多巴胺200、抑制8000 共 148,032 个皮层神经元 ...
============================================================================================================
【p=25%】球：方位 -25 度、高 0.60 米、半径 0.05 米；横速 +0.50、竖速 +0.00 米/秒；眼睛一开始朝 +0 度
本能连接 264,761 根；皮层 148,032 个神经元
------------------------------------------------------------------------------------------------------------
    时间 | 球在视角里          | 眼睛朝哪           | 眼肌档(右左上下)     | 第4层名字(看球在…)            | 第1层名字(细_…)｜刚动过
------------------------------------------------------------------------------------------------------------
末了：球在视角里 左右 +4.3 度、上下 -0.9 度；眼睛朝 左右 +13.8 度、上下 +0.0 度
球离视线中心：平均 7.4 度，最远 29.4 度（0 = 正好盯着；只算球还在视野里的时候）
[随机乱接 第3抽  25%] 换掉 147/587 条，走路两半剩 2/2：走红 7/8、听响 7/8、眼睛 7.4 度
建皮层连接网：视觉23040、视觉细节23040、听觉30000、前额叶57436、运动160、运动记忆3576、本体感觉480、平衡感觉120、机身状态60、视觉运动1920、多巴胺200、抑制8000 共 148,032 个皮层神经元 ...
建皮层连接网：视觉23040、视觉细节23040、听觉30000、前额叶57436、运动160、运动记忆3576、本体感觉480、平衡感觉120、机身状态60、视觉运动1920、多巴胺200、抑制8000 共 148,032 个皮层神经元 ...
============================================================================================================
【p=50%】球：方位 -25 度、高 0.60 米、半径 0.05 米；横速 +0.50、竖速 +0.00 米/秒；眼睛一开始朝 +0 度
本能连接 215,899 根；皮层 148,032 个神经元
------------------------------------------------------------------------------------------------------------
    时间 | 球在视角里          | 眼睛朝哪           | 眼肌档(右左上下)     | 第4层名字(看球在…)            | 第1层名字(细_…)｜刚动过
------------------------------------------------------------------------------------------------------------
末了：球在视角里 左右 -8.3 度、上下 -0.9 度；眼睛朝 左右 +26.4 度、上下 +0.0 度
球离视线中心：平均 10.5 度，最远 29.4 度（0 = 正好盯着；只算球还在视野里的时候）
[随机乱接 第3抽  50%] 换掉 294/587 条，走路两半剩 0/2：走红 0/8、听响 7/8、眼睛 10.5 度
建皮层连接网：视觉23040、视觉细节23040、听觉30000、前额叶57436、运动160、运动记忆3576、本体感觉480、平衡感觉120、机身状态60、视觉运动1920、多巴胺200、抑制8000 共 148,032 个皮层神经元 ...
建皮层连接网：视觉23040、视觉细节23040、听觉30000、前额叶57436、运动160、运动记忆3576、本体感觉480、平衡感觉120、机身状态60、视觉运动1920、多巴胺200、抑制8000 共 148,032 个皮层神经元 ...
============================================================================================================
【p=75%】球：方位 -25 度、高 0.60 米、半径 0.05 米；横速 +0.50、竖速 +0.00 米/秒；眼睛一开始朝 +0 度
本能连接 346,849 根；皮层 148,032 个神经元
------------------------------------------------------------------------------------------------------------
    时间 | 球在视角里          | 眼睛朝哪           | 眼肌档(右左上下)     | 第4层名字(看球在…)            | 第1层名字(细_…)｜刚动过
------------------------------------------------------------------------------------------------------------
末了：球在视角里 左右 +27.4 度、上下 -3.1 度；眼睛朝 左右 -9.2 度、上下 +2.3 度
球离视线中心：平均 13.1 度，最远 29.2 度（0 = 正好盯着；只算球还在视野里的时候）
[随机乱接 第3抽  75%] 换掉 440/587 条，走路两半剩 0/2：走红 0/8、听响 7/8、眼睛 13.1 度
建皮层连接网：视觉23040、视觉细节23040、听觉30000、前额叶57436、运动160、运动记忆3576、本体感觉480、平衡感觉120、机身状态60、视觉运动1920、多巴胺200、抑制8000 共 148,032 个皮层神经元 ...
建皮层连接网：视觉23040、视觉细节23040、听觉30000、前额叶57436、运动160、运动记忆3576、本体感觉480、平衡感觉120、机身状态60、视觉运动1920、多巴胺200、抑制8000 共 148,032 个皮层神经元 ...
============================================================================================================
【p=100%】球：方位 -25 度、高 0.60 米、半径 0.05 米；横速 +0.50、竖速 +0.00 米/秒；眼睛一开始朝 +0 度
本能连接 291,245 根；皮层 148,032 个神经元
------------------------------------------------------------------------------------------------------------
    时间 | 球在视角里          | 眼睛朝哪           | 眼肌档(右左上下)     | 第4层名字(看球在…)            | 第1层名字(细_…)｜刚动过
------------------------------------------------------------------------------------------------------------
末了：球在视角里 左右 +48.1 度、上下 -0.9 度；眼睛朝 左右 -29.9 度、上下 +0.0 度
球离视线中心：平均 22.3 度，最远 44.8 度（0 = 正好盯着；只算球还在视野里的时候）
[随机乱接 第3抽 100%] 换掉 587/587 条，走路两半剩 0/2：走红 0/8、听响 7/8、眼睛 22.3 度
建皮层连接网：视觉23040、视觉细节23040、听觉30000、前额叶57436、运动160、运动记忆3576、本体感觉480、平衡感觉120、机身状态60、视觉运动1920、多巴胺200、抑制8000 共 148,032 个皮层神经元 ...
建皮层连接网：视觉23040、视觉细节23040、听觉30000、前额叶57436、运动160、运动记忆3576、本体感觉480、平衡感觉120、机身状态60、视觉运动1920、多巴胺200、抑制8000 共 148,032 个皮层神经元 ...
============================================================================================================
【p=0%】球：方位 -25 度、高 0.60 米、半径 0.05 米；横速 +0.50、竖速 +0.00 米/秒；眼睛一开始朝 +0 度
本能连接 309,148 根；皮层 148,032 个神经元
------------------------------------------------------------------------------------------------------------
    时间 | 球在视角里          | 眼睛朝哪           | 眼肌档(右左上下)     | 第4层名字(看球在…)            | 第1层名字(细_…)｜刚动过
------------------------------------------------------------------------------------------------------------
末了：球在视角里 左右 +4.5 度、上下 -0.9 度；眼睛朝 左右 +13.7 度、上下 +0.0 度
球离视线中心：平均 5.9 度，最远 29.2 度（0 = 正好盯着；只算球还在视野里的时候）
[挪一格 基准] 换掉 0 条：走红 7/8、听响 7/8、眼睛 5.9 度
建皮层连接网：视觉23040、视觉细节23040、听觉30000、前额叶57436、运动160、运动记忆3576、本体感觉480、平衡感觉120、机身状态60、视觉运动1920、多巴胺200、抑制8000 共 148,032 个皮层神经元 ...
建皮层连接网：视觉23040、视觉细节23040、听觉30000、前额叶57436、运动160、运动记忆3576、本体感觉480、平衡感觉120、机身状态60、视觉运动1920、多巴胺200、抑制8000 共 148,032 个皮层神经元 ...
============================================================================================================
【p=10%】球：方位 -25 度、高 0.60 米、半径 0.05 米；横速 +0.50、竖速 +0.00 米/秒；眼睛一开始朝 +0 度
本能连接 277,902 根；皮层 148,032 个神经元
------------------------------------------------------------------------------------------------------------
    时间 | 球在视角里          | 眼睛朝哪           | 眼肌档(右左上下)     | 第4层名字(看球在…)            | 第1层名字(细_…)｜刚动过
------------------------------------------------------------------------------------------------------------
末了：球在视角里 左右 +4.5 度、上下 -0.9 度；眼睛朝 左右 +13.7 度、上下 +0.0 度
球离视线中心：平均 5.9 度，最远 29.2 度（0 = 正好盯着；只算球还在视野里的时候）
[挪一格 第1抽  10%] 换掉  59/587 条，走路两半剩 2/2：走红 7/8、听响 7/8、眼睛 5.9 度
建皮层连接网：视觉23040、视觉细节23040、听觉30000、前额叶57436、运动160、运动记忆3576、本体感觉480、平衡感觉120、机身状态60、视觉运动1920、多巴胺200、抑制8000 共 148,032 个皮层神经元 ...
建皮层连接网：视觉23040、视觉细节23040、听觉30000、前额叶57436、运动160、运动记忆3576、本体感觉480、平衡感觉120、机身状态60、视觉运动1920、多巴胺200、抑制8000 共 148,032 个皮层神经元 ...
============================================================================================================
【p=25%】球：方位 -25 度、高 0.60 米、半径 0.05 米；横速 +0.50、竖速 +0.00 米/秒；眼睛一开始朝 +0 度
本能连接 288,709 根；皮层 148,032 个神经元
------------------------------------------------------------------------------------------------------------
    时间 | 球在视角里          | 眼睛朝哪           | 眼肌档(右左上下)     | 第4层名字(看球在…)            | 第1层名字(细_…)｜刚动过
------------------------------------------------------------------------------------------------------------
末了：球在视角里 左右 +4.4 度、上下 -0.9 度；眼睛朝 左右 +13.8 度、上下 +0.0 度
球离视线中心：平均 10.4 度，最远 29.4 度（0 = 正好盯着；只算球还在视野里的时候）
[挪一格 第1抽  25%] 换掉 147/587 条，走路两半剩 2/2：走红 7/8、听响 7/8、眼睛 10.4 度
建皮层连接网：视觉23040、视觉细节23040、听觉30000、前额叶57436、运动160、运动记忆3576、本体感觉480、平衡感觉120、机身状态60、视觉运动1920、多巴胺200、抑制8000 共 148,032 个皮层神经元 ...
建皮层连接网：视觉23040、视觉细节23040、听觉30000、前额叶57436、运动160、运动记忆3576、本体感觉480、平衡感觉120、机身状态60、视觉运动1920、多巴胺200、抑制8000 共 148,032 个皮层神经元 ...
============================================================================================================
【p=50%】球：方位 -25 度、高 0.60 米、半径 0.05 米；横速 +0.50、竖速 +0.00 米/秒；眼睛一开始朝 +0 度
本能连接 231,408 根；皮层 148,032 个神经元
------------------------------------------------------------------------------------------------------------
    时间 | 球在视角里          | 眼睛朝哪           | 眼肌档(右左上下)     | 第4层名字(看球在…)            | 第1层名字(细_…)｜刚动过
------------------------------------------------------------------------------------------------------------
末了：球在视角里 左右 -1.7 度、上下 -0.9 度；眼睛朝 左右 +19.9 度、上下 +0.0 度
球离视线中心：平均 5.1 度，最远 29.2 度（0 = 正好盯着；只算球还在视野里的时候）
[挪一格 第1抽  50%] 换掉 294/587 条，走路两半剩 1/2：走红 0/8、听响 7/8、眼睛 5.1 度
建皮层连接网：视觉23040、视觉细节23040、听觉30000、前额叶57436、运动160、运动记忆3576、本体感觉480、平衡感觉120、机身状态60、视觉运动1920、多巴胺200、抑制8000 共 148,032 个皮层神经元 ...
建皮层连接网：视觉23040、视觉细节23040、听觉30000、前额叶57436、运动160、运动记忆3576、本体感觉480、平衡感觉120、机身状态60、视觉运动1920、多巴胺200、抑制8000 共 148,032 个皮层神经元 ...
============================================================================================================
【p=75%】球：方位 -25 度、高 0.60 米、半径 0.05 米；横速 +0.50、竖速 +0.00 米/秒；眼睛一开始朝 +0 度
本能连接 296,947 根；皮层 148,032 个神经元
------------------------------------------------------------------------------------------------------------
    时间 | 球在视角里          | 眼睛朝哪           | 眼肌档(右左上下)     | 第4层名字(看球在…)            | 第1层名字(细_…)｜刚动过
------------------------------------------------------------------------------------------------------------
末了：球在视角里 左右 -5.7 度、上下 +4.1 度；眼睛朝 左右 +23.8 度、上下 -4.9 度
球离视线中心：平均 17.9 度，最远 29.5 度（0 = 正好盯着；只算球还在视野里的时候）
[挪一格 第1抽  75%] 换掉 440/587 条，走路两半剩 0/2：走红 0/8、听响 7/8、眼睛 17.9 度
建皮层连接网：视觉23040、视觉细节23040、听觉30000、前额叶57436、运动160、运动记忆3576、本体感觉480、平衡感觉120、机身状态60、视觉运动1920、多巴胺200、抑制8000 共 148,032 个皮层神经元 ...
建皮层连接网：视觉23040、视觉细节23040、听觉30000、前额叶57436、运动160、运动记忆3576、本体感觉480、平衡感觉120、机身状态60、视觉运动1920、多巴胺200、抑制8000 共 148,032 个皮层神经元 ...
============================================================================================================
【p=100%】球：方位 -25 度、高 0.60 米、半径 0.05 米；横速 +0.50、竖速 +0.00 米/秒；眼睛一开始朝 +0 度
本能连接 310,047 根；皮层 148,032 个神经元
------------------------------------------------------------------------------------------------------------
    时间 | 球在视角里          | 眼睛朝哪           | 眼肌档(右左上下)     | 第4层名字(看球在…)            | 第1层名字(细_…)｜刚动过
------------------------------------------------------------------------------------------------------------
末了：球在视角里 左右 +33.4 度、上下 -27.4 度；眼睛朝 左右 -15.2 度、上下 +26.6 度
球离视线中心：平均 16.8 度，最远 33.4 度（0 = 正好盯着；只算球还在视野里的时候）
[挪一格 第1抽 100%] 换掉 587/587 条，走路两半剩 0/2：走红 0/8、听响 7/8、眼睛 16.8 度
建皮层连接网：视觉23040、视觉细节23040、听觉30000、前额叶57436、运动160、运动记忆3576、本体感觉480、平衡感觉120、机身状态60、视觉运动1920、多巴胺200、抑制8000 共 148,032 个皮层神经元 ...
建皮层连接网：视觉23040、视觉细节23040、听觉30000、前额叶57436、运动160、运动记忆3576、本体感觉480、平衡感觉120、机身状态60、视觉运动1920、多巴胺200、抑制8000 共 148,032 个皮层神经元 ...
============================================================================================================
【p=10%】球：方位 -25 度、高 0.60 米、半径 0.05 米；横速 +0.50、竖速 +0.00 米/秒；眼睛一开始朝 +0 度
本能连接 273,172 根；皮层 148,032 个神经元
------------------------------------------------------------------------------------------------------------
    时间 | 球在视角里          | 眼睛朝哪           | 眼肌档(右左上下)     | 第4层名字(看球在…)            | 第1层名字(细_…)｜刚动过
------------------------------------------------------------------------------------------------------------
末了：球在视角里 左右 +4.3 度、上下 -0.9 度；眼睛朝 左右 +13.9 度、上下 +0.0 度
球离视线中心：平均 6.4 度，最远 29.2 度（0 = 正好盯着；只算球还在视野里的时候）
[挪一格 第2抽  10%] 换掉  59/587 条，走路两半剩 2/2：走红 7/8、听响 7/8、眼睛 6.4 度
建皮层连接网：视觉23040、视觉细节23040、听觉30000、前额叶57436、运动160、运动记忆3576、本体感觉480、平衡感觉120、机身状态60、视觉运动1920、多巴胺200、抑制8000 共 148,032 个皮层神经元 ...
建皮层连接网：视觉23040、视觉细节23040、听觉30000、前额叶57436、运动160、运动记忆3576、本体感觉480、平衡感觉120、机身状态60、视觉运动1920、多巴胺200、抑制8000 共 148,032 个皮层神经元 ...
============================================================================================================
【p=25%】球：方位 -25 度、高 0.60 米、半径 0.05 米；横速 +0.50、竖速 +0.00 米/秒；眼睛一开始朝 +0 度
本能连接 299,345 根；皮层 148,032 个神经元
------------------------------------------------------------------------------------------------------------
    时间 | 球在视角里          | 眼睛朝哪           | 眼肌档(右左上下)     | 第4层名字(看球在…)            | 第1层名字(细_…)｜刚动过
------------------------------------------------------------------------------------------------------------
末了：球在视角里 左右 +15.1 度、上下 -16.1 度；眼睛朝 左右 +3.1 度、上下 +15.3 度
球离视线中心：平均 16.2 度，最远 29.3 度（0 = 正好盯着；只算球还在视野里的时候）
[挪一格 第2抽  25%] 换掉 147/587 条，走路两半剩 2/2：走红 7/8、听响 7/8、眼睛 16.2 度
建皮层连接网：视觉23040、视觉细节23040、听觉30000、前额叶57436、运动160、运动记忆3576、本体感觉480、平衡感觉120、机身状态60、视觉运动1920、多巴胺200、抑制8000 共 148,032 个皮层神经元 ...
建皮层连接网：视觉23040、视觉细节23040、听觉30000、前额叶57436、运动160、运动记忆3576、本体感觉480、平衡感觉120、机身状态60、视觉运动1920、多巴胺200、抑制8000 共 148,032 个皮层神经元 ...
============================================================================================================
【p=50%】球：方位 -25 度、高 0.60 米、半径 0.05 米；横速 +0.50、竖速 +0.00 米/秒；眼睛一开始朝 +0 度
本能连接 297,214 根；皮层 148,032 个神经元
------------------------------------------------------------------------------------------------------------
    时间 | 球在视角里          | 眼睛朝哪           | 眼肌档(右左上下)     | 第4层名字(看球在…)            | 第1层名字(细_…)｜刚动过
------------------------------------------------------------------------------------------------------------
末了：球在视角里 左右 +4.2 度、上下 -0.9 度；眼睛朝 左右 +13.9 度、上下 +0.0 度
球离视线中心：平均 6.5 度，最远 29.3 度（0 = 正好盯着；只算球还在视野里的时候）
[挪一格 第2抽  50%] 换掉 294/587 条，走路两半剩 0/2：走红 0/8、听响 7/8、眼睛 6.5 度
建皮层连接网：视觉23040、视觉细节23040、听觉30000、前额叶57436、运动160、运动记忆3576、本体感觉480、平衡感觉120、机身状态60、视觉运动1920、多巴胺200、抑制8000 共 148,032 个皮层神经元 ...
建皮层连接网：视觉23040、视觉细节23040、听觉30000、前额叶57436、运动160、运动记忆3576、本体感觉480、平衡感觉120、机身状态60、视觉运动1920、多巴胺200、抑制8000 共 148,032 个皮层神经元 ...
============================================================================================================
【p=75%】球：方位 -25 度、高 0.60 米、半径 0.05 米；横速 +0.50、竖速 +0.00 米/秒；眼睛一开始朝 +0 度
本能连接 299,441 根；皮层 148,032 个神经元
------------------------------------------------------------------------------------------------------------
    时间 | 球在视角里          | 眼睛朝哪           | 眼肌档(右左上下)     | 第4层名字(看球在…)            | 第1层名字(细_…)｜刚动过
------------------------------------------------------------------------------------------------------------
末了：球在视角里 左右 +25.0 度、上下 -28.7 度；眼睛朝 左右 -6.9 度、上下 +27.8 度
球离视线中心：平均 18.4 度，最远 29.3 度（0 = 正好盯着；只算球还在视野里的时候）
[挪一格 第2抽  75%] 换掉 440/587 条，走路两半剩 1/2：走红 0/8、听响 7/8、眼睛 18.4 度
建皮层连接网：视觉23040、视觉细节23040、听觉30000、前额叶57436、运动160、运动记忆3576、本体感觉480、平衡感觉120、机身状态60、视觉运动1920、多巴胺200、抑制8000 共 148,032 个皮层神经元 ...
建皮层连接网：视觉23040、视觉细节23040、听觉30000、前额叶57436、运动160、运动记忆3576、本体感觉480、平衡感觉120、机身状态60、视觉运动1920、多巴胺200、抑制8000 共 148,032 个皮层神经元 ...
============================================================================================================
【p=100%】球：方位 -25 度、高 0.60 米、半径 0.05 米；横速 +0.50、竖速 +0.00 米/秒；眼睛一开始朝 +0 度
本能连接 252,237 根；皮层 148,032 个神经元
------------------------------------------------------------------------------------------------------------
    时间 | 球在视角里          | 眼睛朝哪           | 眼肌档(右左上下)     | 第4层名字(看球在…)            | 第1层名字(细_…)｜刚动过
------------------------------------------------------------------------------------------------------------
末了：球在视角里 左右 +29.3 度、上下 -18.1 度；眼睛朝 左右 -11.1 度、上下 +17.2 度
球离视线中心：平均 14.2 度，最远 29.3 度（0 = 正好盯着；只算球还在视野里的时候）
[挪一格 第2抽 100%] 换掉 587/587 条，走路两半剩 0/2：走红 0/8、听响 7/8、眼睛 14.2 度
建皮层连接网：视觉23040、视觉细节23040、听觉30000、前额叶57436、运动160、运动记忆3576、本体感觉480、平衡感觉120、机身状态60、视觉运动1920、多巴胺200、抑制8000 共 148,032 个皮层神经元 ...
建皮层连接网：视觉23040、视觉细节23040、听觉30000、前额叶57436、运动160、运动记忆3576、本体感觉480、平衡感觉120、机身状态60、视觉运动1920、多巴胺200、抑制8000 共 148,032 个皮层神经元 ...
============================================================================================================
【p=10%】球：方位 -25 度、高 0.60 米、半径 0.05 米；横速 +0.50、竖速 +0.00 米/秒；眼睛一开始朝 +0 度
本能连接 322,435 根；皮层 148,032 个神经元
------------------------------------------------------------------------------------------------------------
    时间 | 球在视角里          | 眼睛朝哪           | 眼肌档(右左上下)     | 第4层名字(看球在…)            | 第1层名字(细_…)｜刚动过
------------------------------------------------------------------------------------------------------------
末了：球在视角里 左右 +7.1 度、上下 -0.9 度；眼睛朝 左右 +11.1 度、上下 +0.0 度
球离视线中心：平均 9.5 度，最远 29.2 度（0 = 正好盯着；只算球还在视野里的时候）
[挪一格 第3抽  10%] 换掉  59/587 条，走路两半剩 2/2：走红 7/8、听响 7/8、眼睛 9.5 度
建皮层连接网：视觉23040、视觉细节23040、听觉30000、前额叶57436、运动160、运动记忆3576、本体感觉480、平衡感觉120、机身状态60、视觉运动1920、多巴胺200、抑制8000 共 148,032 个皮层神经元 ...
建皮层连接网：视觉23040、视觉细节23040、听觉30000、前额叶57436、运动160、运动记忆3576、本体感觉480、平衡感觉120、机身状态60、视觉运动1920、多巴胺200、抑制8000 共 148,032 个皮层神经元 ...
============================================================================================================
【p=25%】球：方位 -25 度、高 0.60 米、半径 0.05 米；横速 +0.50、竖速 +0.00 米/秒；眼睛一开始朝 +0 度
本能连接 262,965 根；皮层 148,032 个神经元
------------------------------------------------------------------------------------------------------------
    时间 | 球在视角里          | 眼睛朝哪           | 眼肌档(右左上下)     | 第4层名字(看球在…)            | 第1层名字(细_…)｜刚动过
------------------------------------------------------------------------------------------------------------
末了：球在视角里 左右 +4.5 度、上下 -0.9 度；眼睛朝 左右 +13.7 度、上下 +0.0 度
球离视线中心：平均 7.2 度，最远 29.4 度（0 = 正好盯着；只算球还在视野里的时候）
[挪一格 第3抽  25%] 换掉 147/587 条，走路两半剩 2/2：走红 7/8、听响 7/8、眼睛 7.2 度
建皮层连接网：视觉23040、视觉细节23040、听觉30000、前额叶57436、运动160、运动记忆3576、本体感觉480、平衡感觉120、机身状态60、视觉运动1920、多巴胺200、抑制8000 共 148,032 个皮层神经元 ...
建皮层连接网：视觉23040、视觉细节23040、听觉30000、前额叶57436、运动160、运动记忆3576、本体感觉480、平衡感觉120、机身状态60、视觉运动1920、多巴胺200、抑制8000 共 148,032 个皮层神经元 ...
============================================================================================================
【p=50%】球：方位 -25 度、高 0.60 米、半径 0.05 米；横速 +0.50、竖速 +0.00 米/秒；眼睛一开始朝 +0 度
本能连接 295,244 根；皮层 148,032 个神经元
------------------------------------------------------------------------------------------------------------
    时间 | 球在视角里          | 眼睛朝哪           | 眼肌档(右左上下)     | 第4层名字(看球在…)            | 第1层名字(细_…)｜刚动过
------------------------------------------------------------------------------------------------------------
末了：球在视角里 左右 +27.1 度、上下 -18.1 度；眼睛朝 左右 -8.9 度、上下 +17.2 度
球离视线中心：平均 14.3 度，最远 29.3 度（0 = 正好盯着；只算球还在视野里的时候）
[挪一格 第3抽  50%] 换掉 294/587 条，走路两半剩 1/2：走红 0/8、听响 7/8、眼睛 14.3 度
建皮层连接网：视觉23040、视觉细节23040、听觉30000、前额叶57436、运动160、运动记忆3576、本体感觉480、平衡感觉120、机身状态60、视觉运动1920、多巴胺200、抑制8000 共 148,032 个皮层神经元 ...
建皮层连接网：视觉23040、视觉细节23040、听觉30000、前额叶57436、运动160、运动记忆3576、本体感觉480、平衡感觉120、机身状态60、视觉运动1920、多巴胺200、抑制8000 共 148,032 个皮层神经元 ...
============================================================================================================
【p=75%】球：方位 -25 度、高 0.60 米、半径 0.05 米；横速 +0.50、竖速 +0.00 米/秒；眼睛一开始朝 +0 度
本能连接 310,125 根；皮层 148,032 个神经元
------------------------------------------------------------------------------------------------------------
    时间 | 球在视角里          | 眼睛朝哪           | 眼肌档(右左上下)     | 第4层名字(看球在…)            | 第1层名字(细_…)｜刚动过
------------------------------------------------------------------------------------------------------------
末了：球在视角里 左右 -1.3 度、上下 -0.9 度；眼睛朝 左右 +19.4 度、上下 +0.0 度
球离视线中心：平均 10.8 度，最远 29.4 度（0 = 正好盯着；只算球还在视野里的时候）
[挪一格 第3抽  75%] 换掉 440/587 条，走路两半剩 1/2：走红 7/8、听响 7/8、眼睛 10.8 度
建皮层连接网：视觉23040、视觉细节23040、听觉30000、前额叶57436、运动160、运动记忆3576、本体感觉480、平衡感觉120、机身状态60、视觉运动1920、多巴胺200、抑制8000 共 148,032 个皮层神经元 ...
建皮层连接网：视觉23040、视觉细节23040、听觉30000、前额叶57436、运动160、运动记忆3576、本体感觉480、平衡感觉120、机身状态60、视觉运动1920、多巴胺200、抑制8000 共 148,032 个皮层神经元 ...
============================================================================================================
【p=100%】球：方位 -25 度、高 0.60 米、半径 0.05 米；横速 +0.50、竖速 +0.00 米/秒；眼睛一开始朝 +0 度
本能连接 276,889 根；皮层 148,032 个神经元
------------------------------------------------------------------------------------------------------------
    时间 | 球在视角里          | 眼睛朝哪           | 眼肌档(右左上下)     | 第4层名字(看球在…)            | 第1层名字(细_…)｜刚动过
------------------------------------------------------------------------------------------------------------
末了：球在视角里 左右 +48.2 度、上下 +0.7 度；眼睛朝 左右 -30.0 度、上下 -1.5 度
球离视线中心：平均 23.6 度，最远 44.9 度（0 = 正好盯着；只算球还在视野里的时候）
[挪一格 第3抽 100%] 换掉 587/587 条，走路两半剩 0/2：走红 0/8、听响 7/8、眼睛 23.6 度

====================================================================================================
【存活率总表】每一格 = 几抽里还活着 / 共几抽
换法         | 换掉      | 红→走路           | 响→踏步           | 小球→眼睛         
----------------------------------------------------------------------------------------------------
随机乱接       |     0% | 1/1            | 1/1            | 1/1           
随机乱接       |    10% | 3/3            | 3/3            | 3/3           
随机乱接       |    25% | 3/3            | 3/3            | 1/3           
随机乱接       |    50% | 0/3            | 3/3            | 2/3           
随机乱接       |    75% | 0/3            | 3/3            | 0/3           
随机乱接       |   100% | 0/3            | 3/3            | 0/3           
挪一格        |     0% | 1/1            | 1/1            | 1/1           
挪一格        |    10% | 3/3            | 3/3            | 3/3           
挪一格        |    25% | 3/3            | 3/3            | 2/3           
挪一格        |    50% | 0/3            | 3/3            | 2/3           
挪一格        |    75% | 1/3            | 3/3            | 1/3           
挪一格        |   100% | 0/3            | 3/3            | 0/3           

【原始数字】
  随机乱接         0%  走红 7 拍 | 听响 7 拍 | 眼睛偏离 5.9 度
  随机乱接        10%  走红 7、7、7 拍 | 听响 7、7、7 拍 | 眼睛偏离 5.9、6.4、6.7 度
  随机乱接        25%  走红 7、7、7 拍 | 听响 7、7、7 拍 | 眼睛偏离 21.8、21.9、7.4 度
  随机乱接        50%  走红 0、0、0 拍 | 听响 7、7、7 拍 | 眼睛偏离 14.8、9.8、10.5 度
  随机乱接        75%  走红 0、0、0 拍 | 听响 7、7、7 拍 | 眼睛偏离 23.6、17.3、13.1 度
  随机乱接       100%  走红 0、0、0 拍 | 听响 7、7、7 拍 | 眼睛偏离 13.6、13.1、22.3 度
  挪一格          0%  走红 7 拍 | 听响 7 拍 | 眼睛偏离 5.9 度
  挪一格         10%  走红 7、7、7 拍 | 听响 7、7、7 拍 | 眼睛偏离 5.9、6.4、9.5 度
  挪一格         25%  走红 7、7、7 拍 | 听响 7、7、7 拍 | 眼睛偏离 10.4、16.2、7.2 度
  挪一格         50%  走红 0、0、0 拍 | 听响 7、7、7 拍 | 眼睛偏离 5.1、6.5、14.3 度
  挪一格         75%  走红 0、0、7 拍 | 听响 7、7、7 拍 | 眼睛偏离 17.9、18.4、10.8 度
  挪一格        100%  走红 0、0、0 拍 | 听响 7、7、7 拍 | 眼睛偏离 16.8、14.2、23.6 度
