================================================================================================
前额叶干预：四幕 × 5 个建网种子（走路判据 = 前进1.2 那串时刻点火 > 0 拍）
================================================================================================
建皮层连接网：视觉23040、视觉细节23040、听觉30000、前额叶57436、运动160、运动记忆3576、本体感觉480、平衡感觉120、机身状态60、视觉运动1920、多巴胺200、抑制8000 共 148,032 个皮层神经元 ...
种子 20260914  ① 红，前额叶好             走路点火 199/200 拍 | 首次点火 第 2 拍 | 路程 1.50 米 | 前额叶平均亮  1456 个
种子 20260914  ② 红，前额叶按灭            走路点火   0/200 拍 | 首次点火 没有 | 路程 1.21 米 | 前额叶平均亮     0 个
种子 20260914  ③ 黑屏，前额叶好            走路点火   0/200 拍 | 首次点火 没有 | 路程 0.77 米 | 前额叶平均亮   310 个
种子 20260914  ④ 蓝屏，前额叶好            走路点火   0/200 拍 | 首次点火 没有 | 路程 0.28 米 | 前额叶平均亮  1556 个
种子 20260914  ⑤ 蓝屏，前额叶每拍重算         走路点火   0/200 拍 | 首次点火 没有 | 路程 0.28 米 | 前额叶平均亮  1527 个
建皮层连接网：视觉23040、视觉细节23040、听觉30000、前额叶57436、运动160、运动记忆3576、本体感觉480、平衡感觉120、机身状态60、视觉运动1920、多巴胺200、抑制8000 共 148,032 个皮层神经元 ...
种子 20260915  ① 红，前额叶好             走路点火 199/200 拍 | 首次点火 第 2 拍 | 路程 1.35 米 | 前额叶平均亮  1459 个
种子 20260915  ② 红，前额叶按灭            走路点火   0/200 拍 | 首次点火 没有 | 路程 1.67 米 | 前额叶平均亮     0 个
种子 20260915  ③ 黑屏，前额叶好            走路点火   0/200 拍 | 首次点火 没有 | 路程 0.32 米 | 前额叶平均亮   318 个
种子 20260915  ④ 蓝屏，前额叶好            走路点火   0/200 拍 | 首次点火 没有 | 路程 0.29 米 | 前额叶平均亮  1556 个
种子 20260915  ⑤ 蓝屏，前额叶每拍重算         走路点火   0/200 拍 | 首次点火 没有 | 路程 0.29 米 | 前额叶平均亮  1527 个
建皮层连接网：视觉23040、视觉细节23040、听觉30000、前额叶57436、运动160、运动记忆3576、本体感觉480、平衡感觉120、机身状态60、视觉运动1920、多巴胺200、抑制8000 共 148,032 个皮层神经元 ...
种子 20260916  ① 红，前额叶好             走路点火 199/200 拍 | 首次点火 第 2 拍 | 路程 1.28 米 | 前额叶平均亮  1457 个
种子 20260916  ② 红，前额叶按灭            走路点火   0/200 拍 | 首次点火 没有 | 路程 0.35 米 | 前额叶平均亮     0 个
种子 20260916  ③ 黑屏，前额叶好            走路点火   0/200 拍 | 首次点火 没有 | 路程 0.28 米 | 前额叶平均亮   301 个
种子 20260916  ④ 蓝屏，前额叶好            走路点火   0/200 拍 | 首次点火 没有 | 路程 0.16 米 | 前额叶平均亮  1555 个
种子 20260916  ⑤ 蓝屏，前额叶每拍重算         走路点火   0/200 拍 | 首次点火 没有 | 路程 0.16 米 | 前额叶平均亮  1525 个
建皮层连接网：视觉23040、视觉细节23040、听觉30000、前额叶57436、运动160、运动记忆3576、本体感觉480、平衡感觉120、机身状态60、视觉运动1920、多巴胺200、抑制8000 共 148,032 个皮层神经元 ...
种子 20260917  ① 红，前额叶好             走路点火 199/200 拍 | 首次点火 第 2 拍 | 路程 1.76 米 | 前额叶平均亮  1459 个
种子 20260917  ② 红，前额叶按灭            走路点火   0/200 拍 | 首次点火 没有 | 路程 0.41 米 | 前额叶平均亮     0 个
种子 20260917  ③ 黑屏，前额叶好            走路点火   0/200 拍 | 首次点火 没有 | 路程 1.47 米 | 前额叶平均亮   324 个
种子 20260917  ④ 蓝屏，前额叶好            走路点火   0/200 拍 | 首次点火 没有 | 路程 0.26 米 | 前额叶平均亮  1558 个
种子 20260917  ⑤ 蓝屏，前额叶每拍重算         走路点火   0/200 拍 | 首次点火 没有 | 路程 0.22 米 | 前额叶平均亮  1524 个
建皮层连接网：视觉23040、视觉细节23040、听觉30000、前额叶57436、运动160、运动记忆3576、本体感觉480、平衡感觉120、机身状态60、视觉运动1920、多巴胺200、抑制8000 共 148,032 个皮层神经元 ...
种子 20260918  ① 红，前额叶好             走路点火 199/200 拍 | 首次点火 第 2 拍 | 路程 1.61 米 | 前额叶平均亮  1460 个
种子 20260918  ② 红，前额叶按灭            走路点火   0/200 拍 | 首次点火 没有 | 路程 1.08 米 | 前额叶平均亮     0 个
种子 20260918  ③ 黑屏，前额叶好            走路点火   0/200 拍 | 首次点火 没有 | 路程 0.28 米 | 前额叶平均亮   316 个
种子 20260918  ④ 蓝屏，前额叶好            走路点火   0/200 拍 | 首次点火 没有 | 路程 0.20 米 | 前额叶平均亮  1555 个
种子 20260918  ⑤ 蓝屏，前额叶每拍重算         走路点火   0/200 拍 | 首次点火 没有 | 路程 0.20 米 | 前额叶平均亮  1525 个

================================================================================================
【汇总】
那一幕                | 该不该走           | 有几种子走起来了                       | 点火拍数 / 总拍
------------------------------------------------------------------------------------------------
① 红，前额叶好               | 该走             | 5/5 个种子走起来了（期望 5）              | 199/200、199/200、199/200、199/200、199/200
② 红，前额叶按灭              | 不该走            | 0/5 个种子走起来了（期望 0）              | 0/200、0/200、0/200、0/200、0/200
③ 黑屏，前额叶好              | 不该走            | 0/5 个种子走起来了（期望 0）              | 0/200、0/200、0/200、0/200、0/200
④ 蓝屏，前额叶好              | 不该走            | 0/5 个种子走起来了（期望 0）              | 0/200、0/200、0/200、0/200、0/200
⑤ 蓝屏，前额叶每拍重算           | 不该走            | 0/5 个种子走起来了（期望 0）              | 0/200、0/200、0/200、0/200、0/200

【前额叶平均亮多少个细胞】
  ① 红，前额叶好               1456、1459、1457、1459、1460
  ② 红，前额叶按灭              0、0、0、0、0
  ③ 黑屏，前额叶好              310、318、301、324、316
  ④ 蓝屏，前额叶好              1556、1556、1555、1558、1555
  ⑤ 蓝屏，前额叶每拍重算           1527、1527、1525、1524、1525
