建皮层连接网：视觉23040、视觉细节23040、听觉30000、前额叶53200、运动160、运动记忆3576、本体感觉480、平衡感觉120、机身状态60、视觉运动1920、多巴胺200、抑制8000 共 143,796 个皮层神经元 ...
### 带环（会摔的那一档）（种子 20260915）
  拍  高     歪  前额亮       视觉     听觉     运动   运动记忆     本体     平衡     机身     视运
   10 0.347   12   3695   3481.3 4576.6    0.0    2.5   78.9   16.6    7.6    0.0   走链1
   20 0.402   22   3856   3631.2 4777.7    0.0    2.5   81.8   17.3    8.2    0.0   走链1
   30 0.382   19   3875   3649.6 4802.8    0.0    2.5   81.8   17.4    8.3    0.0   走链0
   40 0.370   19   3874   3649.3 4800.4    0.0    2.5   82.0   17.4    8.5    0.0   走链1
   50 0.378   20   3872   3646.8 4798.6    0.0    2.5   81.8   17.4    8.3    0.0   走链1
   60 0.368   30   3869   3644.4 4794.1    0.0    2.5   81.9   17.4    8.3    0.0   走链0
   70 0.316   50   3875   3649.9 4801.5    0.0    2.5   82.0   17.4    8.3    0.0   走链1
   80 0.159  102   3871   3646.3 4796.8    0.0    2.5   81.8   17.4    8.3    0.0   走链1
   90 0.115  151   3874   3648.2 4801.5    0.0    2.5   81.8   17.4    8.3    0.0   走链0
  100 0.087  157   3876   3650.6 4803.1    0.0    2.5   82.0   17.4    8.5    0.0   走链1
  110 0.060  176   3877   3651.4 4805.5    0.0    2.5   81.9   17.4    8.3    0.0   走链1
  120 0.060  176   3872   3646.3 4798.9    0.0    2.5   81.8   17.4    8.5    0.0   走链0
  130 0.061  176   3879   3653.7 4807.1    0.0    2.5   82.0   17.4    8.3    0.0   走链1
  140 0.057  180   3878   3652.8 4806.6    0.0    2.5   81.9   17.4    8.3    0.0   走链1
  150 0.059  179   3876   3650.5 4804.8    0.0    2.5   81.9   17.4    8.3    0.0   走链0
  160 0.058  179   3876   3650.6 4803.1    0.0    2.5   82.0   17.4    8.5    0.0   走链1
  170 0.056  180   3876   3650.5 4803.8    0.0    2.5   81.9   17.4    8.3    0.0   走链1
  180 0.058  179   3873   3647.5 4800.0    0.0    2.5   81.8   17.4    8.5    0.0   走链0
  190 0.059  179   3879   3653.7 4807.4    0.0    2.5   82.0   17.4    8.3    0.0   走链1
  200 0.059  179   3876   3650.7 4804.7    0.0    2.5   81.9   17.4    8.3    0.0   走链1
建皮层连接网：视觉23040、视觉细节23040、听觉30000、前额叶53200、运动160、运动记忆3576、本体感觉480、平衡感觉120、机身状态60、视觉运动1920、多巴胺200、抑制8000 共 143,796 个皮层神经元 ...
### 环关掉（不摔的那一档）（种子 20260915）
  拍  高     歪  前额亮       视觉     听觉     运动   运动记忆     本体     平衡     机身     视运
   10 0.341   13   2462   2315.4 3053.2    0.0    1.8   53.2   11.2    5.1    0.0   走链1
   20 0.358   16   2459   2312.9 3048.5    0.0    1.8   53.2   11.2    5.1    0.0   走链1
   30 0.372   11   2459   2312.5 3048.5    0.0    1.8   53.2   11.2    5.1    0.0   走链0
   40 0.353    6   2462   2315.4 3053.2    0.0    1.8   53.2   11.2    5.1    0.0   走链1
   50 0.341    3   2459   2312.9 3048.5    0.0    1.8   53.2   11.2    5.1    0.0   走链1
   60 0.369    8   2459   2312.5 3048.5    0.0    1.8   53.2   11.2    5.1    0.0   走链0
   70 0.370    7   2462   2315.4 3053.2    0.0    1.8   53.2   11.2    5.1    0.0   走链1
   80 0.343    2   2459   2312.9 3048.5    0.0    1.8   53.2   11.2    5.1    0.0   走链1
   90 0.367    6   2459   2312.5 3048.5    0.0    1.8   53.2   11.2    5.1    0.0   走链0
  100 0.377    7   2462   2315.4 3053.2    0.0    1.8   53.2   11.2    5.1    0.0   走链1
  110 0.340    2   2459   2312.9 3048.5    0.0    1.8   53.2   11.2    5.1    0.0   走链1
  120 0.369   11   2459   2312.5 3048.5    0.0    1.8   53.2   11.2    5.1    0.0   走链0
  130 0.367    7   2462   2315.4 3053.2    0.0    1.8   53.2   11.2    5.1    0.0   走链1
  140 0.343    2   2459   2312.9 3048.5    0.0    1.8   53.2   11.2    5.1    0.0   走链1
  150 0.367    7   2459   2312.5 3048.5    0.0    1.8   53.2   11.2    5.1    0.0   走链0
  160 0.376    8   2462   2315.4 3053.2    0.0    1.8   53.2   11.2    5.1    0.0   走链1
  170 0.343    3   2459   2312.9 3048.5    0.0    1.8   53.2   11.2    5.1    0.0   走链1
  180 0.368    8   2459   2312.5 3048.5    0.0    1.8   53.2   11.2    5.1    0.0   走链0
  190 0.371    8   2462   2315.4 3053.2    0.0    1.8   53.2   11.2    5.1    0.0   走链1
  200 0.344    4   2459   2312.9 3048.5    0.0    1.8   53.2   11.2    5.1    0.0   走链1
