================================================================================================
把刺激撤掉以后行为还走不走？（换图时刻 2.0 秒，总共跑 4.0 秒）
================================================================================================
建皮层连接网：视觉23040、视觉细节23040、听觉30000、前额叶53200、运动160、运动记忆3576、本体感觉480、平衡感觉120、机身状态60、视觉运动1920、抑制8000 共 143,596 个皮层神经元 ...
种子 20260914  A 连续红（对照）              前半段走  99/100 拍 | 后半段走 100/100 拍 | 撤掉后还走  2.0 秒 | 后半段前额叶红亮 100 拍、视觉红亮 100 拍
种子 20260914  B 先红后黑（2 秒撤掉）          前半段走  99/100 拍 | 后半段走 100/100 拍 | 撤掉后还走  2.0 秒 | 后半段前额叶红亮 100 拍、视觉红亮 0 拍
种子 20260914  C 先黑后红（2 秒才给）          前半段走   0/100 拍 | 后半段走  99/100 拍 | 撤掉后还走  0.0 秒 | 后半段前额叶红亮 100 拍、视觉红亮 100 拍
建皮层连接网：视觉23040、视觉细节23040、听觉30000、前额叶53200、运动160、运动记忆3576、本体感觉480、平衡感觉120、机身状态60、视觉运动1920、抑制8000 共 143,596 个皮层神经元 ...
种子 20260915  A 连续红（对照）              前半段走  99/100 拍 | 后半段走 100/100 拍 | 撤掉后还走  2.0 秒 | 后半段前额叶红亮 100 拍、视觉红亮 100 拍
种子 20260915  B 先红后黑（2 秒撤掉）          前半段走  99/100 拍 | 后半段走 100/100 拍 | 撤掉后还走  2.0 秒 | 后半段前额叶红亮 100 拍、视觉红亮 0 拍
种子 20260915  C 先黑后红（2 秒才给）          前半段走   0/100 拍 | 后半段走  99/100 拍 | 撤掉后还走  0.0 秒 | 后半段前额叶红亮 100 拍、视觉红亮 100 拍
建皮层连接网：视觉23040、视觉细节23040、听觉30000、前额叶53200、运动160、运动记忆3576、本体感觉480、平衡感觉120、机身状态60、视觉运动1920、抑制8000 共 143,596 个皮层神经元 ...
种子 20260916  A 连续红（对照）              前半段走  99/100 拍 | 后半段走 100/100 拍 | 撤掉后还走  2.0 秒 | 后半段前额叶红亮 100 拍、视觉红亮 100 拍
种子 20260916  B 先红后黑（2 秒撤掉）          前半段走  99/100 拍 | 后半段走 100/100 拍 | 撤掉后还走  2.0 秒 | 后半段前额叶红亮 100 拍、视觉红亮 0 拍
种子 20260916  C 先黑后红（2 秒才给）          前半段走   0/100 拍 | 后半段走  99/100 拍 | 撤掉后还走  0.0 秒 | 后半段前额叶红亮 100 拍、视觉红亮 100 拍

================================================================================================
【汇总】中位数
  A 连续红（对照）              前半段走   99/100 拍 | 后半段走  100/100 拍 | 撤掉后还走  2.0 秒
  B 先红后黑（2 秒撤掉）          前半段走   99/100 拍 | 后半段走  100/100 拍 | 撤掉后还走  2.0 秒
  C 先黑后红（2 秒才给）          前半段走    0/100 拍 | 后半段走   99/100 拍 | 撤掉后还走  0.0 秒
