建皮层连接网：视觉23040、视觉细节23040、听觉30000、前额叶53200、运动160、运动记忆3576、本体感觉480、平衡感觉120、机身状态60、视觉运动1920、多巴胺200、抑制8000 共 143,796 个皮层神经元 ...
教完了：兴奋连接 15005769 根（出生 11617357 根）

[E1 原样] 清空皮层、重新趴下、只放声音，200 拍
      20 机身高 0.367 歪   2.9 度 路程 0.056 米 走路链 1
      40 机身高 0.363 歪   4.0 度 路程 0.222 米 走路链 1
      60 机身高 0.366 歪   3.1 度 路程 0.523 米 走路链 1
      80 机身高 0.349 歪   2.7 度 路程 0.816 米 走路链 1
     100 机身高 0.366 歪   3.8 度 路程 1.091 米 走路链 1
     120 机身高 0.355 歪   2.6 度 路程 1.389 米 走路链 1
     140 机身高 0.349 歪   3.1 度 路程 1.648 米 走路链 1
     160 机身高 0.367 歪   3.8 度 路程 1.911 米 走路链 1
     180 机身高 0.354 歪   2.4 度 路程 2.211 米 走路链 1
     200 机身高 0.349 歪   3.2 度 路程 2.471 米 走路链 1
    → E1 原样：路程 2.471 米，最后机身高 0.349、歪 3.2 度，一次没翻

[E2 关掉返回线] 清空皮层、重新趴下、只放声音，200 拍
      20 机身高 0.367 歪   2.8 度 路程 0.056 米 走路链 1
      40 机身高 0.349 歪   8.4 度 路程 0.228 米 走路链 1
      60 机身高 0.366 歪   5.2 度 路程 0.433 米 走路链 1
      80 机身高 0.363 歪   7.3 度 路程 0.677 米 走路链 1
     100 机身高 0.365 歪   4.3 度 路程 1.031 米 走路链 1
     120 机身高 0.365 歪   6.1 度 路程 1.304 米 走路链 1
     140 机身高 0.349 歪   5.9 度 路程 1.623 米 走路链 1
     160 机身高 0.360 歪   4.3 度 路程 1.882 米 走路链 1
     180 机身高 0.371 歪   7.0 度 路程 2.190 米 走路链 1
     200 机身高 0.353 歪   2.8 度 路程 2.503 米 走路链 1
    → E2 关掉返回线：路程 2.503 米，最后机身高 0.353、歪 2.8 度，一次没翻
