================================================================================================
前额叶自压（动态整体抑制）：种子 20260914，四种画面各 120 拍
  读法：每 20 拍取一个数，看前额叶亮多少个细胞（前额叶一共 53200 个）
================================================================================================
建皮层连接网：视觉23040、视觉细节23040、听觉30000、前额叶53200、运动160、运动记忆3576、本体感觉480、平衡感觉120、机身状态60、视觉运动1920、多巴胺200、抑制8000 共 143,796 个皮层神经元 ...

【前额叶自压 0   目标 0】
   红：前额叶 2747 → 2768 → 2789 → 2808 → 2831 → 2851（末了 2851）｜走路点火 119/120
   蓝：前额叶 2748 → 2766 → 2788 → 2807 → 2827 → 2849（末了 2849）｜走路点火 119/120
   绿：前额叶 2738 → 2758 → 2779 → 2799 → 2819 → 2839（末了 2839）｜走路点火 0/120
   黑：前额叶 47 → 94 → 158 → 233 → 339 → 441（末了 441）｜走路点火 0/120
建皮层连接网：视觉23040、视觉细节23040、听觉30000、前额叶53200、运动160、运动记忆3576、本体感觉480、平衡感觉120、机身状态60、视觉运动1920、多巴胺200、抑制8000 共 143,796 个皮层神经元 ...

【前额叶自压 0.001   目标 0】
   红：前额叶 273 → 274 → 274 → 274 → 274 → 275（末了 275）｜走路点火 119/120
   蓝：前额叶 267 → 267 → 267 → 267 → 267 → 267（末了 267）｜走路点火 119/120
   绿：前额叶 283 → 283 → 283 → 283 → 283 → 283（末了 283）｜走路点火 0/120
   黑：前额叶 47 → 94 → 158 → 233 → 339 → 441（末了 441）｜走路点火 0/120
建皮层连接网：视觉23040、视觉细节23040、听觉30000、前额叶53200、运动160、运动记忆3576、本体感觉480、平衡感觉120、机身状态60、视觉运动1920、多巴胺200、抑制8000 共 143,796 个皮层神经元 ...

【前额叶自压 0.004   目标 0】
   红：前额叶 0 → 0 → 0 → 0 → 0 → 0（末了 0）｜走路点火 119/120
   蓝：前额叶 0 → 0 → 0 → 0 → 0 → 0（末了 0）｜走路点火 119/120
   绿：前额叶 0 → 0 → 0 → 0 → 0 → 0（末了 0）｜走路点火 0/120
   黑：前额叶 47 → 94 → 158 → 233 → 241 → 145（末了 145）｜走路点火 0/120
建皮层连接网：视觉23040、视觉细节23040、听觉30000、前额叶53200、运动160、运动记忆3576、本体感觉480、平衡感觉120、机身状态60、视觉运动1920、多巴胺200、抑制8000 共 143,796 个皮层神经元 ...

【前额叶自压 0.01   目标 0】
   红：前额叶 0 → 0 → 0 → 0 → 0 → 0（末了 0）｜走路点火 119/120
   蓝：前额叶 0 → 0 → 0 → 0 → 0 → 0（末了 0）｜走路点火 119/120
   绿：前额叶 0 → 0 → 0 → 0 → 0 → 0（末了 0）｜走路点火 0/120
   黑：前额叶 47 → 94 → 92 → 24 → 70 → 23（末了 23）｜走路点火 0/120
建皮层连接网：视觉23040、视觉细节23040、听觉30000、前额叶53200、运动160、运动记忆3576、本体感觉480、平衡感觉120、机身状态60、视觉运动1920、多巴胺200、抑制8000 共 143,796 个皮层神经元 ...

【前额叶自压 0.004   目标 200】
   红：前额叶 0 → 0 → 0 → 0 → 0 → 0（末了 0）｜走路点火 119/120
   蓝：前额叶 0 → 0 → 0 → 0 → 0 → 0（末了 0）｜走路点火 119/120
   绿：前额叶 0 → 0 → 0 → 0 → 0 → 0（末了 0）｜走路点火 0/120
   黑：前额叶 47 → 94 → 158 → 233 → 339 → 441（末了 441）｜走路点火 0/120
