====================================================================================================
本能一批一批加上去：每一阶段都重测全部行为
分组条数：运动库 221、平衡起身 6、看见红 6、听觉 3、注视 345
种子：[20260914, 20260915, 20260916]
====================================================================================================
建皮层连接网：视觉23040、视觉细节23040、听觉30000、前额叶53200、运动160、运动记忆3576、本体感觉480、平衡感觉120、机身状态60、视觉运动1920、抑制8000 共 143,596 个皮层神经元 ...
[种子 20260914] A_只有运动库        本能 221 条（建网 21.8 秒）
        起身 末高 0.184 | 站住 末高 0.184 歪 41 度 | 见红走 -0.12 米（点火 0）
        听响 点火 0 拍 | 红+停 点火 0 拍、走 -0.12 米 | 瘫掉 末高 0.184 | 盯球 平均偏离 15.3 度（末了眼 +0.0）
        （整串时刻点火：起身 0、见红走 0、红+停 0、听响 0；头一拍点火：见红走 0、红+停 0、听响 0）
建皮层连接网：视觉23040、视觉细节23040、听觉30000、前额叶53200、运动160、运动记忆3576、本体感觉480、平衡感觉120、机身状态60、视觉运动1920、抑制8000 共 143,596 个皮层神经元 ...
[种子 20260914] B_加平衡起身        本能 227 条（建网 23.7 秒）
        起身 末高 0.261 | 站住 末高 0.185 歪 41 度 | 见红走 +0.87 米（点火 0）
        听响 点火 0 拍 | 红+停 点火 0 拍、走 -0.16 米 | 瘫掉 末高 0.184 | 盯球 平均偏离 15.3 度（末了眼 +0.0）
        （整串时刻点火：起身 0、见红走 0、红+停 0、听响 0；头一拍点火：见红走 0、红+停 0、听响 0）
建皮层连接网：视觉23040、视觉细节23040、听觉30000、前额叶53200、运动160、运动记忆3576、本体感觉480、平衡感觉120、机身状态60、视觉运动1920、抑制8000 共 143,596 个皮层神经元 ...
[种子 20260914] C_加看见红走        本能 233 条（建网 16.9 秒）
        起身 末高 0.261 | 站住 末高 0.185 歪 41 度 | 见红走 +2.09 米（点火 199）
        听响 点火 0 拍 | 红+停 点火 199 拍、走 +2.04 米 | 瘫掉 末高 0.184 | 盯球 平均偏离 15.3 度（末了眼 +0.0）
        （整串时刻点火：起身 0、见红走 199、红+停 199、听响 0；头一拍点火：见红走 14、红+停 14、听响 0）
建皮层连接网：视觉23040、视觉细节23040、听觉30000、前额叶53200、运动160、运动记忆3576、本体感觉480、平衡感觉120、机身状态60、视觉运动1920、抑制8000 共 143,596 个皮层神经元 ...
[种子 20260914] D_加听觉          本能 236 条（建网 20.1 秒）
        起身 末高 0.261 | 站住 末高 0.185 歪 41 度 | 见红走 +2.09 米（点火 199）
        听响 点火 160 拍 | 红+停 点火 15 拍、走 +0.11 米 | 瘫掉 末高 0.184 | 盯球 平均偏离 15.3 度（末了眼 +0.0）
        （整串时刻点火：起身 0、见红走 199、红+停 15、听响 160；头一拍点火：见红走 14、红+停 1、听响 40）
建皮层连接网：视觉23040、视觉细节23040、听觉30000、前额叶53200、运动160、运动记忆3576、本体感觉480、平衡感觉120、机身状态60、视觉运动1920、抑制8000 共 143,596 个皮层神经元 ...
[种子 20260914] E_加眼睛注视        本能 581 条（建网 18.3 秒）
        起身 末高 0.261 | 站住 末高 0.185 歪 41 度 | 见红走 +2.09 米（点火 199）
        听响 点火 160 拍 | 红+停 点火 15 拍、走 +0.11 米 | 瘫掉 末高 0.184 | 盯球 平均偏离 5.6 度（末了眼 +24.6）
        （整串时刻点火：起身 0、见红走 199、红+停 15、听响 160；头一拍点火：见红走 14、红+停 1、听响 40）
建皮层连接网：视觉23040、视觉细节23040、听觉30000、前额叶53200、运动160、运动记忆3576、本体感觉480、平衡感觉120、机身状态60、视觉运动1920、抑制8000 共 143,596 个皮层神经元 ...
[种子 20260915] A_只有运动库        本能 221 条（建网 18.8 秒）
        起身 末高 0.184 | 站住 末高 0.184 歪 41 度 | 见红走 -0.12 米（点火 0）
        听响 点火 0 拍 | 红+停 点火 0 拍、走 -0.12 米 | 瘫掉 末高 0.184 | 盯球 平均偏离 15.3 度（末了眼 +0.0）
        （整串时刻点火：起身 0、见红走 0、红+停 0、听响 0；头一拍点火：见红走 0、红+停 0、听响 0）
建皮层连接网：视觉23040、视觉细节23040、听觉30000、前额叶53200、运动160、运动记忆3576、本体感觉480、平衡感觉120、机身状态60、视觉运动1920、抑制8000 共 143,596 个皮层神经元 ...
[种子 20260915] B_加平衡起身        本能 227 条（建网 18.2 秒）
        起身 末高 0.261 | 站住 末高 0.185 歪 41 度 | 见红走 -0.15 米（点火 0）
        听响 点火 0 拍 | 红+停 点火 0 拍、走 -0.19 米 | 瘫掉 末高 0.184 | 盯球 平均偏离 15.3 度（末了眼 +0.0）
        （整串时刻点火：起身 0、见红走 0、红+停 0、听响 0；头一拍点火：见红走 0、红+停 0、听响 0）
建皮层连接网：视觉23040、视觉细节23040、听觉30000、前额叶53200、运动160、运动记忆3576、本体感觉480、平衡感觉120、机身状态60、视觉运动1920、抑制8000 共 143,596 个皮层神经元 ...
[种子 20260915] C_加看见红走        本能 233 条（建网 22.5 秒）
        起身 末高 0.261 | 站住 末高 0.185 歪 41 度 | 见红走 +1.39 米（点火 199）
        听响 点火 0 拍 | 红+停 点火 199 拍、走 +1.40 米 | 瘫掉 末高 0.184 | 盯球 平均偏离 15.3 度（末了眼 +0.0）
        （整串时刻点火：起身 0、见红走 199、红+停 199、听响 0；头一拍点火：见红走 14、红+停 14、听响 0）
建皮层连接网：视觉23040、视觉细节23040、听觉30000、前额叶53200、运动160、运动记忆3576、本体感觉480、平衡感觉120、机身状态60、视觉运动1920、抑制8000 共 143,596 个皮层神经元 ...
[种子 20260915] D_加听觉          本能 236 条（建网 21.4 秒）
        起身 末高 0.261 | 站住 末高 0.185 歪 41 度 | 见红走 +1.39 米（点火 199）
        听响 点火 160 拍 | 红+停 点火 15 拍、走 +0.11 米 | 瘫掉 末高 0.184 | 盯球 平均偏离 15.3 度（末了眼 +0.0）
        （整串时刻点火：起身 0、见红走 199、红+停 15、听响 160；头一拍点火：见红走 14、红+停 1、听响 40）
建皮层连接网：视觉23040、视觉细节23040、听觉30000、前额叶53200、运动160、运动记忆3576、本体感觉480、平衡感觉120、机身状态60、视觉运动1920、抑制8000 共 143,596 个皮层神经元 ...
[种子 20260915] E_加眼睛注视        本能 581 条（建网 18.5 秒）
        起身 末高 0.261 | 站住 末高 0.185 歪 41 度 | 见红走 +1.39 米（点火 199）
        听响 点火 160 拍 | 红+停 点火 15 拍、走 +0.11 米 | 瘫掉 末高 0.184 | 盯球 平均偏离 5.6 度（末了眼 +24.6）
        （整串时刻点火：起身 0、见红走 199、红+停 15、听响 160；头一拍点火：见红走 14、红+停 1、听响 40）
建皮层连接网：视觉23040、视觉细节23040、听觉30000、前额叶53200、运动160、运动记忆3576、本体感觉480、平衡感觉120、机身状态60、视觉运动1920、抑制8000 共 143,596 个皮层神经元 ...
[种子 20260916] A_只有运动库        本能 221 条（建网 16.6 秒）
        起身 末高 0.184 | 站住 末高 0.184 歪 41 度 | 见红走 -0.12 米（点火 0）
        听响 点火 0 拍 | 红+停 点火 0 拍、走 -0.12 米 | 瘫掉 末高 0.184 | 盯球 平均偏离 15.3 度（末了眼 +0.0）
        （整串时刻点火：起身 0、见红走 0、红+停 0、听响 0；头一拍点火：见红走 0、红+停 0、听响 0）
建皮层连接网：视觉23040、视觉细节23040、听觉30000、前额叶53200、运动160、运动记忆3576、本体感觉480、平衡感觉120、机身状态60、视觉运动1920、抑制8000 共 143,596 个皮层神经元 ...
[种子 20260916] B_加平衡起身        本能 227 条（建网 14.5 秒）
        起身 末高 0.261 | 站住 末高 0.185 歪 41 度 | 见红走 -0.15 米（点火 0）
        听响 点火 0 拍 | 红+停 点火 0 拍、走 +0.71 米 | 瘫掉 末高 0.184 | 盯球 平均偏离 15.3 度（末了眼 +0.0）
        （整串时刻点火：起身 0、见红走 0、红+停 0、听响 0；头一拍点火：见红走 0、红+停 0、听响 0）
建皮层连接网：视觉23040、视觉细节23040、听觉30000、前额叶53200、运动160、运动记忆3576、本体感觉480、平衡感觉120、机身状态60、视觉运动1920、抑制8000 共 143,596 个皮层神经元 ...
[种子 20260916] C_加看见红走        本能 233 条（建网 13.0 秒）
        起身 末高 0.261 | 站住 末高 0.185 歪 41 度 | 见红走 +2.16 米（点火 199）
        听响 点火 0 拍 | 红+停 点火 199 拍、走 +1.93 米 | 瘫掉 末高 0.184 | 盯球 平均偏离 15.3 度（末了眼 +0.0）
        （整串时刻点火：起身 0、见红走 199、红+停 199、听响 0；头一拍点火：见红走 14、红+停 14、听响 0）
建皮层连接网：视觉23040、视觉细节23040、听觉30000、前额叶53200、运动160、运动记忆3576、本体感觉480、平衡感觉120、机身状态60、视觉运动1920、抑制8000 共 143,596 个皮层神经元 ...
[种子 20260916] D_加听觉          本能 236 条（建网 13.2 秒）
        起身 末高 0.261 | 站住 末高 0.185 歪 41 度 | 见红走 +2.16 米（点火 199）
        听响 点火 133 拍 | 红+停 点火 15 拍、走 +0.12 米 | 瘫掉 末高 0.184 | 盯球 平均偏离 15.3 度（末了眼 +0.0）
        （整串时刻点火：起身 0、见红走 199、红+停 15、听响 133；头一拍点火：见红走 14、红+停 1、听响 67）
建皮层连接网：视觉23040、视觉细节23040、听觉30000、前额叶53200、运动160、运动记忆3576、本体感觉480、平衡感觉120、机身状态60、视觉运动1920、抑制8000 共 143,596 个皮层神经元 ...
[种子 20260916] E_加眼睛注视        本能 581 条（建网 16.8 秒）
        起身 末高 0.261 | 站住 末高 0.185 歪 41 度 | 见红走 +2.16 米（点火 199）
        听响 点火 133 拍 | 红+停 点火 15 拍、走 +0.12 米 | 瘫掉 末高 0.184 | 盯球 平均偏离 5.6 度（末了眼 +24.6）
        （整串时刻点火：起身 0、见红走 199、红+停 15、听响 133；头一拍点火：见红走 14、红+停 1、听响 67）

====================================================================================================
【汇总：每一格 = 几个种子做到】
阶段               |        自己站起来 |         看见红往前走 |         听见响动一动 |        红+停 停得住 |        眼睛跟住球
----------------------------------------------------------------------------------------------------
A_只有运动库          |          0/3 |            0/3 |            0/3 |            0/3 |          0/3
B_加平衡起身          |          3/3 |            0/3 |            0/3 |            0/3 |          0/3
C_加看见红走          |          3/3 |            3/3 |            0/3 |            0/3 |          0/3
D_加听觉            |          3/3 |            3/3 |            3/3 |            0/3 |          0/3
E_加眼睛注视          |          3/3 |            3/3 |            3/3 |            0/3 |          3/3

【原始数字：中位数】
  A_只有运动库        起身末高 0.184 | 见红走 -0.12 米（点火 0.0/200）| 听响点火 0.0 | 红+停 走 -0.12 米（点火 0.0）| 瘫掉 0.184 | 盯球偏离 15.3
  B_加平衡起身        起身末高 0.261 | 见红走 -0.15 米（点火 0.0/200）| 听响点火 0.0 | 红+停 走 -0.16 米（点火 0.0）| 瘫掉 0.184 | 盯球偏离 15.3
  C_加看见红走        起身末高 0.261 | 见红走 +2.09 米（点火 199.0/200）| 听响点火 0.0 | 红+停 走 +1.93 米（点火 199.0）| 瘫掉 0.184 | 盯球偏离 15.3
  D_加听觉          起身末高 0.261 | 见红走 +2.09 米（点火 199.0/200）| 听响点火 160.0 | 红+停 走 +0.11 米（点火 15.0）| 瘫掉 0.184 | 盯球偏离 15.3
  E_加眼睛注视        起身末高 0.261 | 见红走 +2.09 米（点火 199.0/200）| 听响点火 160.0 | 红+停 走 +0.11 米（点火 15.0）| 瘫掉 0.184 | 盯球偏离 5.6

【负对照：什么都不给（连感觉都不给），每一阶段都应该瘫掉】
  A_只有运动库        瘫掉末高 0.184、0.184、0.184
  B_加平衡起身        瘫掉末高 0.184、0.184、0.184
  C_加看见红走        瘫掉末高 0.184、0.184、0.184
  D_加听觉          瘫掉末高 0.184、0.184、0.184
  E_加眼睛注视        瘫掉末高 0.184、0.184、0.184
