========================================================================================================
「看到红→往前走」两半拆开：每一拍量两块名字亮了多少、那个头细胞收到多少电流
========================================================================================================
建皮层连接网：视觉23040、视觉细节23040、听觉30000、前额叶53200、运动160、运动记忆3576、本体感觉480、平衡感觉120、机身状态60、视觉运动1920、多巴胺200、抑制8000 共 143,796 个皮层神经元 ...
种子 20260914  红：视觉:中有红 亮 1.00（块 1346 个）| 前额叶:看着红 亮 1.00（块 1360 个）| 给这半 视 0.80 + 前 0.85 − 抑 2.79 = 净 -1.01 | 走路 199/200
种子 20260914  黑：视觉:中有红 亮 0.00（块 1346 个）| 前额叶:看着红 亮 0.11（块 1360 个）| 给这半 视 0.00 + 前 0.09 − 抑 0.00 = 净 0.09 | 走路 0/200
种子 20260914  蓝：视觉:中有红 亮 0.29（块 1346 个）| 前额叶:看着红 亮 0.99（块 1360 个）| 给这半 视 0.23 + 前 0.84 − 抑 2.73 = 净 -1.54 | 走路 194/200
种子 20260914  绿：视觉:中有红 亮 0.30（块 1346 个）| 前额叶:看着红 亮 0.99（块 1360 个）| 给这半 视 0.24 + 前 0.84 − 抑 2.76 = 净 -1.56 | 走路 193/200
建皮层连接网：视觉23040、视觉细节23040、听觉30000、前额叶53200、运动160、运动记忆3576、本体感觉480、平衡感觉120、机身状态60、视觉运动1920、多巴胺200、抑制8000 共 143,796 个皮层神经元 ...
种子 20260915  红：视觉:中有红 亮 1.00（块 1346 个）| 前额叶:看着红 亮 1.00（块 1360 个）| 给这半 视 0.80 + 前 0.85 − 抑 2.79 = 净 -1.01 | 走路 199/200
种子 20260915  黑：视觉:中有红 亮 0.00（块 1346 个）| 前额叶:看着红 亮 0.11（块 1360 个）| 给这半 视 0.00 + 前 0.09 − 抑 0.00 = 净 0.09 | 走路 0/200
种子 20260915  蓝：视觉:中有红 亮 0.29（块 1346 个）| 前额叶:看着红 亮 0.99（块 1360 个）| 给这半 视 0.23 + 前 0.84 − 抑 2.73 = 净 -1.54 | 走路 194/200
种子 20260915  绿：视觉:中有红 亮 0.30（块 1346 个）| 前额叶:看着红 亮 0.99（块 1360 个）| 给这半 视 0.24 + 前 0.84 − 抑 2.76 = 净 -1.56 | 走路 193/200
建皮层连接网：视觉23040、视觉细节23040、听觉30000、前额叶53200、运动160、运动记忆3576、本体感觉480、平衡感觉120、机身状态60、视觉运动1920、多巴胺200、抑制8000 共 143,796 个皮层神经元 ...
种子 20260916  红：视觉:中有红 亮 1.00（块 1346 个）| 前额叶:看着红 亮 1.00（块 1360 个）| 给这半 视 0.80 + 前 0.85 − 抑 2.79 = 净 -1.01 | 走路 199/200
种子 20260916  黑：视觉:中有红 亮 0.00（块 1346 个）| 前额叶:看着红 亮 0.11（块 1360 个）| 给这半 视 0.00 + 前 0.09 − 抑 0.00 = 净 0.09 | 走路 0/200
种子 20260916  蓝：视觉:中有红 亮 0.29（块 1346 个）| 前额叶:看着红 亮 0.99（块 1360 个）| 给这半 视 0.23 + 前 0.84 − 抑 2.73 = 净 -1.54 | 走路 192/200
种子 20260916  绿：视觉:中有红 亮 0.30（块 1346 个）| 前额叶:看着红 亮 0.99（块 1360 个）| 给这半 视 0.24 + 前 0.84 − 抑 2.76 = 净 -1.56 | 走路 194/200
建皮层连接网：视觉23040、视觉细节23040、听觉30000、前额叶53200、运动160、运动记忆3576、本体感觉480、平衡感觉120、机身状态60、视觉运动1920、多巴胺200、抑制8000 共 143,796 个皮层神经元 ...
种子 20260917  红：视觉:中有红 亮 1.00（块 1346 个）| 前额叶:看着红 亮 1.00（块 1360 个）| 给这半 视 0.80 + 前 0.85 − 抑 2.79 = 净 -1.01 | 走路 199/200
种子 20260917  黑：视觉:中有红 亮 0.00（块 1346 个）| 前额叶:看着红 亮 0.11（块 1360 个）| 给这半 视 0.00 + 前 0.09 − 抑 0.00 = 净 0.09 | 走路 0/200
种子 20260917  蓝：视觉:中有红 亮 0.29（块 1346 个）| 前额叶:看着红 亮 0.99（块 1360 个）| 给这半 视 0.23 + 前 0.84 − 抑 2.73 = 净 -1.54 | 走路 194/200
种子 20260917  绿：视觉:中有红 亮 0.30（块 1346 个）| 前额叶:看着红 亮 0.99（块 1360 个）| 给这半 视 0.24 + 前 0.84 − 抑 2.73 = 净 -1.52 | 走路 195/200
建皮层连接网：视觉23040、视觉细节23040、听觉30000、前额叶53200、运动160、运动记忆3576、本体感觉480、平衡感觉120、机身状态60、视觉运动1920、多巴胺200、抑制8000 共 143,796 个皮层神经元 ...
种子 20260918  红：视觉:中有红 亮 1.00（块 1346 个）| 前额叶:看着红 亮 1.00（块 1360 个）| 给这半 视 0.80 + 前 0.85 − 抑 3.16 = 净 -1.38 | 走路 199/200
种子 20260918  黑：视觉:中有红 亮 0.00（块 1346 个）| 前额叶:看着红 亮 0.11（块 1360 个）| 给这半 视 0.00 + 前 0.09 − 抑 0.00 = 净 0.09 | 走路 0/200
种子 20260918  蓝：视觉:中有红 亮 0.29（块 1346 个）| 前额叶:看着红 亮 0.99（块 1360 个）| 给这半 视 0.23 + 前 0.84 − 抑 2.64 = 净 -1.45 | 走路 183/200
种子 20260918  绿：视觉:中有红 亮 0.30（块 1346 个）| 前额叶:看着红 亮 0.99（块 1360 个）| 给这半 视 0.24 + 前 0.84 − 抑 0.34 = 净 0.74 | 走路 0/200

========================================================================================================
【汇总：每个幕取中位数】
幕      | 视觉:中有红 亮         | 前额叶:看着红 亮        | 视觉给的       | 前额叶给的      | 抑制扣的       | 净电流        | 走路点燃      
--------------------------------------------------------------------------------------------------------
红      | 1.00（1346 个）     | 1.00（1360 个）     | 0.80       | 0.85       | 2.79       | -1.01      | 199/200   
黑      | 0.00（1346 个）     | 0.11（1360 个）     | 0.00       | 0.09       | 0.00       | 0.09       | 0/200     
蓝      | 0.29（1346 个）     | 0.99（1360 个）     | 0.23       | 0.84       | 2.73       | -1.54      | 194/200   
绿      | 0.30（1346 个）     | 0.99（1360 个）     | 0.24       | 0.84       | 2.76       | -1.56      | 193/200   
