====================================================================================================
颜色渐变正式协议：色相 0° 起，能重新点着就往下挪，点不着就停（终点 180°）
步长 [3]；种子 [20260914]
====================================================================================================
建皮层连接网：视觉23040、视觉细节23040、听觉30000、前额叶53200、运动160、运动记忆3576、本体感觉480、平衡感觉120、机身状态60、视觉运动1920、多巴胺200、抑制8000 共 143,796 个皮层神经元 ...
步长  3°，开学习，种子 20260914 → 停在哪  96°（挪了 32 格，共 1040 拍，175 秒）
建皮层连接网：视觉23040、视觉细节23040、听觉30000、前额叶53200、运动160、运动记忆3576、本体感觉480、平衡感觉120、机身状态60、视觉运动1920、多巴胺200、抑制8000 共 143,796 个皮层神经元 ...
步长  3°，关学习，种子 20260914 → 停在哪  96°（挪了 32 格，共 1040 拍，102 秒）

====================================================================================================
【总表】每 步长/学习/种子 一趟，看它认到哪一度
    步长 |     学习 |       种子 |     停在哪(度) |      花了多少拍
----------------------------------------------------------------------------------------------------
     3 |      开 | 20260914 |         96 |       1040
     3 |      关 | 20260914 |         96 |       1040

【按步长汇总】
   步长  3°、开学习：平均停在哪 96 度（各趟 96）
   步长  3°、关学习：平均停在哪 96 度（各趟 96）

【收尾对照（每一趟都做，这里列出第一趟的）】
   停在 96°         走路 7/8
   黑屏             走路 0/8
   纯红 0°          走路 7/8
   跳到 120°        走路 0/8
   跳到 180°        走路 7/8
   再回 96°         走路 7/8

【收尾对照（全部趟，一趟一行）】
步长  3°、开学习、种子 20260914、停在哪  96°：停在 96° 走路 7/8；黑屏 走路 0/8；纯红 0° 走路 7/8；跳到 120° 走路 0/8；跳到 180° 走路 7/8；再回 96° 走路 7/8
步长  3°、关学习、种子 20260914、停在哪  96°：停在 96° 走路 7/8；黑屏 走路 0/8；纯红 0° 走路 7/8；跳到 120° 走路 0/8；跳到 180° 走路 7/8；再回 96° 走路 7/8
