========================================================================================
拿别人训练好的四足走路策略当对照（同一具身体、同一件事）
========================================================================================

【0】它是什么
  文件  C:\go2_policy\vel\model_500.pt（4.6 MB）
  来源  HuggingFace  diasAiMaster/unitree-go2-velocity-flat
        宇树 Go2 在 MuJoCo + PPO（RSL-RL）上训的，任务 = 速度指令、平地
  训练量（模型卡上白纸黑字的）：8192 个并行环境 x 每轮 24 步 x 506 轮
         = 99,483,648 个物理步；10 张 RTX A4000 跑了 18 分钟（约 3.0 张显卡·小时）

【1】它看得见什么：把第一层权重矩阵打进来看
  第一层形状 (512, 45) -> 输入 45 个数：
       3 个：机身角速度（自己转得多快）
       3 个：重力方向（耳石，自己歪没歪）
       3 个：★ 速度指令 ★（前面/左边/转圈 各多少米每秒）
      12 个：12 个关节相对站姿的偏差
      12 个：12 个关节的角速度
      12 个：上一拍自己发出的动作
  -> 这 45 个数里，从外界进来的只有两组：重力方向、以及那 3 个指令数。
     没有画面、没有声音、没有红块 —— 不是它没学好，是**没有那条通路**。

【2】给它一条指令，它自己走 4 秒（一拍 20 毫秒，和大脑一拍一样）
     肌肉参数用我们这一具身体现在那套（k=80，d=4）
     指令(米/秒) |     4 秒走了 |  末了机身高 | 末了歪 | 还站在地上
         +0.0   |    0.07 米  |   0.379 米  |  4.0 度 |   是
         +0.4   |    0.60 米  |   0.375 米  |  0.7 度 |   是
         +0.8   |    1.85 米  |   0.373 米  |  2.0 度 |   是
         +1.2   |    3.71 米  |   0.368 米  |  2.3 度 |   是
         +1.6   |    4.98 米  |   0.361 米  |  0.9 度 |   是
         -0.8   |   -1.40 米  |   0.366 米  |  1.6 度 |   是
         -1.6   |   -2.90 米  |   0.346 米  |  3.3 度 |   是

     同一条指令（往前 1.2 米/秒）换成它自己训练时用的肌肉参数（k=20/40，d=1/2）：
         +1.2   |    3.22 米  |   0.340 米  |  2.9 度 |   是
     （两套参数都量，因为换一具身体还行不行本身就是个问题；这里只报数，不评好坏。）

     参考：我们那个系统（本能表写着「看见红就前进1.2」）同一具身体、同样 4 秒，
           5/5 个种子的中位是往前 1.73 米（论文 R1）。

【3】不给指令（三个数全是 0），以及趴在地上
  指令 0：3 秒后往前 0.07 米、末了高 0.379 米、歪 4.0 度 —— 它站着不动，等指令。
  趴在地上（它这辈子没见过的姿势）：3 秒后末了高 0.379 米、歪 4.1 度 -> 自己站起来了
  趴着同时给它「前进 1.2」：末了高 0.367 米、歪 2.4 度 -> 自己站起来了
  但是：同一个身体、12 块肌肉**恒定发 0.5**（就是站姿那串数），
        第 9 拍就到 0.25 米，末了高 0.261 米、歪 0.6 度。
        -> 站起来在这具身体上根本不是控制难题；难的是**知道现在要发这串数**。
           我们那个系统的贡献正是后者（本能表里「趴着 -> 站起来」那一行），
           所以论文里不能拿「会站起来」当难度证据。

【4】把红块摆在它眼前
  老师那 45 个数里没有画面这一路，红块的信息**没有任何通路**能进去。
  所以「看见红就走」这件事它一次也做不了 —— 不是它训得差，
  而是那件事根本不在它的任务里（它的任务是「别人报三个数，我走」）。

  同一具身体、同一件事，两边各是什么：
     有红块  我们那个系统 5/5 走过去、中位 1.73 米   老师 做不到（没有通路）
     无红块  我们那个系统 5/5 一动不动、0.00 米     老师 做不到（没有通路）

  要把这半个补上，就得再训一个「看见红 -> 报三个数」的策略。
  我们自己试着训过（3 个种子、每个最多 180 万步，PPO，日志 日志_RL对照_看见红_控制台*.txt）：
     · 三个种子分别在 16 万 / 12 万 / 18 万步第一次过「4 秒走 0.30 米」（论文 R1 那条线）；
     · 没有一个种子达到我们那个系统的水平（>= 1.0 米）。

【5】两边的账
                          下半段：四条腿怎么动        上半段：现在该不该走
  别人训好的模型         1 亿步 + 10 张卡 18 分钟     完全没有（输入里没眼睛）
  我们那个系统           抄进本能表（0 步）            本能表一行（0 步）
  我们那个系统的实测      5/5 走过去 1.73 米           有红 1.73 米 / 无红 0.00 米

  （「抄进本能表」= 论文 5.4：把它的 221 条步态抄成 221 条动作。
    论文 4.3 已经写明这是监督、发生在脑子出生之前；人手一根一根写权重等效。
    这一轮补上的是：我们量了它，也量了它缺的那一半。）

========================================================================================
