====================================================================================================
颜色渐变正式协议：色相 0° 起，能重新点着就往下挪，点不着就停（终点 180°）
步长 [3, 6, 12]；种子 [20260914, 20260915, 20260916, 20260917, 20260918]
====================================================================================================
建皮层连接网：视觉23040、视觉细节23040、听觉30000、前额叶57436、运动160、运动记忆3576、本体感觉480、平衡感觉120、机身状态60、视觉运动1920、多巴胺200、抑制8000 共 148,032 个皮层神经元 ...
步长  3°，开学习，种子 20260914 → 停在哪  96°（挪了 32 格，共 1040 拍，189 秒）
建皮层连接网：视觉23040、视觉细节23040、听觉30000、前额叶57436、运动160、运动记忆3576、本体感觉480、平衡感觉120、机身状态60、视觉运动1920、多巴胺200、抑制8000 共 148,032 个皮层神经元 ...
步长  3°，开学习，种子 20260915 → 停在哪  93°（挪了 31 格，共 1015 拍，185 秒）
建皮层连接网：视觉23040、视觉细节23040、听觉30000、前额叶57436、运动160、运动记忆3576、本体感觉480、平衡感觉120、机身状态60、视觉运动1920、多巴胺200、抑制8000 共 148,032 个皮层神经元 ...
步长  3°，开学习，种子 20260916 → 停在哪  96°（挪了 32 格，共 1040 拍，188 秒）
建皮层连接网：视觉23040、视觉细节23040、听觉30000、前额叶57436、运动160、运动记忆3576、本体感觉480、平衡感觉120、机身状态60、视觉运动1920、多巴胺200、抑制8000 共 148,032 个皮层神经元 ...
步长  3°，开学习，种子 20260917 → 停在哪  96°（挪了 32 格，共 1265 拍，229 秒）
建皮层连接网：视觉23040、视觉细节23040、听觉30000、前额叶57436、运动160、运动记忆3576、本体感觉480、平衡感觉120、机身状态60、视觉运动1920、多巴胺200、抑制8000 共 148,032 个皮层神经元 ...
步长  3°，开学习，种子 20260918 → 停在哪  96°（挪了 32 格，共 1040 拍，189 秒）
建皮层连接网：视觉23040、视觉细节23040、听觉30000、前额叶57436、运动160、运动记忆3576、本体感觉480、平衡感觉120、机身状态60、视觉运动1920、多巴胺200、抑制8000 共 148,032 个皮层神经元 ...
步长  3°，关学习，种子 20260914 → 停在哪  78°（挪了 26 格，共 890 拍，91 秒）
建皮层连接网：视觉23040、视觉细节23040、听觉30000、前额叶57436、运动160、运动记忆3576、本体感觉480、平衡感觉120、机身状态60、视觉运动1920、多巴胺200、抑制8000 共 148,032 个皮层神经元 ...
步长  3°，关学习，种子 20260915 → 停在哪  45°（挪了 15 格，共 615 拍，67 秒）
建皮层连接网：视觉23040、视觉细节23040、听觉30000、前额叶57436、运动160、运动记忆3576、本体感觉480、平衡感觉120、机身状态60、视觉运动1920、多巴胺200、抑制8000 共 148,032 个皮层神经元 ...
步长  3°，关学习，种子 20260916 → 停在哪  72°（挪了 24 格，共 840 拍，87 秒）
建皮层连接网：视觉23040、视觉细节23040、听觉30000、前额叶57436、运动160、运动记忆3576、本体感觉480、平衡感觉120、机身状态60、视觉运动1920、多巴胺200、抑制8000 共 148,032 个皮层神经元 ...
步长  3°，关学习，种子 20260917 → 停在哪  87°（挪了 29 格，共 965 拍，99 秒）
建皮层连接网：视觉23040、视觉细节23040、听觉30000、前额叶57436、运动160、运动记忆3576、本体感觉480、平衡感觉120、机身状态60、视觉运动1920、多巴胺200、抑制8000 共 148,032 个皮层神经元 ...
步长  3°，关学习，种子 20260918 → 停在哪  93°（挪了 31 格，共 1015 拍，103 秒）
建皮层连接网：视觉23040、视觉细节23040、听觉30000、前额叶57436、运动160、运动记忆3576、本体感觉480、平衡感觉120、机身状态60、视觉运动1920、多巴胺200、抑制8000 共 148,032 个皮层神经元 ...
步长  6°，开学习，种子 20260914 → 停在哪  96°（挪了 16 格，共 640 拍，123 秒）
建皮层连接网：视觉23040、视觉细节23040、听觉30000、前额叶57436、运动160、运动记忆3576、本体感觉480、平衡感觉120、机身状态60、视觉运动1920、多巴胺200、抑制8000 共 148,032 个皮层神经元 ...
步长  6°，开学习，种子 20260915 → 停在哪  90°（挪了 15 格，共 615 拍，119 秒）
建皮层连接网：视觉23040、视觉细节23040、听觉30000、前额叶57436、运动160、运动记忆3576、本体感觉480、平衡感觉120、机身状态60、视觉运动1920、多巴胺200、抑制8000 共 148,032 个皮层神经元 ...
步长  6°，开学习，种子 20260916 → 停在哪  96°（挪了 16 格，共 640 拍，123 秒）
建皮层连接网：视觉23040、视觉细节23040、听觉30000、前额叶57436、运动160、运动记忆3576、本体感觉480、平衡感觉120、机身状态60、视觉运动1920、多巴胺200、抑制8000 共 148,032 个皮层神经元 ...
步长  6°，开学习，种子 20260917 → 停在哪  96°（挪了 16 格，共 790 拍，150 秒）
建皮层连接网：视觉23040、视觉细节23040、听觉30000、前额叶57436、运动160、运动记忆3576、本体感觉480、平衡感觉120、机身状态60、视觉运动1920、多巴胺200、抑制8000 共 148,032 个皮层神经元 ...
步长  6°，开学习，种子 20260918 → 停在哪  96°（挪了 16 格，共 640 拍，123 秒）
建皮层连接网：视觉23040、视觉细节23040、听觉30000、前额叶57436、运动160、运动记忆3576、本体感觉480、平衡感觉120、机身状态60、视觉运动1920、多巴胺200、抑制8000 共 148,032 个皮层神经元 ...
步长  6°，关学习，种子 20260914 → 停在哪  78°（挪了 13 格，共 565 拍，64 秒）
建皮层连接网：视觉23040、视觉细节23040、听觉30000、前额叶57436、运动160、运动记忆3576、本体感觉480、平衡感觉120、机身状态60、视觉运动1920、多巴胺200、抑制8000 共 148,032 个皮层神经元 ...
步长  6°，关学习，种子 20260915 → 停在哪  42°（挪了 7 格，共 415 拍，50 秒）
建皮层连接网：视觉23040、视觉细节23040、听觉30000、前额叶57436、运动160、运动记忆3576、本体感觉480、平衡感觉120、机身状态60、视觉运动1920、多巴胺200、抑制8000 共 148,032 个皮层神经元 ...
步长  6°，关学习，种子 20260916 → 停在哪  72°（挪了 12 格，共 540 拍，62 秒）
建皮层连接网：视觉23040、视觉细节23040、听觉30000、前额叶57436、运动160、运动记忆3576、本体感觉480、平衡感觉120、机身状态60、视觉运动1920、多巴胺200、抑制8000 共 148,032 个皮层神经元 ...
步长  6°，关学习，种子 20260917 → 停在哪  84°（挪了 14 格，共 590 拍，67 秒）
建皮层连接网：视觉23040、视觉细节23040、听觉30000、前额叶57436、运动160、运动记忆3576、本体感觉480、平衡感觉120、机身状态60、视觉运动1920、多巴胺200、抑制8000 共 148,032 个皮层神经元 ...
步长  6°，关学习，种子 20260918 → 停在哪  90°（挪了 15 格，共 615 拍，68 秒）
建皮层连接网：视觉23040、视觉细节23040、听觉30000、前额叶57436、运动160、运动记忆3576、本体感觉480、平衡感觉120、机身状态60、视觉运动1920、多巴胺200、抑制8000 共 148,032 个皮层神经元 ...
步长 12°，开学习，种子 20260914 → 停在哪  96°（挪了 8 格，共 465 拍，94 秒）
建皮层连接网：视觉23040、视觉细节23040、听觉30000、前额叶57436、运动160、运动记忆3576、本体感觉480、平衡感觉120、机身状态60、视觉运动1920、多巴胺200、抑制8000 共 148,032 个皮层神经元 ...
步长 12°，开学习，种子 20260915 → 停在哪  96°（挪了 8 格，共 565 拍，112 秒）
建皮层连接网：视觉23040、视觉细节23040、听觉30000、前额叶57436、运动160、运动记忆3576、本体感觉480、平衡感觉120、机身状态60、视觉运动1920、多巴胺200、抑制8000 共 148,032 个皮层神经元 ...
步长 12°，开学习，种子 20260916 → 停在哪  96°（挪了 8 格，共 490 拍，98 秒）
建皮层连接网：视觉23040、视觉细节23040、听觉30000、前额叶57436、运动160、运动记忆3576、本体感觉480、平衡感觉120、机身状态60、视觉运动1920、多巴胺200、抑制8000 共 148,032 个皮层神经元 ...
步长 12°，开学习，种子 20260917 → 停在哪  96°（挪了 8 格，共 565 拍，113 秒）
建皮层连接网：视觉23040、视觉细节23040、听觉30000、前额叶57436、运动160、运动记忆3576、本体感觉480、平衡感觉120、机身状态60、视觉运动1920、多巴胺200、抑制8000 共 148,032 个皮层神经元 ...
步长 12°，开学习，种子 20260918 → 停在哪  96°（挪了 8 格，共 440 拍，89 秒）
建皮层连接网：视觉23040、视觉细节23040、听觉30000、前额叶57436、运动160、运动记忆3576、本体感觉480、平衡感觉120、机身状态60、视觉运动1920、多巴胺200、抑制8000 共 148,032 个皮层神经元 ...
步长 12°，关学习，种子 20260914 → 停在哪  72°（挪了 6 格，共 390 拍，49 秒）
建皮层连接网：视觉23040、视觉细节23040、听觉30000、前额叶57436、运动160、运动记忆3576、本体感觉480、平衡感觉120、机身状态60、视觉运动1920、多巴胺200、抑制8000 共 148,032 个皮层神经元 ...
步长 12°，关学习，种子 20260915 → 停在哪  48°（挪了 4 格，共 365 拍，46 秒）
建皮层连接网：视觉23040、视觉细节23040、听觉30000、前额叶57436、运动160、运动记忆3576、本体感觉480、平衡感觉120、机身状态60、视觉运动1920、多巴胺200、抑制8000 共 148,032 个皮层神经元 ...
步长 12°，关学习，种子 20260916 → 停在哪  72°（挪了 6 格，共 390 拍，49 秒）
建皮层连接网：视觉23040、视觉细节23040、听觉30000、前额叶57436、运动160、运动记忆3576、本体感觉480、平衡感觉120、机身状态60、视觉运动1920、多巴胺200、抑制8000 共 148,032 个皮层神经元 ...
步长 12°，关学习，种子 20260917 → 停在哪  84°（挪了 7 格，共 415 拍，51 秒）
建皮层连接网：视觉23040、视觉细节23040、听觉30000、前额叶57436、运动160、运动记忆3576、本体感觉480、平衡感觉120、机身状态60、视觉运动1920、多巴胺200、抑制8000 共 148,032 个皮层神经元 ...
步长 12°，关学习，种子 20260918 → 停在哪  84°（挪了 7 格，共 415 拍，52 秒）

====================================================================================================
【总表】每 步长/学习/种子 一趟，看它认到哪一度
    步长 |     学习 |       种子 |     停在哪(度) |      花了多少拍
----------------------------------------------------------------------------------------------------
     3 |      开 | 20260914 |         96 |       1040
     3 |      开 | 20260915 |         93 |       1015
     3 |      开 | 20260916 |         96 |       1040
     3 |      开 | 20260917 |         96 |       1265
     3 |      开 | 20260918 |         96 |       1040
     3 |      关 | 20260914 |         78 |        890
     3 |      关 | 20260915 |         45 |        615
     3 |      关 | 20260916 |         72 |        840
     3 |      关 | 20260917 |         87 |        965
     3 |      关 | 20260918 |         93 |       1015
     6 |      开 | 20260914 |         96 |        640
     6 |      开 | 20260915 |         90 |        615
     6 |      开 | 20260916 |         96 |        640
     6 |      开 | 20260917 |         96 |        790
     6 |      开 | 20260918 |         96 |        640
     6 |      关 | 20260914 |         78 |        565
     6 |      关 | 20260915 |         42 |        415
     6 |      关 | 20260916 |         72 |        540
     6 |      关 | 20260917 |         84 |        590
     6 |      关 | 20260918 |         90 |        615
    12 |      开 | 20260914 |         96 |        465
    12 |      开 | 20260915 |         96 |        565
    12 |      开 | 20260916 |         96 |        490
    12 |      开 | 20260917 |         96 |        565
    12 |      开 | 20260918 |         96 |        440
    12 |      关 | 20260914 |         72 |        390
    12 |      关 | 20260915 |         48 |        365
    12 |      关 | 20260916 |         72 |        390
    12 |      关 | 20260917 |         84 |        415
    12 |      关 | 20260918 |         84 |        415

【按步长汇总】
   步长  3°、开学习：平均停在哪 95 度（各趟 96、93、96、96、96）
   步长  3°、关学习：平均停在哪 75 度（各趟 78、45、72、87、93）
   步长  6°、开学习：平均停在哪 95 度（各趟 96、90、96、96、96）
   步长  6°、关学习：平均停在哪 73 度（各趟 78、42、72、84、90）
   步长 12°、开学习：平均停在哪 96 度（各趟 96、96、96、96、96）
   步长 12°、关学习：平均停在哪 72 度（各趟 72、48、72、84、84）

【收尾对照（每一趟都做，这里列出第一趟的）】
   停在 96°         走路 7/8
   黑屏             走路 0/8
   纯红 0°          走路 7/8
   跳到 120°        走路 0/8
   跳到 180°        走路 0/8
   再回 96°         走路 7/8

【收尾对照（全部趟，一趟一行）】
步长  3°、开学习、种子 20260914、停在哪  96°：停在 96° 走路 7/8；黑屏 走路 0/8；纯红 0° 走路 7/8；跳到 120° 走路 0/8；跳到 180° 走路 0/8；再回 96° 走路 7/8
步长  3°、开学习、种子 20260915、停在哪  93°：停在 93° 走路 7/8；黑屏 走路 0/8；纯红 0° 走路 7/8；跳到 120° 走路 0/8；跳到 180° 走路 0/8；再回 93° 走路 7/8
步长  3°、开学习、种子 20260916、停在哪  96°：停在 96° 走路 7/8；黑屏 走路 0/8；纯红 0° 走路 7/8；跳到 120° 走路 0/8；跳到 180° 走路 0/8；再回 96° 走路 7/8
步长  3°、开学习、种子 20260917、停在哪  96°：停在 96° 走路 7/8；黑屏 走路 0/8；纯红 0° 走路 7/8；跳到 120° 走路 0/8；跳到 180° 走路 7/8；再回 96° 走路 7/8
步长  3°、开学习、种子 20260918、停在哪  96°：停在 96° 走路 7/8；黑屏 走路 0/8；纯红 0° 走路 7/8；跳到 120° 走路 0/8；跳到 180° 走路 7/8；再回 96° 走路 7/8
步长  3°、关学习、种子 20260914、停在哪  78°：停在 78° 走路 7/8；黑屏 走路 0/8；纯红 0° 走路 7/8；跳到 120° 走路 0/8；跳到 180° 走路 0/8；再回 78° 走路 7/8
步长  3°、关学习、种子 20260915、停在哪  45°：停在 45° 走路 7/8；黑屏 走路 0/8；纯红 0° 走路 7/8；跳到 120° 走路 0/8；跳到 180° 走路 0/8；再回 45° 走路 7/8
步长  3°、关学习、种子 20260916、停在哪  72°：停在 72° 走路 7/8；黑屏 走路 0/8；纯红 0° 走路 7/8；跳到 120° 走路 0/8；跳到 180° 走路 0/8；再回 72° 走路 7/8
步长  3°、关学习、种子 20260917、停在哪  87°：停在 87° 走路 7/8；黑屏 走路 0/8；纯红 0° 走路 7/8；跳到 120° 走路 0/8；跳到 180° 走路 7/8；再回 87° 走路 7/8
步长  3°、关学习、种子 20260918、停在哪  93°：停在 93° 走路 7/8；黑屏 走路 0/8；纯红 0° 走路 7/8；跳到 120° 走路 0/8；跳到 180° 走路 7/8；再回 93° 走路 7/8
步长  6°、开学习、种子 20260914、停在哪  96°：停在 96° 走路 7/8；黑屏 走路 0/8；纯红 0° 走路 7/8；跳到 120° 走路 0/8；跳到 180° 走路 7/8；再回 96° 走路 7/8
步长  6°、开学习、种子 20260915、停在哪  90°：停在 90° 走路 7/8；黑屏 走路 0/8；纯红 0° 走路 7/8；跳到 120° 走路 0/8；跳到 180° 走路 0/8；再回 90° 走路 7/8
步长  6°、开学习、种子 20260916、停在哪  96°：停在 96° 走路 7/8；黑屏 走路 0/8；纯红 0° 走路 7/8；跳到 120° 走路 0/8；跳到 180° 走路 0/8；再回 96° 走路 7/8
步长  6°、开学习、种子 20260917、停在哪  96°：停在 96° 走路 7/8；黑屏 走路 0/8；纯红 0° 走路 7/8；跳到 120° 走路 0/8；跳到 180° 走路 7/8；再回 96° 走路 7/8
步长  6°、开学习、种子 20260918、停在哪  96°：停在 96° 走路 7/8；黑屏 走路 0/8；纯红 0° 走路 7/8；跳到 120° 走路 0/8；跳到 180° 走路 7/8；再回 96° 走路 7/8
步长  6°、关学习、种子 20260914、停在哪  78°：停在 78° 走路 7/8；黑屏 走路 0/8；纯红 0° 走路 7/8；跳到 120° 走路 0/8；跳到 180° 走路 0/8；再回 78° 走路 7/8
步长  6°、关学习、种子 20260915、停在哪  42°：停在 42° 走路 7/8；黑屏 走路 0/8；纯红 0° 走路 7/8；跳到 120° 走路 0/8；跳到 180° 走路 0/8；再回 42° 走路 7/8
步长  6°、关学习、种子 20260916、停在哪  72°：停在 72° 走路 7/8；黑屏 走路 0/8；纯红 0° 走路 7/8；跳到 120° 走路 0/8；跳到 180° 走路 0/8；再回 72° 走路 7/8
步长  6°、关学习、种子 20260917、停在哪  84°：停在 84° 走路 7/8；黑屏 走路 0/8；纯红 0° 走路 7/8；跳到 120° 走路 0/8；跳到 180° 走路 7/8；再回 84° 走路 7/8
步长  6°、关学习、种子 20260918、停在哪  90°：停在 90° 走路 7/8；黑屏 走路 0/8；纯红 0° 走路 7/8；跳到 120° 走路 0/8；跳到 180° 走路 7/8；再回 90° 走路 7/8
步长 12°、开学习、种子 20260914、停在哪  96°：停在 96° 走路 7/8；黑屏 走路 0/8；纯红 0° 走路 7/8；跳到 120° 走路 0/8；跳到 180° 走路 7/8；再回 96° 走路 7/8
步长 12°、开学习、种子 20260915、停在哪  96°：停在 96° 走路 7/8；黑屏 走路 0/8；纯红 0° 走路 7/8；跳到 120° 走路 0/8；跳到 180° 走路 7/8；再回 96° 走路 7/8
步长 12°、开学习、种子 20260916、停在哪  96°：停在 96° 走路 7/8；黑屏 走路 0/8；纯红 0° 走路 7/8；跳到 120° 走路 0/8；跳到 180° 走路 0/8；再回 96° 走路 7/8
步长 12°、开学习、种子 20260917、停在哪  96°：停在 96° 走路 7/8；黑屏 走路 0/8；纯红 0° 走路 7/8；跳到 120° 走路 0/8；跳到 180° 走路 7/8；再回 96° 走路 7/8
步长 12°、开学习、种子 20260918、停在哪  96°：停在 96° 走路 7/8；黑屏 走路 0/8；纯红 0° 走路 7/8；跳到 120° 走路 0/8；跳到 180° 走路 7/8；再回 96° 走路 7/8
步长 12°、关学习、种子 20260914、停在哪  72°：停在 72° 走路 7/8；黑屏 走路 0/8；纯红 0° 走路 7/8；跳到 120° 走路 0/8；跳到 180° 走路 0/8；再回 72° 走路 7/8
步长 12°、关学习、种子 20260915、停在哪  48°：停在 48° 走路 0/8；黑屏 走路 0/8；纯红 0° 走路 7/8；跳到 120° 走路 0/8；跳到 180° 走路 0/8；再回 48° 走路 0/8
步长 12°、关学习、种子 20260916、停在哪  72°：停在 72° 走路 7/8；黑屏 走路 0/8；纯红 0° 走路 7/8；跳到 120° 走路 0/8；跳到 180° 走路 0/8；再回 72° 走路 7/8
步长 12°、关学习、种子 20260917、停在哪  84°：停在 84° 走路 7/8；黑屏 走路 0/8；纯红 0° 走路 7/8；跳到 120° 走路 0/8；跳到 180° 走路 7/8；再回 84° 走路 7/8
步长 12°、关学习、种子 20260918、停在哪  84°：停在 84° 走路 7/8；黑屏 走路 0/8；纯红 0° 走路 7/8；跳到 120° 走路 0/8；跳到 180° 走路 7/8；再回 84° 走路 7/8
