建皮层连接网：视觉23040、视觉细节23040、听觉30000、前额叶53200、运动160、运动记忆3576、本体感觉480、平衡感觉120、机身状态60、视觉运动1920、多巴胺200、抑制8000 共 143,796 个皮层神经元 ...
========================================================================================================
走路「前进1.2」= 运动记忆区 15 个时刻神经元，入口 = 第 132648 号（点亮入口，整串自己走）
声音「低频响」= 听觉区 2749 个细胞；前额叶「听到低频响」那一段 1097 个
多巴胺：一次「奖励」给一个目标细胞一共 0.50 的电流（摊平到每一根连接上）
========================================================================================================

[1] 出生：趴在地上，只放声音、黑屏，走 50 拍（预期：一动不动）
      拍   整片亮  走路链  听觉亮   前额叶亮     机身高      路程       走路链在跑吗  哪些动作在跑
      15     1395       0       17       1114    0.104 米     0.028 米   没动         没动
      30     1396       0       18       1114    0.095 米     0.046 米   没动         没动
      45     1399       0       19       1114    0.095 米     0.069 米   没动         没动
    → 挪了 0.081 米，最高只有 0.108 米（趴着的高度）：听声音它不会走

[2] 天生就会的：站着，眼前有一块红、不放声音，走 50 拍（预期：自己往前走）
      拍   整片亮  走路链  听觉亮   前额叶亮     机身高      路程       走路链在跑吗  哪些动作在跑
      15     2981       1        0       2700    0.389 米     0.039 米   时刻 14      没动
      30     3016       1        0       2740    0.348 米     0.172 米   时刻 14      没动
      45     3029       1        0       2755    0.373 米     0.390 米   时刻 14      没动
    → 挪了 0.446 米：这是出生就写好的本能（看红 → 走），还没学过声音

[3] 教学：站着，眼前有一块红 + 同时响声音 + 点亮多巴胺，走 200 拍
      拍   整片亮  走路链  听觉亮   前额叶亮     机身高      路程       走路链在跑吗  哪些动作在跑
      15     4160       1       31       3751    0.383 米     0.037 米   时刻 14      没动
      30     4221       1       37       3780    0.346 米     0.187 米   时刻 14      没动
      45     4250       1       39       3781    0.355 米     0.347 米   时刻 14      没动
      60     4273       1       46       3783    0.302 米     0.506 米   时刻 14      没动
      75     4287       1       51       3783    0.216 米     0.704 米   时刻 14      没动
      90     4298       1       55       3783    0.156 米     0.848 米   时刻 14      没动
     105     4315       1       64       3783    0.156 米     0.868 米   时刻 14      没动
     120     4327       1       70       3783    0.154 米     0.906 米   时刻 14      没动
     135     4343       2       78       3783    0.154 米     0.906 米   时刻 11      没动
     150     4368       2       88       3783    0.154 米     0.906 米   时刻 11      没动
     165     4394       2      103       3783    0.154 米     0.906 米   时刻 11      没动
     180     4419       2      116       3783    0.154 米     0.906 米   时刻 11      没动
     195     4441       2      128       3783    0.154 米     0.906 米   时刻 11      没动
    → 「走路入口刚亮」的瞬间 21 次；学出来的连接：11617357 → 14079121（真长了 2461764 根）
    → 教学最后那一拍：走路入口收到的电流 -6.279（门槛 1.0）

[4] 考试：把皮层全清空、重新趴下，黑屏、只放声音，走 150 拍
      拍   整片亮  走路链  听觉亮   前额叶亮     机身高      路程       走路链在跑吗  哪些动作在跑
      15     1549       1       49       1120    0.381 米     0.046 米   时刻 14      没动
      30     1569       1       52       1139    0.371 米     0.113 米   时刻 14      没动
      45     1604       1       54       1171    0.366 米     0.277 米   时刻 14      没动
      60     1630       1       54       1197    0.367 米     0.445 米   时刻 14      没动
      75     1667       1       56       1229    0.359 米     0.640 米   时刻 14      没动
      90     1734       1       57       1297    0.362 米     0.811 米   时刻 14      没动
     105     1799       1       58       1360    0.367 米     1.019 米   时刻 14      没动
     120     1863       1       60       1419    0.355 米     1.256 米   时刻 14      没动
     135     1869       1       60       1428    0.357 米     1.452 米   时刻 14      没动
     150     1871       1       60       1428    0.356 米     1.657 米   时刻 14      没动
    → 考试第一拍：走路入口收到的电流 -2.288（门槛 1.0）
    → 考试结果：挪了 1.657 米；最高站到 0.387 米；机身歪 2 度
