建皮层连接网：视觉23040、视觉细节23040、听觉30000、前额叶53200、运动160、运动记忆3576、本体感觉480、平衡感觉120、机身状态60、视觉运动1920、多巴胺200、抑制8000 共 143,796 个皮层神经元 ...
============================================================================================================
【什么都没有】球：方位 +0 度、高 0.60 米、半径 0.05 米；横速 +0.00、竖速 +0.00 米/秒；眼睛一开始朝 +0 度
本能连接 308,809 根；皮层 143,796 个神经元
------------------------------------------------------------------------------------------------------------
    时间 | 球在视角里          | 眼睛朝哪           | 眼肌档(右左上下)     | 第4层名字(看球在…)            | 第1层名字(细_…)｜刚动过
 0.00s |      （还没出现）     | 左右  +0.0 上下 +0.0 |  0/ 0/ 0/ 0      | （都不亮）                  | （都不亮）
 0.20s |      （还没出现）     | 左右  +0.0 上下 +0.0 |  0/ 0/ 0/ 0      | （都不亮）                  | （都不亮）
 0.40s |      （还没出现）     | 左右  +0.0 上下 +0.0 |  0/ 0/ 0/ 0      | （都不亮）                  | （都不亮）
 0.60s |      （还没出现）     | 左右  +0.0 上下 +0.0 |  0/ 0/ 0/ 0      | （都不亮）                  | （都不亮）
 0.80s |      （还没出现）     | 左右  +0.0 上下 +0.0 |  0/ 0/ 0/ 0      | （都不亮）                  | （都不亮）
 1.00s |      （还没出现）     | 左右  +0.0 上下 +0.0 |  0/ 0/ 0/ 0      | （都不亮）                  | （都不亮）
 1.20s |      （还没出现）     | 左右  +0.0 上下 +0.0 |  0/ 0/ 0/ 0      | （都不亮）                  | （都不亮）
 1.40s |      （还没出现）     | 左右  +0.0 上下 +0.0 |  0/ 0/ 0/ 0      | （都不亮）                  | （都不亮）
 1.60s |      （还没出现）     | 左右  +0.0 上下 +0.0 |  0/ 0/ 0/ 0      | （都不亮）                  | （都不亮）
 1.80s |      （还没出现）     | 左右  +0.0 上下 +0.0 |  0/ 0/ 0/ 0      | （都不亮）                  | （都不亮）
 2.00s |      （还没出现）     | 左右  +0.0 上下 +0.0 |  0/ 0/ 0/ 0      | （都不亮）                  | （都不亮）
 2.20s |      （还没出现）     | 左右  +0.0 上下 +0.0 |  0/ 0/ 0/ 0      | （都不亮）                  | （都不亮）
 2.40s |      （还没出现）     | 左右  +0.0 上下 +0.0 |  0/ 0/ 0/ 0      | （都不亮）                  | （都不亮）
 2.60s |      （还没出现）     | 左右  +0.0 上下 +0.0 |  0/ 0/ 0/ 0      | （都不亮）                  | （都不亮）
 2.80s |      （还没出现）     | 左右  +0.0 上下 +0.0 |  0/ 0/ 0/ 0      | （都不亮）                  | （都不亮）
------------------------------------------------------------------------------------------------------------
末了：眼前自始至终没有球；眼睛朝 左右 +0.0 度、上下 +0.0 度
