建皮层连接网：视觉23040、视觉细节23040、听觉30000、前额叶53200、运动160、运动记忆3576、本体感觉480、平衡感觉120、机身状态60、视觉运动1920、多巴胺200、抑制8000 共 143,796 个皮层神经元 ...
### 种子 20260915
肌肉顺序：左前髋、左前大腿、左前小腿、右前髋、右前大腿、右前小腿、左后髋、左后大腿、左后小腿、右后髋、右后大腿、右后小腿

按步态相位折叠的平均发力（早段 20~50 拍 vs 晚段 90~125 拍）：
相位     左前髋    左前大腿    左前小腿     右前髋    右前大腿    右前小腿     左后髋    左后大腿    左后小腿     右后髋    右后大腿    右后小腿
  0     0.50    0.70    1.00    0.60    0.70    0.87    0.60    0.80    0.93    0.70    0.80    0.90
        0.00   -0.00    0.00   -0.00   -0.00    0.05   -0.00    0.00    0.05   -0.00    0.00    0.10   <- 晚段减早段
  1     0.50    0.70    1.00    0.60    0.70    1.00    0.57    0.80    1.00    0.70    0.80    0.90
        0.00    0.00    0.00    0.00    0.00    0.00    0.03   -0.00    0.00    0.00   -0.00    0.10   <- 晚段减早段
  2     0.50    0.70    1.00    0.60    0.70    0.95    0.60    0.80    0.97    0.67    0.80    0.90
        0.00    0.00    0.00   -0.00    0.00    0.04   -0.00   -0.00    0.03    0.03   -0.00    0.08   <- 晚段减早段
  3     0.50    0.70    1.00    0.60    0.70    0.70    0.60    0.80    0.90    0.70    0.80    1.00
        0.00    0.00    0.00    0.00    0.00    0.20    0.00    0.00    0.10    0.00    0.00    0.00   <- 晚段减早段
  4     0.50    0.70    1.00    0.60    0.70    0.70    0.55    0.80    0.80    0.70    0.80    1.00
        0.00    0.00    0.00    0.00    0.00    0.20    0.05    0.00    0.20    0.00    0.00    0.00   <- 晚段减早段
  5     0.50    0.70    1.00    0.60    0.70    0.80    0.60    0.80    0.70    0.65    0.80    1.00
        0.00    0.00    0.00    0.00    0.00    0.20    0.00    0.00    0.30    0.05    0.00    0.00   <- 晚段减早段

每 10 拍照看：运动区亮、来源区推它的电流
  10 拍  高 0.286 歪   6 相位  6 运动亮  89  电流来源：运动记忆 420.0、听觉 1.2、前额叶 0.4、运动 0.0、本体感觉 0.0
  20 拍  高 0.308 歪  16 相位  1 运动亮  92  电流来源：运动记忆 524.0、平衡感觉 90.0、听觉 1.2、前额叶 0.4、运动 0.0
  30 拍  高 0.132 歪  13 相位 11 运动亮  93  电流来源：运动记忆 664.0、听觉 2.8、前额叶 0.9、运动 0.0、本体感觉 0.0
  40 拍  高 0.123 歪  16 相位  6 运动亮  90  电流来源：运动记忆 660.0、听觉 2.8、前额叶 1.0、运动 0.0、本体感觉 0.0
  50 拍  高 0.123 歪  17 相位  0 运动亮  93  电流来源：运动记忆 524.0、听觉 2.8、前额叶 1.0、运动 0.0、本体感觉 0.0
  60 拍  高 0.120 歪  15 相位  8 运动亮  94  电流来源：运动记忆 802.0、平衡感觉 30.0、听觉 2.8、前额叶 1.0、运动 0.0
  70 拍  高 0.116 歪  14 相位  3 运动亮  92  电流来源：运动记忆 802.0、听觉 2.8、前额叶 1.1、运动 0.0、本体感觉 0.0
  80 拍  高 0.117 歪  14 相位  1 运动亮  93  电流来源：运动记忆 664.0、听觉 2.8、前额叶 1.1、运动 0.0、本体感觉 0.0
  90 拍  高 0.115 歪  14 相位  5 运动亮  94  电流来源：运动记忆 944.0、听觉 2.8、前额叶 1.1、运动 0.0、本体感觉 0.0
 100 拍  高 0.114 歪  13 相位  0 运动亮  92  电流来源：运动记忆 942.0、听觉 2.8、前额叶 1.1、运动 0.0、本体感觉 0.0
 110 拍  高 0.113 歪  12 相位  0 运动亮  94  电流来源：运动记忆 812.0、平衡感觉 30.0、听觉 2.8、前额叶 1.2、运动 0.0
 120 拍  高 0.113 歪  13 相位  2 运动亮  94  电流来源：运动记忆 1084.0、听觉 2.8、前额叶 1.2、运动 0.0、本体感觉 0.0
 130 拍  高 0.113 歪  12 相位  0 运动亮  93  电流来源：运动记忆 1228.0、听觉 2.8、前额叶 1.2、运动 0.0、本体感觉 0.0
 140 拍  高 0.112 歪  12 相位  0 运动亮  94  电流来源：运动记忆 954.0、平衡感觉 30.0、听觉 2.8、前额叶 1.3、运动 0.0
 150 拍  高 0.113 歪  12 相位  0 运动亮  94  电流来源：运动记忆 1226.0、平衡感觉 30.0、听觉 3.0、前额叶 1.4、运动 0.0
 160 拍  高 0.112 歪  12 相位  0 运动亮  93  电流来源：运动记忆 1368.0、听觉 3.0、前额叶 1.4、运动 0.0、本体感觉 0.0
 170 拍  高 0.113 歪  13 相位  0 运动亮  94  电流来源：运动记忆 1086.0、平衡感觉 30.0、听觉 3.0、前额叶 1.4、运动 0.0
 180 拍  高 0.113 歪  12 相位  0 运动亮  94  电流来源：运动记忆 1226.0、平衡感觉 30.0、听觉 3.0、前额叶 1.4、运动 0.0
 190 拍  高 0.113 歪  13 相位  0 运动亮  93  电流来源：运动记忆 1516.0、平衡感觉 30.0、听觉 3.0、前额叶 1.4、运动 0.0
 200 拍  高 0.113 歪  13 相位  0 运动亮  94  电流来源：运动记忆 1366.0、平衡感觉 30.0、听觉 3.0、前额叶 1.5、运动 0.0
