建皮层连接网：视觉46080、视觉细节46080、听觉30000、前额叶76240、运动160、运动记忆3576、本体感觉480、平衡感觉120、机身状态60、视觉运动3840、多巴胺200、抑制8000 共 214,836 个皮层神经元 ...
============================================================================================================
【大球从左边飘到右边】球：方位 -25 度、高 0.60 米、半径 0.30 米；横速 +0.50、竖速 +0.00 米/秒；眼睛一开始朝 +0 度
本能连接 357,274 根；皮层 214,836 个神经元
------------------------------------------------------------------------------------------------------------
    时间 | 球在视角里          | 眼睛朝哪           | 眼肌档(右左上下)     | 第4层名字(看球在…)            | 第1层名字(细_…)｜刚动过
 0.00s | 左右 -29.2 上下 -0.8 | 左右  -0.2 上下 +0.0 |  0/10/ 0/ 0      | 看球在左2、看球在左3            | 细_列4、细_列5、细_列6、细_列7、细_列8
 0.20s | 左右 -21.3 上下 -0.8 | 左右  -6.1 上下 +0.0 |  0/10/ 0/ 0      | 看球在左2                  | 细_列7、细_列8、细_列9、细_列10　｜刚动过：10
 0.40s | 左右 -12.2 上下 -0.8 | 左右 -13.2 上下 +0.0 |  0/10/ 0/ 0      | 看球在左1                  | 细_列10、细_列11、细_列12、细_列13　｜刚动过：11、12、13
 0.60s | 左右  -2.9 上下 -0.8 | 左右 -20.3 上下 +0.0 |  0/10/ 0/ 0      | 看球在正中、看球在左1            | 细_列13、细_列14　｜刚动过：12
 0.80s | 左右  +1.7 上下 -0.8 | 左右 -22.8 上下 +0.0 | 10/10/ 0/ 0      | 看球在正中、看球在左1            | 细_列14、细_列17、细_列18　｜刚动过：18
 1.00s | 左右  +2.4 上下 -0.8 | 左右 -21.1 上下 +0.0 | 10/10/ 0/ 0      | 看球在正中、看球在左1            | 细_列14、细_列17、细_列18　｜刚动过：18
 1.20s | 左右  +2.7 上下 -0.9 | 左右 -19.1 上下 +0.0 | 10/10/ 0/ 0      | 看球在正中、看球在左1            | 细_列14、细_列17、细_列18　｜刚动过：18
 1.40s | 左右  +2.8 上下 -0.9 | 左右 -16.8 上下 +0.0 | 10/10/ 0/ 0      | 看球在正中、看球在左1            | 细_列14、细_列17、细_列18　｜刚动过：18
 1.60s | 左右  +2.8 上下 -0.9 | 左右 -14.4 上下 +0.0 | 10/ 0/ 0/ 0      | 看球在正中                  | 细_列17、细_列18　｜刚动过：18
 1.80s | 左右  +2.7 上下 -0.9 | 左右 -11.8 上下 +0.0 | 10/ 0/ 0/ 0      | 看球在正中                  | 细_列17、细_列18　｜刚动过：18
 2.00s | 左右  +3.0 上下 -0.9 | 左右  -9.6 上下 +0.0 | 10/10/ 0/ 0      | 看球在正中、看球在左1            | 细_列14、细_列17、细_列18　｜刚动过：18
 2.20s | 左右  +2.9 上下 -0.9 | 左右  -7.0 上下 +0.0 | 10/10/ 0/ 0      | 看球在正中、看球在左1            | 细_列14、细_列17、细_列18　｜刚动过：18
 2.40s | 左右  +2.8 上下 -0.9 | 左右  -4.3 上下 +0.0 | 10/10/ 0/ 0      | 看球在正中、看球在左1            | 细_列14、细_列17、细_列18　｜刚动过：18
 2.60s | 左右  +2.9 上下 -0.9 | 左右  -1.8 上下 +0.0 | 10/ 0/ 0/ 0      | 看球在正中                  | 细_列17、细_列18　｜刚动过：18
 2.80s | 左右  +2.8 上下 -0.9 | 左右  +0.9 上下 +0.0 | 10/10/ 0/ 0      | 看球在正中、看球在左1            | 细_列14、细_列17、细_列18　｜刚动过：18
 3.00s | 左右  +2.8 上下 -0.9 | 左右  +3.4 上下 +0.0 | 10/ 0/ 0/ 0      | 看球在正中                  | 细_列17、细_列18　｜刚动过：18
 3.20s | 左右  +2.9 上下 -0.9 | 左右  +5.9 上下 +0.0 | 10/10/ 0/ 0      | 看球在正中、看球在左1            | 细_列14、细_列17、细_列18　｜刚动过：18
 3.40s | 左右  +2.7 上下 -0.9 | 左右  +8.5 上下 +0.0 | 10/10/ 0/ 0      | 看球在正中、看球在左1            | 细_列14、细_列17、细_列18　｜刚动过：18
 3.60s | 左右  +2.6 上下 -0.9 | 左右 +11.1 上下 +0.0 | 10/ 0/ 0/ 0      | 看球在正中                  | 细_列17、细_列18　｜刚动过：18
 3.80s | 左右  +2.8 上下 -0.9 | 左右 +13.3 上下 +0.0 | 10/10/ 0/ 0      | 看球在正中、看球在左1            | 细_列14、细_列17、细_列18　｜刚动过：18
 4.00s | 左右  +2.5 上下 -0.8 | 左右 +15.9 上下 +0.0 | 10/10/ 0/ 0      | 看球在正中、看球在左1            | 细_列14、细_列17、细_列18　｜刚动过：18
 4.20s | 左右  +2.5 上下 -0.8 | 左右 +18.1 上下 +0.0 | 10/10/ 0/ 0      | 看球在正中、看球在左1            | 细_列14、细_列17、细_列18　｜刚动过：18
 4.40s | 左右  +2.5 上下 -0.8 | 左右 +20.4 上下 +0.0 | 10/10/ 0/ 0      | 看球在正中、看球在左1            | 细_列14、细_列17、细_列18　｜刚动过：18
 4.60s | 左右  +2.2 上下 -0.8 | 左右 +22.8 上下 +0.0 | 10/ 0/ 0/ 0      | 看球在正中                  | 细_列17、细_列18　｜刚动过：18
 4.80s | 左右  +2.1 上下 -0.8 | 左右 +25.0 上下 +0.0 | 10/ 0/ 0/ 0      | 看球在正中                  | 细_列17、细_列18　｜刚动过：18
------------------------------------------------------------------------------------------------------------
末了：球在视角里 左右 +2.1 度、上下 -0.8 度；眼睛朝 左右 +26.8 度、上下 +0.0 度
球离视线中心：平均 4.3 度，最远 29.2 度（0 = 正好盯着；只算球还在视野里的时候）
