建皮层连接网：视觉23040、视觉细节23040、听觉30000、前额叶57436、运动160、运动记忆3576、本体感觉480、平衡感觉120、机身状态60、视觉运动1920、多巴胺200、抑制8000 共 148,032 个皮层神经元 ...
### 种子 20260914
  出生：只放声音     挪 0.032 米  最高 0.164 米  走路拍了 0/30
  天生：看红         挪 0.144 米  走路拍了 30/30
  教学：红+声音+多巴胺  挪 1.632 米  长出 380931 根新连接  （一共 12642737 根）
       新连接落在：听觉 160874、本体感觉 79523、视觉 40025、平衡感觉 12988、运动 5453、机身状态 1380、视觉运动 224、运动记忆 76
  考试：只放声音     挪 0.995 米  最高站到 0.366 米  走路拍了 200/200  第 49 拍翻倒

建皮层连接网：视觉23040、视觉细节23040、听觉30000、前额叶57436、运动160、运动记忆3576、本体感觉480、平衡感觉120、机身状态60、视觉运动1920、多巴胺200、抑制8000 共 148,032 个皮层神经元 ...
### 种子 20260915
  出生：只放声音     挪 0.072 米  最高 0.140 米  走路拍了 0/30
  天生：看红         挪 0.108 米  走路拍了 30/30
  教学：红+声音+多巴胺  挪 1.033 米  长出 313424 根新连接  （一共 12641945 根）
       新连接落在：听觉 179787、本体感觉 79573、视觉 19385、平衡感觉 16716、运动 5240、视觉运动 208、运动记忆 118、前额叶 40
  考试：只放声音     挪 0.989 米  最高站到 0.374 米  走路拍了 200/200  第 72 拍翻倒

建皮层连接网：视觉23040、视觉细节23040、听觉30000、前额叶57436、运动160、运动记忆3576、本体感觉480、平衡感觉120、机身状态60、视觉运动1920、多巴胺200、抑制8000 共 148,032 个皮层神经元 ...
### 种子 20260916
  出生：只放声音     挪 0.023 米  最高 0.152 米  走路拍了 0/30
  天生：看红         挪 0.135 米  走路拍了 30/30
  教学：红+声音+多巴胺  挪 1.565 米  长出 286487 根新连接  （一共 12342116 根）
       新连接落在：
  考试：只放声音     挪 1.742 米  最高站到 0.376 米  走路拍了 200/200  一次没翻（歪 1 度）

建皮层连接网：视觉23040、视觉细节23040、听觉30000、前额叶57436、运动160、运动记忆3576、本体感觉480、平衡感觉120、机身状态60、视觉运动1920、多巴胺200、抑制8000 共 148,032 个皮层神经元 ...
### 种子 20260917
  出生：只放声音     挪 0.036 米  最高 0.151 米  走路拍了 0/30
  天生：看红         挪 0.186 米  走路拍了 30/30
  教学：红+声音+多巴胺  挪 1.256 米  长出 348332 根新连接  （一共 12641944 根）
       新连接落在：听觉 148928、本体感觉 90704、视觉 43287、平衡感觉 9197、运动 7425、运动记忆 276、视觉运动 184、前额叶 40
  考试：只放声音     挪 0.522 米  最高站到 0.305 米  走路拍了 200/200  一次没翻（歪 11 度）

建皮层连接网：视觉23040、视觉细节23040、听觉30000、前额叶57436、运动160、运动记忆3576、本体感觉480、平衡感觉120、机身状态60、视觉运动1920、多巴胺200、抑制8000 共 148,032 个皮层神经元 ...
### 种子 20260918
  出生：只放声音     挪 0.044 米  最高 0.157 米  走路拍了 0/30
  天生：看红         挪 0.196 米  走路拍了 30/30
  教学：红+声音+多巴胺  挪 1.850 米  长出 366726 根新连接  （一共 12642713 根）
       新连接落在：听觉 175454、本体感觉 79773、视觉 34030、运动 7139、平衡感觉 4794、视觉运动 184、运动记忆 133、前额叶 40
  考试：只放声音     挪 1.001 米  最高站到 0.376 米  走路拍了 200/200  第 77 拍翻倒

每拍轨迹写到 日志_发育轨迹_20260914.csv（2300 行）
