============ 前额叶→运动记忆 折 = 1.0 ============
建皮层连接网：视觉23040、视觉细节23040、听觉30000、前额叶53200、运动160、运动记忆3576、本体感觉480、平衡感觉120、机身状态60、视觉运动1920、多巴胺200、抑制8000 共 143,796 个皮层神经元 ...
  种子 20260915（打折边 0 根）
    出生： 走链   0/30、挪  0.390 米、一次没翻、末高 0.155、歪    1、前额 1137
    天生： 走链  30/30、挪  0.980 米、一次没翻、末高 0.372、歪    9、前额 2742
    教学： 走链 194/200、挪 106.509 米、第 78 拍翻倒、末高 0.060、歪  178、前额 3817
    考试： 走链 200/200、挪 102.798 米、第 63 拍翻倒、末高 0.155、歪   80、前额 2492
建皮层连接网：视觉23040、视觉细节23040、听觉30000、前额叶53200、运动160、运动记忆3576、本体感觉480、平衡感觉120、机身状态60、视觉运动1920、多巴胺200、抑制8000 共 143,796 个皮层神经元 ...
  种子 20260918（打折边 0 根）
    出生： 走链   0/30、挪  0.388 米、一次没翻、末高 0.155、歪    1、前额 1139
    天生： 走链  30/30、挪  0.989 米、一次没翻、末高 0.375、歪    9、前额 2740
    教学： 走链 200/200、挪 139.710 米、第 154 拍翻倒、末高 0.155、歪   85、前额 3815
    考试： 走链 200/200、挪 155.929 米、第 40 拍翻倒、末高 0.060、歪  179、前额 1734
建皮层连接网：视觉23040、视觉细节23040、听觉30000、前额叶53200、运动160、运动记忆3576、本体感觉480、平衡感觉120、机身状态60、视觉运动1920、多巴胺200、抑制8000 共 143,796 个皮层神经元 ...
  种子 20260914（打折边 0 根）
    出生： 走链   0/30、挪  0.635 米、一次没翻、末高 0.096、歪    4、前额 1114
    天生： 走链  30/30、挪  1.007 米、一次没翻、末高 0.348、歪    3、前额 2740
    教学： 走链 200/200、挪 217.645 米、第 174 拍翻倒、末高 0.156、歪   91、前额 3811
    考试： 走链 200/200、挪 215.129 米、一次没翻、末高 0.352、歪    3、前额 1709
建皮层连接网：视觉23040、视觉细节23040、听觉30000、前额叶53200、运动160、运动记忆3576、本体感觉480、平衡感觉120、机身状态60、视觉运动1920、多巴胺200、抑制8000 共 143,796 个皮层神经元 ...
  种子 20260916（打折边 0 根）
    出生： 走链   0/30、挪  0.396 米、一次没翻、末高 0.155、歪    1、前额 1139
    天生： 走链  30/30、挪  0.980 米、一次没翻、末高 0.372、歪    9、前额 2741
    教学： 走链 200/200、挪 214.159 米、第 154 拍翻倒、末高 0.155、歪   84、前额 3821
    考试： 走链 200/200、挪 128.809 米、第 101 拍翻倒、末高 0.057、歪  179、前额 2124
建皮层连接网：视觉23040、视觉细节23040、听觉30000、前额叶53200、运动160、运动记忆3576、本体感觉480、平衡感觉120、机身状态60、视觉运动1920、多巴胺200、抑制8000 共 143,796 个皮层神经元 ...
  种子 20260917（打折边 0 根）
    出生： 走链   0/30、挪  0.398 米、一次没翻、末高 0.155、歪    1、前额 1139
    天生： 走链  30/30、挪  1.324 米、一次没翻、末高 0.372、歪    9、前额 2739
    教学： 走链 200/200、挪 208.557 米、第 175 拍翻倒、末高 0.155、歪   83、前额 3814
    考试： 走链 200/200、挪 122.886 米、第 75 拍翻倒、末高 0.058、歪  180、前额 2123
============ 前额叶→运动记忆 折 = 0.5 ============
建皮层连接网：视觉23040、视觉细节23040、听觉30000、前额叶53200、运动160、运动记忆3576、本体感觉480、平衡感觉120、机身状态60、视觉运动1920、多巴胺200、抑制8000 共 143,796 个皮层神经元 ...
  种子 20260915（打折边 5175 根）
    出生： 走链   0/30、挪  0.390 米、一次没翻、末高 0.155、歪    1、前额 1137
    天生： 走链  30/30、挪  0.997 米、一次没翻、末高 0.356、歪    2、前额 2743
    教学： 走链 191/200、挪 145.840 米、一次没翻、末高 0.296、歪   47、前额 3817
    考试： 走链 187/200、挪 146.604 米、一次没翻、末高 0.347、歪    3、前额 2039
建皮层连接网：视觉23040、视觉细节23040、听觉30000、前额叶53200、运动160、运动记忆3576、本体感觉480、平衡感觉120、机身状态60、视觉运动1920、多巴胺200、抑制8000 共 143,796 个皮层神经元 ...
  种子 20260918（打折边 5175 根）
    出生： 走链   0/30、挪  0.388 米、一次没翻、末高 0.155、歪    1、前额 1139
    天生： 走链   0/30、挪  3.430 米、一次没翻、末高 0.185、歪   41、前额 2739
    教学： 走链   0/200、挪 25.889 米、一次没翻、末高 0.184、歪   41、前额 3812
    考试： 走链   0/200、挪 17.145 米、一次没翻、末高 0.104、歪    6、前额 1734
建皮层连接网：视觉23040、视觉细节23040、听觉30000、前额叶53200、运动160、运动记忆3576、本体感觉480、平衡感觉120、机身状态60、视觉运动1920、多巴胺200、抑制8000 共 143,796 个皮层神经元 ...
  种子 20260914（打折边 5175 根）
    出生： 走链   0/30、挪  0.635 米、一次没翻、末高 0.096、歪    4、前额 1114
    天生： 走链  30/30、挪  1.007 米、一次没翻、末高 0.348、歪    3、前额 2740
    教学： 走链   0/200、挪 26.218 米、一次没翻、末高 0.183、歪   40、前额 3809
    考试： 走链   0/200、挪 27.894 米、一次没翻、末高 0.095、歪    5、前额 2299
建皮层连接网：视觉23040、视觉细节23040、听觉30000、前额叶53200、运动160、运动记忆3576、本体感觉480、平衡感觉120、机身状态60、视觉运动1920、多巴胺200、抑制8000 共 143,796 个皮层神经元 ...
  种子 20260916（打折边 5175 根）
    出生： 走链   0/30、挪  0.396 米、一次没翻、末高 0.155、歪    1、前额 1139
    天生： 走链  30/30、挪  0.996 米、一次没翻、末高 0.356、歪    1、前额 2741
    教学： 走链 200/200、挪 222.592 米、第 170 拍翻倒、末高 0.155、歪   83、前额 3821
    考试： 走链 200/200、挪 128.809 米、第 101 拍翻倒、末高 0.057、歪  179、前额 1743
建皮层连接网：视觉23040、视觉细节23040、听觉30000、前额叶53200、运动160、运动记忆3576、本体感觉480、平衡感觉120、机身状态60、视觉运动1920、多巴胺200、抑制8000 共 143,796 个皮层神经元 ...
  种子 20260917（打折边 5175 根）
    出生： 走链   0/30、挪  0.398 米、一次没翻、末高 0.155、歪    1、前额 1139
    天生： 走链  30/30、挪  0.996 米、一次没翻、末高 0.356、歪    1、前额 2739
    教学： 走链   0/200、挪 34.120 米、一次没翻、末高 0.184、歪   41、前额 3812
    考试： 走链   0/200、挪 18.409 米、一次没翻、末高 0.104、歪    4、前额 2124
