============================================================================================
把本能表里所有「细_列c」那一类的源整体平移 Δ 列（别的都不动）
小球固定摆在 +0.0 度不动，看眼睛最后把它停在画面哪个位置
============================================================================================
建皮层连接网：视觉23040、视觉细节23040、听觉30000、前额叶53200、运动160、运动记忆3576、本体感觉480、平衡感觉120、机身状态60、视觉运动1920、多巴胺200、抑制8000 共 143,796 个皮层神经元 ...
【Δ = -3 列（-18.8 度）】改了 222 条；红→走路 7/8；眼睛末了 +16.4 度，球停在视角 -16.4 度
建皮层连接网：视觉23040、视觉细节23040、听觉30000、前额叶53200、运动160、运动记忆3576、本体感觉480、平衡感觉120、机身状态60、视觉运动1920、多巴胺200、抑制8000 共 143,796 个皮层神经元 ...
【Δ = -2 列（-12.5 度）】改了 246 条；红→走路 7/8；眼睛末了 +10.7 度，球停在视角 -10.7 度
建皮层连接网：视觉23040、视觉细节23040、听觉30000、前额叶53200、运动160、运动记忆3576、本体感觉480、平衡感觉120、机身状态60、视觉运动1920、多巴胺200、抑制8000 共 143,796 个皮层神经元 ...
【Δ = -1 列（-6.2 度）】改了 291 条；红→走路 7/8；眼睛末了 +3.6 度，球停在视角 -3.6 度
建皮层连接网：视觉23040、视觉细节23040、听觉30000、前额叶53200、运动160、运动记忆3576、本体感觉480、平衡感觉120、机身状态60、视觉运动1920、多巴胺200、抑制8000 共 143,796 个皮层神经元 ...
【Δ = +0 列（0.0 度）】改了 0 条；红→走路 7/8；眼睛末了 +0.0 度，球停在视角 +0.0 度
建皮层连接网：视觉23040、视觉细节23040、听觉30000、前额叶53200、运动160、运动记忆3576、本体感觉480、平衡感觉120、机身状态60、视觉运动1920、多巴胺200、抑制8000 共 143,796 个皮层神经元 ...
【Δ = +1 列（6.2 度）】改了 291 条；红→走路 7/8；眼睛末了 +0.0 度，球停在视角 +0.0 度
建皮层连接网：视觉23040、视觉细节23040、听觉30000、前额叶53200、运动160、运动记忆3576、本体感觉480、平衡感觉120、机身状态60、视觉运动1920、多巴胺200、抑制8000 共 143,796 个皮层神经元 ...
【Δ = +2 列（12.5 度）】改了 246 条；红→走路 7/8；眼睛末了 -6.4 度，球停在视角 +6.4 度
建皮层连接网：视觉23040、视觉细节23040、听觉30000、前额叶53200、运动160、运动记忆3576、本体感觉480、平衡感觉120、机身状态60、视觉运动1920、多巴胺200、抑制8000 共 143,796 个皮层神经元 ...
【Δ = +3 列（18.8 度）】改了 222 条；红→走路 7/8；眼睛末了 -12.9 度，球停在视角 +12.9 度

============================================================================================
【总表】
    整体偏移 |       改了条数 |       红→走路 |         眼睛末了朝哪 |           球停在视角哪
--------------------------------------------------------------------------------------------
     -3 列 |        222 |        7/8 |         +16.4 |           -16.4
     -2 列 |        246 |        7/8 |         +10.7 |           -10.7
     -1 列 |        291 |        7/8 |          +3.6 |            -3.6
      0 列 |          0 |        7/8 |          +0.0 |            +0.0
      1 列 |        291 |        7/8 |          +0.0 |            +0.0
      2 列 |        246 |        7/8 |          -6.4 |            +6.4
      3 列 |        222 |        7/8 |         -12.9 |           +12.9

（Δ=0 那一行是基准：眼睛把球停在 0 度附近；Δ 越大停得越偏 = 行为还在、但带着系统偏差）
