================================================================================================
把本能表里的接线按比例换掉（方式：随机乱接），再量三条通路：走路 / 踏步 / 眼睛跟住
================================================================================================
建皮层连接网：视觉23040、视觉细节23040、听觉30000、前额叶53200、运动160、运动记忆3576、本体感觉480、平衡感觉120、机身状态60、视觉运动1920、抑制8000 共 143,596 个皮层神经元 ...
建皮层连接网：视觉23040、视觉细节23040、听觉30000、前额叶53200、运动160、运动记忆3576、本体感觉480、平衡感觉120、机身状态60、视觉运动1920、抑制8000 共 143,596 个皮层神经元 ...
============================================================================================================
【模糊化 0%】球：方位 -25 度、高 0.60 米、半径 0.05 米；横速 +0.50、竖速 +0.00 米/秒；眼睛一开始朝 +0 度
本能连接 304,622 根；皮层 143,596 个神经元
------------------------------------------------------------------------------------------------------------
    时间 | 球在视角里          | 眼睛朝哪           | 眼肌档(右左上下)     | 第4层名字(看球在…)            | 第1层名字(细_…)｜刚动过
------------------------------------------------------------------------------------------------------------
末了：球在视角里 左右 +4.3 度、上下 -0.8 度；眼睛朝 左右 +24.6 度、上下 +0.0 度
球离视线中心：平均 5.6 度，最远 29.2 度（0 = 正好盯着；只算球还在视野里的时候）
【随机乱接   0%】本能表 585 条，换掉 0 条；走路两半还剩 2/2
        ① 红 → 走路 7/8   ② 响 → 踏步 6/8   ③ 小球 → 眼睛 平均偏离 5.6 度（末了眼 +24.6）
建皮层连接网：视觉23040、视觉细节23040、听觉30000、前额叶53200、运动160、运动记忆3576、本体感觉480、平衡感觉120、机身状态60、视觉运动1920、抑制8000 共 143,596 个皮层神经元 ...
建皮层连接网：视觉23040、视觉细节23040、听觉30000、前额叶53200、运动160、运动记忆3576、本体感觉480、平衡感觉120、机身状态60、视觉运动1920、抑制8000 共 143,596 个皮层神经元 ...
============================================================================================================
【模糊化 10%】球：方位 -25 度、高 0.60 米、半径 0.05 米；横速 +0.50、竖速 +0.00 米/秒；眼睛一开始朝 +0 度
本能连接 265,017 根；皮层 143,596 个神经元
------------------------------------------------------------------------------------------------------------
    时间 | 球在视角里          | 眼睛朝哪           | 眼肌档(右左上下)     | 第4层名字(看球在…)            | 第1层名字(细_…)｜刚动过
------------------------------------------------------------------------------------------------------------
末了：球在视角里 左右 +10.4 度、上下 -0.8 度；眼睛朝 左右 +18.5 度、上下 +0.0 度
球离视线中心：平均 9.8 度，最远 29.2 度（0 = 正好盯着；只算球还在视野里的时候）
【随机乱接  10%】本能表 585 条，换掉 59 条；走路两半还剩 2/2
        ① 红 → 走路 7/8   ② 响 → 踏步 6/8   ③ 小球 → 眼睛 平均偏离 9.8 度（末了眼 +18.5）
建皮层连接网：视觉23040、视觉细节23040、听觉30000、前额叶53200、运动160、运动记忆3576、本体感觉480、平衡感觉120、机身状态60、视觉运动1920、抑制8000 共 143,596 个皮层神经元 ...
建皮层连接网：视觉23040、视觉细节23040、听觉30000、前额叶53200、运动160、运动记忆3576、本体感觉480、平衡感觉120、机身状态60、视觉运动1920、抑制8000 共 143,596 个皮层神经元 ...
============================================================================================================
【模糊化 20%】球：方位 -25 度、高 0.60 米、半径 0.05 米；横速 +0.50、竖速 +0.00 米/秒；眼睛一开始朝 +0 度
本能连接 328,153 根；皮层 143,596 个神经元
------------------------------------------------------------------------------------------------------------
    时间 | 球在视角里          | 眼睛朝哪           | 眼肌档(右左上下)     | 第4层名字(看球在…)            | 第1层名字(细_…)｜刚动过
------------------------------------------------------------------------------------------------------------
末了：球在视角里 左右 +4.3 度、上下 -0.8 度；眼睛朝 左右 +24.6 度、上下 +0.0 度
球离视线中心：平均 6.9 度，最远 29.2 度（0 = 正好盯着；只算球还在视野里的时候）
【随机乱接  20%】本能表 585 条，换掉 97 条；走路两半还剩 1/2
        ① 红 → 走路 0/8   ② 响 → 踏步 6/8   ③ 小球 → 眼睛 平均偏离 6.9 度（末了眼 +24.6）
建皮层连接网：视觉23040、视觉细节23040、听觉30000、前额叶53200、运动160、运动记忆3576、本体感觉480、平衡感觉120、机身状态60、视觉运动1920、抑制8000 共 143,596 个皮层神经元 ...
建皮层连接网：视觉23040、视觉细节23040、听觉30000、前额叶53200、运动160、运动记忆3576、本体感觉480、平衡感觉120、机身状态60、视觉运动1920、抑制8000 共 143,596 个皮层神经元 ...
============================================================================================================
【模糊化 35%】球：方位 -25 度、高 0.60 米、半径 0.05 米；横速 +0.50、竖速 +0.00 米/秒；眼睛一开始朝 +0 度
本能连接 281,614 根；皮层 143,596 个神经元
------------------------------------------------------------------------------------------------------------
    时间 | 球在视角里          | 眼睛朝哪           | 眼肌档(右左上下)     | 第4层名字(看球在…)            | 第1层名字(细_…)｜刚动过
------------------------------------------------------------------------------------------------------------
末了：球在视角里 左右 +50.1 度、上下 -0.8 度；眼睛朝 左右 -21.3 度、上下 +0.0 度
球离视线中心：平均 20.9 度，最远 44.9 度（0 = 正好盯着；只算球还在视野里的时候）
【随机乱接  35%】本能表 585 条，换掉 193 条；走路两半还剩 1/2
        ① 红 → 走路 0/8   ② 响 → 踏步 6/8   ③ 小球 → 眼睛 平均偏离 20.9 度（末了眼 -21.3）
建皮层连接网：视觉23040、视觉细节23040、听觉30000、前额叶53200、运动160、运动记忆3576、本体感觉480、平衡感觉120、机身状态60、视觉运动1920、抑制8000 共 143,596 个皮层神经元 ...
建皮层连接网：视觉23040、视觉细节23040、听觉30000、前额叶53200、运动160、运动记忆3576、本体感觉480、平衡感觉120、机身状态60、视觉运动1920、抑制8000 共 143,596 个皮层神经元 ...
============================================================================================================
【模糊化 50%】球：方位 -25 度、高 0.60 米、半径 0.05 米；横速 +0.50、竖速 +0.00 米/秒；眼睛一开始朝 +0 度
本能连接 281,803 根；皮层 143,596 个神经元
------------------------------------------------------------------------------------------------------------
    时间 | 球在视角里          | 眼睛朝哪           | 眼肌档(右左上下)     | 第4层名字(看球在…)            | 第1层名字(细_…)｜刚动过
------------------------------------------------------------------------------------------------------------
末了：球在视角里 左右 +58.9 度、上下 +29.2 度；眼睛朝 左右 -30.0 度、上下 -30.0 度
球离视线中心：平均 26.9 度，最远 44.9 度（0 = 正好盯着；只算球还在视野里的时候）
【随机乱接  50%】本能表 585 条，换掉 315 条；走路两半还剩 1/2
        ① 红 → 走路 0/8   ② 响 → 踏步 6/8   ③ 小球 → 眼睛 平均偏离 26.9 度（末了眼 -30.0）
建皮层连接网：视觉23040、视觉细节23040、听觉30000、前额叶53200、运动160、运动记忆3576、本体感觉480、平衡感觉120、机身状态60、视觉运动1920、抑制8000 共 143,596 个皮层神经元 ...
建皮层连接网：视觉23040、视觉细节23040、听觉30000、前额叶53200、运动160、运动记忆3576、本体感觉480、平衡感觉120、机身状态60、视觉运动1920、抑制8000 共 143,596 个皮层神经元 ...
============================================================================================================
【模糊化 75%】球：方位 -25 度、高 0.60 米、半径 0.05 米；横速 +0.50、竖速 +0.00 米/秒；眼睛一开始朝 +0 度
本能连接 304,934 根；皮层 143,596 个神经元
------------------------------------------------------------------------------------------------------------
    时间 | 球在视角里          | 眼睛朝哪           | 眼肌档(右左上下)     | 第4层名字(看球在…)            | 第1层名字(细_…)｜刚动过
------------------------------------------------------------------------------------------------------------
末了：球在视角里 左右 +28.8 度、上下 -30.8 度；眼睛朝 左右 +0.1 度、上下 +30.0 度
球离视线中心：平均 30.1 度，最远 30.9 度（0 = 正好盯着；只算球还在视野里的时候）
【随机乱接  75%】本能表 585 条，换掉 450 条；走路两半还剩 0/2
        ① 红 → 走路 0/8   ② 响 → 踏步 6/8   ③ 小球 → 眼睛 平均偏离 30.1 度（末了眼 +0.1）
建皮层连接网：视觉23040、视觉细节23040、听觉30000、前额叶53200、运动160、运动记忆3576、本体感觉480、平衡感觉120、机身状态60、视觉运动1920、抑制8000 共 143,596 个皮层神经元 ...
建皮层连接网：视觉23040、视觉细节23040、听觉30000、前额叶53200、运动160、运动记忆3576、本体感觉480、平衡感觉120、机身状态60、视觉运动1920、抑制8000 共 143,596 个皮层神经元 ...
============================================================================================================
【模糊化 100%】球：方位 -25 度、高 0.60 米、半径 0.05 米；横速 +0.50、竖速 +0.00 米/秒；眼睛一开始朝 +0 度
本能连接 333,480 根；皮层 143,596 个神经元
------------------------------------------------------------------------------------------------------------
    时间 | 球在视角里          | 眼睛朝哪           | 眼肌档(右左上下)     | 第4层名字(看球在…)            | 第1层名字(细_…)｜刚动过
------------------------------------------------------------------------------------------------------------
末了：球在视角里 左右 -1.1 度、上下 -2.5 度；眼睛朝 左右 +30.0 度、上下 +1.7 度
球离视线中心：平均 24.7 度，最远 45.0 度（0 = 正好盯着；只算球还在视野里的时候）
【随机乱接 100%】本能表 585 条，换掉 585 条；走路两半还剩 0/2
        ① 红 → 走路 0/8   ② 响 → 踏步 7/8   ③ 小球 → 眼睛 平均偏离 24.7 度（末了眼 +30.0）

================================================================================================
【总表 · 随机乱接】
    换掉比例 |       换掉条数 |         红→走路 |         响→踏步 |       眼睛平均偏离
------------------------------------------------------------------------------------------------
      0% |      0/585 |          7/8 |          6/8 |         5.6 度
     10% |     59/585 |          7/8 |          6/8 |         9.8 度
     20% |     97/585 |          0/8 |          6/8 |         6.9 度
     35% |    193/585 |          0/8 |          6/8 |        20.9 度
     50% |    315/585 |          0/8 |          6/8 |        26.9 度
     75% |    450/585 |          0/8 |          6/8 |        30.1 度
    100% |    585/585 |          0/8 |          7/8 |        24.7 度

（红→走路、响→踏步满分 8 拍；眼睛偏离越小越好：接对了 5.6 度，完全不接 15.3 度）
