====================================================================================================
颜色渐变正式协议：色相 0° 起，能重新点着就往下挪，点不着就停（终点 180°）
步长 [3]；种子 [20260917, 20260918]
====================================================================================================
建皮层连接网：视觉23040、视觉细节23040、听觉30000、前额叶53200、运动160、运动记忆3576、本体感觉480、平衡感觉120、机身状态60、视觉运动1920、抑制8000 共 143,596 个皮层神经元 ...
步长  3°，开学习，种子 20260917 → 停在哪  57°（挪了 19 格，共 715 拍，260 秒）
建皮层连接网：视觉23040、视觉细节23040、听觉30000、前额叶53200、运动160、运动记忆3576、本体感觉480、平衡感觉120、机身状态60、视觉运动1920、抑制8000 共 143,596 个皮层神经元 ...
步长  3°，开学习，种子 20260918 → 停在哪   0°（挪了 0 格，共 240 拍，82 秒）
建皮层连接网：视觉23040、视觉细节23040、听觉30000、前额叶53200、运动160、运动记忆3576、本体感觉480、平衡感觉120、机身状态60、视觉运动1920、抑制8000 共 143,596 个皮层神经元 ...
步长  3°，关学习，种子 20260917 → 停在哪   0°（挪了 0 格，共 240 拍，36 秒）
建皮层连接网：视觉23040、视觉细节23040、听觉30000、前额叶53200、运动160、运动记忆3576、本体感觉480、平衡感觉120、机身状态60、视觉运动1920、抑制8000 共 143,596 个皮层神经元 ...
步长  3°，关学习，种子 20260918 → 停在哪   0°（挪了 0 格，共 240 拍，36 秒）

====================================================================================================
【总表】每 步长/学习/种子 一趟，看它认到哪一度
    步长 |     学习 |       种子 |     停在哪(度) |      花了多少拍
----------------------------------------------------------------------------------------------------
     3 |      开 | 20260917 |         57 |        715
     3 |      开 | 20260918 |          0 |        240
     3 |      关 | 20260917 |          0 |        240
     3 |      关 | 20260918 |          0 |        240

【按步长汇总】
   步长  3°、开学习：平均停在哪 28 度（各趟 57、0）
   步长  3°、关学习：平均停在哪 0 度（各趟 0、0）

【收尾对照（每一趟都做，这里列出第一趟的）】
   停在 57°         走路 7/8
   黑屏             走路 0/8
   纯红 0°          走路 7/8
   跳到 120°        走路 0/8
   跳到 180°        走路 0/8
   再回 57°         走路 7/8
