建一颗脑子（24x16 默认）……
建皮层连接网：视觉23040、视觉细节23040、听觉30000、前额叶53200、运动160、运动记忆3576、本体感觉480、平衡感觉120、机身状态60、视觉运动1920、多巴胺200、抑制8000 共 143,796 个皮层神经元 ...
建好，10.8 秒；皮层 143796 个神经元

【1】走路（红在正前方，200 拍 = 4 秒）
  往前走 1.62 米；走路那 15 个时刻点火 199/200 拍
  大脑发出去的发力：最小 0.00 最大 1.00 平均 0.59
  抄来的「前进1.2」：15 拍一个周期 0.300 秒，库里的发力 最小 0.35 最大 1.00 平均 0.59
  老师的记录：3 秒走 2.34 米（0.78 米/秒）；我们这 4 秒 1.62 米（0.41 米/秒）
  逐块肌肉（我们 70~130 拍的平均） vs （抄来的平均）：
     左前髋      我们 0.47  抄来 0.47
     左前大腿     我们 0.43  抄来 0.42
     左前小腿     我们 0.85  抄来 0.85
     右前髋      我们 0.53  抄来 0.55
     右前大腿     我们 0.45  抄来 0.45
     右前小腿     我们 0.79  抄来 0.80
     左后髋      我们 0.48  抄来 0.46
     左后大腿     我们 0.48  抄来 0.46
     左后小腿     我们 0.85  抄来 0.84
     右后髋      我们 0.51  抄来 0.53
     右后大腿     我们 0.47  抄来 0.47
     右后小腿     我们 0.83  抄来 0.82

【2】一拍要多久
  上面那次：带学习 198 毫秒/拍
  （身体一拍 20 毫秒）
建皮层连接网：视觉23040、视觉细节23040、听觉30000、前额叶53200、运动160、运动记忆3576、本体感觉480、平衡感觉120、机身状态60、视觉运动1920、多巴胺200、抑制8000 共 143,796 个皮层神经元 ...
  另一颗脑子不带学习：67.7 毫秒/拍

【3】带学习时，时间花在哪（前 12 名，按自身耗时）
           306833 function calls in 6.070 seconds
  
     Ordered by: internal time
     List reduced from 110 to 12 due to restriction <12>
  
     ncalls  tottime  percall  cumtime  percall filename:lineno(function)
         30    3.269    0.109    3.302    0.110 F:\一种AGI架构\皮层连接_cortex_links.py:631(_学抑制)
         60    0.504    0.008    0.504    0.008 {method 'reduceat' of 'numpy.ufunc' objects}
         30    0.352    0.012    0.508    0.017 F:\一种AGI架构\前额叶区_prefrontal.py:69(前向传播)
        867    0.350    0.000    0.350    0.000 {method 'astype' of 'numpy.ndarray' objects}
         30    0.312    0.010    0.606    0.020 F:\一种AGI架构\皮层连接_cortex_links.py:491(_学兴奋)
         30    0.176    0.006    0.240    0.008 F:\一种AGI架构\皮层连接_cortex_links.py:421(_抑制电流)
         30    0.142    0.005    0.300    0.010 F:\一种AGI架构\皮层连接_cortex_links.py:406(_兴奋电流)
        270    0.135    0.000    0.135    0.000 {method 'repeat' of 'numpy.ndarray' objects}
         60    0.129    0.002    0.253    0.004 F:\一种AGI架构\皮层连接_cortex_links.py:385(_出边切片)
         90    0.112    0.001    0.113    0.001 F:\一种AGI架构\前额叶区_prefrontal.py:10(扩散)
         30    0.109    0.004    0.896    0.030 F:\一种AGI架构\视觉前处理_visual_preprocess.py:110(图像转信号)
         90    0.087    0.001    0.087    0.001 F:\一种AGI架构\皮层连接_cortex_links.py:397(这对学多快)
  
  
