建皮层连接网：视觉23040、视觉细节23040、听觉30000、前额叶53200、运动160、运动记忆3576、本体感觉480、平衡感觉120、机身状态60、视觉运动1920、多巴胺200、抑制8000 共 143,796 个皮层神经元 ...
================================================================================================
前额叶环：整片 53200 个细胞；「看着红」这一段 1360 个；「听到低频响」那一段 1097 个
================================================================================================

[1] 红在眼前，走 40 拍
    这一拍：整片前额叶亮 2750；其中「看着红」那一段亮 1360/1360；视觉亮 142

[2] 把红撤掉，只给黑屏，继续走 80 拍（看它还在不在）
     拍   整片前额叶   「看着红」还在亮   视觉亮   运动记忆亮
      10       2757          1360/1360         0           1
      20       2767          1360/1360         0           1
      30       2777          1360/1360         0           1
      40       2787          1360/1360         0           1
      50       2797          1360/1360         0           1
      60       2807          1360/1360         0           1
      70       2817          1360/1360         0           1
      80       2827          1360/1360         0           1

[3] 换成「只听声音、黑屏」，走 60 拍（看声音那一段会不会自己赖着）
     拍   整片前额叶   「听到声音」亮   听觉亮
      10       3464          1095/1097      431
      20       3382          1095/1097      427
      30       3369          1095/1097      429
      40       3343          1095/1097      428
      50       3318          1096/1097      427
      60       3304          1096/1097      426

[4] 声音也撤掉，黑屏 + 静音，再走 60 拍
      10 整片前额叶       3523   「听到声音」 1096/1097
      20 整片前额叶       3612   「听到声音」 1096/1097
      30 整片前额叶       3684   「听到声音」 1096/1097
      40 整片前额叶       3741   「听到声音」 1096/1097
      50 整片前额叶       3762   「听到声音」 1096/1097
      60 整片前额叶       3771   「听到声音」 1096/1097

（整片前额叶一共 53200 个细胞。要是这个数一路涨到接近 53200，就是塌缩了）
