建皮层连接网：视觉23040、视觉细节23040、听觉30000、前额叶53200、运动160、运动记忆3576、本体感觉480、平衡感觉120、机身状态60、视觉运动1920、抑制8000 共 143,596 个皮层神经元 ...
======================================================================================================================
诊断：生活时赫布学习把新连接长在哪（种子 20260914，生活 60 秒 = 3000 拍）
  走路那串时刻共 15 个：[132648, 132649, 132650, 132651]
======================================================================================================================
  拍   亮数  新亮  候选表   临时边  听->运  听->运权和  听->走路时刻 权和  学出总数  新边集中在前四
----------------------------------------------------------------------------------------------------------------------
      0      0     0       0        0       0      0.000              0     0.000         0  
    200    752   421   26945        0       0      0.000              0     0.000         0  
    400    799   398   30322        0       0      0.000              0     0.000         0  
    600    817   398   30846        0       0      0.000              0     0.000         0  
    800    815   415   33155        0       0      0.000              0     0.000         0  
   1000    799   395   33098        0       0      0.000              0     0.000         0  
   1200    812   393   34186        0       0      0.000              0     0.000         0  
   1400    814   412   34224        0       0      0.000              0     0.000         0  
   1600    793   393   34255        0       0      0.000              0     0.000         0  
   1800    808   391   34739        0       0      0.000              0     0.000         0  
   2000    811   413   37074        0       0      0.000              0     0.000         0  
   2200    790   391   40978        1       0      0.000              0     0.000         1  听觉->视觉(1)
   2400    809   393   40897        1       0      0.000              0     0.000         1  听觉->视觉(1)
   2600    811   412   42037        1       0      0.000              0     0.000         1  听觉->视觉(1)
   2800    792   392   42554        1       0      0.000              0     0.000         1  听觉->视觉(1)
   3000    811   392   46012        1       0      0.000              0     0.000         1  听觉->视觉(1)

【怎么读】
  亮数/新亮  = 这一拍多少细胞亮、其中多少是**刚亮**的（配对的原料）
  候选表     = 「同一对反复见过几次」那张表；要见够 4 次才算真长出一根
  听->运     = 临时表里 听觉->运动记忆 的新边；听->走路时刻 = 其中真正落在走路那串上的
  权和       = 这些新边的权重合计（就是它们能送出的电流，阈值 1.0）
