建皮层连接网：视觉46080、视觉细节46080、听觉30000、前额叶76240、运动160、运动记忆3576、本体感觉480、平衡感觉120、机身状态60、视觉运动3840、多巴胺200、抑制8000 共 214,836 个皮层神经元 ...
画面 24 x 32；「视觉:中有红」2632 个细胞、「前额叶:看着红」2992 个细胞（种子 20260914，本能表 969 条）
走路的两半：视觉 ×0.80、前额叶 ×0.85，阈值 1.00

  色相 |   视觉红亮/总数 | 前额叶红亮/总数 |  视觉给的 | 前额叶给的 |   净电流 | 过阈值? | rgb
----------------------------------------------------------------------------------------------------------------
     0 |  2632 / 2632   |  2980 / 2992    |     0.80 |      0.85 |     1.65 |      是 | (255, 0, 0)
    24 |  2284 / 2632   |  2779 / 2992    |     0.69 |      0.79 |     1.48 |      是 | (255, 102, 0)
    48 |  2175 / 2632   |  2799 / 2992    |     0.66 |      0.80 |     1.46 |      是 | (255, 204, 0)
    72 |  2087 / 2632   |  2791 / 2992    |     0.63 |      0.79 |     1.43 |      是 | (204, 255, 0)
    96 |  1434 / 2632   |  2429 / 2992    |     0.44 |      0.69 |     1.13 |      是 | (102, 255, 0)
   120 |   815 / 2632   |  1993 / 2992    |     0.25 |      0.57 |     0.81 |      否 | (0, 255, 0)
   144 |   951 / 2632   |  2336 / 2992    |     0.29 |      0.66 |     0.95 |      否 | (0, 255, 102)
   168 |  1139 / 2632   |  2492 / 2992    |     0.35 |      0.71 |     1.05 |      是 | (0, 255, 204)
   180 |  1243 / 2632   |  2537 / 2992    |     0.38 |      0.72 |     1.10 |      是 | (0, 255, 255)
   204 |  1175 / 2632   |  2433 / 2992    |     0.36 |      0.69 |     1.05 |      是 | (0, 153, 255)
   240 |   773 / 2632   |  1882 / 2992    |     0.23 |      0.53 |     0.77 |      否 | (0, 0, 255)
   270 |  1330 / 2632   |  2382 / 2992    |     0.40 |      0.68 |     1.08 |      是 | (128, 0, 255)
   300 |  2137 / 2632   |  2822 / 2992    |     0.65 |      0.80 |     1.45 |      是 | (255, 0, 255)
   330 |  2393 / 2632   |  2851 / 2992    |     0.73 |      0.81 |     1.54 |      是 | (255, 0, 128)

（黑屏两半都是 0，所以没列进来；阈值只是把两半加起来跟 1.0 比，实际能不能走要看 实验_放大_走路边界.py 的实测）

