================================================================================================================
发育实验：出生时不会的行为，靠一边听一边走路地活着，能不能长出来
  声音 = 低频响（本能表里没有任何一条规则碰过它）
  种子 20260914；生活 3 秒 = 150 拍；每 25 拍量一次结构/电流，每 4 个量点探一次行为
================================================================================================================

================================================================================================================
【甲 论文默认参数】一次最多配对=4000，候选上限=50000，需要共激活次数=4，每步最多新建=200
================================================================================================================
建皮层连接网：视觉23040、视觉细节23040、听觉30000、前额叶53200、运动160、运动记忆3576、本体感觉480、平衡感觉120、机身状态60、视觉运动1920、抑制8000 共 143,596 个皮层神经元 ...
   拍   听->走路新边  权和   走路时刻最大电流   出生/现在 行为探测（5 次里点着几次）
----------------------------------------------------------------------------------------------------------------
      0            0    0.000          0.000   0/5
     25            0    0.000          0.000   -
     50            0    0.000          0.000   -
     75            0    0.000          0.000   -
    100            0    0.000          0.000   0/5
    125            0    0.000          0.000   -
    150            0    0.000          0.000   -

================================================================================================================
【乙 只放宽记性】一次最多配对=40000，候选上限=4000000，需要共激活次数=4，每步最多新建=300
================================================================================================================
建皮层连接网：视觉23040、视觉细节23040、听觉30000、前额叶53200、运动160、运动记忆3576、本体感觉480、平衡感觉120、机身状态60、视觉运动1920、抑制8000 共 143,596 个皮层神经元 ...
   拍   听->走路新边  权和   走路时刻最大电流   出生/现在 行为探测（5 次里点着几次）
----------------------------------------------------------------------------------------------------------------
      0            0    0.000          0.000   0/5
     25            0    0.000          0.000   -
     50            0    0.000          0.000   -
     75            0    0.000          0.000   -
    100            0    0.000          0.000   0/5
    125            1    0.001          0.000   -
    150            2    0.002          0.000   -

================================================================================================================
【两臂对照】
  甲 默认：起点 新边 0（权和 0.000，最大电流 0.000）；终点 新边 0（权和 0.000，最大电流 0.000）
        行为探测：0拍时 0/5、100拍时 0/5
  乙 放宽：起点 新边 0（权和 0.000，最大电流 0.000）；终点 新边 2（权和 0.002，最大电流 0.000）
        行为探测：0拍时 0/5、100拍时 0/5
