====================================================================================================
颜色渐变正式协议：色相 0° 起，能重新点着就往下挪，点不着就停（终点 180°）
步长 [6, 12]；种子 [20260914, 20260915, 20260916, 20260917, 20260918]
====================================================================================================
建皮层连接网：视觉23040、视觉细节23040、听觉30000、前额叶53200、运动160、运动记忆3576、本体感觉480、平衡感觉120、机身状态60、视觉运动1920、多巴胺200、抑制8000 共 143,796 个皮层神经元 ...
步长  6°，开学习，种子 20260914 → 停在哪 102°（挪了 17 格，共 665 拍，212 秒）
建皮层连接网：视觉23040、视觉细节23040、听觉30000、前额叶53200、运动160、运动记忆3576、本体感觉480、平衡感觉120、机身状态60、视觉运动1920、多巴胺200、抑制8000 共 143,796 个皮层神经元 ...
步长  6°，开学习，种子 20260915 → 停在哪 102°（挪了 17 格，共 665 拍，205 秒）
建皮层连接网：视觉23040、视觉细节23040、听觉30000、前额叶53200、运动160、运动记忆3576、本体感觉480、平衡感觉120、机身状态60、视觉运动1920、多巴胺200、抑制8000 共 143,796 个皮层神经元 ...
步长  6°，开学习，种子 20260916 → 停在哪 102°（挪了 17 格，共 765 拍，216 秒）
建皮层连接网：视觉23040、视觉细节23040、听觉30000、前额叶53200、运动160、运动记忆3576、本体感觉480、平衡感觉120、机身状态60、视觉运动1920、多巴胺200、抑制8000 共 143,796 个皮层神经元 ...
步长  6°，开学习，种子 20260917 → 停在哪 102°（挪了 17 格，共 665 拍，191 秒）
建皮层连接网：视觉23040、视觉细节23040、听觉30000、前额叶53200、运动160、运动记忆3576、本体感觉480、平衡感觉120、机身状态60、视觉运动1920、多巴胺200、抑制8000 共 143,796 个皮层神经元 ...
步长  6°，开学习，种子 20260918 → 停在哪 102°（挪了 17 格，共 665 拍，190 秒）
建皮层连接网：视觉23040、视觉细节23040、听觉30000、前额叶53200、运动160、运动记忆3576、本体感觉480、平衡感觉120、机身状态60、视觉运动1920、多巴胺200、抑制8000 共 143,796 个皮层神经元 ...
步长  6°，关学习，种子 20260914 → 停在哪 102°（挪了 17 格，共 665 拍，71 秒）
建皮层连接网：视觉23040、视觉细节23040、听觉30000、前额叶53200、运动160、运动记忆3576、本体感觉480、平衡感觉120、机身状态60、视觉运动1920、多巴胺200、抑制8000 共 143,796 个皮层神经元 ...
步长  6°，关学习，种子 20260915 → 停在哪  96°（挪了 16 格，共 640 拍，68 秒）
建皮层连接网：视觉23040、视觉细节23040、听觉30000、前额叶53200、运动160、运动记忆3576、本体感觉480、平衡感觉120、机身状态60、视觉运动1920、多巴胺200、抑制8000 共 143,796 个皮层神经元 ...
步长  6°，关学习，种子 20260916 → 停在哪 102°（挪了 17 格，共 665 拍，70 秒）
建皮层连接网：视觉23040、视觉细节23040、听觉30000、前额叶53200、运动160、运动记忆3576、本体感觉480、平衡感觉120、机身状态60、视觉运动1920、多巴胺200、抑制8000 共 143,796 个皮层神经元 ...
步长  6°，关学习，种子 20260917 → 停在哪 102°（挪了 17 格，共 665 拍，70 秒）
建皮层连接网：视觉23040、视觉细节23040、听觉30000、前额叶53200、运动160、运动记忆3576、本体感觉480、平衡感觉120、机身状态60、视觉运动1920、多巴胺200、抑制8000 共 143,796 个皮层神经元 ...
步长  6°，关学习，种子 20260918 → 停在哪  72°（挪了 12 格，共 540 拍，60 秒）
建皮层连接网：视觉23040、视觉细节23040、听觉30000、前额叶53200、运动160、运动记忆3576、本体感觉480、平衡感觉120、机身状态60、视觉运动1920、多巴胺200、抑制8000 共 143,796 个皮层神经元 ...
步长 12°，开学习，种子 20260914 → 停在哪  96°（挪了 8 格，共 440 拍，131 秒）
建皮层连接网：视觉23040、视觉细节23040、听觉30000、前额叶53200、运动160、运动记忆3576、本体感觉480、平衡感觉120、机身状态60、视觉运动1920、多巴胺200、抑制8000 共 143,796 个皮层神经元 ...
步长 12°，开学习，种子 20260915 → 停在哪  96°（挪了 8 格，共 440 拍，132 秒）
建皮层连接网：视觉23040、视觉细节23040、听觉30000、前额叶53200、运动160、运动记忆3576、本体感觉480、平衡感觉120、机身状态60、视觉运动1920、多巴胺200、抑制8000 共 143,796 个皮层神经元 ...
步长 12°，开学习，种子 20260916 → 停在哪  96°（挪了 8 格，共 440 拍，128 秒）
建皮层连接网：视觉23040、视觉细节23040、听觉30000、前额叶53200、运动160、运动记忆3576、本体感觉480、平衡感觉120、机身状态60、视觉运动1920、多巴胺200、抑制8000 共 143,796 个皮层神经元 ...
步长 12°，开学习，种子 20260917 → 停在哪  96°（挪了 8 格，共 440 拍，127 秒）
建皮层连接网：视觉23040、视觉细节23040、听觉30000、前额叶53200、运动160、运动记忆3576、本体感觉480、平衡感觉120、机身状态60、视觉运动1920、多巴胺200、抑制8000 共 143,796 个皮层神经元 ...
步长 12°，开学习，种子 20260918 → 停在哪  96°（挪了 8 格，共 440 拍，128 秒）
建皮层连接网：视觉23040、视觉细节23040、听觉30000、前额叶53200、运动160、运动记忆3576、本体感觉480、平衡感觉120、机身状态60、视觉运动1920、多巴胺200、抑制8000 共 143,796 个皮层神经元 ...
步长 12°，关学习，种子 20260914 → 停在哪  96°（挪了 8 格，共 440 拍，49 秒）
建皮层连接网：视觉23040、视觉细节23040、听觉30000、前额叶53200、运动160、运动记忆3576、本体感觉480、平衡感觉120、机身状态60、视觉运动1920、多巴胺200、抑制8000 共 143,796 个皮层神经元 ...
步长 12°，关学习，种子 20260915 → 停在哪  96°（挪了 8 格，共 440 拍，49 秒）
建皮层连接网：视觉23040、视觉细节23040、听觉30000、前额叶53200、运动160、运动记忆3576、本体感觉480、平衡感觉120、机身状态60、视觉运动1920、多巴胺200、抑制8000 共 143,796 个皮层神经元 ...
步长 12°，关学习，种子 20260916 → 停在哪  96°（挪了 8 格，共 440 拍，49 秒）
建皮层连接网：视觉23040、视觉细节23040、听觉30000、前额叶53200、运动160、运动记忆3576、本体感觉480、平衡感觉120、机身状态60、视觉运动1920、多巴胺200、抑制8000 共 143,796 个皮层神经元 ...
步长 12°，关学习，种子 20260917 → 停在哪  96°（挪了 8 格，共 440 拍，52 秒）
建皮层连接网：视觉23040、视觉细节23040、听觉30000、前额叶53200、运动160、运动记忆3576、本体感觉480、平衡感觉120、机身状态60、视觉运动1920、多巴胺200、抑制8000 共 143,796 个皮层神经元 ...
步长 12°，关学习，种子 20260918 → 停在哪  72°（挪了 6 格，共 390 拍，47 秒）

====================================================================================================
【总表】每 步长/学习/种子 一趟，看它认到哪一度
    步长 |     学习 |       种子 |     停在哪(度) |      花了多少拍
----------------------------------------------------------------------------------------------------
     6 |      开 | 20260914 |        102 |        665
     6 |      开 | 20260915 |        102 |        665
     6 |      开 | 20260916 |        102 |        765
     6 |      开 | 20260917 |        102 |        665
     6 |      开 | 20260918 |        102 |        665
     6 |      关 | 20260914 |        102 |        665
     6 |      关 | 20260915 |         96 |        640
     6 |      关 | 20260916 |        102 |        665
     6 |      关 | 20260917 |        102 |        665
     6 |      关 | 20260918 |         72 |        540
    12 |      开 | 20260914 |         96 |        440
    12 |      开 | 20260915 |         96 |        440
    12 |      开 | 20260916 |         96 |        440
    12 |      开 | 20260917 |         96 |        440
    12 |      开 | 20260918 |         96 |        440
    12 |      关 | 20260914 |         96 |        440
    12 |      关 | 20260915 |         96 |        440
    12 |      关 | 20260916 |         96 |        440
    12 |      关 | 20260917 |         96 |        440
    12 |      关 | 20260918 |         72 |        390

【按步长汇总】
   步长  6°、开学习：平均停在哪 102 度（各趟 102、102、102、102、102）
   步长  6°、关学习：平均停在哪 95 度（各趟 102、96、102、102、72）
   步长 12°、开学习：平均停在哪 96 度（各趟 96、96、96、96、96）
   步长 12°、关学习：平均停在哪 91 度（各趟 96、96、96、96、72）

【收尾对照（每一趟都做，这里列出第一趟的）】
   停在 102°        走路 6/8
   黑屏             走路 0/8
   纯红 0°          走路 7/8
   跳到 120°        走路 3/8
   跳到 180°        走路 7/8
   再回 102°        走路 6/8

【收尾对照（全部趟，一趟一行）】
步长  6°、开学习、种子 20260914、停在哪 102°：停在 102° 走路 6/8；黑屏 走路 0/8；纯红 0° 走路 7/8；跳到 120° 走路 3/8；跳到 180° 走路 7/8；再回 102° 走路 6/8
步长  6°、开学习、种子 20260915、停在哪 102°：停在 102° 走路 6/8；黑屏 走路 0/8；纯红 0° 走路 7/8；跳到 120° 走路 3/8；跳到 180° 走路 7/8；再回 102° 走路 6/8
步长  6°、开学习、种子 20260916、停在哪 102°：停在 102° 走路 6/8；黑屏 走路 0/8；纯红 0° 走路 7/8；跳到 120° 走路 3/8；跳到 180° 走路 7/8；再回 102° 走路 6/8
步长  6°、开学习、种子 20260917、停在哪 102°：停在 102° 走路 6/8；黑屏 走路 0/8；纯红 0° 走路 7/8；跳到 120° 走路 3/8；跳到 180° 走路 7/8；再回 102° 走路 6/8
步长  6°、开学习、种子 20260918、停在哪 102°：停在 102° 走路 6/8；黑屏 走路 0/8；纯红 0° 走路 7/8；跳到 120° 走路 3/8；跳到 180° 走路 7/8；再回 102° 走路 6/8
步长  6°、关学习、种子 20260914、停在哪 102°：停在 102° 走路 6/8；黑屏 走路 0/8；纯红 0° 走路 7/8；跳到 120° 走路 1/8；跳到 180° 走路 7/8；再回 102° 走路 6/8
步长  6°、关学习、种子 20260915、停在哪  96°：停在 96° 走路 7/8；黑屏 走路 0/8；纯红 0° 走路 7/8；跳到 120° 走路 1/8；跳到 180° 走路 7/8；再回 96° 走路 7/8
步长  6°、关学习、种子 20260916、停在哪 102°：停在 102° 走路 6/8；黑屏 走路 0/8；纯红 0° 走路 7/8；跳到 120° 走路 2/8；跳到 180° 走路 7/8；再回 102° 走路 6/8
步长  6°、关学习、种子 20260917、停在哪 102°：停在 102° 走路 6/8；黑屏 走路 0/8；纯红 0° 走路 7/8；跳到 120° 走路 3/8；跳到 180° 走路 7/8；再回 102° 走路 6/8
步长  6°、关学习、种子 20260918、停在哪  72°：停在 72° 走路 7/8；黑屏 走路 0/8；纯红 0° 走路 7/8；跳到 120° 走路 0/8；跳到 180° 走路 0/8；再回 72° 走路 7/8
步长 12°、开学习、种子 20260914、停在哪  96°：停在 96° 走路 7/8；黑屏 走路 0/8；纯红 0° 走路 7/8；跳到 120° 走路 3/8；跳到 180° 走路 7/8；再回 96° 走路 7/8
步长 12°、开学习、种子 20260915、停在哪  96°：停在 96° 走路 7/8；黑屏 走路 0/8；纯红 0° 走路 7/8；跳到 120° 走路 3/8；跳到 180° 走路 7/8；再回 96° 走路 7/8
步长 12°、开学习、种子 20260916、停在哪  96°：停在 96° 走路 7/8；黑屏 走路 0/8；纯红 0° 走路 7/8；跳到 120° 走路 3/8；跳到 180° 走路 7/8；再回 96° 走路 7/8
步长 12°、开学习、种子 20260917、停在哪  96°：停在 96° 走路 7/8；黑屏 走路 0/8；纯红 0° 走路 7/8；跳到 120° 走路 3/8；跳到 180° 走路 7/8；再回 96° 走路 7/8
步长 12°、开学习、种子 20260918、停在哪  96°：停在 96° 走路 7/8；黑屏 走路 0/8；纯红 0° 走路 7/8；跳到 120° 走路 3/8；跳到 180° 走路 7/8；再回 96° 走路 7/8
步长 12°、关学习、种子 20260914、停在哪  96°：停在 96° 走路 7/8；黑屏 走路 0/8；纯红 0° 走路 7/8；跳到 120° 走路 1/8；跳到 180° 走路 7/8；再回 96° 走路 7/8
步长 12°、关学习、种子 20260915、停在哪  96°：停在 96° 走路 7/8；黑屏 走路 0/8；纯红 0° 走路 7/8；跳到 120° 走路 1/8；跳到 180° 走路 7/8；再回 96° 走路 7/8
步长 12°、关学习、种子 20260916、停在哪  96°：停在 96° 走路 7/8；黑屏 走路 0/8；纯红 0° 走路 7/8；跳到 120° 走路 2/8；跳到 180° 走路 7/8；再回 96° 走路 7/8
步长 12°、关学习、种子 20260917、停在哪  96°：停在 96° 走路 7/8；黑屏 走路 0/8；纯红 0° 走路 7/8；跳到 120° 走路 3/8；跳到 180° 走路 7/8；再回 96° 走路 7/8
步长 12°、关学习、种子 20260918、停在哪  72°：停在 72° 走路 7/8；黑屏 走路 0/8；纯红 0° 走路 7/8；跳到 120° 走路 0/8；跳到 180° 走路 0/8；再回 72° 走路 7/8
