### 种子 20260914
建皮层连接网：视觉23040、视觉细节23040、听觉30000、前额叶53200、运动160、运动记忆3576、本体感觉480、平衡感觉120、机身状态60、视觉运动1920、多巴胺200、抑制8000 共 143,796 个皮层神经元 ...
  A 红/无声·前额叶照常               路程  2.309 米  没翻(歪 2 度)  前额叶亮 1581→2916 个  前进1.2200
建皮层连接网：视觉23040、视觉细节23040、听觉30000、前额叶53200、运动160、运动记忆3576、本体感觉480、平衡感觉120、机身状态60、视觉运动1920、多巴胺200、抑制8000 共 143,796 个皮层神经元 ...
  B 红/无声·前额叶每拍重算             路程  2.309 米  没翻(歪 2 度)  前额叶亮 1581→1591 个  前进1.2200
建皮层连接网：视觉23040、视觉细节23040、听觉30000、前额叶53200、运动160、运动记忆3576、本体感觉480、平衡感觉120、机身状态60、视觉运动1920、多巴胺200、抑制8000 共 143,796 个皮层神经元 ...
  C 红/有声·前额叶照常               路程  2.581 米  没翻(歪 4 度)  前额叶亮 2674→3830 个  前进1.2200

### 种子 20260915
建皮层连接网：视觉23040、视觉细节23040、听觉30000、前额叶53200、运动160、运动记忆3576、本体感觉480、平衡感觉120、机身状态60、视觉运动1920、多巴胺200、抑制8000 共 143,796 个皮层神经元 ...
  A 红/无声·前额叶照常               路程  0.946 米  第 66 拍翻  前额叶亮 1581→2918 个  前进1.2200
建皮层连接网：视觉23040、视觉细节23040、听觉30000、前额叶53200、运动160、运动记忆3576、本体感觉480、平衡感觉120、机身状态60、视觉运动1920、多巴胺200、抑制8000 共 143,796 个皮层神经元 ...
  B 红/无声·前额叶每拍重算             路程  2.260 米  没翻(歪 2 度)  前额叶亮 1581→1591 个  前进1.2200
建皮层连接网：视觉23040、视觉细节23040、听觉30000、前额叶53200、运动160、运动记忆3576、本体感觉480、平衡感觉120、机身状态60、视觉运动1920、多巴胺200、抑制8000 共 143,796 个皮层神经元 ...
  C 红/有声·前额叶照常               路程  1.000 米  第 76 拍翻  前额叶亮 2669→3867 个  前进1.2187 站起来57

### 种子 20260916
建皮层连接网：视觉23040、视觉细节23040、听觉30000、前额叶53200、运动160、运动记忆3576、本体感觉480、平衡感觉120、机身状态60、视觉运动1920、多巴胺200、抑制8000 共 143,796 个皮层神经元 ...
  A 红/无声·前额叶照常               路程  0.934 米  第 68 拍翻  前额叶亮 1581→2916 个  前进1.2200
建皮层连接网：视觉23040、视觉细节23040、听觉30000、前额叶53200、运动160、运动记忆3576、本体感觉480、平衡感觉120、机身状态60、视觉运动1920、多巴胺200、抑制8000 共 143,796 个皮层神经元 ...
  B 红/无声·前额叶每拍重算             路程  2.510 米  没翻(歪 2 度)  前额叶亮 1581→1591 个  前进1.2200
建皮层连接网：视觉23040、视觉细节23040、听觉30000、前额叶53200、运动160、运动记忆3576、本体感觉480、平衡感觉120、机身状态60、视觉运动1920、多巴胺200、抑制8000 共 143,796 个皮层神经元 ...
  C 红/有声·前额叶照常               路程  2.654 米  没翻(歪 4 度)  前额叶亮 2680→3868 个  前进1.2200

