====================================================================================================
哪些色相能点着走路（不漂移）：5 个种子；前额叶 照常（带环）
====================================================================================================
建皮层连接网：视觉23040、视觉细节23040、听觉30000、前额叶53200、运动160、运动记忆3576、本体感觉480、平衡感觉120、机身状态60、视觉运动1920、多巴胺200、抑制8000 共 143,796 个皮层神经元 ...
种子 20260914：0° 7/8  24° 7/8  48° 7/8  72° 7/8  96° 7/8  120° 2/8  144° 5/8  168° 7/8  180° 7/8  204° 6/8  240° 2/8  黑 0/8
建皮层连接网：视觉23040、视觉细节23040、听觉30000、前额叶53200、运动160、运动记忆3576、本体感觉480、平衡感觉120、机身状态60、视觉运动1920、多巴胺200、抑制8000 共 143,796 个皮层神经元 ...
种子 20260915：0° 7/8  24° 7/8  48° 7/8  72° 7/8  96° 7/8  120° 1/8  144° 5/8  168° 7/8  180° 7/8  204° 0/8  240° 2/8  黑 0/8
建皮层连接网：视觉23040、视觉细节23040、听觉30000、前额叶53200、运动160、运动记忆3576、本体感觉480、平衡感觉120、机身状态60、视觉运动1920、多巴胺200、抑制8000 共 143,796 个皮层神经元 ...
种子 20260916：0° 7/8  24° 7/8  48° 7/8  72° 7/8  96° 7/8  120° 1/8  144° 4/8  168° 7/8  180° 7/8  204° 6/8  240° 1/8  黑 0/8
建皮层连接网：视觉23040、视觉细节23040、听觉30000、前额叶53200、运动160、运动记忆3576、本体感觉480、平衡感觉120、机身状态60、视觉运动1920、多巴胺200、抑制8000 共 143,796 个皮层神经元 ...
种子 20260917：0° 7/8  24° 7/8  48° 7/8  72° 7/8  96° 7/8  120° 3/8  144° 0/8  168° 7/8  180° 7/8  204° 6/8  240° 2/8  黑 0/8
建皮层连接网：视觉23040、视觉细节23040、听觉30000、前额叶53200、运动160、运动记忆3576、本体感觉480、平衡感觉120、机身状态60、视觉运动1920、多巴胺200、抑制8000 共 143,796 个皮层神经元 ...
种子 20260918：0° 7/8  24° 7/8  48° 7/8  72° 7/8  96° 5/8  120° 0/8  144° 1/8  168° 5/8  180° 6/8  204° 6/8  240° 2/8  黑 0/8

【汇总：有几个种子点着（>= 8 拍算点着）】
      0° : 5/5 个种子   7、7、7、7、7
     24° : 5/5 个种子   7、7、7、7、7
     48° : 5/5 个种子   7、7、7、7、7
     72° : 5/5 个种子   7、7、7、7、7
     96° : 4/5 个种子   7、7、7、7、5
    120° : 0/5 个种子   2、1、1、3、0
    144° : 0/5 个种子   5、5、4、0、1
    168° : 4/5 个种子   7、7、7、7、5
    180° : 5/5 个种子   7、7、7、7、6
    204° : 4/5 个种子   6、0、6、6、6
    240° : 0/5 个种子   2、2、1、2、2
      黑屏 : 0/5 个种子   0、0、0、0、0
