=========== 前额叶自压 = 关（老行为） ===========
建皮层连接网：视觉23040、视觉细节23040、听觉30000、前额叶53200、运动160、运动记忆3576、本体感觉480、平衡感觉120、机身状态60、视觉运动1920、多巴胺200、抑制8000 共 143,796 个皮层神经元 ...
  种子 20260915
    出生： 走路   0/200、挪 0.39 米、一次没翻、末高 0.155、歪   1、前额峰 1137
    天生： 走路  30/200、挪 0.98 米、一次没翻、末高 0.372、歪   9、前额峰 2742
    教学： 走路 194/200、挪 106.51 米、第 78 拍翻倒、末高 0.060、歪 178、前额峰 3817
    考试： 走路 200/200、挪 102.80 米、第 63 拍翻倒、末高 0.155、歪  80、前额峰 2492
建皮层连接网：视觉23040、视觉细节23040、听觉30000、前额叶53200、运动160、运动记忆3576、本体感觉480、平衡感觉120、机身状态60、视觉运动1920、多巴胺200、抑制8000 共 143,796 个皮层神经元 ...
  种子 20260916
    出生： 走路   0/200、挪 0.40 米、一次没翻、末高 0.155、歪   1、前额峰 1139
    天生： 走路  30/200、挪 0.98 米、一次没翻、末高 0.372、歪   9、前额峰 2741
    教学： 走路 200/200、挪 214.16 米、第 154 拍翻倒、末高 0.155、歪  84、前额峰 3821
    考试： 走路 200/200、挪 128.81 米、第 101 拍翻倒、末高 0.057、歪 179、前额峰 2124
建皮层连接网：视觉23040、视觉细节23040、听觉30000、前额叶53200、运动160、运动记忆3576、本体感觉480、平衡感觉120、机身状态60、视觉运动1920、多巴胺200、抑制8000 共 143,796 个皮层神经元 ...
  种子 20260914
    出生： 走路   0/200、挪 0.64 米、一次没翻、末高 0.096、歪   4、前额峰 1114
    天生： 走路  30/200、挪 1.01 米、一次没翻、末高 0.348、歪   3、前额峰 2740
    教学： 走路 200/200、挪 217.64 米、第 174 拍翻倒、末高 0.156、歪  91、前额峰 3811
    考试： 走路 200/200、挪 215.13 米、一次没翻、末高 0.352、歪   3、前额峰 1709
=========== 前额叶自压 = 0.001 ===========
建皮层连接网：视觉23040、视觉细节23040、听觉30000、前额叶53200、运动160、运动记忆3576、本体感觉480、平衡感觉120、机身状态60、视觉运动1920、多巴胺200、抑制8000 共 143,796 个皮层神经元 ...
  种子 20260915
    出生： 走路   0/200、挪 0.39 米、一次没翻、末高 0.155、歪   1、前额峰 338
    天生： 走路  30/200、挪 1.00 米、一次没翻、末高 0.356、歪   2、前额峰 112
    教学： 走路 195/200、挪 138.27 米、第 140 拍翻倒、末高 0.155、歪  83、前额峰 74
    考试： 走路 200/200、挪 114.33 米、第 107 拍翻倒、末高 0.155、歪  88、前额峰 764
