========================================================================================================
画面 24 x 16（一格 6.25 度宽）；种子：20260914、20260915、20260916、20260917、20260918
========================================================================================================
建皮层连接网：视觉23040、视觉细节23040、听觉30000、前额叶53200、运动160、运动记忆3576、本体感觉480、平衡感觉120、机身状态60、视觉运动1920、多巴胺200、抑制8000 共 143,796 个皮层神经元 ...
  种子 20260914：0=7/8、24=7/8、48=7/8、72=7/8、96=7/8、120=0/8、144=0/8、168=7/8、180=7/8、204=0/8、240=0/8、黑=0/8   （36 秒）
建皮层连接网：视觉23040、视觉细节23040、听觉30000、前额叶53200、运动160、运动记忆3576、本体感觉480、平衡感觉120、机身状态60、视觉运动1920、多巴胺200、抑制8000 共 143,796 个皮层神经元 ...
  种子 20260915：0=7/8、24=7/8、48=7/8、72=7/8、96=7/8、120=0/8、144=0/8、168=7/8、180=7/8、204=0/8、240=0/8、黑=0/8   （36 秒）
建皮层连接网：视觉23040、视觉细节23040、听觉30000、前额叶53200、运动160、运动记忆3576、本体感觉480、平衡感觉120、机身状态60、视觉运动1920、多巴胺200、抑制8000 共 143,796 个皮层神经元 ...
  种子 20260916：0=7/8、24=7/8、48=7/8、72=7/8、96=7/8、120=0/8、144=0/8、168=7/8、180=7/8、204=0/8、240=0/8、黑=0/8   （36 秒）
建皮层连接网：视觉23040、视觉细节23040、听觉30000、前额叶53200、运动160、运动记忆3576、本体感觉480、平衡感觉120、机身状态60、视觉运动1920、多巴胺200、抑制8000 共 143,796 个皮层神经元 ...
  种子 20260917：0=7/8、24=7/8、48=7/8、72=7/8、96=7/8、120=0/8、144=0/8、168=7/8、180=7/8、204=0/8、240=0/8、黑=0/8   （36 秒）
建皮层连接网：视觉23040、视觉细节23040、听觉30000、前额叶53200、运动160、运动记忆3576、本体感觉480、平衡感觉120、机身状态60、视觉运动1920、多巴胺200、抑制8000 共 143,796 个皮层神经元 ...
  种子 20260918：0=7/8、24=7/8、48=7/8、72=7/8、96=0/8、120=0/8、144=0/8、168=0/8、180=0/8、204=0/8、240=0/8、黑=0/8   （36 秒）

========================================================================================================
【总表】点着几拍 / 8 拍
  色相 |种子20260914种子20260915种子20260916种子20260917种子20260918 | 能点着的种子
-----------------------------------------------------------------
    0° |     7/8       7/8       7/8       7/8       7/8   |  5/5
   24° |     7/8       7/8       7/8       7/8       7/8   |  5/5
   48° |     7/8       7/8       7/8       7/8       7/8   |  5/5
   72° |     7/8       7/8       7/8       7/8       7/8   |  5/5
   96° |     7/8       7/8       7/8       7/8       0/8   |  4/5
  120° |     0/8       0/8       0/8       0/8       0/8   |  0/5
  144° |     0/8       0/8       0/8       0/8       0/8   |  0/5
  168° |     7/8       7/8       7/8       7/8       0/8   |  4/5
  180° |     7/8       7/8       7/8       7/8       0/8   |  4/5
  204° |     0/8       0/8       0/8       0/8       0/8   |  0/5
  240° |     0/8       0/8       0/8       0/8       0/8   |  0/5
    黑屏 |     0/8       0/8       0/8       0/8       0/8   |  0/5

（判断标准和 R4 一样：8 拍里亮 >=6 拍，才算这个色相还能点着走路）
