建皮层连接网：视觉23040、视觉细节23040、听觉30000、前额叶53200、运动160、运动记忆3576、本体感觉480、平衡感觉120、机身状态60、视觉运动1920、多巴胺200、抑制8000 共 143,796 个皮层神经元 ...
========================================================================================================
走路「前进1.2」= 运动记忆区 15 个时刻神经元，入口 = 第 132648 号（点亮入口，整串自己走）
声音「低频响」= 听觉区 2749 个细胞；前额叶「听到低频响」那一段 1097 个
多巴胺：一次「奖励」给一个目标细胞一共 0.80 的电流（摊平到每一根连接上）
========================================================================================================

[1] 出生：趴在地上，只放声音、黑屏，走 50 拍（预期：一动不动）
      拍   整片亮  走路链  听觉亮   前额叶亮     机身高      路程       走路链在跑吗
      15     1395       0       17       1114    0.104 米     0.028 米   没动
      30     1396       0       18       1114    0.095 米     0.046 米   没动
      45     1399       0       19       1114    0.095 米     0.069 米   没动
    → 挪了 0.081 米，最高只有 0.108 米（趴着的高度）：听声音它不会走

[2] 天生就会的：站着，眼前有一块红、不放声音，走 50 拍（预期：自己往前走）
      拍   整片亮  走路链  听觉亮   前额叶亮     机身高      路程       走路链在跑吗
      15     2981       1        0       2700    0.389 米     0.039 米   时刻 14
      30     3016       1        0       2740    0.348 米     0.172 米   时刻 14
      45     3029       1        0       2755    0.373 米     0.390 米   时刻 14
    → 挪了 0.446 米：这是出生就写好的本能（看红 → 走），还没学过声音

[3] 教学：站着，眼前有一块红 + 同时响声音 + 点亮多巴胺，走 60 拍
      拍   整片亮  走路链  听觉亮   前额叶亮     机身高      路程       走路链在跑吗
      15     4159       1       31       3751    0.382 米     0.037 米   时刻 14
      30     4228       1       37       3780    0.386 米     0.250 米   时刻 14
      45     4241       1       39       3781    0.255 米     0.582 米   时刻 14
      60     4259       1       46       3783    0.254 米     0.667 米   时刻 14
    → 「走路入口刚亮」的瞬间 4 次；一共学出 1006213 根新连接
    → 教学最后那一拍：走路入口收到的电流 3.264（门槛 1.0）

[4] 考试：把皮层全清空、重新趴下，黑屏、只放声音，走 150 拍
      拍   整片亮  走路链  听觉亮   前额叶亮     机身高      路程       走路链在跑吗
      15     1486       0       31       1115    0.109 米     0.030 米   没动
      30     1492       0       32       1115    0.101 米     0.053 米   没动
      45     1495       0       36       1115    0.109 米     0.083 米   没动
      60     1502       0       40       1115    0.102 米     0.108 米   没动
      75     1502       0       42       1115    0.108 米     0.135 米   没动
      90     1507       0       43       1115    0.102 米     0.162 米   没动
     105     1511       0       49       1115    0.109 米     0.189 米   没动
     120     1516       0       52       1115    0.102 米     0.214 米   没动
     135     1518       0       54       1115    0.109 米     0.243 米   没动
     150     1524       0       58       1115    0.105 米     0.277 米   没动
    → 考试结果：挪了 0.277 米；最高站到 0.114 米；机身歪 7 度
