====================================================================================================
颜色渐变正式协议：色相 0° 起，能重新点着就往下挪，点不着就停（终点 180°）
步长 [3, 6, 12]；种子 [20260914, 20260915, 20260916]
====================================================================================================
建皮层连接网：视觉23040、视觉细节23040、听觉30000、前额叶53200、运动160、运动记忆3576、本体感觉480、平衡感觉120、机身状态60、视觉运动1920、抑制8000 共 143,596 个皮层神经元 ...
步长  3°，开学习，种子 20260914 → 停在哪  87°（挪了 29 格，共 1115 拍，424 秒）
建皮层连接网：视觉23040、视觉细节23040、听觉30000、前额叶53200、运动160、运动记忆3576、本体感觉480、平衡感觉120、机身状态60、视觉运动1920、抑制8000 共 143,596 个皮层神经元 ...
步长  3°，开学习，种子 20260915 → 停在哪  60°（挪了 20 格，共 740 拍，234 秒）
建皮层连接网：视觉23040、视觉细节23040、听觉30000、前额叶53200、运动160、运动记忆3576、本体感觉480、平衡感觉120、机身状态60、视觉运动1920、抑制8000 共 143,596 个皮层神经元 ...
步长  3°，开学习，种子 20260916 → 停在哪  87°（挪了 29 格，共 1140 拍，307 秒）
建皮层连接网：视觉23040、视觉细节23040、听觉30000、前额叶53200、运动160、运动记忆3576、本体感觉480、平衡感觉120、机身状态60、视觉运动1920、抑制8000 共 143,596 个皮层神经元 ...
步长  3°，关学习，种子 20260914 → 停在哪  57°（挪了 19 格，共 715 拍，72 秒）
建皮层连接网：视觉23040、视觉细节23040、听觉30000、前额叶53200、运动160、运动记忆3576、本体感觉480、平衡感觉120、机身状态60、视觉运动1920、抑制8000 共 143,596 个皮层神经元 ...
步长  3°，关学习，种子 20260915 → 停在哪   9°（挪了 3 格，共 315 拍，39 秒）
建皮层连接网：视觉23040、视觉细节23040、听觉30000、前额叶53200、运动160、运动记忆3576、本体感觉480、平衡感觉120、机身状态60、视觉运动1920、抑制8000 共 143,596 个皮层神经元 ...
步长  3°，关学习，种子 20260916 → 停在哪  12°（挪了 4 格，共 340 拍，39 秒）
建皮层连接网：视觉23040、视觉细节23040、听觉30000、前额叶53200、运动160、运动记忆3576、本体感觉480、平衡感觉120、机身状态60、视觉运动1920、抑制8000 共 143,596 个皮层神经元 ...
步长  6°，开学习，种子 20260914 → 停在哪  84°（挪了 14 格，共 665 拍，184 秒）
建皮层连接网：视觉23040、视觉细节23040、听觉30000、前额叶53200、运动160、运动记忆3576、本体感觉480、平衡感觉120、机身状态60、视觉运动1920、抑制8000 共 143,596 个皮层神经元 ...
步长  6°，开学习，种子 20260915 → 停在哪  84°（挪了 14 格，共 815 拍，246 秒）
建皮层连接网：视觉23040、视觉细节23040、听觉30000、前额叶53200、运动160、运动记忆3576、本体感觉480、平衡感觉120、机身状态60、视觉运动1920、抑制8000 共 143,596 个皮层神经元 ...
步长  6°，开学习，种子 20260916 → 停在哪  84°（挪了 14 格，共 665 拍，235 秒）
建皮层连接网：视觉23040、视觉细节23040、听觉30000、前额叶53200、运动160、运动记忆3576、本体感觉480、平衡感觉120、机身状态60、视觉运动1920、抑制8000 共 143,596 个皮层神经元 ...
步长  6°，关学习，种子 20260914 → 停在哪  54°（挪了 9 格，共 465 拍，59 秒）
建皮层连接网：视觉23040、视觉细节23040、听觉30000、前额叶53200、运动160、运动记忆3576、本体感觉480、平衡感觉120、机身状态60、视觉运动1920、抑制8000 共 143,596 个皮层神经元 ...
步长  6°，关学习，种子 20260915 → 停在哪   6°（挪了 1 格，共 265 拍，39 秒）
建皮层连接网：视觉23040、视觉细节23040、听觉30000、前额叶53200、运动160、运动记忆3576、本体感觉480、平衡感觉120、机身状态60、视觉运动1920、抑制8000 共 143,596 个皮层神经元 ...
步长  6°，关学习，种子 20260916 → 停在哪  12°（挪了 2 格，共 290 拍，38 秒）
建皮层连接网：视觉23040、视觉细节23040、听觉30000、前额叶53200、运动160、运动记忆3576、本体感觉480、平衡感觉120、机身状态60、视觉运动1920、抑制8000 共 143,596 个皮层神经元 ...
步长 12°，开学习，种子 20260914 → 停在哪  84°（挪了 7 格，共 590 拍，165 秒）
建皮层连接网：视觉23040、视觉细节23040、听觉30000、前额叶53200、运动160、运动记忆3576、本体感觉480、平衡感觉120、机身状态60、视觉运动1920、抑制8000 共 143,596 个皮层神经元 ...
步长 12°，开学习，种子 20260915 → 停在哪  84°（挪了 7 格，共 640 拍，188 秒）
建皮层连接网：视觉23040、视觉细节23040、听觉30000、前额叶53200、运动160、运动记忆3576、本体感觉480、平衡感觉120、机身状态60、视觉运动1920、抑制8000 共 143,596 个皮层神经元 ...
步长 12°，开学习，种子 20260916 → 停在哪  84°（挪了 7 格，共 515 拍，157 秒）
建皮层连接网：视觉23040、视觉细节23040、听觉30000、前额叶53200、运动160、运动记忆3576、本体感觉480、平衡感觉120、机身状态60、视觉运动1920、抑制8000 共 143,596 个皮层神经元 ...
步长 12°，关学习，种子 20260914 → 停在哪  48°（挪了 4 格，共 340 拍，42 秒）
建皮层连接网：视觉23040、视觉细节23040、听觉30000、前额叶53200、运动160、运动记忆3576、本体感觉480、平衡感觉120、机身状态60、视觉运动1920、抑制8000 共 143,596 个皮层神经元 ...
步长 12°，关学习，种子 20260915 → 停在哪   0°（挪了 0 格，共 240 拍，31 秒）
建皮层连接网：视觉23040、视觉细节23040、听觉30000、前额叶53200、运动160、运动记忆3576、本体感觉480、平衡感觉120、机身状态60、视觉运动1920、抑制8000 共 143,596 个皮层神经元 ...
步长 12°，关学习，种子 20260916 → 停在哪  12°（挪了 1 格，共 265 拍，33 秒）

====================================================================================================
【总表】每 步长/学习/种子 一趟，看它认到哪一度
    步长 |     学习 |       种子 |     停在哪(度) |      花了多少拍
----------------------------------------------------------------------------------------------------
     3 |      开 | 20260914 |         87 |       1115
     3 |      开 | 20260915 |         60 |        740
     3 |      开 | 20260916 |         87 |       1140
     3 |      关 | 20260914 |         57 |        715
     3 |      关 | 20260915 |          9 |        315
     3 |      关 | 20260916 |         12 |        340
     6 |      开 | 20260914 |         84 |        665
     6 |      开 | 20260915 |         84 |        815
     6 |      开 | 20260916 |         84 |        665
     6 |      关 | 20260914 |         54 |        465
     6 |      关 | 20260915 |          6 |        265
     6 |      关 | 20260916 |         12 |        290
    12 |      开 | 20260914 |         84 |        590
    12 |      开 | 20260915 |         84 |        640
    12 |      开 | 20260916 |         84 |        515
    12 |      关 | 20260914 |         48 |        340
    12 |      关 | 20260915 |          0 |        240
    12 |      关 | 20260916 |         12 |        265

【按步长汇总】
   步长  3°、开学习：平均停在哪 78 度（各趟 87、60、87）
   步长  3°、关学习：平均停在哪 26 度（各趟 57、9、12）
   步长  6°、开学习：平均停在哪 84 度（各趟 84、84、84）
   步长  6°、关学习：平均停在哪 24 度（各趟 54、6、12）
   步长 12°、开学习：平均停在哪 84 度（各趟 84、84、84）
   步长 12°、关学习：平均停在哪 20 度（各趟 48、0、12）

【收尾对照（每一趟都做，这里列出第一趟的）】
   停在 87°         走路 7/8
   黑屏             走路 0/8
   纯红 0°          走路 7/8
   跳到 120°        走路 0/8
   跳到 180°        走路 0/8
   再回 87°         走路 7/8
