================================================================================================
论文数字 <-> 日志：一共 52 条
================================================================================================
  ✓ [R1  ] 摆成趴姿，5 个种子都自己站起来
  ✓ [R1  ] 站起来末高中位 0.261 米
  ✓ [R1  ] 朝红走 5/5
  ✓ [R1  ] 朝红走中位 +1.73 米
  ✓ [R1  ] 什么都不给会瘫掉（末高中位 0.184）
  ✓ [R1  ] 本能表清空（白脑）就站不起来：0/5
  ✓ [R1  ] 白脑也不会朝红走：0/5
  ✓ [2.2 ] 本能表 585 条
  ✓ [R2  ] 红 + 前额叶好：3 个种子都走（199/200）
  ✓ [R2  ] 红 + 前额叶按灭：0/200（一个种子都不走）
  ✓ [R2  ] 黑屏：0/200
  ✓ [R2  ] 蓝屏（带环）会走起来：183~194/200
  ✓ [R3  ] 阶段 A（只有运动库）：见红不走，点火 0/200
  ✓ [R3  ] 阶段 C（加看见红走）：+1.83 米、点火 199/200
  ✓ [R3  ] 阶段 E（加眼睛注视）：盯球偏离 5.6 度
  ✓ [R4  ] 步长 3°，开学习：5 个种子全停在 96°
  ✓ [R4  ] 步长 3°，关学习：四个 96、一个 72
  ✓ [R4  ] 边界表：96° 有 4/5 个脑子点着
  ✓ [R4  ] 边界表：120° 一个都没有（0/5）
  ✓ [R4  ] 边界表：黑屏 0/5
  ✓ [R6  ] 小球穿过视野：平均偏 5.6 度
  ✓ [R6  ] 小球突然出现：平均偏 4.8 度
  ✓ [R6  ] 空场：眼睛一动不动（0.0 度）
  ✓ [R7  ] 整体偏移 -3 到 +3 列，红→走路都还是 7/8
  ✓ [R8  ] 撤掉红之后走路链仍然亮满 495/495 拍
  ✓ [R8  ] 撤掉红之后视觉红细胞的数掉到 0/1346
  ✓ [R8  ] 撤掉红之后前额叶红细胞只剩 3/1360
  ✓ [R8  ] 把运动记忆清一次，走路链再也不回来（0/495）
  ✓ [R8  ] 把整片皮层的回响掐掉：正常脑 199/200，无回响脑 0/200
  ✓ [R8  ] 同上：无回响脑 0/200
  ✓ [R8  ] 掐掉回响后，天生的盯球反射一个数都没变（5.6 度，两边一样）
  ✓ [R9  ] 出生时：只放声音，走路链 0/30 拍（5 个种子）
  ✓ [R9  ] 考试：只放声音就会自己站起来走（199~200/200）
  ✓ [R9  ] 多巴胺不亮：一根新连接都长不出来，考试还是 0/200
  ✓ [R9  ] 同上，考试段 0/200
  ✓ [R10 ] 被摸的脑子：考试 400/600 拍会走；不被摸的 0/600
  ✓ [R10 ] 不被摸：0/600，一根连接都不长
  ✓ [R10 ] 教训那一行：写了 48 万根连接、考试还是 0/200（奖励只能加强刚做过的事）
  ✓ [R11 ] 24x16：143,796 个皮层神经元
  ✓ [R11 ] 24x192：925,236 个皮层神经元
  ✓ [R11 ] 24x192：建网 68.3 秒
  ✓ [R11 ] 24x192：带学习一拍 16 毫秒
  ✓ [R11 ] 24x192：常驻 2,555 MB
  ✓ [R11 ] 24x16：常驻 543 MB、峰值 1,434 MB
  ✓ [R11 ] 放大到 24x32 之后，站起来这几个数一个没变（3/3、0.261、149/150）
  ✓ [R11 ] 24x32 盯球 4.3 度（24x16 是 5.5 度，大球）
  ✓ [R11 ] 24x16 大球盯球 5.5 度
  ✓ [R11 ] 24x32 突然出现 3.5 度
  ✓ [5.5 ] 快写法 vs 老写法：抑制权最大差 0，逐位相同
  ✓ [5.5 ] 比的是全部 4,890,945 条抑制边
  ✓ [4.4 ] 别人训好的模型训练量：99,483,648 个物理步
  ✓ [4.4 ] 同一具身体上，指令 +1.2 时 4 秒走 3.71 米

  对上 52 条，对不上 0 条 —— 全部一致 ✓
================================================================================================
真跑一遍 R1（实验_闭环前提_多种子.py），拿它的输出跟论文对
================================================================================================
  ✓ 真跑出来 5/5 / 0.261（论文 5/5 / 0.261）—— 5 个种子都站起来、末高中位 0.261
  ✓ 真跑出来 5/5 / 1.73（论文 5/5 / 1.73）—— 5 个种子都朝红走、中位 1.73 米

  真跑一遍也对得上 ✓
