建皮层连接网：视觉23040、视觉细节23040、听觉30000、前额叶53200、运动160、运动记忆3576、本体感觉480、平衡感觉120、机身状态60、视觉运动1920、多巴胺200、抑制8000 共 143,796 个皮层神经元 ...
### 种子 20260914
  出生：只放声音     挪 0.046 米  最高 0.108 米  走路拍了 0/30
  天生：看红         挪 0.172 米  走路拍了 30/30
  教学：红+声音+多巴胺  挪 2.501 米  长出 552186 根新连接  （一共 12227081 根）
       新连接落在：听觉 137688、视觉 81375、本体感觉 61491、前额叶 10827、平衡感觉 4897、运动 2791、视觉细节 1639、视觉运动 151
  考试：只放声音     挪 2.431 米  最高站到 0.388 米  走路拍了 200/200  一次没翻（歪 3 度）

建皮层连接网：视觉23040、视觉细节23040、听觉30000、前额叶53200、运动160、运动记忆3576、本体感觉480、平衡感觉120、机身状态60、视觉运动1920、多巴胺200、抑制8000 共 143,796 个皮层神经元 ...
### 种子 20260915
  出生：只放声音     挪 0.035 米  最高 0.155 米  走路拍了 0/30
  天生：看红         挪 0.164 米  走路拍了 30/30
  教学：红+声音+多巴胺  挪 1.074 米  长出 544248 根新连接  （一共 12227319 根）
       新连接落在：听觉 154965、视觉 74402、本体感觉 55039、前额叶 10874、运动 3167、平衡感觉 3011、运动记忆 172、视觉运动 160
  考试：只放声音     挪 1.003 米  最高站到 0.391 米  走路拍了 199/200  第 61 拍翻倒

建皮层连接网：视觉23040、视觉细节23040、听觉30000、前额叶53200、运动160、运动记忆3576、本体感觉480、平衡感觉120、机身状态60、视觉运动1920、多巴胺200、抑制8000 共 143,796 个皮层神经元 ...
### 种子 20260916
  出生：只放声音     挪 0.035 米  最高 0.155 米  走路拍了 0/30
  天生：看红         挪 0.164 米  走路拍了 30/30
  教学：红+声音+多巴胺  挪 2.134 米  长出 490659 根新连接  （一共 12227279 根）
       新连接落在：听觉 142299、视觉 83786、本体感觉 56994、前额叶 10911、平衡感觉 4104、运动 2925、视觉运动 152、运动记忆 68
  考试：只放声音     挪 1.175 米  最高站到 0.386 米  走路拍了 200/200  第 101 拍翻倒

每拍轨迹写到 日志_发育轨迹_20260914.csv（1380 行）
