================================================================================================
前额叶干预：四幕 × 2 个建网种子（走路判据 = 前进1.2 那串时刻点火 > 0 拍）
================================================================================================
建皮层连接网：视觉23040、视觉细节23040、听觉30000、前额叶53200、运动160、运动记忆3576、本体感觉480、平衡感觉120、机身状态60、视觉运动1920、多巴胺200、抑制8000 共 143,796 个皮层神经元 ...
种子 20260917  ① 红，前额叶好             走路点火 199/200 拍 | 首次点火 第 2 拍 | 路程 1.03 米 | 前额叶平均亮  2782 个
种子 20260917  ② 红，前额叶按灭            走路点火   0/200 拍 | 首次点火 没有 | 路程 1.15 米 | 前额叶平均亮     0 个
种子 20260917  ③ 黑屏，前额叶好            走路点火   0/200 拍 | 首次点火 没有 | 路程 0.55 米 | 前额叶平均亮   368 个
种子 20260917  ④ 蓝屏，前额叶好            走路点火 194/200 拍 | 首次点火 第 7 拍 | 路程 1.13 米 | 前额叶平均亮  2878 个
种子 20260917  ⑤ 蓝屏，前额叶每拍重算         走路点火   0/200 拍 | 首次点火 没有 | 路程 1.48 米 | 前额叶平均亮  1445 个
建皮层连接网：视觉23040、视觉细节23040、听觉30000、前额叶53200、运动160、运动记忆3576、本体感觉480、平衡感觉120、机身状态60、视觉运动1920、多巴胺200、抑制8000 共 143,796 个皮层神经元 ...
种子 20260918  ① 红，前额叶好             走路点火 199/200 拍 | 首次点火 第 2 拍 | 路程 0.95 米 | 前额叶平均亮  2779 个
种子 20260918  ② 红，前额叶按灭            走路点火   0/200 拍 | 首次点火 没有 | 路程 0.27 米 | 前额叶平均亮     0 个
种子 20260918  ③ 黑屏，前额叶好            走路点火   0/200 拍 | 首次点火 没有 | 路程 0.55 米 | 前额叶平均亮   368 个
种子 20260918  ④ 蓝屏，前额叶好            走路点火 183/200 拍 | 首次点火 第 18 拍 | 路程 1.07 米 | 前额叶平均亮  2877 个
种子 20260918  ⑤ 蓝屏，前额叶每拍重算         走路点火   0/200 拍 | 首次点火 没有 | 路程 0.18 米 | 前额叶平均亮  1444 个

================================================================================================
【汇总】
那一幕                | 该不该走           | 有几种子走起来了                       | 点火拍数 / 总拍
------------------------------------------------------------------------------------------------
① 红，前额叶好               | 该走             | 2/2 个种子走起来了（期望 2）              | 199/200、199/200
② 红，前额叶按灭              | 不该走            | 0/2 个种子走起来了（期望 0）              | 0/200、0/200
③ 黑屏，前额叶好              | 不该走            | 0/2 个种子走起来了（期望 0）              | 0/200、0/200
④ 蓝屏，前额叶好              | 不该走            | 2/2 个种子走起来了（期望 0）              | 194/200、183/200
⑤ 蓝屏，前额叶每拍重算           | 不该走            | 0/2 个种子走起来了（期望 0）              | 0/200、0/200

【前额叶平均亮多少个细胞】
  ① 红，前额叶好               2782、2779
  ② 红，前额叶按灭              0、0
  ③ 黑屏，前额叶好              368、368
  ④ 蓝屏，前额叶好              2878、2877
  ⑤ 蓝屏，前额叶每拍重算           1445、1444
