========================================================================================================
「看到红→往前走」两半拆开：每一拍量两块名字亮了多少、那个头细胞收到多少电流
========================================================================================================
建皮层连接网：视觉23040、视觉细节23040、听觉30000、前额叶57436、运动160、运动记忆3576、本体感觉480、平衡感觉120、机身状态60、视觉运动1920、多巴胺200、抑制8000 共 148,032 个皮层神经元 ...
种子 20260914  红：视觉:中有红 亮 1.00（块 1346 个）| 前额叶:看着红 亮 1.00（块 1440 个）| 给这半 视 0.80 + 前 0.85 − 抑 2.79 = 净 -1.01 | 走路 199/200
种子 20260914  黑：视觉:中有红 亮 0.00（块 1346 个）| 前额叶:看着红 亮 0.00（块 1440 个）| 给这半 视 0.00 + 前 0.00 − 抑 0.00 = 净 0.00 | 走路 0/200
种子 20260914  蓝：视觉:中有红 亮 0.29（块 1346 个）| 前额叶:看着红 亮 0.57（块 1440 个）| 给这半 视 0.24 + 前 0.48 − 抑 0.26 = 净 0.46 | 走路 0/200
种子 20260914  绿：视觉:中有红 亮 0.32（块 1346 个）| 前额叶:看着红 亮 0.60（块 1440 个）| 给这半 视 0.26 + 前 0.51 − 抑 0.01 = 净 0.76 | 走路 0/200
建皮层连接网：视觉23040、视觉细节23040、听觉30000、前额叶57436、运动160、运动记忆3576、本体感觉480、平衡感觉120、机身状态60、视觉运动1920、多巴胺200、抑制8000 共 148,032 个皮层神经元 ...
种子 20260915  红：视觉:中有红 亮 1.00（块 1346 个）| 前额叶:看着红 亮 1.00（块 1440 个）| 给这半 视 0.80 + 前 0.85 − 抑 3.08 = 净 -1.30 | 走路 199/200
种子 20260915  黑：视觉:中有红 亮 0.00（块 1346 个）| 前额叶:看着红 亮 0.00（块 1440 个）| 给这半 视 0.00 + 前 0.00 − 抑 0.00 = 净 0.00 | 走路 0/200
种子 20260915  蓝：视觉:中有红 亮 0.29（块 1346 个）| 前额叶:看着红 亮 0.57（块 1440 个）| 给这半 视 0.24 + 前 0.48 − 抑 0.29 = 净 0.43 | 走路 0/200
种子 20260915  绿：视觉:中有红 亮 0.32（块 1346 个）| 前额叶:看着红 亮 0.60（块 1440 个）| 给这半 视 0.26 + 前 0.51 − 抑 0.45 = 净 0.32 | 走路 0/200
建皮层连接网：视觉23040、视觉细节23040、听觉30000、前额叶57436、运动160、运动记忆3576、本体感觉480、平衡感觉120、机身状态60、视觉运动1920、多巴胺200、抑制8000 共 148,032 个皮层神经元 ...
种子 20260916  红：视觉:中有红 亮 1.00（块 1346 个）| 前额叶:看着红 亮 1.00（块 1440 个）| 给这半 视 0.80 + 前 0.85 − 抑 2.94 = 净 -1.17 | 走路 199/200
种子 20260916  黑：视觉:中有红 亮 0.00（块 1346 个）| 前额叶:看着红 亮 0.00（块 1440 个）| 给这半 视 0.00 + 前 0.00 − 抑 0.00 = 净 0.00 | 走路 0/200
种子 20260916  蓝：视觉:中有红 亮 0.29（块 1346 个）| 前额叶:看着红 亮 0.57（块 1440 个）| 给这半 视 0.24 + 前 0.48 − 抑 0.37 = 净 0.35 | 走路 0/200
种子 20260916  绿：视觉:中有红 亮 0.32（块 1346 个）| 前额叶:看着红 亮 0.60（块 1440 个）| 给这半 视 0.26 + 前 0.51 − 抑 0.21 = 净 0.56 | 走路 0/200
建皮层连接网：视觉23040、视觉细节23040、听觉30000、前额叶57436、运动160、运动记忆3576、本体感觉480、平衡感觉120、机身状态60、视觉运动1920、多巴胺200、抑制8000 共 148,032 个皮层神经元 ...
种子 20260917  红：视觉:中有红 亮 1.00（块 1346 个）| 前额叶:看着红 亮 1.00（块 1440 个）| 给这半 视 0.80 + 前 0.85 − 抑 2.90 = 净 -1.12 | 走路 199/200
种子 20260917  黑：视觉:中有红 亮 0.00（块 1346 个）| 前额叶:看着红 亮 0.00（块 1440 个）| 给这半 视 0.00 + 前 0.00 − 抑 0.00 = 净 0.00 | 走路 0/200
种子 20260917  蓝：视觉:中有红 亮 0.29（块 1346 个）| 前额叶:看着红 亮 0.57（块 1440 个）| 给这半 视 0.24 + 前 0.48 − 抑 0.29 = 净 0.43 | 走路 0/200
种子 20260917  绿：视觉:中有红 亮 0.32（块 1346 个）| 前额叶:看着红 亮 0.60（块 1440 个）| 给这半 视 0.26 + 前 0.51 − 抑 0.00 = 净 0.77 | 走路 0/200
建皮层连接网：视觉23040、视觉细节23040、听觉30000、前额叶57436、运动160、运动记忆3576、本体感觉480、平衡感觉120、机身状态60、视觉运动1920、多巴胺200、抑制8000 共 148,032 个皮层神经元 ...
种子 20260918  红：视觉:中有红 亮 1.00（块 1346 个）| 前额叶:看着红 亮 1.00（块 1440 个）| 给这半 视 0.80 + 前 0.85 − 抑 2.87 = 净 -1.09 | 走路 199/200
种子 20260918  黑：视觉:中有红 亮 0.00（块 1346 个）| 前额叶:看着红 亮 0.00（块 1440 个）| 给这半 视 0.00 + 前 0.00 − 抑 0.00 = 净 0.00 | 走路 0/200
种子 20260918  蓝：视觉:中有红 亮 0.29（块 1346 个）| 前额叶:看着红 亮 0.57（块 1440 个）| 给这半 视 0.24 + 前 0.48 − 抑 0.08 = 净 0.64 | 走路 0/200
种子 20260918  绿：视觉:中有红 亮 0.32（块 1346 个）| 前额叶:看着红 亮 0.60（块 1440 个）| 给这半 视 0.26 + 前 0.51 − 抑 0.11 = 净 0.66 | 走路 0/200

========================================================================================================
【汇总：每个幕取中位数】
幕      | 视觉:中有红 亮         | 前额叶:看着红 亮        | 视觉给的       | 前额叶给的      | 抑制扣的       | 净电流        | 走路点燃      
--------------------------------------------------------------------------------------------------------
红      | 1.00（1346 个）     | 1.00（1440 个）     | 0.80       | 0.85       | 2.90       | -1.12      | 199/200   
黑      | 0.00（1346 个）     | 0.00（1440 个）     | 0.00       | 0.00       | 0.00       | 0.00       | 0/200     
蓝      | 0.29（1346 个）     | 0.57（1440 个）     | 0.24       | 0.48       | 0.29       | 0.43       | 0/200     
绿      | 0.32（1346 个）     | 0.60（1440 个）     | 0.26       | 0.51       | 0.11       | 0.66       | 0/200     
