====================================================================================================
哪些色相能点着走路（不漂移）：5 个种子；前额叶 每拍重算（不保留）；学=关
====================================================================================================
建皮层连接网：视觉23040、视觉细节23040、听觉30000、前额叶53200、运动160、运动记忆3576、本体感觉480、平衡感觉120、机身状态60、视觉运动1920、多巴胺200、抑制8000 共 143,796 个皮层神经元 ...
种子 20260914：0° 7/8  24° 7/8  48° 7/8  72° 7/8  96° 7/8  120° 0/8  144° 0/8  168° 7/8  180° 7/8  204° 0/8  240° 0/8  黑 0/8
建皮层连接网：视觉23040、视觉细节23040、听觉30000、前额叶53200、运动160、运动记忆3576、本体感觉480、平衡感觉120、机身状态60、视觉运动1920、多巴胺200、抑制8000 共 143,796 个皮层神经元 ...
种子 20260915：0° 7/8  24° 7/8  48° 7/8  72° 7/8  96° 7/8  120° 0/8  144° 0/8  168° 7/8  180° 7/8  204° 0/8  240° 0/8  黑 0/8
建皮层连接网：视觉23040、视觉细节23040、听觉30000、前额叶53200、运动160、运动记忆3576、本体感觉480、平衡感觉120、机身状态60、视觉运动1920、多巴胺200、抑制8000 共 143,796 个皮层神经元 ...
种子 20260916：0° 7/8  24° 7/8  48° 7/8  72° 7/8  96° 7/8  120° 0/8  144° 0/8  168° 7/8  180° 7/8  204° 0/8  240° 0/8  黑 0/8
建皮层连接网：视觉23040、视觉细节23040、听觉30000、前额叶53200、运动160、运动记忆3576、本体感觉480、平衡感觉120、机身状态60、视觉运动1920、多巴胺200、抑制8000 共 143,796 个皮层神经元 ...
种子 20260917：0° 7/8  24° 7/8  48° 7/8  72° 7/8  96° 7/8  120° 0/8  144° 0/8  168° 7/8  180° 7/8  204° 0/8  240° 0/8  黑 0/8
建皮层连接网：视觉23040、视觉细节23040、听觉30000、前额叶53200、运动160、运动记忆3576、本体感觉480、平衡感觉120、机身状态60、视觉运动1920、多巴胺200、抑制8000 共 143,796 个皮层神经元 ...
种子 20260918：0° 7/8  24° 7/8  48° 7/8  72° 7/8  96° 0/8  120° 0/8  144° 0/8  168° 0/8  180° 0/8  204° 0/8  240° 0/8  黑 0/8

【汇总：有几个种子点着（>= 8 拍算点着）】
      0° : 5/5 个种子   7、7、7、7、7
     24° : 5/5 个种子   7、7、7、7、7
     48° : 5/5 个种子   7、7、7、7、7
     72° : 5/5 个种子   7、7、7、7、7
     96° : 4/5 个种子   7、7、7、7、0
    120° : 0/5 个种子   0、0、0、0、0
    144° : 0/5 个种子   0、0、0、0、0
    168° : 4/5 个种子   7、7、7、7、0
    180° : 4/5 个种子   7、7、7、7、0
    204° : 0/5 个种子   0、0、0、0、0
    240° : 0/5 个种子   0、0、0、0、0
      黑屏 : 0/5 个种子   0、0、0、0、0
