建皮层连接网：视觉23040、视觉细节23040、听觉30000、前额叶53200、运动160、运动记忆3576、本体感觉480、平衡感觉120、机身状态60、视觉运动1920、多巴胺200、抑制8000 共 143,796 个皮层神经元 ...
### 种子 20260914
  出生：只放声音     挪 0.046 米  最高 0.108 米  走路拍了 0/30
  天生：看红         挪 0.172 米  走路拍了 30/30
  教学：红+声音+多巴胺  挪 0.873 米  长出 2464519 根新连接
       新连接落在：前额叶 773604、抑制 464708、听觉 363940、视觉 275647、运动 260572、视觉细节 258596、本体感觉 39040、视觉运动 14004
  考试：只放声音     挪 1.711 米  最高站到 0.387 米  走路拍了 150/150  机身歪 2 度

建皮层连接网：视觉23040、视觉细节23040、听觉30000、前额叶53200、运动160、运动记忆3576、本体感觉480、平衡感觉120、机身状态60、视觉运动1920、多巴胺200、抑制8000 共 143,796 个皮层神经元 ...
### 种子 20260915
  出生：只放声音     挪 0.035 米  最高 0.155 米  走路拍了 0/30
  天生：看红         挪 0.164 米  走路拍了 30/30
  教学：红+声音+多巴胺  挪 0.830 米  长出 2468342 根新连接
       新连接落在：前额叶 775232、抑制 465089、听觉 368801、视觉 273246、运动 260579、视觉细节 258251、本体感觉 39232、视觉运动 14014
  考试：只放声音     挪 0.942 米  最高站到 0.387 米  走路拍了 140/150  机身歪 178 度

建皮层连接网：视觉23040、视觉细节23040、听觉30000、前额叶53200、运动160、运动记忆3576、本体感觉480、平衡感觉120、机身状态60、视觉运动1920、多巴胺200、抑制8000 共 143,796 个皮层神经元 ...
### 种子 20260916
  出生：只放声音     挪 0.035 米  最高 0.155 米  走路拍了 0/30
  天生：看红         挪 0.164 米  走路拍了 30/30
  教学：红+声音+多巴胺  挪 1.236 米  长出 2444418 根新连接
       新连接落在：前额叶 763069、抑制 464257、听觉 361001、视觉 273380、运动 260605、视觉细节 255247、本体感觉 39176、视觉运动 14018
  考试：只放声音     挪 1.534 米  最高站到 0.382 米  走路拍了 150/150  机身歪 1 度

