==============================================================================
验证：看到红 → 往前走，这条路有没有经过前额叶
==============================================================================

① 建模型（本能表 + 皮层连接网，这一步十几秒）...
建皮层连接网：视觉23040、视觉细节23040、听觉30000、前额叶53200、运动160、运动记忆3576、本体感觉480、平衡感觉120、机身状态60、视觉运动1920、抑制8000 共 143,596 个皮层神经元 ...
   本能 304,622 根，皮层 143,596 个神经元

① 站着看红，前额叶好 —— 面前这张图固定不变，走 4 秒
      0.00 秒  前额叶亮 1357  运动记忆点火：（没有动作在走）
      1.00 秒  前额叶亮 1364  运动记忆点火：前进1.2
      2.00 秒  前额叶亮 1368  运动记忆点火：前进1.2
      3.00 秒  前额叶亮 1366  运动记忆点火：前进1.2
   运动记忆里在走的动作（几拍 / 共 200 拍）：前进1.2×199
   结果：走路的动作点了 199/200 拍；身子挪了 2.46 米（直线 2.31 米）；前额叶平均亮 1366 个细胞
         期望【走了】 实际【走了】 ✓   （用了 22 秒）

② 站着看红，前额叶按灭 —— 面前这张图固定不变，走 4 秒
      0.00 秒  前额叶亮    0  运动记忆点火：（没有动作在走）
      1.00 秒  前额叶亮    0  运动记忆点火：（没有动作在走）
      2.00 秒  前额叶亮    0  运动记忆点火：（没有动作在走）
      3.00 秒  前额叶亮    0  运动记忆点火：（没有动作在走）
   运动记忆里在走的动作（几拍 / 共 200 拍）：（一个都没有）
   结果：走路的动作点了 0/200 拍；身子挪了 1.49 米（直线 0.88 米）；前额叶平均亮 0 个细胞
         期望【没走起来】 实际【没走起来】 ✓   （用了 18 秒）

③ 站着看黑屏，前额叶好 —— 面前这张图固定不变，走 4 秒
      0.00 秒  前额叶亮    0  运动记忆点火：（没有动作在走）
      1.00 秒  前额叶亮    4  运动记忆点火：站起来
      2.00 秒  前额叶亮    5  运动记忆点火：站起来、站姿
      3.00 秒  前额叶亮    3  运动记忆点火：站起来、站姿
   运动记忆里在走的动作（几拍 / 共 200 拍）：站起来×168、站姿×110
   结果：走路的动作点了 0/200 拍；身子挪了 0.55 米（直线 0.46 米）；前额叶平均亮 3 个细胞
         期望【没走起来】 实际【没走起来】 ✓   （用了 16 秒）

④ 站着看蓝屏，前额叶好 —— 面前这张图固定不变，走 4 秒
      0.00 秒  前额叶亮 1444  运动记忆点火：（没有动作在走）
      1.00 秒  前额叶亮 1444  运动记忆点火：（没有动作在走）
      2.00 秒  前额叶亮 1444  运动记忆点火：（没有动作在走）
      3.00 秒  前额叶亮 1444  运动记忆点火：（没有动作在走）
   运动记忆里在走的动作（几拍 / 共 200 拍）：（一个都没有）
   结果：走路的动作点了 0/200 拍；身子挪了 0.17 米（直线 0.14 米）；前额叶平均亮 1444 个细胞
         期望【没走起来】 实际【没走起来】 ✓   （用了 20 秒）

==============================================================================
   ① 站着看红，前额叶好            期望 走了       实际 走了         路程 2.46 米，前进1.2 走了 199/200 拍，前额叶平均亮 1366
   ② 站着看红，前额叶按灭           期望 没走起来     实际 没走起来       路程 1.49 米，前进1.2 走了   0/200 拍，前额叶平均亮 0
   ③ 站着看黑屏，前额叶好           期望 没走起来     实际 没走起来       路程 0.55 米，前进1.2 走了   0/200 拍，前额叶平均亮 3
   ④ 站着看蓝屏，前额叶好           期望 没走起来     实际 没走起来       路程 0.17 米，前进1.2 走了   0/200 拍，前额叶平均亮 1444
==============================================================================
★ ① 和 ② 唯一的差别就是前额叶亮不亮：
  · ① 前额叶在算 → 视觉 0.95 + 前额叶 0.80 → 前进1.2 点着 → 一直往前走
  · ② 前额叶灭了 → 只剩视觉那 0.95（还要扣掉抑制），过不了阈值 1.0 → 点不着
  所以「看到红 → 往前走」这条路是真的经过前额叶的。
