建皮层连接网：视觉23040、视觉细节23040、听觉30000、前额叶53200、运动160、运动记忆3576、本体感觉480、平衡感觉120、机身状态60、视觉运动1920、多巴胺200、抑制8000 共 143,796 个皮层神经元 ...
出生：非固化兴奋连接 8129606 条（总共 11925521 条）
=== 出生 ===
  出生 拍 20 末高0.114 歪  1 | 走链0 前额 1123 | 可塑8129606条 总重607477.8 最大0.156 >0.02:7042778 >0.1:2687494
       最重：听觉 → 听觉  0.156
       最重：听觉 → 听觉  0.153
       最重：听觉 → 听觉  0.152
=== 天生 ===
  天生 拍 20 末高0.412 歪 18 | 走链1 前额 2727 | 可塑8129606条 总重604263.4 最大0.156 >0.02:7036194 >0.1:2654200
       最重：听觉 → 听觉  0.156
       最重：听觉 → 听觉  0.154
       最重：听觉 → 听觉  0.154
=== 教学 ===
  教学 拍 20 末高0.402 歪 22 | 走链1 前额 3808 | 可塑8129606条 总重599668.5 最大0.203 >0.02:7024468 >0.1:2596102
       最重：视觉 → 前额叶  0.203
       最重：视觉 → 视觉  0.201
       最重：听觉 → 听觉  0.195
  教学 拍 40 末高0.377 歪 20 | 走链1 前额 3817 | 可塑8129606条 总重596359.8 最大0.226 >0.02:7013729 >0.1:2543648
       最重：听觉 → 听觉  0.226
       最重：视觉 → 视觉  0.204
       最重：视觉 → 前额叶  0.203
  教学 拍 60 末高0.341 歪 28 | 走链0 前额 3817 | 可塑8129606条 总重593363.9 最大0.226 >0.02:7001961 >0.1:2510039
       最重：听觉 → 听觉  0.226
       最重：视觉 → 视觉  0.204
       最重：视觉 → 前额叶  0.203
  教学 拍 80 末高0.247 歪 78 | 走链1 前额 3817 | 可塑8129606条 总重590652.1 最大0.248 >0.02:6988963 >0.1:2508074
       最重：前额叶 → 听觉  0.248
       最重：前额叶 → 听觉  0.245
       最重：听觉 → 听觉  0.226
  教学 拍100 末高0.139 歪136 | 走链2 前额 3817 | 可塑8129606条 总重588197.4 最大0.248 >0.02:6974593 >0.1:2507731
       最重：前额叶 → 听觉  0.248
       最重：前额叶 → 听觉  0.245
       最重：视觉 → 听觉  0.242
  教学 拍120 末高0.066 歪167 | 走链1 前额 3817 | 可塑8431368条 总重605392.9 最大0.250 >0.02:7256603 >0.1:2519879
       最重：听觉 → 听觉  0.250
       最重：视觉 → 听觉  0.250
       最重：前额叶 → 听觉  0.250
  教学 拍140 末高0.060 歪178 | 走链2 前额 3817 | 可塑8431368条 总重603660.0 最大0.279 >0.02:7239048 >0.1:2523586
       最重：视觉 → 视觉  0.279
       最重：视觉 → 视觉  0.264
       最重：听觉 → 本体感觉  0.250
  教学 拍160 末高0.060 歪178 | 走链3 前额 3817 | 可塑8431368条 总重602113.8 最大0.279 >0.02:7219836 >0.1:2527184
       最重：视觉 → 视觉  0.279
       最重：视觉 → 视觉  0.264
       最重：听觉 → 听觉  0.260
  教学 拍180 末高0.060 歪178 | 走链2 前额 3817 | 可塑8431368条 总重600741.8 最大0.312 >0.02:7198572 >0.1:2530841
       最重：视觉 → 视觉  0.312
       最重：视觉 → 视觉  0.279
       最重：视觉 → 视觉  0.270
  教学 拍200 末高0.060 歪178 | 走链3 前额 3817 | 可塑8431368条 总重599528.4 最大0.312 >0.02:7175177 >0.1:2534499
       最重：听觉 → 听觉  0.312
       最重：视觉 → 视觉  0.312
       最重：视觉 → 视觉  0.279
=== 考试 ===
  考试 拍 20 末高0.381 歪  6 | 走链2 前额 1191 | 可塑8431368条 总重598645.1 最大0.312 >0.02:7161951 >0.1:2531469
       最重：视觉 → 视觉  0.312
       最重：听觉 → 听觉  0.312
       最重：视觉 → 视觉  0.279
  考试 拍 40 末高0.310 歪 20 | 走链2 前额 1305 | 可塑8431368条 总重597832.8 最大0.312 >0.02:7147000 >0.1:2528065
       最重：听觉 → 听觉  0.312
       最重：视觉 → 视觉  0.312
       最重：视觉 → 视觉  0.279
  考试 拍 60 末高0.215 歪 69 | 走链1 前额 1469 | 可塑8431368条 总重597077.1 最大0.312 >0.02:7130196 >0.1:2525981
       最重：视觉 → 视觉  0.312
       最重：听觉 → 听觉  0.312
       最重：视觉 → 视觉  0.279
  考试 拍 80 末高0.155 歪 78 | 走链2 前额 1648 | 可塑8431368条 总重596366.8 最大0.312 >0.02:7110960 >0.1:2525745
       最重：视觉 → 视觉  0.312
       最重：听觉 → 听觉  0.312
       最重：视觉 → 视觉  0.279
  考试 拍100 末高0.155 歪 78 | 走链2 前额 1797 | 可塑8431368条 总重595699.4 最大0.312 >0.02:7089234 >0.1:2525514
       最重：听觉 → 听觉  0.312
       最重：视觉 → 视觉  0.312
       最重：视觉 → 视觉  0.279
  考试 拍120 末高0.155 歪 79 | 走链1 前额 1964 | 可塑8431368条 总重595071.6 最大0.312 >0.02:7064910 >0.1:2525248
       最重：视觉 → 视觉  0.312
       最重：听觉 → 听觉  0.312
       最重：视觉 → 视觉  0.279
  考试 拍140 末高0.155 歪 79 | 走链2 前额 2146 | 可塑8431368条 总重594480.9 最大0.312 >0.02:7037770 >0.1:2524999
       最重：视觉 → 视觉  0.312
       最重：听觉 → 听觉  0.312
       最重：视觉 → 视觉  0.279
  考试 拍160 末高0.155 歪 78 | 走链2 前额 2297 | 可塑8431368条 总重593921.9 最大0.312 >0.02:7007267 >0.1:2524781
       最重：听觉 → 听觉  0.312
       最重：视觉 → 视觉  0.312
       最重：视觉 → 视觉  0.279
  考试 拍180 末高0.155 歪 80 | 走链1 前额 2424 | 可塑8431368条 总重593397.4 最大0.312 >0.02:6985291 >0.1:2524568
       最重：听觉 → 听觉  0.312
       最重：视觉 → 视觉  0.312
       最重：视觉 → 视觉  0.279
  考试 拍200 末高0.155 歪 80 | 走链2 前额 2492 | 可塑8431368条 总重592910.2 最大0.312 >0.02:6978227 >0.1:2524374
       最重：听觉 → 听觉  0.312
       最重：视觉 → 视觉  0.312
       最重：视觉 → 视觉  0.279
