建皮层连接网：视觉23040、视觉细节23040、听觉30000、前额叶57436、运动160、运动记忆3576、本体感觉480、平衡感觉120、机身状态60、视觉运动1920、多巴胺200、抑制8000 共 148,032 个皮层神经元 ...

========================================================================================================
【修前：只有下标前半段的细胞发抑制，且全是撒全脑的】真模型 148,032 个细胞、本能 309148 条；外界无关信号 = 视觉前 2000 个细胞
========================================================================================================
        在想的事(前额叶亮) |        只想时视觉区亮 |       加信号后 |       信号额外带亮 |        全脑总激活
--------------------------------------------------------------------------------------------------------
                 0 |              0 |      2,010 |        2,010 |        2,016
               500 |              0 |      2,015 |        2,015 |        2,574
             2,000 |              0 |      2,078 |        2,078 |        4,084
             8,000 |             28 |     21,633 |       21,605 |       29,753
            20,000 |         22,419 |     22,565 |          146 |       57,566
建皮层连接网：视觉23040、视觉细节23040、听觉30000、前额叶57436、运动160、运动记忆3576、本体感觉480、平衡感觉120、机身状态60、视觉运动1920、多巴胺200、抑制8000 共 148,032 个皮层神经元 ...

========================================================================================================
【修后（仓库）：每个细胞 50 就近 + 50 撒全脑】真模型 148,032 个细胞、本能 309148 条；外界无关信号 = 视觉前 2000 个细胞
========================================================================================================
        在想的事(前额叶亮) |        只想时视觉区亮 |       加信号后 |       信号额外带亮 |        全脑总激活
--------------------------------------------------------------------------------------------------------
                 0 |              0 |      2,010 |        2,010 |        2,016
               500 |              0 |      2,015 |        2,015 |        2,574
             2,000 |              0 |      2,078 |        2,078 |        4,084
             8,000 |             28 |     21,633 |       21,605 |       29,753
            20,000 |         22,419 |     22,565 |          146 |       57,566

看最后一列『信号额外带亮』：前额叶亮得越多，这个数应该越小（无关信号扩不出去），
但前两列说明那 2000 个信号细胞自己照样亮着 —— 不是被完全压住。
