==============================================================================================================
★ 本进程临时放宽限流：一次最多配对=40000，需要共激活次数=1，每步最多新建=500，候选上限=2000000
  种子 20260914，生活 30 秒（1500 拍）
==============================================================================================================
建皮层连接网：视觉23040、视觉细节23040、听觉30000、前额叶53200、运动160、运动记忆3576、本体感觉480、平衡感觉120、机身状态60、视觉运动1920、抑制8000 共 143,596 个皮层神经元 ...
  拍   听->运边  听->运权和  听->走路时刻边  权和   走路15个时刻收到的电流(最大/第1个)
--------------------------------------------------------------------------------------------------------------
      0         0       0.000             0    0.000          0.000 / -0.154
    150        54       0.054            50    0.050          0.009 / -0.035
    300       147       0.152           105    0.105          0.014 / 0.012
    450       242       0.247           150    0.150          0.018 / 0.014
    600       321       0.331           204    0.204          0.022 / 0.017
    750        80       0.080            46    0.046          0.035 / 0.016
    900       182       0.182           101    0.101          0.042 / 0.035
   1050       272       0.272           142    0.142          0.042 / 0.036
   1200       373       0.383           196    0.196          0.053 / 0.027
   1350        81       0.081            43    0.043          0.078 / 0.031
   1500       146       0.151           100    0.105          0.100 / 0.033

【怎么读】走路那 15 个时刻收到的电流过 1.0，这个声音就能自己把走路点起来。
          本能给的是 0.80（视觉:中有红那一半）。
