建皮层连接网：视觉23040、视觉细节23040、听觉30000、前额叶53200、运动160、运动记忆3576、本体感觉480、平衡感觉120、机身状态60、视觉运动1920、多巴胺200、抑制8000、触觉210 共 144,006 个皮层神经元 ...
### 种子 20260914 ［一直摸］
  出生：只放声音   挪 0.042 米  走路 0/30
  天生：看红       挪 0.172 米  走路 30/30
  教学：红+声音    挪 0.174 米  走路 0/200  摸了 200 拍  多巴胺亮过 200 拍  长出 480928 根
  考试：只放声音   挪 0.217 米  最高站到 0.115 米  走路 0/200  没翻

建皮层连接网：视觉23040、视觉细节23040、听觉30000、前额叶53200、运动160、运动记忆3576、本体感觉480、平衡感觉120、机身状态60、视觉运动1920、多巴胺200、抑制8000、触觉210 共 144,006 个皮层神经元 ...
### 种子 20260915 ［一直摸］
  出生：只放声音   挪 0.040 米  走路 0/30
  天生：看红       挪 0.200 米  走路 30/30
  教学：红+声音    挪 2.074 米  走路 200/200  摸了 200 拍  多巴胺亮过 200 拍  长出 524379 根
  考试：只放声音   挪 1.104 米  最高站到 0.155 米  走路 200/200  第 95 拍翻倒

建皮层连接网：视觉23040、视觉细节23040、听觉30000、前额叶53200、运动160、运动记忆3576、本体感觉480、平衡感觉120、机身状态60、视觉运动1920、多巴胺200、抑制8000、触觉210 共 144,006 个皮层神经元 ...
### 种子 20260916 ［一直摸］
  出生：只放声音   挪 0.035 米  走路 0/30
  天生：看红       挪 0.170 米  走路 30/30
  教学：红+声音    挪 2.227 米  走路 199/200  摸了 200 拍  多巴胺亮过 200 拍  长出 514138 根
  考试：只放声音   挪 1.356 米  最高站到 0.058 米  走路 200/200  第 41 拍翻倒

========================================================================================================
【总表】考试段：清空皮层 + 再摆成趴姿 + 黑屏 + 只放声音，它会不会自己站起来往前走
  臂        出生时（不该走）               考试时（学会了没有）               教学段：摸了 / 多巴胺亮 / 长出
--------------------------------------------------------------------------------------------------------
  一直摸      0/90 拍（3 个脑子）          400/600 拍（3 个脑子）         摸 600 拍 / 多巴胺 600 拍 / 长 [480928, 524379, 514138] 根

  每个脑子的考试细节：
    一直摸      种子 20260914：走路 0/200  挪 0.22 米  最高 0.115 米
    一直摸      种子 20260915：走路 200/200  挪 1.10 米  最高 0.155 米
    一直摸      种子 20260916：走路 200/200  挪 1.36 米  最高 0.058 米
