建皮层连接网：视觉23040、视觉细节23040、听觉30000、前额叶53200、运动160、运动记忆3576、本体感觉480、平衡感觉120、机身状态60、视觉运动1920、多巴胺200、抑制8000 共 143,796 个皮层神经元 ...
========================================================================================================
走路「前进1.2」= 运动记忆区 15 个时刻神经元，入口 = 第 132648 号（点亮入口，整串自己走）
声音「低频响」= 听觉区 2749 个细胞；前额叶「听到低频响」那一段 1097 个
多巴胺：一次「奖励」给一个目标细胞一共 2.00 的电流（摊平到每一根连接上）
========================================================================================================

[1] 出生：趴在地上，只放声音、黑屏，走 50 拍（预期：一动不动）
      拍   整片亮  走路链  听觉亮   前额叶亮     机身高      路程       走路链在跑吗
      15     1395       0       17       1114    0.104 米     0.028 米   没动
      30     1396       0       18       1114    0.095 米     0.046 米   没动
      45     1399       0       19       1114    0.095 米     0.069 米   没动
    → 挪了 0.081 米，最高只有 0.108 米（趴着的高度）：听声音它不会走

[2] 天生就会的：站着，眼前有一块红、不放声音，走 50 拍（预期：自己往前走）
      拍   整片亮  走路链  听觉亮   前额叶亮     机身高      路程       走路链在跑吗
      15     2981       1        0       2700    0.389 米     0.039 米   时刻 14
      30     3016       1        0       2740    0.348 米     0.172 米   时刻 14
      45     3029       1        0       2755    0.373 米     0.390 米   时刻 14
    → 挪了 0.446 米：这是出生就写好的本能（看红 → 走），还没学过声音

[3] 教学：站着，眼前有一块红 + 同时响声音 + 点亮多巴胺，走 80 拍
      拍   整片亮  走路链  听觉亮   前额叶亮     机身高      路程       走路链在跑吗
      15     4176       1       31       3751    0.448 米     0.063 米   时刻 14
      30     4225       1       37       3780    0.311 米     0.257 米   时刻 14
      45     4240       2       39       3781    0.189 米     0.398 米   时刻 11
      60     4261       4       46       3783    0.188 米     0.400 米   时刻 5
      75     4272       6       51       3783    0.188 米     0.400 米   时刻 1
    → 「走路入口刚亮」的瞬间 14 次；一共学出 1253023 根新连接
    → 教学最后那一拍：走路入口收到的电流 -14.031（门槛 1.0）

[4] 考试：把皮层全清空、重新趴下，黑屏、只放声音，走 150 拍
      拍   整片亮  走路链  听觉亮   前额叶亮     机身高      路程       走路链在跑吗
      15     4067       5       88       3564    0.375 米     0.156 米   时刻 5
      30     4283       5       98       3764    0.212 米     0.414 米   时刻 5
      45     4320       5      111       3783    0.188 米     0.580 米   时刻 5
      60     4327       5      119       3783    0.154 米     0.740 米   时刻 5
      75     4341       5      129       3783    0.057 米     0.880 米   时刻 5
      90     4349       5      136       3783    0.059 米     0.904 米   时刻 5
     105     4366       5      153       3783    0.057 米     0.916 米   时刻 5
     120     4373       5      157       3783    0.057 米     0.923 米   时刻 5
     135     4377       5      160       3783    0.057 米     0.931 米   时刻 5
     150     4385       5      166       3783    0.057 米     0.938 米   时刻 5
    → 考试结果：挪了 0.938 米；最高站到 0.376 米；机身歪 180 度
