================================================================================================
自压窗口：3 个种子 × 3 档
================================================================================================
建皮层连接网：视觉23040、视觉细节23040、听觉30000、前额叶53200、运动160、运动记忆3576、本体感觉480、平衡感觉120、机身状态60、视觉运动1920、多巴胺200、抑制8000 共 143,796 个皮层神经元 ...

【自压 0.0005 ｜ 种子 20260914】
   红：前额叶 544 → 543 → 541 → 547 → 543 → 546（末了 546）｜走路点火 119/120
   蓝：前额叶 561 → 563 → 566 → 566 → 561 → 566（末了 566）｜走路点火 119/120
   绿：前额叶 561 → 557 → 561 → 558 → 555 → 561（末了 561）｜走路点火 0/120
   黑：前额叶 47 → 94 → 158 → 233 → 339 → 441（末了 441）｜走路点火 0/120
建皮层连接网：视觉23040、视觉细节23040、听觉30000、前额叶53200、运动160、运动记忆3576、本体感觉480、平衡感觉120、机身状态60、视觉运动1920、多巴胺200、抑制8000 共 143,796 个皮层神经元 ...

【自压 0.0005 ｜ 种子 20260915】
   红：前额叶 539 → 537 → 537 → 536 → 536 → 540（末了 540）｜走路点火 119/120
   蓝：前额叶 510 → 508 → 505 → 509 → 510 → 509（末了 509）｜走路点火 0/120
   绿：前额叶 567 → 567 → 567 → 564 → 567 → 567（末了 567）｜走路点火 0/120
   黑：前额叶 47 → 94 → 158 → 233 → 339 → 441（末了 441）｜走路点火 0/120
建皮层连接网：视觉23040、视觉细节23040、听觉30000、前额叶53200、运动160、运动记忆3576、本体感觉480、平衡感觉120、机身状态60、视觉运动1920、多巴胺200、抑制8000 共 143,796 个皮层神经元 ...

【自压 0.0005 ｜ 种子 20260916】
   红：前额叶 545 → 543 → 544 → 545 → 545 → 548（末了 548）｜走路点火 119/120
   蓝：前额叶 553 → 553 → 553 → 554 → 554 → 554（末了 554）｜走路点火 0/120
   绿：前额叶 533 → 534 → 534 → 533 → 534 → 535（末了 535）｜走路点火 0/120
   黑：前额叶 47 → 94 → 158 → 233 → 339 → 441（末了 441）｜走路点火 0/120
建皮层连接网：视觉23040、视觉细节23040、听觉30000、前额叶53200、运动160、运动记忆3576、本体感觉480、平衡感觉120、机身状态60、视觉运动1920、多巴胺200、抑制8000 共 143,796 个皮层神经元 ...

【自压 0.001 ｜ 种子 20260914】
   红：前额叶 273 → 274 → 274 → 274 → 274 → 275（末了 275）｜走路点火 119/120
   蓝：前额叶 267 → 267 → 267 → 267 → 267 → 267（末了 267）｜走路点火 119/120
   绿：前额叶 283 → 283 → 283 → 283 → 283 → 283（末了 283）｜走路点火 0/120
   黑：前额叶 47 → 94 → 158 → 233 → 339 → 441（末了 441）｜走路点火 0/120
建皮层连接网：视觉23040、视觉细节23040、听觉30000、前额叶53200、运动160、运动记忆3576、本体感觉480、平衡感觉120、机身状态60、视觉运动1920、多巴胺200、抑制8000 共 143,796 个皮层神经元 ...

【自压 0.001 ｜ 种子 20260915】
   红：前额叶 271 → 271 → 271 → 272 → 271 → 271（末了 271）｜走路点火 119/120
   蓝：前额叶 258 → 258 → 258 → 258 → 258 → 258（末了 258）｜走路点火 0/120
   绿：前额叶 275 → 277 → 275 → 275 → 275 → 275（末了 275）｜走路点火 0/120
   黑：前额叶 47 → 94 → 158 → 233 → 339 → 441（末了 441）｜走路点火 0/120
建皮层连接网：视觉23040、视觉细节23040、听觉30000、前额叶53200、运动160、运动记忆3576、本体感觉480、平衡感觉120、机身状态60、视觉运动1920、多巴胺200、抑制8000 共 143,796 个皮层神经元 ...

【自压 0.001 ｜ 种子 20260916】
   红：前额叶 278 → 278 → 280 → 278 → 279 → 278（末了 278）｜走路点火 119/120
   蓝：前额叶 270 → 270 → 270 → 270 → 270 → 270（末了 270）｜走路点火 0/120
   绿：前额叶 287 → 287 → 287 → 287 → 287 → 287（末了 287）｜走路点火 0/120
   黑：前额叶 47 → 94 → 158 → 233 → 339 → 441（末了 441）｜走路点火 0/120
建皮层连接网：视觉23040、视觉细节23040、听觉30000、前额叶53200、运动160、运动记忆3576、本体感觉480、平衡感觉120、机身状态60、视觉运动1920、多巴胺200、抑制8000 共 143,796 个皮层神经元 ...

【自压 0.0015 ｜ 种子 20260914】
   红：前额叶 30 → 30 → 30 → 30 → 30 → 30（末了 30）｜走路点火 119/120
   蓝：前额叶 24 → 24 → 24 → 24 → 24 → 24（末了 24）｜走路点火 119/120
   绿：前额叶 24 → 24 → 24 → 24 → 24 → 24（末了 24）｜走路点火 0/120
   黑：前额叶 47 → 94 → 158 → 233 → 339 → 441（末了 441）｜走路点火 0/120
建皮层连接网：视觉23040、视觉细节23040、听觉30000、前额叶53200、运动160、运动记忆3576、本体感觉480、平衡感觉120、机身状态60、视觉运动1920、多巴胺200、抑制8000 共 143,796 个皮层神经元 ...

【自压 0.0015 ｜ 种子 20260915】
   红：前额叶 29 → 29 → 29 → 29 → 29 → 29（末了 29）｜走路点火 119/120
   蓝：前额叶 25 → 25 → 25 → 25 → 25 → 25（末了 25）｜走路点火 0/120
   绿：前额叶 24 → 24 → 24 → 24 → 24 → 24（末了 24）｜走路点火 0/120
   黑：前额叶 47 → 94 → 158 → 233 → 339 → 441（末了 441）｜走路点火 0/120
建皮层连接网：视觉23040、视觉细节23040、听觉30000、前额叶53200、运动160、运动记忆3576、本体感觉480、平衡感觉120、机身状态60、视觉运动1920、多巴胺200、抑制8000 共 143,796 个皮层神经元 ...

【自压 0.0015 ｜ 种子 20260916】
   红：前额叶 30 → 30 → 30 → 30 → 30 → 30（末了 30）｜走路点火 119/120
   蓝：前额叶 24 → 24 → 24 → 24 → 24 → 24（末了 24）｜走路点火 0/120
   绿：前额叶 24 → 24 → 24 → 24 → 24 → 24（末了 24）｜走路点火 0/120
   黑：前额叶 47 → 94 → 158 → 233 → 339 → 441（末了 441）｜走路点火 0/120
