建皮层连接网：视觉23040、视觉细节23040、听觉30000、前额叶53200、运动160、运动记忆3576、本体感觉480、平衡感觉120、机身状态60、视觉运动1920、多巴胺200、抑制8000 共 143,796 个皮层神经元 ...

[天生：看红] 站着 + 红，走 150 拍
      15 机身高 0.389 米  歪  13.3 度  路程 0.039 米
      30 机身高 0.348 米  歪   2.7 度  路程 0.172 米
      45 机身高 0.373 米  歪   5.3 度  路程 0.390 米
      60 机身高 0.363 米  歪   1.4 度  路程 0.567 米
      75 机身高 0.367 米  歪   2.6 度  路程 0.776 米
      90 机身高 0.366 米  歪   3.6 度  路程 0.974 米
     105 机身高 0.362 米  歪   1.7 度  路程 1.176 米
     120 机身高 0.362 米  歪   1.6 度  路程 1.362 米
     135 机身高 0.362 米  歪   2.3 度  路程 1.544 米
     150 机身高 0.361 米  歪   2.0 度  路程 1.725 米
    → 走完：路程 1.725 米，最后机身高 0.361，歪 2.0 度
建皮层连接网：视觉23040、视觉细节23040、听觉30000、前额叶53200、运动160、运动记忆3576、本体感觉480、平衡感觉120、机身状态60、视觉运动1920、多巴胺200、抑制8000 共 143,796 个皮层神经元 ...

[对照：黑屏] 站着 + 黑屏，走 150 拍
      15 机身高 0.234 米  歪  13.3 度  路程 0.079 米
      30 机身高 0.147 米  歪  25.7 度  路程 0.244 米
      45 机身高 0.154 米  歪 111.7 度  路程 0.370 米
      60 机身高 0.055 米  歪 178.2 度  路程 0.507 米
      75 机身高 0.061 米  歪 176.4 度  路程 0.531 米
      90 机身高 0.058 米  歪 179.8 度  路程 0.543 米
     105 机身高 0.058 米  歪 180.0 度  路程 0.545 米
     120 机身高 0.058 米  歪 180.0 度  路程 0.545 米
     135 机身高 0.058 米  歪 180.0 度  路程 0.545 米
     150 机身高 0.058 米  歪 180.0 度  路程 0.545 米
    → 走完：路程 0.545 米，最后机身高 0.058，歪 180.0 度
