====================================================================================================
红撤掉以后，皮层里那个「想法」还在不在？（每幕 3 秒；1.0 秒那一拍打断运动记忆）
====================================================================================================
建皮层连接网：视觉23040、视觉细节23040、听觉30000、前额叶57436、运动160、运动记忆3576、本体感觉480、平衡感觉120、机身状态60、视觉运动1920、多巴胺200、抑制8000 共 148,032 个皮层神经元 ...
种子 20260914  A 一直红                    | 0.5~1.0秒：走路 25/25 视觉红 1346/1346 前额叶红 1433/1440 | 1.5秒后：走路 75/75 视觉红 1346/1346 前额叶红 1433/1440
种子 20260914  B 红0.5秒后全黑               | 0.5~1.0秒：走路 25/25 视觉红   0/1346 前额叶红    6/1440 | 1.5秒后：走路 75/75 视觉红   0/1346 前额叶红    5/1440
种子 20260914  C 同B+1.0秒打断运动记忆          | 0.5~1.0秒：走路 25/25 视觉红   0/1346 前额叶红    6/1440 | 1.5秒后：走路  0/75 视觉红   0/1346 前额叶红    5/1440
种子 20260914  D 一直黑+1.0秒同样打断           | 0.5~1.0秒：走路  0/25 视觉红   0/1346 前额叶红    4/1440 | 1.5秒后：走路  0/75 视觉红   0/1346 前额叶红    4/1440
种子 20260914  E 一直黑(不给红也不打断)           | 0.5~1.0秒：走路  0/25 视觉红   0/1346 前额叶红    4/1440 | 1.5秒后：走路  0/75 视觉红   0/1346 前额叶红    4/1440
建皮层连接网：视觉23040、视觉细节23040、听觉30000、前额叶57436、运动160、运动记忆3576、本体感觉480、平衡感觉120、机身状态60、视觉运动1920、多巴胺200、抑制8000 共 148,032 个皮层神经元 ...
种子 20260915  A 一直红                    | 0.5~1.0秒：走路 25/25 视觉红 1346/1346 前额叶红 1433/1440 | 1.5秒后：走路 75/75 视觉红 1346/1346 前额叶红 1433/1440
种子 20260915  B 红0.5秒后全黑               | 0.5~1.0秒：走路 25/25 视觉红   0/1346 前额叶红    5/1440 | 1.5秒后：走路 75/75 视觉红   0/1346 前额叶红    5/1440
种子 20260915  C 同B+1.0秒打断运动记忆          | 0.5~1.0秒：走路 25/25 视觉红   0/1346 前额叶红    5/1440 | 1.5秒后：走路  0/75 视觉红   0/1346 前额叶红    4/1440
种子 20260915  D 一直黑+1.0秒同样打断           | 0.5~1.0秒：走路  0/25 视觉红   0/1346 前额叶红    4/1440 | 1.5秒后：走路  0/75 视觉红   0/1346 前额叶红    4/1440
种子 20260915  E 一直黑(不给红也不打断)           | 0.5~1.0秒：走路  0/25 视觉红   0/1346 前额叶红    4/1440 | 1.5秒后：走路  0/75 视觉红   0/1346 前额叶红    4/1440
建皮层连接网：视觉23040、视觉细节23040、听觉30000、前额叶57436、运动160、运动记忆3576、本体感觉480、平衡感觉120、机身状态60、视觉运动1920、多巴胺200、抑制8000 共 148,032 个皮层神经元 ...
种子 20260916  A 一直红                    | 0.5~1.0秒：走路 25/25 视觉红 1346/1346 前额叶红 1434/1440 | 1.5秒后：走路 75/75 视觉红 1346/1346 前额叶红 1433/1440
种子 20260916  B 红0.5秒后全黑               | 0.5~1.0秒：走路 25/25 视觉红   0/1346 前额叶红    6/1440 | 1.5秒后：走路 75/75 视觉红   0/1346 前额叶红    5/1440
种子 20260916  C 同B+1.0秒打断运动记忆          | 0.5~1.0秒：走路 25/25 视觉红   0/1346 前额叶红    6/1440 | 1.5秒后：走路  0/75 视觉红   0/1346 前额叶红    4/1440
种子 20260916  D 一直黑+1.0秒同样打断           | 0.5~1.0秒：走路  0/25 视觉红   0/1346 前额叶红    4/1440 | 1.5秒后：走路  0/75 视觉红   0/1346 前额叶红    4/1440
种子 20260916  E 一直黑(不给红也不打断)           | 0.5~1.0秒：走路  0/25 视觉红   0/1346 前额叶红    4/1440 | 1.5秒后：走路  0/75 视觉红   0/1346 前额叶红    4/1440
建皮层连接网：视觉23040、视觉细节23040、听觉30000、前额叶57436、运动160、运动记忆3576、本体感觉480、平衡感觉120、机身状态60、视觉运动1920、多巴胺200、抑制8000 共 148,032 个皮层神经元 ...
种子 20260917  A 一直红                    | 0.5~1.0秒：走路 25/25 视觉红 1346/1346 前额叶红 1433/1440 | 1.5秒后：走路 75/75 视觉红 1346/1346 前额叶红 1433/1440
种子 20260917  B 红0.5秒后全黑               | 0.5~1.0秒：走路 25/25 视觉红   0/1346 前额叶红    5/1440 | 1.5秒后：走路 75/75 视觉红   0/1346 前额叶红    5/1440
种子 20260917  C 同B+1.0秒打断运动记忆          | 0.5~1.0秒：走路 25/25 视觉红   0/1346 前额叶红    5/1440 | 1.5秒后：走路  0/75 视觉红   0/1346 前额叶红    5/1440
种子 20260917  D 一直黑+1.0秒同样打断           | 0.5~1.0秒：走路  0/25 视觉红   0/1346 前额叶红    4/1440 | 1.5秒后：走路  0/75 视觉红   0/1346 前额叶红    4/1440
种子 20260917  E 一直黑(不给红也不打断)           | 0.5~1.0秒：走路  0/25 视觉红   0/1346 前额叶红    4/1440 | 1.5秒后：走路  0/75 视觉红   0/1346 前额叶红    4/1440
建皮层连接网：视觉23040、视觉细节23040、听觉30000、前额叶57436、运动160、运动记忆3576、本体感觉480、平衡感觉120、机身状态60、视觉运动1920、多巴胺200、抑制8000 共 148,032 个皮层神经元 ...
种子 20260918  A 一直红                    | 0.5~1.0秒：走路 25/25 视觉红 1346/1346 前额叶红 1434/1440 | 1.5秒后：走路 75/75 视觉红 1346/1346 前额叶红 1433/1440
种子 20260918  B 红0.5秒后全黑               | 0.5~1.0秒：走路 25/25 视觉红   0/1346 前额叶红    5/1440 | 1.5秒后：走路 75/75 视觉红   0/1346 前额叶红    5/1440
种子 20260918  C 同B+1.0秒打断运动记忆          | 0.5~1.0秒：走路 25/25 视觉红   0/1346 前额叶红    5/1440 | 1.5秒后：走路  0/75 视觉红   0/1346 前额叶红    5/1440
种子 20260918  D 一直黑+1.0秒同样打断           | 0.5~1.0秒：走路  0/25 视觉红   0/1346 前额叶红    4/1440 | 1.5秒后：走路  0/75 视觉红   0/1346 前额叶红    4/1440
种子 20260918  E 一直黑(不给红也不打断)           | 0.5~1.0秒：走路  0/25 视觉红   0/1346 前额叶红    4/1440 | 1.5秒后：走路  0/75 视觉红   0/1346 前额叶红    4/1440

====================================================================================================
【汇总】打断之后那 2 秒（1.0 秒 ~ 3.0 秒）
幕                          | 走路点着             | 视觉:中有红           | 前额叶:看着红         
----------------------------------------------------------------------------------------------------
幕                          | 0.5~1.0秒 走路    | 1.0秒后 走路       | 1.0秒后 视觉红细胞数       | 1.0秒后 前额叶红细胞数     
--------------------------------------------------------------------------------------------------------
A 一直红                      | 125/125 拍      | 495/495 拍      | 1346 / 1346 个      | 1433 / 1440 个     
B 红0.5秒后全黑                 | 125/125 拍      | 495/495 拍      | 0 / 1346 个         | 5 / 1440 个        
C 同B+1.0秒打断运动记忆            | 125/125 拍      | 0/495 拍        | 0 / 1346 个         | 4 / 1440 个        
D 一直黑+1.0秒同样打断             | 0/125 拍        | 0/495 拍        | 0 / 1346 个         | 4 / 1440 个        
E 一直黑(不给红也不打断)             | 0/125 拍        | 0/495 拍        | 0 / 1346 个         | 4 / 1440 个        

逐拍明细：F:\born-wired-cortex\model\日志_想还在吗_轨迹.csv
