================================================================================================
白脑对照：本能表清空（只有随机背景连接）vs 完整脑，同样的三件事，5 个种子
================================================================================================
建皮层连接网：视觉23040、视觉细节23040、听觉30000、前额叶57436、运动160、运动记忆3576、本体感觉480、平衡感觉120、机身状态60、视觉运动1920、多巴胺200、抑制8000 共 148,032 个皮层神经元 ...
白脑   种子 20260914（本能连接 0 根）：起手 0.099 米 → 站起来末高 0.184；朝红走了 -0.12 米；什么都不给 → 末高 0.184、歪 41 度
建皮层连接网：视觉23040、视觉细节23040、听觉30000、前额叶57436、运动160、运动记忆3576、本体感觉480、平衡感觉120、机身状态60、视觉运动1920、多巴胺200、抑制8000 共 148,032 个皮层神经元 ...
白脑   种子 20260915（本能连接 0 根）：起手 0.099 米 → 站起来末高 0.184；朝红走了 -0.12 米；什么都不给 → 末高 0.184、歪 41 度
建皮层连接网：视觉23040、视觉细节23040、听觉30000、前额叶57436、运动160、运动记忆3576、本体感觉480、平衡感觉120、机身状态60、视觉运动1920、多巴胺200、抑制8000 共 148,032 个皮层神经元 ...
白脑   种子 20260916（本能连接 0 根）：起手 0.099 米 → 站起来末高 0.184；朝红走了 -0.12 米；什么都不给 → 末高 0.184、歪 41 度
建皮层连接网：视觉23040、视觉细节23040、听觉30000、前额叶57436、运动160、运动记忆3576、本体感觉480、平衡感觉120、机身状态60、视觉运动1920、多巴胺200、抑制8000 共 148,032 个皮层神经元 ...
白脑   种子 20260917（本能连接 0 根）：起手 0.099 米 → 站起来末高 0.184；朝红走了 -0.12 米；什么都不给 → 末高 0.184、歪 41 度
建皮层连接网：视觉23040、视觉细节23040、听觉30000、前额叶57436、运动160、运动记忆3576、本体感觉480、平衡感觉120、机身状态60、视觉运动1920、多巴胺200、抑制8000 共 148,032 个皮层神经元 ...
白脑   种子 20260918（本能连接 0 根）：起手 0.099 米 → 站起来末高 0.184；朝红走了 -0.12 米；什么都不给 → 末高 0.184、歪 41 度
建皮层连接网：视觉23040、视觉细节23040、听觉30000、前额叶57436、运动160、运动记忆3576、本体感觉480、平衡感觉120、机身状态60、视觉运动1920、多巴胺200、抑制8000 共 148,032 个皮层神经元 ...
完整脑 种子 20260914（本能连接 309148 根）：起手 0.099 米 → 站起来末高 0.261；朝红走了 +1.61 米；什么都不给 → 末高 0.184、歪 41 度
建皮层连接网：视觉23040、视觉细节23040、听觉30000、前额叶57436、运动160、运动记忆3576、本体感觉480、平衡感觉120、机身状态60、视觉运动1920、多巴胺200、抑制8000 共 148,032 个皮层神经元 ...
完整脑 种子 20260915（本能连接 309148 根）：起手 0.099 米 → 站起来末高 0.254；朝红走了 +1.53 米；什么都不给 → 末高 0.184、歪 41 度
建皮层连接网：视觉23040、视觉细节23040、听觉30000、前额叶57436、运动160、运动记忆3576、本体感觉480、平衡感觉120、机身状态60、视觉运动1920、多巴胺200、抑制8000 共 148,032 个皮层神经元 ...
完整脑 种子 20260916（本能连接 309148 根）：起手 0.099 米 → 站起来末高 0.255；朝红走了 +0.75 米；什么都不给 → 末高 0.184、歪 41 度
建皮层连接网：视觉23040、视觉细节23040、听觉30000、前额叶57436、运动160、运动记忆3576、本体感觉480、平衡感觉120、机身状态60、视觉运动1920、多巴胺200、抑制8000 共 148,032 个皮层神经元 ...
完整脑 种子 20260917（本能连接 309148 根）：起手 0.099 米 → 站起来末高 0.256；朝红走了 +1.72 米；什么都不给 → 末高 0.184、歪 41 度
建皮层连接网：视觉23040、视觉细节23040、听觉30000、前额叶57436、运动160、运动记忆3576、本体感觉480、平衡感觉120、机身状态60、视觉运动1920、多巴胺200、抑制8000 共 148,032 个皮层神经元 ...
完整脑 种子 20260918（本能连接 309148 根）：起手 0.099 米 → 站起来末高 0.258；朝红走了 +1.84 米；什么都不给 → 末高 0.184、歪 41 度

================================================================================================
【汇总】
  白脑（本能表清空）：
    自己站起来（末高 > 0.20 算成功）： 0/5，末高 中位 0.184、最高 0.184
    朝红走（> 0.30 米算成功）：        0/5，走了 中位 -0.12 米、最多 -0.12
    什么都不给（末高 < 0.20 算瘫掉）：  5/5，末高 中位 0.184
  完整脑（585 条本能）：
    自己站起来（末高 > 0.20 算成功）： 5/5，末高 中位 0.256、最高 0.261
    朝红走（> 0.30 米算成功）：        5/5，走了 中位 +1.61 米、最多 +1.84
    什么都不给（末高 < 0.20 算瘫掉）：  5/5，末高 中位 0.184
