====================================================================================================
### 小横着飘
====================================================================================================
建皮层连接网：视觉23040、视觉细节23040、听觉30000、前额叶53200、运动160、运动记忆3576、本体感觉480、平衡感觉120、机身状态60、视觉运动1920、多巴胺200、抑制8000 共 143,796 个皮层神经元 ...
============================================================================================================
【小球从左边飘到右边】球：方位 -25 度、高 0.60 米、半径 0.05 米；横速 +0.50、竖速 +0.00 米/秒；眼睛一开始朝 +0 度
本能连接 308,809 根；皮层 143,796 个神经元
------------------------------------------------------------------------------------------------------------
    时间 | 球在视角里          | 眼睛朝哪           | 眼肌档(右左上下)     | 第4层名字(看球在…)            | 第1层名字(细_…)｜刚动过
 0.00s | 左右 -29.2 上下 -0.8 | 左右  -0.2 上下 +0.0 |  0/10/ 0/ 0      | （都不亮）                  | 细_列3
 0.20s | 左右 -21.3 上下 -0.8 | 左右  -6.1 上下 +0.0 |  0/10/ 0/ 0      | （都不亮）                  | 细_列4　｜刚动过：4
 0.40s | 左右 -12.2 上下 -0.8 | 左右 -13.2 上下 +0.0 |  0/10/ 0/ 0      | （都不亮）                  | 细_列6　｜刚动过：6
 0.60s | 左右  -5.0 上下 -0.8 | 左右 -18.2 上下 +0.0 |  0/ 0/ 0/ 0      | （都不亮）                  | （都不亮）
 0.80s | 左右  -2.5 上下 -0.8 | 左右 -18.6 上下 +0.0 |  0/ 0/ 0/ 0      | （都不亮）                  | （都不亮）
 1.00s | 左右  -0.2 上下 -0.8 | 左右 -18.6 上下 +0.0 |  0/ 0/ 0/ 0      | （都不亮）                  | （都不亮）
 1.20s | 左右  +2.2 上下 -0.9 | 左右 -18.6 上下 +0.0 |  0/ 0/ 0/ 0      | （都不亮）                  | （都不亮）
 1.40s | 左右  +4.5 上下 -0.9 | 左右 -18.6 上下 +0.0 |  0/ 0/ 0/ 0      | （都不亮）                  | （都不亮）
 1.60s | 左右  +4.3 上下 -0.9 | 左右 -15.9 上下 +0.0 | 10/ 0/ 0/ 0      | （都不亮）                  | 细_列9
 1.80s | 左右  +4.5 上下 -0.9 | 左右 -13.6 上下 +0.0 | 10/ 0/ 0/ 0      | （都不亮）                  | 细_列9
 2.00s | 左右  +4.5 上下 -0.9 | 左右 -11.1 上下 +0.0 |  0/ 0/ 0/ 0      | （都不亮）                  | （都不亮）
 2.20s | 左右  +4.3 上下 -0.9 | 左右  -8.4 上下 +0.0 |  0/ 0/ 0/ 0      | （都不亮）                  | （都不亮）
 2.40s | 左右  +4.3 上下 -0.9 | 左右  -5.8 上下 +0.0 |  0/ 0/ 0/ 0      | （都不亮）                  | （都不亮）　｜刚动过：9
 2.60s | 左右  +4.3 上下 -0.9 | 左右  -3.3 上下 +0.0 |  0/ 0/ 0/ 0      | （都不亮）                  | （都不亮）
 2.80s | 左右  +4.3 上下 -0.9 | 左右  -0.7 上下 +0.0 |  0/ 0/ 0/ 0      | （都不亮）                  | （都不亮）
 3.00s | 左右  +4.4 上下 -0.9 | 左右  +1.8 上下 +0.0 | 10/ 0/ 0/ 0      | （都不亮）                  | 细_列9　｜刚动过：9
 3.20s | 左右  +4.4 上下 -0.9 | 左右  +4.3 上下 +0.0 | 10/ 0/ 0/ 0      | （都不亮）                  | 细_列9
 3.40s | 左右  +4.4 上下 -0.9 | 左右  +6.8 上下 +0.0 |  0/ 0/ 0/ 0      | （都不亮）                  | （都不亮）
 3.60s | 左右  +4.3 上下 -0.9 | 左右  +9.4 上下 +0.0 |  0/ 0/ 0/ 0      | （都不亮）                  | （都不亮）
 3.80s | 左右  +4.2 上下 -0.9 | 左右 +11.8 上下 +0.0 | 10/ 0/ 0/ 0      | （都不亮）                  | 细_列9　｜刚动过：9
 4.00s | 左右  +4.4 上下 -0.8 | 左右 +14.0 上下 +0.0 |  0/ 0/ 0/ 0      | （都不亮）                  | （都不亮）
 4.20s | 左右  +4.2 上下 -0.8 | 左右 +16.5 上下 +0.0 |  0/ 0/ 0/ 0      | （都不亮）                  | （都不亮）
 4.40s | 左右  +4.3 上下 -0.8 | 左右 +18.6 上下 +0.0 | 10/ 0/ 0/ 0      | （都不亮）                  | 细_列9
 4.60s | 左右  +4.1 上下 -0.8 | 左右 +20.9 上下 +0.0 |  0/ 0/ 0/ 0      | （都不亮）                  | （都不亮）
 4.80s | 左右  +4.2 上下 -0.8 | 左右 +22.8 上下 +0.0 | 10/ 0/ 0/ 0      | （都不亮）                  | 细_列9
------------------------------------------------------------------------------------------------------------
末了：球在视角里 左右 +4.3 度、上下 -0.8 度；眼睛朝 左右 +24.6 度、上下 +0.0 度
球离视线中心：平均 5.6 度，最远 29.2 度（0 = 正好盯着；只算球还在视野里的时候）

（这一趟 29 秒）
====================================================================================================
### 小突然出现
====================================================================================================
建皮层连接网：视觉23040、视觉细节23040、听觉30000、前额叶53200、运动160、运动记忆3576、本体感觉480、平衡感觉120、机身状态60、视觉运动1920、多巴胺200、抑制8000 共 143,796 个皮层神经元 ...
============================================================================================================
【小球突然出现在右边 20 度】球：方位 +20 度、高 0.60 米、半径 0.05 米；横速 +0.00、竖速 +0.00 米/秒；眼睛一开始朝 +0 度
本能连接 308,809 根；皮层 143,796 个神经元
------------------------------------------------------------------------------------------------------------
    时间 | 球在视角里          | 眼睛朝哪           | 眼肌档(右左上下)     | 第4层名字(看球在…)            | 第1层名字(细_…)｜刚动过
 0.00s |      （还没出现）     | 左右  +0.0 上下 +0.0 |  0/ 0/ 0/ 0      | （都不亮）                  | （都不亮）
 0.20s |      （还没出现）     | 左右  +0.0 上下 +0.0 |  0/ 0/ 0/ 0      | （都不亮）                  | （都不亮）
 0.40s |      （还没出现）     | 左右  +0.0 上下 +0.0 |  0/ 0/ 0/ 0      | （都不亮）                  | （都不亮）
 0.60s |      （还没出现）     | 左右  +0.0 上下 +0.0 |  0/ 0/ 0/ 0      | （都不亮）                  | （都不亮）
 0.80s |      （还没出现）     | 左右  +0.0 上下 +0.0 |  0/ 0/ 0/ 0      | （都不亮）                  | （都不亮）
 1.00s |      （还没出现）     | 左右  +0.0 上下 +0.0 |  0/ 0/ 0/ 0      | （都不亮）                  | （都不亮）
 1.20s |      （还没出现）     | 左右  +0.0 上下 +0.0 |  0/ 0/ 0/ 0      | （都不亮）                  | （都不亮）
 1.40s |      （还没出现）     | 左右  +0.0 上下 +0.0 |  0/ 0/ 0/ 0      | （都不亮）                  | （都不亮）
 1.60s |      （还没出现）     | 左右  +0.0 上下 +0.0 |  0/ 0/ 0/ 0      | （都不亮）                  | （都不亮）
 1.80s |      （还没出现）     | 左右  +0.0 上下 +0.0 |  0/ 0/ 0/ 0      | （都不亮）                  | （都不亮）
 2.00s | 左右 +23.5 上下 -0.8 | 左右  +0.2 上下 +0.0 | 10/ 0/ 0/ 0      | （都不亮）                  | 细_列12
 2.20s | 左右 +17.7 上下 -0.8 | 左右  +6.1 上下 +0.0 | 10/ 0/ 0/ 0      | （都不亮）                  | 细_列11
 2.40s | 左右 +10.6 上下 -0.8 | 左右 +13.2 上下 +0.0 | 10/ 0/ 0/ 0      | （都不亮）                  | 细_列10
 2.60s | 左右  +3.6 上下 -0.8 | 左右 +20.1 上下 +0.0 |  0/ 0/ 0/ 0      | （都不亮）                  | （都不亮）
 2.80s | 左右  +2.4 上下 -0.8 | 左右 +21.4 上下 +0.0 |  0/ 0/ 0/ 0      | （都不亮）                  | （都不亮）
 3.00s | 左右  +2.3 上下 -0.8 | 左右 +21.4 上下 +0.0 |  0/ 0/ 0/ 0      | （都不亮）                  | （都不亮）
 3.20s | 左右  +2.3 上下 -0.8 | 左右 +21.4 上下 +0.0 |  0/ 0/ 0/ 0      | （都不亮）                  | （都不亮）
 3.40s | 左右  +2.3 上下 -0.8 | 左右 +21.4 上下 +0.0 |  0/ 0/ 0/ 0      | （都不亮）                  | （都不亮）
 3.60s | 左右  +2.3 上下 -0.8 | 左右 +21.4 上下 +0.0 |  0/ 0/ 0/ 0      | （都不亮）                  | （都不亮）
 3.80s | 左右  +2.3 上下 -0.8 | 左右 +21.4 上下 +0.0 |  0/ 0/ 0/ 0      | （都不亮）                  | （都不亮）
 4.00s | 左右  +2.3 上下 -0.8 | 左右 +21.4 上下 +0.0 |  0/ 0/ 0/ 0      | （都不亮）                  | （都不亮）
 4.20s | 左右  +2.3 上下 -0.8 | 左右 +21.4 上下 +0.0 |  0/ 0/ 0/ 0      | （都不亮）                  | （都不亮）
 4.40s | 左右  +2.3 上下 -0.8 | 左右 +21.4 上下 +0.0 |  0/ 0/ 0/ 0      | （都不亮）                  | （都不亮）
 4.60s | 左右  +2.3 上下 -0.8 | 左右 +21.4 上下 +0.0 |  0/ 0/ 0/ 0      | （都不亮）                  | （都不亮）
 4.80s | 左右  +2.3 上下 -0.8 | 左右 +21.4 上下 +0.0 |  0/ 0/ 0/ 0      | （都不亮）                  | （都不亮）
------------------------------------------------------------------------------------------------------------
末了：球在视角里 左右 +2.3 度、上下 -0.8 度；眼睛朝 左右 +21.4 度、上下 +0.0 度
球离视线中心：平均 4.8 度，最远 23.5 度（0 = 正好盯着；只算球还在视野里的时候）

（这一趟 29 秒）
====================================================================================================
### 空场
====================================================================================================
建皮层连接网：视觉23040、视觉细节23040、听觉30000、前额叶53200、运动160、运动记忆3576、本体感觉480、平衡感觉120、机身状态60、视觉运动1920、多巴胺200、抑制8000 共 143,796 个皮层神经元 ...
============================================================================================================
【什么都没有】球：方位 +0 度、高 0.60 米、半径 0.05 米；横速 +0.00、竖速 +0.00 米/秒；眼睛一开始朝 +0 度
本能连接 308,809 根；皮层 143,796 个神经元
------------------------------------------------------------------------------------------------------------
    时间 | 球在视角里          | 眼睛朝哪           | 眼肌档(右左上下)     | 第4层名字(看球在…)            | 第1层名字(细_…)｜刚动过
 0.00s |      （还没出现）     | 左右  +0.0 上下 +0.0 |  0/ 0/ 0/ 0      | （都不亮）                  | （都不亮）
 0.20s |      （还没出现）     | 左右  +0.0 上下 +0.0 |  0/ 0/ 0/ 0      | （都不亮）                  | （都不亮）
 0.40s |      （还没出现）     | 左右  +0.0 上下 +0.0 |  0/ 0/ 0/ 0      | （都不亮）                  | （都不亮）
 0.60s |      （还没出现）     | 左右  +0.0 上下 +0.0 |  0/ 0/ 0/ 0      | （都不亮）                  | （都不亮）
 0.80s |      （还没出现）     | 左右  +0.0 上下 +0.0 |  0/ 0/ 0/ 0      | （都不亮）                  | （都不亮）
 1.00s |      （还没出现）     | 左右  +0.0 上下 +0.0 |  0/ 0/ 0/ 0      | （都不亮）                  | （都不亮）
 1.20s |      （还没出现）     | 左右  +0.0 上下 +0.0 |  0/ 0/ 0/ 0      | （都不亮）                  | （都不亮）
 1.40s |      （还没出现）     | 左右  +0.0 上下 +0.0 |  0/ 0/ 0/ 0      | （都不亮）                  | （都不亮）
 1.60s |      （还没出现）     | 左右  +0.0 上下 +0.0 |  0/ 0/ 0/ 0      | （都不亮）                  | （都不亮）
 1.80s |      （还没出现）     | 左右  +0.0 上下 +0.0 |  0/ 0/ 0/ 0      | （都不亮）                  | （都不亮）
 2.00s |      （还没出现）     | 左右  +0.0 上下 +0.0 |  0/ 0/ 0/ 0      | （都不亮）                  | （都不亮）
 2.20s |      （还没出现）     | 左右  +0.0 上下 +0.0 |  0/ 0/ 0/ 0      | （都不亮）                  | （都不亮）
 2.40s |      （还没出现）     | 左右  +0.0 上下 +0.0 |  0/ 0/ 0/ 0      | （都不亮）                  | （都不亮）
 2.60s |      （还没出现）     | 左右  +0.0 上下 +0.0 |  0/ 0/ 0/ 0      | （都不亮）                  | （都不亮）
 2.80s |      （还没出现）     | 左右  +0.0 上下 +0.0 |  0/ 0/ 0/ 0      | （都不亮）                  | （都不亮）
------------------------------------------------------------------------------------------------------------
末了：眼前自始至终没有球；眼睛朝 左右 +0.0 度、上下 +0.0 度

（这一趟 23 秒）
