建皮层连接网：视觉23040、视觉细节23040、听觉30000、前额叶53200、运动160、运动记忆3576、本体感觉480、平衡感觉120、机身状态60、视觉运动1920、多巴胺200、抑制8000 共 143,796 个皮层神经元 ...
============================================================================================================
【大球从左边飘到右边】球：方位 -25 度、高 0.60 米、半径 0.30 米；横速 +0.50、竖速 +0.00 米/秒；眼睛一开始朝 +0 度
本能连接 308,809 根；皮层 143,796 个神经元
------------------------------------------------------------------------------------------------------------
    时间 | 球在视角里          | 眼睛朝哪           | 眼肌档(右左上下)     | 第4层名字(看球在…)            | 第1层名字(细_…)｜刚动过
 0.00s | 左右 -29.2 上下 -0.8 | 左右  -0.2 上下 +0.0 |  0/10/ 0/ 0      | 看球在左2、看球在左3            | 细_列2、细_列3
 0.20s | 左右 -21.3 上下 -0.8 | 左右  -6.1 上下 +0.0 |  0/10/ 0/ 0      | 看球在左2                  | 细_列3、细_列4、细_列5　｜刚动过：4
 0.40s | 左右 -12.2 上下 -0.8 | 左右 -13.2 上下 +0.0 |  0/10/ 0/ 0      | 看球在左1                  | 细_列5、细_列6　｜刚动过：5、6
 0.60s | 左右  -2.9 上下 -0.8 | 左右 -20.3 上下 -0.0 |  1/10/ 0/ 1      | 看球在正中、看球在左1、看球在下1      | 细_列6　｜刚动过：6
 0.80s | 左右  +2.5 上下 -0.6 | 左右 -23.6 上下 -0.2 |  5/ 7/ 0/ 0      | 看球在正中                  | （都不亮）
 1.00s | 左右  +3.6 上下 -0.6 | 左右 -22.4 上下 -0.2 | 10/ 7/ 0/ 0      | 看球在正中、看球在右1            | 细_列9
 1.20s | 左右  +3.8 上下 -0.6 | 左右 -20.3 上下 -0.2 | 10/ 7/ 0/ 0      | 看球在正中、看球在右1            | 细_列9
 1.40s | 左右  +4.1 上下 -0.7 | 左右 -18.1 上下 -0.2 | 10/ 7/ 0/ 0      | 看球在正中、看球在右1            | 细_列9
 1.60s | 左右  +4.4 上下 -0.7 | 左右 -16.0 上下 -0.2 | 10/ 7/ 0/ 0      | 看球在正中、看球在右1            | 细_列9
 1.80s | 左右  +4.2 上下 -0.7 | 左右 -13.4 上下 -0.2 | 10/ 7/ 0/ 0      | 看球在正中、看球在右1            | 细_列9
 2.00s | 左右  +4.3 上下 -0.7 | 左右 -10.9 上下 -0.2 | 10/ 7/ 0/ 0      | 看球在正中、看球在右1            | 细_列9
 2.20s | 左右  +4.5 上下 -0.7 | 左右  -8.6 上下 -0.2 | 10/ 7/ 0/ 0      | 看球在正中、看球在右1            | 细_列9
 2.40s | 左右  +4.4 上下 -0.7 | 左右  -5.9 上下 -0.2 | 10/ 7/ 0/ 0      | 看球在正中、看球在右1            | 细_列9
 2.60s | 左右  +4.4 上下 -0.7 | 左右  -3.3 上下 -0.2 | 10/ 7/ 0/ 0      | 看球在正中、看球在右1            | 细_列9
 2.80s | 左右  +4.3 上下 -0.7 | 左右  -0.7 上下 -0.2 | 10/ 7/ 0/ 0      | 看球在正中、看球在右1            | 细_列9
 3.00s | 左右  +4.3 上下 -0.7 | 左右  +1.9 上下 -0.2 | 10/ 7/ 0/ 0      | 看球在正中、看球在右1            | 细_列9
 3.20s | 左右  +4.3 上下 -0.7 | 左右  +4.4 上下 -0.2 | 10/ 7/ 0/ 0      | 看球在正中、看球在右1            | 细_列9
 3.40s | 左右  +4.4 上下 -0.7 | 左右  +6.8 上下 -0.2 | 10/ 7/ 0/ 0      | 看球在正中、看球在右1            | 细_列9
 3.60s | 左右  +4.2 上下 -0.7 | 左右  +9.4 上下 -0.2 | 10/ 7/ 0/ 0      | 看球在正中、看球在右1            | 细_列9
 3.80s | 左右  +4.0 上下 -0.6 | 左右 +12.0 上下 -0.2 | 10/ 7/ 0/ 0      | 看球在正中、看球在右1            | 细_列9
 4.00s | 左右  +4.2 上下 -0.6 | 左右 +14.2 上下 -0.2 | 10/ 7/ 0/ 0      | 看球在正中、看球在右1            | 细_列9
 4.20s | 左右  +3.8 上下 -0.6 | 左右 +16.9 上下 -0.2 | 10/ 7/ 0/ 0      | 看球在正中、看球在右1            | 细_列9
 4.40s | 左右  +3.9 上下 -0.6 | 左右 +19.0 上下 -0.2 | 10/ 7/ 0/ 0      | 看球在正中、看球在右1            | 细_列9
 4.60s | 左右  +3.5 上下 -0.6 | 左右 +21.5 上下 -0.2 | 10/ 7/ 0/ 0      | 看球在正中、看球在右1            | 细_列9
 4.80s | 左右  +3.3 上下 -0.6 | 左右 +23.8 上下 -0.2 | 10/ 7/ 0/ 0      | 看球在正中、看球在右1            | 细_列9
------------------------------------------------------------------------------------------------------------
末了：球在视角里 左右 +3.2 度、上下 -0.6 度；眼睛朝 左右 +25.7 度、上下 -0.2 度
球离视线中心：平均 5.5 度，最远 29.2 度（0 = 正好盯着；只算球还在视野里的时候）
