================================================================================================
前额叶干预：四幕 × 5 个建网种子（走路判据 = 前进1.2 那串时刻点火 > 0 拍）
================================================================================================
建皮层连接网：视觉23040、视觉细节23040、听觉30000、前额叶53200、运动160、运动记忆3576、本体感觉480、平衡感觉120、机身状态60、视觉运动1920、抑制8000 共 143,596 个皮层神经元 ...
种子 20260914  ① 红，前额叶好         走路点火 199/200 拍 | 路程 2.46 米 | 前额叶平均亮  1366 个
种子 20260914  ② 红，前额叶按灭        走路点火   0/200 拍 | 路程 1.49 米 | 前额叶平均亮     0 个
种子 20260914  ③ 黑屏，前额叶好        走路点火   0/200 拍 | 路程 0.55 米 | 前额叶平均亮     3 个
种子 20260914  ④ 蓝屏，前额叶好        走路点火   0/200 拍 | 路程 0.17 米 | 前额叶平均亮  1444 个
建皮层连接网：视觉23040、视觉细节23040、听觉30000、前额叶53200、运动160、运动记忆3576、本体感觉480、平衡感觉120、机身状态60、视觉运动1920、抑制8000 共 143,596 个皮层神经元 ...
种子 20260915  ① 红，前额叶好         走路点火 199/200 拍 | 路程 2.15 米 | 前额叶平均亮  1366 个
种子 20260915  ② 红，前额叶按灭        走路点火   0/200 拍 | 路程 0.22 米 | 前额叶平均亮     0 个
种子 20260915  ③ 黑屏，前额叶好        走路点火   0/200 拍 | 路程 0.55 米 | 前额叶平均亮     3 个
种子 20260915  ④ 蓝屏，前额叶好        走路点火   0/200 拍 | 路程 0.29 米 | 前额叶平均亮  1444 个
建皮层连接网：视觉23040、视觉细节23040、听觉30000、前额叶53200、运动160、运动记忆3576、本体感觉480、平衡感觉120、机身状态60、视觉运动1920、抑制8000 共 143,596 个皮层神经元 ...
种子 20260916  ① 红，前额叶好         走路点火 199/200 拍 | 路程 2.64 米 | 前额叶平均亮  1366 个
种子 20260916  ② 红，前额叶按灭        走路点火   0/200 拍 | 路程 1.66 米 | 前额叶平均亮     0 个
种子 20260916  ③ 黑屏，前额叶好        走路点火   0/200 拍 | 路程 0.55 米 | 前额叶平均亮     3 个
种子 20260916  ④ 蓝屏，前额叶好        走路点火   0/200 拍 | 路程 1.56 米 | 前额叶平均亮  1445 个
建皮层连接网：视觉23040、视觉细节23040、听觉30000、前额叶53200、运动160、运动记忆3576、本体感觉480、平衡感觉120、机身状态60、视觉运动1920、抑制8000 共 143,596 个皮层神经元 ...
种子 20260917  ① 红，前额叶好         走路点火 199/200 拍 | 路程 2.68 米 | 前额叶平均亮  1366 个
种子 20260917  ② 红，前额叶按灭        走路点火   0/200 拍 | 路程 1.32 米 | 前额叶平均亮     0 个
种子 20260917  ③ 黑屏，前额叶好        走路点火   0/200 拍 | 路程 0.55 米 | 前额叶平均亮     3 个
种子 20260917  ④ 蓝屏，前额叶好        走路点火   0/200 拍 | 路程 0.63 米 | 前额叶平均亮  1444 个
建皮层连接网：视觉23040、视觉细节23040、听觉30000、前额叶53200、运动160、运动记忆3576、本体感觉480、平衡感觉120、机身状态60、视觉运动1920、抑制8000 共 143,596 个皮层神经元 ...
种子 20260918  ① 红，前额叶好         走路点火 199/200 拍 | 路程 2.18 米 | 前额叶平均亮  1366 个
种子 20260918  ② 红，前额叶按灭        走路点火   0/200 拍 | 路程 0.22 米 | 前额叶平均亮     0 个
种子 20260918  ③ 黑屏，前额叶好        走路点火   0/200 拍 | 路程 0.55 米 | 前额叶平均亮     3 个
种子 20260918  ④ 蓝屏，前额叶好        走路点火   0/200 拍 | 路程 1.24 米 | 前额叶平均亮  1445 个

================================================================================================
【汇总】
那一幕                | 该不该走           | 有几种子走起来了                       | 点火拍数 / 总拍
------------------------------------------------------------------------------------------------
① 红，前额叶好           | 该走             | 5/5 个种子走起来了（期望 5）              | 199/200、199/200、199/200、199/200、199/200
② 红，前额叶按灭          | 不该走            | 0/5 个种子走起来了（期望 0）              | 0/200、0/200、0/200、0/200、0/200
③ 黑屏，前额叶好          | 不该走            | 0/5 个种子走起来了（期望 0）              | 0/200、0/200、0/200、0/200、0/200
④ 蓝屏，前额叶好          | 不该走            | 0/5 个种子走起来了（期望 0）              | 0/200、0/200、0/200、0/200、0/200

【前额叶平均亮多少个细胞】
  ① 红，前额叶好           1366、1366、1366、1366、1366
  ② 红，前额叶按灭          0、0、0、0、0
  ③ 黑屏，前额叶好          3、3、3、3、3
  ④ 蓝屏，前额叶好          1444、1444、1445、1444、1445
