建皮层连接网：视觉23040、视觉细节23040、听觉30000、前额叶53200、运动160、运动记忆3576、本体感觉480、平衡感觉120、机身状态60、视觉运动1920、多巴胺200、抑制8000 共 143,796 个皮层神经元 ...
========================================================================================================
走路「前进1.2」= 运动记忆区 15 个时刻神经元，入口 = 第 132648 号（点亮入口，整串自己走）
声音「低频响」= 听觉区 2749 个细胞；前额叶「听到低频响」那一段 1097 个
多巴胺：一次「奖励」给一个目标细胞一共 1.20 的电流（摊平到每一根连接上）
========================================================================================================

[1] 出生：趴在地上，只放声音、黑屏，走 50 拍（预期：一动不动）
      拍   整片亮  走路链  听觉亮   前额叶亮     机身高      路程       走路链在跑吗
      15     1395       0       17       1114    0.104 米     0.028 米   没动
      30     1396       0       18       1114    0.095 米     0.046 米   没动
      45     1399       0       19       1114    0.095 米     0.069 米   没动
    → 挪了 0.081 米，最高只有 0.108 米（趴着的高度）：听声音它不会走

[2] 天生就会的：站着，眼前有一块红、不放声音，走 50 拍（预期：自己往前走）
      拍   整片亮  走路链  听觉亮   前额叶亮     机身高      路程       走路链在跑吗
      15     2981       1        0       2700    0.389 米     0.039 米   时刻 14
      30     3016       1        0       2740    0.348 米     0.172 米   时刻 14
      45     3029       1        0       2755    0.373 米     0.390 米   时刻 14
    → 挪了 0.446 米：这是出生就写好的本能（看红 → 走），还没学过声音

[3] 教学：站着，眼前有一块红 + 同时响声音 + 点亮多巴胺，走 80 拍
      拍   整片亮  走路链  听觉亮   前额叶亮     机身高      路程       走路链在跑吗
      15     4166       1       31       3751    0.386 米     0.033 米   时刻 14
      30     4228       1       37       3780    0.398 米     0.242 米   时刻 14
      45     4243       1       39       3781    0.245 米     0.567 米   时刻 14
      60     4266       2       46       3783    0.207 米     0.739 米   时刻 11
      75     4275       3       50       3783    0.156 米     0.876 米   时刻 8
    → 「走路入口刚亮」的瞬间 10 次；一共学出 1262906 根新连接
    → 教学最后那一拍：走路入口收到的电流 -5.516（门槛 1.0）

[4] 考试：把皮层全清空、重新趴下，黑屏、只放声音，走 150 拍
      拍   整片亮  走路链  听觉亮   前额叶亮     机身高      路程       走路链在跑吗
      15     1683       2       37       1271    0.382 米     0.103 米   时刻 11
      30     2103       2       48       1675    0.359 米     0.240 米   时刻 11
      45     2586       2       63       2138    0.351 米     0.344 米   时刻 11
      60     3226       2       85       2745    0.348 米     0.408 米   时刻 11
      75     3785       2      109       3274    0.345 米     0.456 米   时刻 11
      90     4091       2      121       3561    0.323 米     0.531 米   时刻 11
     105     4322       2      148       3762    0.302 米     0.657 米   时刻 11
     120     4349       2      154       3783    0.226 米     0.856 米   时刻 11
     135     4357       2      158       3783    0.156 米     1.058 米   时刻 11
     150     4368       2      165       3783    0.113 米     1.191 米   时刻 11
    → 考试第一拍：走路入口收到的电流 -1.769（门槛 1.0）
    → 考试结果：挪了 1.191 米；最高站到 0.385 米；机身歪 146 度
