====================================================================================================
颜色渐变正式协议：色相 0° 起，能重新点着就往下挪，点不着就停（终点 180°）
步长 [3, 6, 12]；种子 [20260914, 20260915, 20260916, 20260917, 20260918]
====================================================================================================
建皮层连接网：视觉23040、视觉细节23040、听觉30000、前额叶53200、运动160、运动记忆3576、本体感觉480、平衡感觉120、机身状态60、视觉运动1920、抑制8000 共 143,596 个皮层神经元 ...
步长  3°，开学习，种子 20260914 → 停在哪  96°（挪了 32 格，共 1040 拍，401 秒）
建皮层连接网：视觉23040、视觉细节23040、听觉30000、前额叶53200、运动160、运动记忆3576、本体感觉480、平衡感觉120、机身状态60、视觉运动1920、抑制8000 共 143,596 个皮层神经元 ...
步长  3°，开学习，种子 20260915 → 停在哪  96°（挪了 32 格，共 1040 拍，403 秒）
建皮层连接网：视觉23040、视觉细节23040、听觉30000、前额叶53200、运动160、运动记忆3576、本体感觉480、平衡感觉120、机身状态60、视觉运动1920、抑制8000 共 143,596 个皮层神经元 ...
步长  3°，开学习，种子 20260916 → 停在哪  96°（挪了 32 格，共 1040 拍，479 秒）
建皮层连接网：视觉23040、视觉细节23040、听觉30000、前额叶53200、运动160、运动记忆3576、本体感觉480、平衡感觉120、机身状态60、视觉运动1920、抑制8000 共 143,596 个皮层神经元 ...
步长  3°，开学习，种子 20260917 → 停在哪  96°（挪了 32 格，共 1040 拍，433 秒）
建皮层连接网：视觉23040、视觉细节23040、听觉30000、前额叶53200、运动160、运动记忆3576、本体感觉480、平衡感觉120、机身状态60、视觉运动1920、抑制8000 共 143,596 个皮层神经元 ...
步长  3°，开学习，种子 20260918 → 停在哪  96°（挪了 32 格，共 1040 拍，472 秒）
建皮层连接网：视觉23040、视觉细节23040、听觉30000、前额叶53200、运动160、运动记忆3576、本体感觉480、平衡感觉120、机身状态60、视觉运动1920、抑制8000 共 143,596 个皮层神经元 ...
步长  3°，关学习，种子 20260914 → 停在哪  72°（挪了 24 格，共 840 拍，144 秒）
建皮层连接网：视觉23040、视觉细节23040、听觉30000、前额叶53200、运动160、运动记忆3576、本体感觉480、平衡感觉120、机身状态60、视觉运动1920、抑制8000 共 143,596 个皮层神经元 ...
步长  3°，关学习，种子 20260915 → 停在哪  72°（挪了 24 格，共 840 拍，120 秒）
建皮层连接网：视觉23040、视觉细节23040、听觉30000、前额叶53200、运动160、运动记忆3576、本体感觉480、平衡感觉120、机身状态60、视觉运动1920、抑制8000 共 143,596 个皮层神经元 ...
步长  3°，关学习，种子 20260916 → 停在哪  60°（挪了 20 格，共 740 拍，93 秒）
建皮层连接网：视觉23040、视觉细节23040、听觉30000、前额叶53200、运动160、运动记忆3576、本体感觉480、平衡感觉120、机身状态60、视觉运动1920、抑制8000 共 143,596 个皮层神经元 ...
步长  3°，关学习，种子 20260917 → 停在哪  57°（挪了 19 格，共 715 拍，88 秒）
建皮层连接网：视觉23040、视觉细节23040、听觉30000、前额叶53200、运动160、运动记忆3576、本体感觉480、平衡感觉120、机身状态60、视觉运动1920、抑制8000 共 143,596 个皮层神经元 ...
步长  3°，关学习，种子 20260918 → 停在哪  72°（挪了 24 格，共 840 拍，109 秒）
建皮层连接网：视觉23040、视觉细节23040、听觉30000、前额叶53200、运动160、运动记忆3576、本体感觉480、平衡感觉120、机身状态60、视觉运动1920、抑制8000 共 143,596 个皮层神经元 ...
步长  6°，开学习，种子 20260914 → 停在哪  96°（挪了 16 格，共 640 拍，198 秒）
建皮层连接网：视觉23040、视觉细节23040、听觉30000、前额叶53200、运动160、运动记忆3576、本体感觉480、平衡感觉120、机身状态60、视觉运动1920、抑制8000 共 143,596 个皮层神经元 ...
步长  6°，开学习，种子 20260915 → 停在哪  96°（挪了 16 格，共 690 拍，202 秒）
建皮层连接网：视觉23040、视觉细节23040、听觉30000、前额叶53200、运动160、运动记忆3576、本体感觉480、平衡感觉120、机身状态60、视觉运动1920、抑制8000 共 143,596 个皮层神经元 ...
步长  6°，开学习，种子 20260916 → 停在哪  96°（挪了 16 格，共 640 拍，198 秒）
建皮层连接网：视觉23040、视觉细节23040、听觉30000、前额叶53200、运动160、运动记忆3576、本体感觉480、平衡感觉120、机身状态60、视觉运动1920、抑制8000 共 143,596 个皮层神经元 ...
步长  6°，开学习，种子 20260917 → 停在哪  96°（挪了 16 格，共 715 拍，197 秒）
建皮层连接网：视觉23040、视觉细节23040、听觉30000、前额叶53200、运动160、运动记忆3576、本体感觉480、平衡感觉120、机身状态60、视觉运动1920、抑制8000 共 143,596 个皮层神经元 ...
步长  6°，开学习，种子 20260918 → 停在哪  96°（挪了 16 格，共 690 拍，189 秒）
建皮层连接网：视觉23040、视觉细节23040、听觉30000、前额叶53200、运动160、运动记忆3576、本体感觉480、平衡感觉120、机身状态60、视觉运动1920、抑制8000 共 143,596 个皮层神经元 ...
步长  6°，关学习，种子 20260914 → 停在哪  72°（挪了 12 格，共 540 拍，59 秒）
建皮层连接网：视觉23040、视觉细节23040、听觉30000、前额叶53200、运动160、运动记忆3576、本体感觉480、平衡感觉120、机身状态60、视觉运动1920、抑制8000 共 143,596 个皮层神经元 ...
步长  6°，关学习，种子 20260915 → 停在哪  72°（挪了 12 格，共 540 拍，59 秒）
建皮层连接网：视觉23040、视觉细节23040、听觉30000、前额叶53200、运动160、运动记忆3576、本体感觉480、平衡感觉120、机身状态60、视觉运动1920、抑制8000 共 143,596 个皮层神经元 ...
步长  6°，关学习，种子 20260916 → 停在哪  60°（挪了 10 格，共 490 拍，54 秒）
建皮层连接网：视觉23040、视觉细节23040、听觉30000、前额叶53200、运动160、运动记忆3576、本体感觉480、平衡感觉120、机身状态60、视觉运动1920、抑制8000 共 143,596 个皮层神经元 ...
步长  6°，关学习，种子 20260917 → 停在哪  54°（挪了 9 格，共 465 拍，52 秒）
建皮层连接网：视觉23040、视觉细节23040、听觉30000、前额叶53200、运动160、运动记忆3576、本体感觉480、平衡感觉120、机身状态60、视觉运动1920、抑制8000 共 143,596 个皮层神经元 ...
步长  6°，关学习，种子 20260918 → 停在哪  72°（挪了 12 格，共 540 拍，61 秒）
建皮层连接网：视觉23040、视觉细节23040、听觉30000、前额叶53200、运动160、运动记忆3576、本体感觉480、平衡感觉120、机身状态60、视觉运动1920、抑制8000 共 143,596 个皮层神经元 ...
步长 12°，开学习，种子 20260914 → 停在哪  96°（挪了 8 格，共 515 拍，152 秒）
建皮层连接网：视觉23040、视觉细节23040、听觉30000、前额叶53200、运动160、运动记忆3576、本体感觉480、平衡感觉120、机身状态60、视觉运动1920、抑制8000 共 143,596 个皮层神经元 ...
步长 12°，开学习，种子 20260915 → 停在哪  96°（挪了 8 格，共 540 拍，151 秒）
建皮层连接网：视觉23040、视觉细节23040、听觉30000、前额叶53200、运动160、运动记忆3576、本体感觉480、平衡感觉120、机身状态60、视觉运动1920、抑制8000 共 143,596 个皮层神经元 ...
步长 12°，开学习，种子 20260916 → 停在哪  84°（挪了 7 格，共 415 拍，121 秒）
建皮层连接网：视觉23040、视觉细节23040、听觉30000、前额叶53200、运动160、运动记忆3576、本体感觉480、平衡感觉120、机身状态60、视觉运动1920、抑制8000 共 143,596 个皮层神经元 ...
步长 12°，开学习，种子 20260917 → 停在哪  96°（挪了 8 格，共 565 拍，157 秒）
建皮层连接网：视觉23040、视觉细节23040、听觉30000、前额叶53200、运动160、运动记忆3576、本体感觉480、平衡感觉120、机身状态60、视觉运动1920、抑制8000 共 143,596 个皮层神经元 ...
步长 12°，开学习，种子 20260918 → 停在哪  96°（挪了 8 格，共 565 拍，158 秒）
建皮层连接网：视觉23040、视觉细节23040、听觉30000、前额叶53200、运动160、运动记忆3576、本体感觉480、平衡感觉120、机身状态60、视觉运动1920、抑制8000 共 143,596 个皮层神经元 ...
步长 12°，关学习，种子 20260914 → 停在哪  72°（挪了 6 格，共 390 拍，46 秒）
建皮层连接网：视觉23040、视觉细节23040、听觉30000、前额叶53200、运动160、运动记忆3576、本体感觉480、平衡感觉120、机身状态60、视觉运动1920、抑制8000 共 143,596 个皮层神经元 ...
步长 12°，关学习，种子 20260915 → 停在哪  72°（挪了 6 格，共 390 拍，46 秒）
建皮层连接网：视觉23040、视觉细节23040、听觉30000、前额叶53200、运动160、运动记忆3576、本体感觉480、平衡感觉120、机身状态60、视觉运动1920、抑制8000 共 143,596 个皮层神经元 ...
步长 12°，关学习，种子 20260916 → 停在哪  60°（挪了 5 格，共 365 拍，44 秒）
建皮层连接网：视觉23040、视觉细节23040、听觉30000、前额叶53200、运动160、运动记忆3576、本体感觉480、平衡感觉120、机身状态60、视觉运动1920、抑制8000 共 143,596 个皮层神经元 ...
步长 12°，关学习，种子 20260917 → 停在哪  48°（挪了 4 格，共 340 拍，41 秒）
建皮层连接网：视觉23040、视觉细节23040、听觉30000、前额叶53200、运动160、运动记忆3576、本体感觉480、平衡感觉120、机身状态60、视觉运动1920、抑制8000 共 143,596 个皮层神经元 ...
步长 12°，关学习，种子 20260918 → 停在哪  72°（挪了 6 格，共 390 拍，46 秒）

====================================================================================================
【总表】每 步长/学习/种子 一趟，看它认到哪一度
    步长 |     学习 |       种子 |     停在哪(度) |      花了多少拍
----------------------------------------------------------------------------------------------------
     3 |      开 | 20260914 |         96 |       1040
     3 |      开 | 20260915 |         96 |       1040
     3 |      开 | 20260916 |         96 |       1040
     3 |      开 | 20260917 |         96 |       1040
     3 |      开 | 20260918 |         96 |       1040
     3 |      关 | 20260914 |         72 |        840
     3 |      关 | 20260915 |         72 |        840
     3 |      关 | 20260916 |         60 |        740
     3 |      关 | 20260917 |         57 |        715
     3 |      关 | 20260918 |         72 |        840
     6 |      开 | 20260914 |         96 |        640
     6 |      开 | 20260915 |         96 |        690
     6 |      开 | 20260916 |         96 |        640
     6 |      开 | 20260917 |         96 |        715
     6 |      开 | 20260918 |         96 |        690
     6 |      关 | 20260914 |         72 |        540
     6 |      关 | 20260915 |         72 |        540
     6 |      关 | 20260916 |         60 |        490
     6 |      关 | 20260917 |         54 |        465
     6 |      关 | 20260918 |         72 |        540
    12 |      开 | 20260914 |         96 |        515
    12 |      开 | 20260915 |         96 |        540
    12 |      开 | 20260916 |         84 |        415
    12 |      开 | 20260917 |         96 |        565
    12 |      开 | 20260918 |         96 |        565
    12 |      关 | 20260914 |         72 |        390
    12 |      关 | 20260915 |         72 |        390
    12 |      关 | 20260916 |         60 |        365
    12 |      关 | 20260917 |         48 |        340
    12 |      关 | 20260918 |         72 |        390

【按步长汇总】
   步长  3°、开学习：平均停在哪 96 度（各趟 96、96、96、96、96）
   步长  3°、关学习：平均停在哪 67 度（各趟 72、72、60、57、72）
   步长  6°、开学习：平均停在哪 96 度（各趟 96、96、96、96、96）
   步长  6°、关学习：平均停在哪 66 度（各趟 72、72、60、54、72）
   步长 12°、开学习：平均停在哪 94 度（各趟 96、96、84、96、96）
   步长 12°、关学习：平均停在哪 65 度（各趟 72、72、60、48、72）

【收尾对照（每一趟都做，这里列出第一趟的）】
   停在 96°         走路 7/8
   黑屏             走路 0/8
   纯红 0°          走路 7/8
   跳到 120°        走路 0/8
   跳到 180°        走路 7/8
   再回 96°         走路 7/8
