====================================================================================================
同一条注视本能接在不同层上；小东西（半径 0.05 米 = 0.31 个格子）摆在 16 个方向，各试 3 秒
====================================================================================================

----------------------------------------------------------------------------------------------------
【完全不接（对照）】
建皮层连接网：视觉23040、视觉细节23040、听觉30000、前额叶57436、运动160、运动记忆3576、本体感觉480、平衡感觉120、机身状态60、视觉运动1920、多巴胺200、抑制8000 共 148,032 个皮层神经元 ...
  本能表写进去 242/587 条
     列 |      中心角 |      这层有细胞 |        末了眼朝哪 | 眼睛转过去了吗
     0 |   -46.9度 |          0 |        +0.0度 | 没转
     1 |   -40.6度 |          0 |        +0.0度 | 没转
     2 |   -34.4度 |          0 |        +0.0度 | 没转
     3 |   -28.1度 |          0 |        +0.0度 | 没转
     4 |   -21.9度 |          0 |        +0.0度 | 没转
     5 |   -15.6度 |          0 |        +0.0度 | 没转
     6 |    -9.4度 |          0 |        +0.0度 | 没转
     7 |    -3.1度 |          0 |        +0.0度 | 没转
     8 |    +3.1度 |          0 |        +0.0度 | 没转
     9 |    +9.4度 |          0 |        +0.0度 | 没转
    10 |   +15.6度 |          0 |        +0.0度 | 没转
    11 |   +21.9度 |          0 |        +0.0度 | 没转
    12 |   +28.1度 |          0 |        +0.0度 | 没转
    13 |   +34.4度 |          0 |        +0.0度 | 没转
    14 |   +40.6度 |          0 |        +0.0度 | 没转
    15 |   +46.9度 |          0 |        +0.0度 | 没转

----------------------------------------------------------------------------------------------------
【接在第 1 层】
建皮层连接网：视觉23040、视觉细节23040、听觉30000、前额叶57436、运动160、运动记忆3576、本体感觉480、平衡感觉120、机身状态60、视觉运动1920、多巴胺200、抑制8000 共 148,032 个皮层神经元 ...
  本能表写进去 581/587 条
     列 |      中心角 |      这层有细胞 |        末了眼朝哪 | 眼睛转过去了吗
     0 |   -46.9度 |          0 |        +0.0度 | 没转
     1 |   -40.6度 |          9 |        +0.0度 | 没转
     2 |   -34.4度 |          6 |        +0.0度 | 没转
     3 |   -28.1度 |          7 |        +0.0度 | 没转
     4 |   -21.9度 |          5 |        +0.0度 | 没转
     5 |   -15.6度 |          6 |        +0.0度 | 没转
     6 |    -9.4度 |          6 |        +0.0度 | 没转
     7 |    -3.1度 |         13 |        +0.0度 | 没转
     8 |    +3.1度 |         11 |        +0.0度 | 没转
     9 |    +9.4度 |          5 |        +0.0度 | 没转
    10 |   +15.6度 |          7 |        +0.0度 | 没转
    11 |   +21.9度 |          7 |        +0.0度 | 没转
    12 |   +28.1度 |          4 |        +0.0度 | 没转
    13 |   +34.4度 |         11 |        +0.0度 | 没转
    14 |   +40.6度 |          8 |        +0.0度 | 没转
    15 |   +46.9度 |          0 |        +0.0度 | 没转

----------------------------------------------------------------------------------------------------
【接在第 2 层】
建皮层连接网：视觉23040、视觉细节23040、听觉30000、前额叶57436、运动160、运动记忆3576、本体感觉480、平衡感觉120、机身状态60、视觉运动1920、多巴胺200、抑制8000 共 148,032 个皮层神经元 ...
  本能表写进去 578/587 条
     列 |      中心角 |      这层有细胞 |        末了眼朝哪 | 眼睛转过去了吗
     0 |   -46.9度 |          0 |        +0.0度 | 没转
     1 |   -40.6度 |          7 |        +0.0度 | 没转
     2 |   -34.4度 |          2 |        +0.0度 | 没转
     3 |   -28.1度 |         11 |        +0.0度 | 没转
     4 |   -21.9度 |          5 |        +0.0度 | 没转
     5 |   -15.6度 |          1 |        +0.0度 | 没转
     6 |    -9.4度 |          3 |        +0.0度 | 没转
     7 |    -3.1度 |         13 |        +0.0度 | 没转
     8 |    +3.1度 |          3 |        +0.0度 | 没转
     9 |    +9.4度 |          3 |        +0.0度 | 没转
    10 |   +15.6度 |          3 |        +0.0度 | 没转
    11 |   +21.9度 |          0 |        +0.0度 | 没转
    12 |   +28.1度 |          2 |        +0.0度 | 没转
    13 |   +34.4度 |          5 |        +0.0度 | 没转
    14 |   +40.6度 |         10 |        +0.0度 | 没转
    15 |   +46.9度 |          0 |        +0.0度 | 没转

----------------------------------------------------------------------------------------------------
【接在第 3 层】
建皮层连接网：视觉23040、视觉细节23040、听觉30000、前额叶57436、运动160、运动记忆3576、本体感觉480、平衡感觉120、机身状态60、视觉运动1920、多巴胺200、抑制8000 共 148,032 个皮层神经元 ...
  本能表写进去 581/587 条
     列 |      中心角 |      这层有细胞 |        末了眼朝哪 | 眼睛转过去了吗
     0 |   -46.9度 |          0 |        +0.0度 | 没转
     1 |   -40.6度 |          3 |        +0.0度 | 没转
     2 |   -34.4度 |          3 |        +0.0度 | 没转
     3 |   -28.1度 |          8 |        +0.0度 | 没转
     4 |   -21.9度 |          4 |        +0.0度 | 没转
     5 |   -15.6度 |          3 |        +0.0度 | 没转
     6 |    -9.4度 |          6 |        +0.0度 | 没转
     7 |    -3.1度 |         13 |        +0.0度 | 没转
     8 |    +3.1度 |          0 |        +0.0度 | 没转
     9 |    +9.4度 |          6 |        +0.0度 | 没转
    10 |   +15.6度 |          3 |        +0.0度 | 没转
    11 |   +21.9度 |          4 |        +0.0度 | 没转
    12 |   +28.1度 |          2 |        +0.0度 | 没转
    13 |   +34.4度 |          8 |        +0.0度 | 没转
    14 |   +40.6度 |         14 |        +0.0度 | 没转
    15 |   +46.9度 |          0 |        +0.0度 | 没转

====================================================================================================
【总表】「这一层对这个方向有细胞」和「眼睛转得过去」是不是同一件事
      接在哪层 |             有细胞的方向 |           眼睛转过去的方向 | 对得上吗
----------------------------------------------------------------------------------------------------
        不接 |            0 个: [] |            0 个: [] | ✓
       第1层 | 14 个: [1, 2, 3, 4, 5, 6, 7, 8, 9, 10, 11, 12, 13, 14] |            0 个: [] | ✓
       第2层 | 13 个: [1, 2, 3, 4, 5, 6, 7, 8, 9, 10, 12, 13, 14] |            0 个: [] | ✓
       第3层 | 13 个: [1, 2, 3, 4, 5, 6, 7, 9, 10, 11, 12, 13, 14] |            0 个: [] | ✓
