建皮层连接网：视觉23040、视觉细节23040、听觉30000、前额叶53200、运动160、运动记忆3576、本体感觉480、平衡感觉120、机身状态60、视觉运动1920、多巴胺200、抑制8000 共 143,796 个皮层神经元 ...
====================================================================================================
出生时：听觉 2749 段细胞 2749 个；前额叶「听到低频响」1097 个、「在想走路」9 个
        走路「前进1.2」= 运动记忆区里 15 个时刻神经元，头一个 = 132648
====================================================================================================

[1] 出生：只放声音、黑屏，走 40 拍（预期：走路那条链一动都不动）
     拍   整片亮   走路链亮   听觉亮   前额叶亮   走得远吗
      10     1346          0      203        1113   0.074 米
      20     1330          0      207        1114   0.212 米
      30     1345          0      208        1114   0.189 米
      40     1336          0      210        1114   0.261 米
    → 出生时走路链最多亮了 0 个时刻；机身歪 42.5 度、高 0.192 米

[2] 教学：放声音 + 老师点着「走路」+ 点亮多巴胺，走 60 拍
     拍   整片亮   走路链亮   听觉亮   前额叶亮   多巴胺
      10     1467         10       19        1114        0
      20     1481         14       22        1114        0
      30     1488         14       24        1114        0
      40     1492         14       26        1114        0
      50     1505         14       33        1114        0
      60     1521         14       33        1114        0
    学出的新兴奋直连：762559 根（其中当时亮着的对子当场连上的）

[3] 考试：把皮层全清空（忘掉刚才），只放声音、黑屏，走 60 拍
     拍   整片亮   走路链亮   听觉亮   前额叶亮   走得远吗
      10     1524         14       34        1114   0.037 米   011111111111111
      20     1525         14       34        1114   0.005 米   011111111111111
      30     1529         14       36        1114   0.002 米   011111111111111
      40     1532         14       37        1114   0.002 米   011111111111111
      50     1535         14       39        1114   0.002 米   011111111111111
      60     1539         14       42        1114   0.002 米   011111111111111

（考试时走路链最多亮了 14 个时刻；一共挪了 0.002 米；机身歪 180.0 度、高 0.058 米）
