建皮层连接网：视觉23040、视觉细节23040、听觉30000、前额叶53200、运动160、运动记忆3576、本体感觉480、平衡感觉120、机身状态60、视觉运动1920、多巴胺200、抑制8000、触觉210 共 144,006 个皮层神经元 ...
### 种子 20260914 ［摸］
  出生：只放声音     挪 0.042 米  走路拍了 0/30
  天生：看红         挪 0.172 米  走路拍了 30/30
  教学：红+声音      挪 0.174 米  摸过 0 拍  长出 0 根新连接
  考试：只放声音     挪 0.217 米  最高站到 0.115 米  走路拍了 0/200  没翻

建皮层连接网：视觉23040、视觉细节23040、听觉30000、前额叶53200、运动160、运动记忆3576、本体感觉480、平衡感觉120、机身状态60、视觉运动1920、多巴胺200、抑制8000、触觉210 共 144,006 个皮层神经元 ...
### 种子 20260915 ［摸］
  出生：只放声音     挪 0.040 米  走路拍了 0/30
  天生：看红         挪 0.200 米  走路拍了 30/30
  教学：红+声音      挪 2.280 米  摸过 199 拍  长出 520017 根新连接
  考试：只放声音     挪 1.104 米  最高站到 0.155 米  走路拍了 200/200  第 95 拍翻倒

建皮层连接网：视觉23040、视觉细节23040、听觉30000、前额叶53200、运动160、运动记忆3576、本体感觉480、平衡感觉120、机身状态60、视觉运动1920、多巴胺200、抑制8000、触觉210 共 144,006 个皮层神经元 ...
### 种子 20260916 ［摸］
  出生：只放声音     挪 0.035 米  走路拍了 0/30
  天生：看红         挪 0.170 米  走路拍了 30/30
  教学：红+声音      挪 2.391 米  摸过 198 拍  长出 511099 根新连接
  考试：只放声音     挪 1.235 米  最高站到 0.061 米  走路拍了 200/200  第 93 拍翻倒

建皮层连接网：视觉23040、视觉细节23040、听觉30000、前额叶53200、运动160、运动记忆3576、本体感觉480、平衡感觉120、机身状态60、视觉运动1920、多巴胺200、抑制8000、触觉210 共 144,006 个皮层神经元 ...
### 种子 20260914 ［不摸］
  出生：只放声音     挪 0.042 米  走路拍了 0/30
  天生：看红         挪 0.172 米  走路拍了 30/30
  教学：红+声音      挪 0.174 米  摸过 0 拍  长出 0 根新连接
  考试：只放声音     挪 0.217 米  最高站到 0.115 米  走路拍了 0/200  没翻

建皮层连接网：视觉23040、视觉细节23040、听觉30000、前额叶53200、运动160、运动记忆3576、本体感觉480、平衡感觉120、机身状态60、视觉运动1920、多巴胺200、抑制8000、触觉210 共 144,006 个皮层神经元 ...
### 种子 20260915 ［不摸］
  出生：只放声音     挪 0.040 米  走路拍了 0/30
  天生：看红         挪 0.200 米  走路拍了 30/30
  教学：红+声音      挪 2.524 米  摸过 0 拍  长出 0 根新连接
  考试：只放声音     挪 0.355 米  最高站到 0.095 米  走路拍了 0/200  没翻

建皮层连接网：视觉23040、视觉细节23040、听觉30000、前额叶53200、运动160、运动记忆3576、本体感觉480、平衡感觉120、机身状态60、视觉运动1920、多巴胺200、抑制8000、触觉210 共 144,006 个皮层神经元 ...
### 种子 20260916 ［不摸］
  出生：只放声音     挪 0.035 米  走路拍了 0/30
  天生：看红         挪 0.170 米  走路拍了 30/30
  教学：红+声音      挪 2.616 米  摸过 0 拍  长出 0 根新连接
  考试：只放声音     挪 0.181 米  最高站到 0.116 米  走路拍了 0/200  没翻

================================================================================================
【总表】考试段：清空皮层 + 趴下 + 黑屏 + 只放声音，它会不会自己站起来往前走
  条件     出生时（不该走）                       考试时（学会了没有）                     教学段摸了几拍 / 长出几根
------------------------------------------------------------------------------------------------
  摸      0/90 拍（3 个脑子）                  400/600 拍（3 个脑子）               摸了 397 拍 / 长 [0, 520017, 511099] 根
  不摸     0/90 拍（3 个脑子）                  0/600 拍（3 个脑子）                 摸了 0 拍 / 长 [0, 0, 0] 根
