建皮层连接网：视觉23040、视觉细节23040、听觉30000、前额叶53200、运动160、运动记忆3576、本体感觉480、平衡感觉120、机身状态60、视觉运动1920、多巴胺200、抑制8000 共 143,796 个皮层神经元 ...
  [原样] 考试起步：进运动区 265436 根，合计重 494436
      5 拍 高 0.161 歪   1 路程  0.01 走拍   5 运记亮 4 运动亮 79 力 7.90 进运动重 494436(+   0) 边 265436
     10 拍 高 0.297 歪   4 路程  0.02 走拍  10 运记亮 3 运动亮 78 力 7.80 进运动重 494436(+   0) 边 265436
     15 拍 高 0.383 歪   8 路程  0.05 走拍  15 运记亮 2 运动亮 82 力 8.20 进运动重 494436(+   0) 边 265436
     20 拍 高 0.381 歪   6 路程  0.08 走拍  20 运记亮 2 运动亮 81 力 8.10 进运动重 494436(+   0) 边 265436
     25 拍 高 0.369 歪   3 路程  0.14 走拍  25 运记亮 3 运动亮 75 力 7.50 进运动重 494436(+   0) 边 265436
     30 拍 高 0.350 歪   4 路程  0.22 走拍  30 运记亮 2 运动亮 83 力 8.30 进运动重 494436(+   0) 边 265436
     35 拍 高 0.345 歪  10 路程  0.30 走拍  35 运记亮 3 运动亮 83 力 8.30 进运动重 494436(+   0) 边 265436
     40 拍 高 0.310 歪  20 路程  0.38 走拍  40 运记亮 2 运动亮 81 力 8.10 进运动重 494436(+   0) 边 265436
     45 拍 高 0.262 歪  33 路程  0.48 走拍  45 运记亮 2 运动亮 81 力 8.10 进运动重 494436(+   0) 边 265436
     50 拍 高 0.221 歪  53 路程  0.57 走拍  50 运记亮 3 运动亮 82 力 8.20 进运动重 494436(+   0) 边 265436
     55 拍 高 0.232 歪  61 路程  0.62 走拍  55 运记亮 3 运动亮 80 力 8.00 进运动重 494436(+   0) 边 265436
     60 拍 高 0.215 歪  69 路程  0.68 走拍  60 运记亮 1 运动亮 83 力 8.30 进运动重 494436(+   0) 边 265436
     65 拍 高 0.161 歪  81 路程  0.75 走拍  65 运记亮 3 运动亮 79 力 7.90 进运动重 494436(+   0) 边 265436
     70 拍 高 0.161 歪  80 路程  0.78 走拍  70 运记亮 3 运动亮 88 力 8.80 进运动重 494436(+   0) 边 265436
     75 拍 高 0.156 歪  81 路程  0.79 走拍  75 运记亮 2 运动亮 92 力 9.20 进运动重 494436(+   0) 边 265436
     80 拍 高 0.155 歪  78 路程  0.80 走拍  80 运记亮 3 运动亮 81 力 8.10 进运动重 494436(+   0) 边 265436
     85 拍 高 0.154 歪  76 路程  0.80 走拍  85 运记亮 3 运动亮 87 力 8.70 进运动重 494436(+   0) 边 265436
     90 拍 高 0.155 歪  79 路程  0.82 走拍  90 运记亮 3 运动亮 83 力 8.30 进运动重 494436(+   0) 边 265436
     95 拍 高 0.155 歪  78 路程  0.82 走拍  95 运记亮 3 运动亮 92 力 9.20 进运动重 494436(+   0) 边 265436
    100 拍 高 0.155 歪  78 路程  0.82 走拍 100 运记亮 3 运动亮 78 力 7.80 进运动重 494436(+   0) 边 265436
    105 拍 高 0.155 歪  80 路程  0.83 走拍 105 运记亮 2 运动亮 90 力 9.00 进运动重 494436(+   0) 边 265436
    110 拍 高 0.155 歪  81 路程  0.84 走拍 110 运记亮 4 运动亮 82 力 8.20 进运动重 494436(+   0) 边 265436
    115 拍 高 0.154 歪  76 路程  0.85 走拍 115 运记亮 3 运动亮 88 力 8.80 进运动重 494436(+   0) 边 265436
    120 拍 高 0.155 歪  79 路程  0.85 走拍 120 运记亮 2 运动亮 82 力 8.20 进运动重 494436(+   0) 边 265436
    125 拍 高 0.155 歪  82 路程  0.86 走拍 125 运记亮 3 运动亮 90 力 9.00 进运动重 494436(+   0) 边 265436
    130 拍 高 0.155 歪  77 路程  0.87 走拍 130 运记亮 4 运动亮 78 力 7.80 进运动重 494436(+   0) 边 265436
    135 拍 高 0.155 歪  78 路程  0.88 走拍 135 运记亮 2 运动亮 92 力 9.20 进运动重 494436(+   0) 边 265436
    140 拍 高 0.155 歪  79 路程  0.89 走拍 140 运记亮 3 运动亮 81 力 8.10 进运动重 494436(+   0) 边 265436
    145 拍 高 0.154 歪  77 路程  0.90 走拍 145 运记亮 3 运动亮 87 力 8.70 进运动重 494436(+   0) 边 265436
    150 拍 高 0.154 歪  79 路程  0.91 走拍 150 运记亮 3 运动亮 83 力 8.30 进运动重 494436(+   0) 边 265436
    155 拍 高 0.154 歪  78 路程  0.92 走拍 155 运记亮 3 运动亮 92 力 9.20 进运动重 494436(+   0) 边 265436
    160 拍 高 0.155 歪  78 路程  0.92 走拍 160 运记亮 3 运动亮 78 力 7.80 进运动重 494436(+   0) 边 265436
    165 拍 高 0.156 歪  80 路程  0.93 走拍 165 运记亮 2 运动亮 90 力 9.00 进运动重 494436(+   0) 边 265436
    170 拍 高 0.155 歪  80 路程  0.93 走拍 170 运记亮 4 运动亮 82 力 8.20 进运动重 494436(+   0) 边 265436
    175 拍 高 0.154 歪  77 路程  0.94 走拍 175 运记亮 3 运动亮 88 力 8.80 进运动重 494436(+   0) 边 265436
    180 拍 高 0.155 歪  80 路程  0.95 走拍 180 运记亮 2 运动亮 82 力 8.20 进运动重 494436(+   0) 边 265436
    185 拍 高 0.155 歪  81 路程  0.96 走拍 185 运记亮 3 运动亮 90 力 9.00 进运动重 494436(+   0) 边 265436
    190 拍 高 0.154 歪  77 路程  0.97 走拍 190 运记亮 4 运动亮 78 力 7.80 进运动重 494436(+   0) 边 265436
    195 拍 高 0.155 歪  79 路程  0.98 走拍 195 运记亮 2 运动亮 92 力 9.20 进运动重 494436(+   0) 边 265436
    200 拍 高 0.155 歪  80 路程  0.98 走拍 200 运记亮 3 运动亮 81 力 8.10 进运动重 494436(+   0) 边 265436
### 种子 20260915 原样：挪 0.98 米、第 63 拍翻倒、末高 0.155、末歪 80、走链 200/200；进运动区重 494436→494436、边 265436→265436
建皮层连接网：视觉23040、视觉细节23040、听觉30000、前额叶53200、运动160、运动记忆3576、本体感觉480、平衡感觉120、机身状态60、视觉运动1920、多巴胺200、抑制8000 共 143,796 个皮层神经元 ...
  [冻] 考试起步：进运动区 262321 根，合计重 494433
      5 拍 高 0.161 歪   1 路程  0.01 走拍   5 运记亮 4 运动亮 79 力 7.90 进运动重 494433(+   0) 边 262321
     10 拍 高 0.297 歪   4 路程  0.02 走拍  10 运记亮 3 运动亮 78 力 7.80 进运动重 494433(+   0) 边 262321
     15 拍 高 0.383 歪   8 路程  0.05 走拍  15 运记亮 2 运动亮 82 力 8.20 进运动重 494433(+   0) 边 262321
     20 拍 高 0.381 歪   6 路程  0.08 走拍  20 运记亮 2 运动亮 81 力 8.10 进运动重 494433(+   0) 边 262321
     25 拍 高 0.369 歪   3 路程  0.13 走拍  25 运记亮 3 运动亮 75 力 7.50 进运动重 494433(+   0) 边 262321
     30 拍 高 0.350 歪   4 路程  0.22 走拍  30 运记亮 2 运动亮 83 力 8.30 进运动重 494433(+   0) 边 262321
     35 拍 高 0.345 歪  10 路程  0.30 走拍  35 运记亮 3 运动亮 82 力 8.20 进运动重 494433(+   0) 边 262321
     40 拍 高 0.310 歪  20 路程  0.38 走拍  40 运记亮 2 运动亮 80 力 8.00 进运动重 494433(+   0) 边 262321
     45 拍 高 0.265 歪  32 路程  0.47 走拍  45 运记亮 2 运动亮 81 力 8.10 进运动重 494433(+   0) 边 262321
     50 拍 高 0.215 歪  53 路程  0.57 走拍  50 运记亮 3 运动亮 82 力 8.20 进运动重 494433(+   0) 边 262321
     55 拍 高 0.230 歪  59 路程  0.61 走拍  55 运记亮 3 运动亮 79 力 7.90 进运动重 494433(+   0) 边 262321
     60 拍 高 0.218 歪  67 路程  0.66 走拍  60 运记亮 1 运动亮 83 力 8.30 进运动重 494433(+   0) 边 262321
     65 拍 高 0.173 歪  78 路程  0.73 走拍  65 运记亮 3 运动亮 79 力 7.90 进运动重 494433(+   0) 边 262321
     70 拍 高 0.156 歪  80 路程  0.76 走拍  70 运记亮 3 运动亮 88 力 8.80 进运动重 494433(+   0) 边 262321
     75 拍 高 0.155 歪  82 路程  0.77 走拍  75 运记亮 3 运动亮 82 力 8.20 进运动重 494433(+   0) 边 262321
     80 拍 高 0.155 歪  80 路程  0.78 走拍  80 运记亮 2 运动亮 92 力 9.20 进运动重 494433(+   0) 边 262321
     85 拍 高 0.155 歪  77 路程  0.80 走拍  85 运记亮 4 运动亮 75 力 7.50 进运动重 494433(+   0) 边 262321
     90 拍 高 0.154 歪  77 路程  0.80 走拍  90 运记亮 2 运动亮 92 力 9.20 进运动重 494433(+   0) 边 262321
     95 拍 高 0.155 歪  78 路程  0.82 走拍  95 运记亮 4 运动亮 81 力 8.10 进运动重 494433(+   0) 边 262321
    100 拍 高 0.156 歪  81 路程  0.82 走拍 100 运记亮 2 运动亮 89 力 8.90 进运动重 494433(+   0) 边 262321
    105 拍 高 0.155 歪  81 路程  0.83 走拍 105 运记亮 3 运动亮 80 力 8.00 进运动重 494433(+   0) 边 262321
    110 拍 高 0.156 歪  82 路程  0.84 走拍 110 运记亮 3 运动亮 92 力 9.20 进运动重 494433(+   0) 边 262321
    115 拍 高 0.155 歪  78 路程  0.85 走拍 115 运记亮 4 运动亮 77 力 7.70 进运动重 494433(+   0) 边 262321
    120 拍 高 0.154 歪  79 路程  0.87 走拍 120 运记亮 1 运动亮 92 力 9.20 进运动重 494433(+   0) 边 262321
    125 拍 高 0.156 歪  81 路程  0.87 走拍 125 运记亮 4 运动亮 79 力 7.90 进运动重 494433(+   0) 边 262321
    130 拍 高 0.154 歪  77 路程  0.88 走拍 130 运记亮 3 运动亮 88 力 8.80 进运动重 494433(+   0) 边 262321
    135 拍 高 0.155 歪  78 路程  0.89 走拍 135 运记亮 3 运动亮 82 力 8.20 进运动重 494433(+   0) 边 262321
    140 拍 高 0.156 歪  84 路程  0.89 走拍 140 运记亮 2 运动亮 92 力 9.20 进运动重 494433(+   0) 边 262321
    145 拍 高 0.156 歪  82 路程  0.90 走拍 145 运记亮 4 运动亮 75 力 7.50 进运动重 494433(+   0) 边 262321
    150 拍 高 0.155 歪  78 路程  0.92 走拍 150 运记亮 2 运动亮 92 力 9.20 进运动重 494433(+   0) 边 262321
    155 拍 高 0.155 歪  79 路程  0.93 走拍 155 运记亮 4 运动亮 81 力 8.10 进运动重 494433(+   0) 边 262321
    160 拍 高 0.155 歪  77 路程  0.94 走拍 160 运记亮 2 运动亮 89 力 8.90 进运动重 494433(+   0) 边 262321
    165 拍 高 0.155 歪  80 路程  0.94 走拍 165 运记亮 3 运动亮 80 力 8.00 进运动重 494433(+   0) 边 262321
    170 拍 高 0.155 歪  80 路程  0.95 走拍 170 运记亮 3 运动亮 92 力 9.20 进运动重 494433(+   0) 边 262321
    175 拍 高 0.155 歪  76 路程  0.95 走拍 175 运记亮 4 运动亮 77 力 7.70 进运动重 494433(+   0) 边 262321
    180 拍 高 0.156 歪  81 路程  0.96 走拍 180 运记亮 1 运动亮 92 力 9.20 进运动重 494433(+   0) 边 262321
    185 拍 高 0.155 歪  80 路程  0.97 走拍 185 运记亮 4 运动亮 79 力 7.90 进运动重 494433(+   0) 边 262321
    190 拍 高 0.154 歪  75 路程  0.97 走拍 190 运记亮 3 运动亮 88 力 8.80 进运动重 494433(+   0) 边 262321
    195 拍 高 0.155 歪  79 路程  0.98 走拍 195 运记亮 3 运动亮 82 力 8.20 进运动重 494433(+   0) 边 262321
    200 拍 高 0.156 歪  82 路程  0.99 走拍 200 运记亮 2 运动亮 92 力 9.20 进运动重 494433(+   0) 边 262321
### 种子 20260915 冻死进运动区的边：挪 0.99 米、第 64 拍翻倒、末高 0.156、末歪 82、走链 200/200；进运动区重 494433→494433、边 262321→262321
