   （跳过 视觉:黑 —— 这个例子里皮层一个细胞都没亮）
   （跳过 听觉:静 —— 这个例子里皮层一个细胞都没亮）
   （跳过 运动:放松 —— 这个例子里皮层一个细胞都没亮）
   （跳过 运动:左前髋不超过10档 —— 这个例子里皮层一个细胞都没亮）
   （跳过 运动:左前大腿不超过10档 —— 这个例子里皮层一个细胞都没亮）
   （跳过 运动:左前小腿不超过10档 —— 这个例子里皮层一个细胞都没亮）
   （跳过 运动:右前髋不超过10档 —— 这个例子里皮层一个细胞都没亮）
   （跳过 运动:右前大腿不超过10档 —— 这个例子里皮层一个细胞都没亮）
   （跳过 运动:右前小腿不超过10档 —— 这个例子里皮层一个细胞都没亮）
   （跳过 运动:左后髋不超过10档 —— 这个例子里皮层一个细胞都没亮）
   （跳过 运动:左后大腿不超过10档 —— 这个例子里皮层一个细胞都没亮）
   （跳过 运动:左后小腿不超过10档 —— 这个例子里皮层一个细胞都没亮）
   （跳过 运动:右后髋不超过10档 —— 这个例子里皮层一个细胞都没亮）
   （跳过 运动:右后大腿不超过10档 —— 这个例子里皮层一个细胞都没亮）
   （跳过 运动:右后小腿不超过10档 —— 这个例子里皮层一个细胞都没亮）
标定完成，写进 皮层名字_列32.json
  视觉: 17 个名字，每个占 6~10571 个细胞
  视觉细节: 34 个名字，每个占 5~12 个细胞
  听觉: 响(10456个细胞)、低频响(2749个细胞)、高频响(2810个细胞)、停(820个细胞)
  运动记忆: 221 个名字，每个占 1~1 个细胞
  前额叶: 看着红(2992个细胞)、看着左红(3269个细胞)、看着右红(3413个细胞)、听到低频响(1115个细胞)、在想走路(11个细胞)
  运动: 465 个名字，每个占 1~77 个细胞
  本体感觉: 左前腿蜷着(6个细胞)、右前腿蜷着(6个细胞)、左后腿蜷着(6个细胞)、右后腿蜷着(6个细胞)、趴着(12个细胞)、四条腿都蜷着(24个细胞)
  平衡感觉: 23 个名字，每个占 2~3 个细胞
  机身状态: 趴在地上(2个细胞)、趴下去了(3个细胞)、身体压低(3个细胞)、站得高(3个细胞)、快趴下了(3个细胞)、在往前走(3个细胞)、在往后走(3个细胞)、在往左走(3个细胞)、在往右走(3个细胞)
  视觉运动: 384 个名字，每个占 10~10 个细胞
