球色 red，0.9 米远，直径 0.06 米；扫 403 个位置（左右 31 x 上下 13），每个停 12 步读 6 步
层的大小：retinal_opponent 10368、retinal_contrast 1504、binocular 4480、retinal_memory 48、retina 18

=== 1. 视网膜上亮的是方块还是列？（左眼红通道，球在 0.00, 0.00 弧度）===
    012345678901234567890123456789012345678901234567
  0                                                 
  1                                                 
  2                                                 
  3                                                 
  4                                                 
  5                                                 
  6                                                 
  7                                                 
  8                                                 
  9                                                 
 10                                                 
 11                                                 
 12                                                 
 13                                                 
 14                                                 
 15                                                 
 16                                                 
 17                                                 
 18                                                 
 19                                                 
 20                                 -@@@=           
 21                                +@@@@@:          
 22                                @@@@@@%          
 23                               #@@@@@%%          
 24                               %%@@@@#@          
 25                               -*@%@@#@          
 26                               =+*@@@@@          
 27                                :*@@@%.          
 28                                   ::            
 29                                                 
 30                                                 
 31                                                 
 32                                                 
 33                                                 
 34                                                 
 35                                                 
方块范围：第 20~27 行、第 30~37 列，共 51 个细胞（整幅图是 36 x 48 = 1728 个）
最亮那一行有 8 个细胞亮；最亮那一列有 8 个细胞亮（所以是块，不是列）

=== 1b. 每一个位置上的亮块中心（左眼）===
高低\方位  -25.8  -24.1  -22.3  -20.6  -18.9  -17.2  -15.5  -13.8  -12.0  -10.3   -8.6   -6.9   -5.2   -3.4   -1.7    0.0    1.7    3.4    5.2    6.9    8.6   10.3   12.0   13.8   15.5   17.2   18.9   20.6   22.3   24.1   25.8
  -20.6    nan    nan    nan   47.0   46.5   46.1   45.1   44.1   43.4   42.5   41.4   40.1   39.0   37.6   36.1   34.5   32.3   30.1   27.5   24.6   21.9   19.4   16.5   14.0   12.1   10.1    8.9    7.5    6.1    5.0    4.0
           nan    nan    nan   35.0   35.0   35.0   35.0   35.0   35.0   35.0   34.9   34.9   34.9   34.8   34.8   34.8   34.8   34.8   34.8   34.8   34.8   34.9   35.0   35.0   35.0   35.0   35.0   35.0   35.0   35.0   35.0
  -17.2    nan    nan   47.0   46.8   46.5   45.9   45.0   44.2   43.4   42.4   41.3   40.2   39.0   37.6   36.0   34.3   32.4   29.9   27.1   24.4   21.5   18.9   16.3   13.7   11.9   10.1    8.6    7.1    6.0    4.7    3.6
           nan    nan   34.4   34.0   34.0   34.1   34.0   34.0   34.0   34.1   34.1   34.0   34.0   34.0   33.9   33.9   34.0   34.0   34.0   34.0   34.0   34.0   34.0   34.1   34.1   34.1   34.2   34.3   34.3   34.5   34.5
  -13.8    nan    nan   47.0   46.7   46.5   46.0   45.1   44.1   43.2   42.2   41.2   40.1   38.8   37.4   35.8   34.1   32.1   29.6   26.8   24.0   21.4   18.6   16.0   13.5   11.7   10.1    8.5    7.0    5.8    4.6    3.4
           nan    nan   32.5   32.4   32.4   32.5   32.5   32.4   32.3   32.3   32.3   32.2   32.2   32.1   32.1   32.2   32.2   32.2   32.2   32.2   32.3   32.3   32.4   32.4   32.5   32.6   32.6   32.7   32.8   33.0   33.3
  -10.3    nan    nan   47.0   46.7   46.4   46.0   45.0   44.1   43.0   42.0   40.9   39.8   38.6   37.2   35.7   34.1   31.9   29.6   26.8   24.0   21.1   18.4   15.9   13.5   11.7   10.0    8.4    7.0    5.8    4.5    3.5
           nan    nan   30.0   30.4   30.4   30.6   30.3   30.2   30.0   30.1   30.0   30.1   30.1   29.9   29.9   29.9   29.9   30.0   30.0   30.0   30.0   30.1   30.1   30.2   30.3   30.4   30.4   30.6   30.7   30.9   31.0
   -6.9    nan   47.0   47.0   46.7   46.3   45.8   45.0   44.0   43.0   41.9   40.7   39.7   38.5   37.1   35.7   34.0   31.9   29.5   26.7   24.0   21.1   18.3   15.8   13.4   11.6   10.0    8.5    7.0    5.8    4.6    3.5
           nan   28.0   27.4   27.3   27.7   27.7   27.6   27.5   27.5   27.5   27.5   27.5   27.5   27.3   27.4   27.4   27.4   27.4   27.5   27.5   27.5   27.6   27.6   27.6   27.6   27.6   27.7   27.8   28.1   28.2   28.3
   -3.4    nan   47.0   47.0   46.6   46.3   45.7   44.8   43.9   42.8   41.8   40.7   39.6   38.3   37.1   35.6   33.9   31.6   29.4   26.6   23.8   21.0   18.3   15.8   13.4   11.6   10.0    8.5    7.0    5.9    4.6    3.5
           nan   23.8   23.7   23.5   23.6   23.7   23.7   23.6   23.5   23.5   23.5   23.6   23.6   23.5   23.5   23.6   23.5   23.6   23.6   23.6   23.6   23.7   23.6   23.7   23.7   23.8   24.0   23.9   23.9   24.0   24.1
    0.0    nan   47.0   47.0   46.7   46.3   45.7   44.8   43.9   42.8   41.8   40.7   39.7   38.4   37.1   35.6   33.8   31.6   29.4   26.6   23.9   21.0   18.3   15.8   13.4   11.7   10.0    8.5    7.0    5.9    4.5    3.5
           nan   18.5   18.1   18.4   18.4   18.6   18.7   18.7   18.7   18.8   18.6   18.8   18.8   18.7   18.8   18.8   18.8   18.8   18.9   18.8   18.9   18.9   18.8   18.9   18.8   18.9   18.7   18.8   18.7   18.7   18.7
    3.4    nan   47.0   47.0   46.6   46.3   45.7   44.8   43.9   42.9   41.9   40.7   39.7   38.4   37.1   35.7   33.9   31.7   29.4   26.7   23.9   21.1   18.4   15.8   13.4   11.7   10.0    8.5    7.0    5.9    4.6    3.5
           nan   12.7   12.3   13.0   13.3   13.3   13.3   13.5   13.6   13.8   13.7   13.7   13.6   13.7   13.7   13.8   13.8   13.8   13.9   13.9   13.8   13.8   13.7   13.7   13.7   13.7   13.7   13.6   13.5   13.5   13.4
    6.9    nan   47.0   47.0   46.7   46.4   45.7   45.0   44.0   42.9   41.9   40.8   39.7   38.5   37.2   35.6   34.0   31.8   29.6   26.8   23.9   21.1   18.4   15.7   13.4   11.6   10.0    8.5    7.0    5.9    4.5    3.4
           nan    9.0    7.9    8.3    8.6    8.7    8.9    9.0    9.1    9.3    9.4    9.4    9.5    9.5    9.5    9.6    9.5    9.5    9.5    9.5    9.4    9.4    9.3    9.1    9.0    9.0    8.9    8.8    8.7    8.6    8.3
   10.3    nan   47.0   47.0   46.6   46.4   45.8   44.9   44.0   43.1   42.0   40.8   39.7   38.4   37.2   35.7   34.0   31.8   29.5   26.8   24.0   21.2   18.5   15.8   13.4   11.7   10.1    8.6    7.0    5.9    4.6    3.5
           nan    5.5    5.3    5.6    5.8    5.8    5.8    5.7    5.9    6.1    6.1    6.1    6.1    6.1    6.2    6.3    6.3    6.3    6.3    6.2    6.1    6.0    6.0    5.9    5.9    5.7    5.6    5.6    5.6    5.4    5.2
   13.8    nan    nan   47.0   46.7   46.5   45.9   44.9   44.1   43.1   42.1   40.9   39.8   38.7   37.2   35.8   34.2   32.1   29.9   26.9   24.3   21.4   18.7   16.1   13.6   11.7   10.1    8.6    7.1    5.9    4.7    3.5
           nan    nan    2.9    3.3    3.3    3.4    3.4    3.5    3.6    3.9    3.9    3.9    4.1    4.1    4.1    4.1    4.1    4.1    4.1    4.1    4.0    3.9    3.8    3.7    3.5    3.4    3.3    3.2    3.1    3.0    2.7
   17.2    nan    nan   47.0   46.7   46.6   46.0   45.1   44.1   43.1   42.2   41.1   40.1   38.9   37.6   35.9   34.4   32.3   29.9   27.0   24.2   21.7   18.9   16.1   13.8   11.8   10.2    8.7    7.1    5.8    4.7    3.5
           nan    nan    1.5    1.3    1.2    1.4    1.5    1.8    1.9    1.9    1.9    1.9    2.0    1.9    2.0    1.9    2.0    1.9    1.9    1.9    1.9    1.9    1.8    1.8    1.8    1.6    1.4    1.2    1.0    0.8    0.7
   20.6    nan    nan   47.0   46.7   46.7   46.1   45.2   44.1   43.4   42.4   41.4   40.3   39.0   37.5   36.0   34.3   32.5   29.9   27.5   24.9   21.9   19.2   16.4   13.9   12.0   10.4    8.9    7.1    6.1    4.9    3.8
           nan    nan    0.0    0.3    0.3    0.2    0.3    0.4    0.4    0.4    0.4    0.4    0.4    0.4    0.5    0.5    0.5    0.5    0.4    0.4    0.4    0.4    0.4    0.3    0.4    0.3    0.3    0.2    0.2    0.1    0.0
看得到的球 382 / 403 个位置；亮块平均 5.6 x 6.2 个细胞
列中心 = -1.0490 * 方位 + 29.94（最大偏差 7.4 列 = 7.1 度）
行中心 = -1.0158 * 高低 + 20.05（最大偏差 3.6 行 = 3.6 度）

=== 2. 视网膜格子的位置野（球在这个位置时，它最亮）===
  格子(行,列)      最爱方位      最爱高低      选择性z        峰值
    (6,8)     18.2°      8.5°       8.5     1.000
   (6,16)      9.9°     11.7°       9.1     1.000
   (6,24)      6.6°     11.7°       9.6     1.000
   (6,32)      1.6°     11.7°       9.1     1.000
   (6,40)     -6.6°     11.7°      10.0     1.000
   (12,8)     19.9°      5.3°       9.5     1.000
  (12,16)     13.3°      5.2°       9.7     1.000
  (12,24)      5.0°      5.2°       7.9     1.000
  (12,32)      5.0°      5.2°       9.3     1.000
  (12,40)     -6.6°      5.2°       9.1     0.982
   (18,8)     16.6°      2.0°       8.2     1.000
  (18,16)     10.0°      1.9°       9.2     1.000
  (18,24)      5.0°      1.9°       7.7     1.000
  (18,32)      1.7°      1.9°       8.8     1.000
  (18,40)     -6.6°      1.9°       8.8     1.000
   (24,8)     16.6°     -1.3°       9.0     1.000
  (24,16)     10.0°     -1.4°       9.2     1.000
  (24,24)      5.0°     -1.4°       8.1     1.000
  (24,32)      1.7°     -1.4°       8.7     1.000
  (24,40)     -8.3°     -1.3°       9.0     1.000
   (30,8)     16.7°     -7.9°       7.8     1.000
  (30,16)     10.0°     -8.0°       8.5     1.000
  (30,24)      5.0°     -8.0°       8.2     1.000
  (30,32)     -0.0°     -8.0°       8.6     1.000
  (30,40)     -8.3°     -7.9°       8.8     1.000

=== 3. 各层里位置选择性最强的细胞 ===
层                      细胞号(内)     选择性z       最爱方位      最爱高低        峰值
retinal_opponent         6039     20.0     -24.8°      11.9°     0.985
retinal_opponent         4182     20.0      25.0°      -4.6°     0.880
retinal_opponent         6471     20.0     -24.8°       8.6°     0.975
retinal_opponent         1158     20.0      24.8°       8.6°     0.985
retinal_opponent          726     20.0      24.8°      11.8°     0.943
retinal_contrast          422     20.0      10.0°       1.9°     0.736
retinal_contrast          385     20.0      24.9°       2.0°     0.273
retinal_contrast          419     20.0      10.0°       1.9°     0.615
retinal_contrast          932     20.0     -23.2°       8.6°     0.363
retinal_contrast          327     20.0       6.6°       1.9°     0.325
binocular                3007     20.0     -25.2°     -17.8°     0.356
binocular                2587     20.0     -25.2°     -17.8°     0.422
binocular                 593     20.0      13.2°      11.7°     0.473
binocular                 503     20.0      -9.8°      18.2°     0.814
binocular                3250     20.0     -25.2°     -17.8°     0.279
retinal_memory              0      8.0      13.2°      15.0°     1.000
retinal_memory             12      7.9      13.2°       8.5°     1.000
retinal_memory             36      7.2      13.3°       1.9°     1.000
retinal_memory              3      7.0      -0.0°      14.9°     1.000
retinal_memory              9      7.0      -9.9°      15.0°     1.000
retina                     10     11.8       3.3°      18.1°     0.000
retina                      7      9.2     -25.2°     -17.8°     0.000
retina                     16      8.5      -8.3°     -11.3°     0.000
retina                      4      7.7      13.3°       5.2°     0.000
retina                     13      6.4      -5.0°     -11.3°     0.000

读数 -> artifacts\红球扫场_红.json
