球色 red，0.9 米远，直径 0.06 米，清空摆设 True，视网膜 36 行 x 48 列
    方位(度)     高低(度)     左眼列     右眼列     左右差      峰行      左眼红量       红像元      18格红
    -28.6     -15.3    -1.0    45.3    46.3    -1.0       0.0 [0.367, 0.408, 0.5] [0.0, 0.0, 0.0]
    -21.0     -14.5    47.0    40.6    -6.4    34.2       2.1 [0.537, 0.408, 0.502] [0.0, 0.0, 0.0513]
    -13.9     -14.5    44.5    34.0   -10.5    34.1       9.5 [0.769, 0.408, 0.502] [0.0, 0.0, 0.2374]
     -7.0     -14.5    40.3    23.3   -17.0    33.9      12.9 [0.808, 0.408, 0.502] [0.0, 0.0, 0.3231]
      0.0     -14.6    34.2    12.8   -21.4    33.9      21.0 [0.863, 0.408, 0.502] [0.0, 0.0567, 0.4696]
      7.0     -14.6    23.8     6.8   -17.1    33.9      37.8 [0.831, 0.408, 0.502] [0.0, 0.9459, 0.0]
     13.9     -14.6    13.1     2.5   -10.6    34.1      21.3 [0.796, 0.408, 0.502] [0.4432, 0.0902, 0.0]
     20.9     -14.6     6.5     0.1    -6.5    34.3      12.1 [0.796, 0.408, 0.502] [0.3022, 0.0, 0.0]
     27.9     -14.5     1.8    -1.0    -2.8    34.6       7.0 [0.753, 0.408, 0.502] [0.1749, 0.0, 0.0]
    -27.8      -6.1    -1.0    45.4    46.4    -1.0       0.0 [0.369, 0.408, 0.502] [0.0, 0.0, 0.0]
    -20.9      -6.2    46.8    40.6    -6.2    28.9       4.9 [0.685, 0.408, 0.502] [0.0, 0.0, 0.1228]
    -13.9      -6.2    44.2    34.2   -10.1    28.9      14.2 [0.808, 0.408, 0.502] [0.0, 0.0, 0.356]
     -6.9      -6.2    40.0    23.6   -16.4    28.8      19.5 [0.844, 0.408, 0.502] [0.0, 0.0, 0.4877]
      0.0      -6.2    33.9    13.2   -20.7    28.8      31.4 [0.886, 0.408, 0.502] [0.0, 0.104, 0.6818]
      6.9      -6.2    23.4     7.0   -16.4    28.9      55.7 [0.855, 0.408, 0.502] [0.0, 1.0, 0.0]
     13.9      -6.2    12.9     2.8   -10.1    29.0      31.6 [0.808, 0.408, 0.502] [0.6999, 0.0909, 0.0]
     20.8      -6.2     6.4     0.2    -6.2    29.3      21.7 [0.839, 0.408, 0.502] [0.5424, 0.0, 0.0]
     27.8      -6.2     1.6    -1.0    -2.6    29.9      17.8 [0.753, 0.408, 0.502] [0.4446, 0.0, 0.0]
    -27.7       2.2    -1.0    45.3    46.3    -1.0       0.0 [0.369, 0.408, 0.502] [0.0, 0.0, 0.0]
    -20.8       2.1    46.7    40.6    -6.1    18.3      13.6 [0.741, 0.408, 0.502] [0.0, 0.0, 0.3397]
    -13.9       2.1    44.1    34.2    -9.9    18.6      34.2 [0.859, 0.408, 0.502] [0.0, 0.0, 0.8553]
     -6.9       2.1    39.9    23.8   -16.1    18.6      43.8 [0.914, 0.408, 0.502] [0.0, 0.0, 1.0]
     -0.0       2.0    33.7    13.3   -20.5    18.7      71.4 [0.986, 0.408, 0.502] [0.0, 0.2913, 1.0]
      6.9       2.0    23.2     7.1   -16.1    18.7     123.7 [0.976, 0.408, 0.502] [0.0, 1.0, 0.0]
     13.9       2.1    12.8     2.9    -9.9    18.7      74.6 [0.878, 0.408, 0.502] [1.0, 0.211, 0.0]
     20.8       2.1     6.4     0.3    -6.2    18.7      51.0 [0.839, 0.408, 0.502] [1.0, 0.0, 0.0]
     27.7       2.2     1.7    -1.0    -2.7    18.5      44.8 [0.792, 0.408, 0.502] [1.0, 0.0, 0.0]
    -27.6      10.4    -1.0    45.3    46.3    -1.0       0.0 [0.369, 0.408, 0.502] [0.0, 0.0, 0.0]
    -20.7      10.4    46.8    40.5    -6.2     7.0       5.1 [0.675, 0.408, 0.502] [0.0, 0.0, 0.1272]
    -13.8      10.3    44.1    34.1   -10.0     7.2      14.7 [0.765, 0.408, 0.502] [0.0, 0.0, 0.3677]
     -6.9      10.2    39.9    23.6   -16.3     7.4      19.9 [0.71, 0.408, 0.502] [0.0, 0.0, 0.4979]
     -0.0      10.2    33.9    13.2   -20.7     7.6      32.3 [0.729, 0.408, 0.502] [0.0, 0.1077, 0.7004]
      6.9      10.2    23.4     7.1   -16.3     7.5      57.9 [0.739, 0.408, 0.502] [0.0, 1.0, 0.0]
     13.8      10.3    12.9     2.9   -10.0     7.3      33.7 [0.704, 0.408, 0.502] [0.7456, 0.0971, 0.0]
     20.7      10.3     6.5     0.2    -6.3     6.9      21.4 [0.685, 0.408, 0.502] [0.5359, 0.0, 0.0]
     27.6      10.4     1.7    -1.0    -2.7     6.3      17.4 [0.632, 0.408, 0.502] [0.4345, 0.0, 0.0]
    -27.5      18.6    -1.0    45.3    46.3    -1.0       0.0 [0.369, 0.408, 0.502] [0.0, 0.0, 0.0]
    -20.6      18.5    46.9    40.4    -6.5     1.2       2.5 [0.506, 0.408, 0.502] [0.0, 0.0, 0.0627]
    -13.7      18.4    44.4    33.9   -10.5     1.5       8.7 [0.565, 0.408, 0.502] [0.0, 0.0, 0.2168]
     -6.9      18.4    40.2    23.3   -16.9     1.9      11.0 [0.62, 0.408, 0.502] [0.0, 0.0, 0.2743]
     -0.0      18.4    34.2    12.9   -21.3     2.0      17.7 [0.647, 0.408, 0.502] [0.0, 0.0432, 0.4]
      6.9      18.4    23.8     6.8   -17.0     1.9      31.9 [0.659, 0.408, 0.502] [0.0, 0.7969, 0.0]
     13.7      18.4    13.1     2.6   -10.5     1.6      19.3 [0.588, 0.408, 0.502] [0.411, 0.0724, 0.0]
     20.6      18.5     6.6     0.1    -6.5     1.1      12.7 [0.647, 0.408, 0.502] [0.3172, 0.0, 0.0]
     27.5      18.6     1.7    -1.0    -2.7     0.7       8.2 [0.62, 0.408, 0.502] [0.2054, 0.0, 0.0]

列 -> 方位 的直线拟合（左眼）：方位 = -0.016558 * 列 + 0.4946（最大偏差 0.0838 弧度，40 个方位）
也就是说：第 -29.8707 列大约在 28.3 度，每列大约 -0.95 度
读数 -> F:\born-wired-cortex\engine_v2\artifacts\红球特征神经元_红.json
