    s0g12-0000 stands_still                       pass   13.6s
    s0g12-0000 walk_furnished                     pass   21.6s
    s0g12-0000 get_up_from_back                   FAIL    3.4s
    s0g12-0000 stay_up_when_pushed                pass    4.0s
    s0g12-0000 eyes_follow_ball                   pass    3.2s
    s0g12-0000 turn_to_sound                      pass    6.1s
    s0g12-0000 does_not_spin_on_the_spot          pass   15.7s
s0g12-0000                   6/7 ['does_not_spin_on_the_spot', 'eyes_follow_ball', 'stands_still', 'stay_up_when_pushed', 'turn_to_sound', 'walk_furnished']
    s0g12-0001 stands_still                       pass   11.8s
    s0g12-0001 walk_furnished                     pass   22.4s
    s0g12-0001 get_up_from_back                   pass    3.2s
    s0g12-0001 stay_up_when_pushed                FAIL    3.8s
    s0g12-0001 eyes_follow_ball                   pass    3.2s
    s0g12-0001 turn_to_sound                      pass    6.2s
    s0g12-0001 does_not_spin_on_the_spot          pass   15.6s
s0g12-0001                   6/7 ['does_not_spin_on_the_spot', 'eyes_follow_ball', 'get_up_from_back', 'stands_still', 'turn_to_sound', 'walk_furnished']
    s0g12-0002 stands_still                       pass   11.7s
    s0g12-0002 walk_furnished                     pass   24.4s
    s0g12-0002 get_up_from_back                   pass    3.6s
    s0g12-0002 stay_up_when_pushed                pass    4.2s
    s0g12-0002 eyes_follow_ball                   pass    3.6s
    s0g12-0002 turn_to_sound                      pass    6.9s
    s0g12-0002 does_not_spin_on_the_spot          pass   17.8s
s0g12-0002                   7/7 ['does_not_spin_on_the_spot', 'eyes_follow_ball', 'get_up_from_back', 'stands_still', 'stay_up_when_pushed', 'turn_to_sound', 'walk_furnished']
    s0g12-0003 stands_still                       pass   13.5s
    s0g12-0003 walk_furnished                     pass   25.3s
    s0g12-0003 get_up_from_back                   FAIL    3.5s
    s0g12-0003 stay_up_when_pushed                pass    4.2s
    s0g12-0003 eyes_follow_ball                   pass    3.7s
    s0g12-0003 turn_to_sound                      pass    6.4s
    s0g12-0003 does_not_spin_on_the_spot          pass   17.3s
s0g12-0003                   6/7 ['does_not_spin_on_the_spot', 'eyes_follow_ball', 'stands_still', 'stay_up_when_pushed', 'turn_to_sound', 'walk_furnished']
    s0g12-0004 stands_still                       pass   13.8s
    s0g12-0004 walk_furnished                     pass   27.9s
    s0g12-0004 get_up_from_back                   FAIL    3.7s
    s0g12-0004 stay_up_when_pushed                FAIL    4.2s
    s0g12-0004 eyes_follow_ball                   pass    3.7s
    s0g12-0004 turn_to_sound                      pass    7.2s
    s0g12-0004 does_not_spin_on_the_spot          pass   18.3s
s0g12-0004                   5/7 ['does_not_spin_on_the_spot', 'eyes_follow_ball', 'stands_still', 'turn_to_sound', 'walk_furnished']
    s0g12-0005 stands_still                       pass   13.9s
    s0g12-0005 walk_furnished                     pass   27.3s
    s0g12-0005 get_up_from_back                   FAIL    4.3s
    s0g12-0005 stay_up_when_pushed                pass    4.9s
    s0g12-0005 eyes_follow_ball                   pass    4.1s
    s0g12-0005 turn_to_sound                      pass    7.4s
    s0g12-0005 does_not_spin_on_the_spot          pass   18.0s
s0g12-0005                   6/7 ['does_not_spin_on_the_spot', 'eyes_follow_ball', 'stands_still', 'stay_up_when_pushed', 'turn_to_sound', 'walk_furnished']
    s0g12-0006 stands_still                       pass   13.7s
    s0g12-0006 walk_furnished                     pass   27.5s
    s0g12-0006 get_up_from_back                   FAIL    4.4s
    s0g12-0006 stay_up_when_pushed                pass    4.4s
    s0g12-0006 eyes_follow_ball                   pass    4.0s
    s0g12-0006 turn_to_sound                      pass    6.9s
    s0g12-0006 does_not_spin_on_the_spot          pass   19.0s
s0g12-0006                   6/7 ['does_not_spin_on_the_spot', 'eyes_follow_ball', 'stands_still', 'stay_up_when_pushed', 'turn_to_sound', 'walk_furnished']
    s0g12-0007 stands_still                       pass   15.1s
    s0g12-0007 walk_furnished                     pass   27.6s
    s0g12-0007 get_up_from_back                   pass    4.4s
    s0g12-0007 stay_up_when_pushed                pass    4.9s
    s0g12-0007 eyes_follow_ball                   pass    3.8s
    s0g12-0007 turn_to_sound                      pass    7.1s
    s0g12-0007 does_not_spin_on_the_spot          pass   19.5s
s0g12-0007                   7/7 ['does_not_spin_on_the_spot', 'eyes_follow_ball', 'get_up_from_back', 'stands_still', 'stay_up_when_pushed', 'turn_to_sound', 'walk_furnished']
    s0g12-0008 stands_still                       FAIL    0.1s
    s0g12-0008 walk_furnished                     FAIL    0.1s
    s0g12-0008 get_up_from_back                   FAIL    0.1s
    s0g12-0008 stay_up_when_pushed                FAIL    0.1s
    s0g12-0008 eyes_follow_ball                   FAIL    0.1s
    s0g12-0008 turn_to_sound                      FAIL    0.1s
    s0g12-0008 does_not_spin_on_the_spot          FAIL    0.1s
s0g12-0008                   0/7 []
    s0g12-0009 stands_still                       FAIL    0.1s
    s0g12-0009 walk_furnished                     FAIL    0.1s
    s0g12-0009 get_up_from_back                   FAIL    0.1s
    s0g12-0009 stay_up_when_pushed                FAIL    0.1s
    s0g12-0009 eyes_follow_ball                   FAIL    0.1s
    s0g12-0009 turn_to_sound                      FAIL    0.1s
    s0g12-0009 does_not_spin_on_the_spot          FAIL    0.2s
s0g12-0009                   0/7 []
    s0g12-0010 stands_still                       FAIL    0.1s
    s0g12-0010 walk_furnished                     FAIL    0.1s
    s0g12-0010 get_up_from_back                   FAIL    0.1s
    s0g12-0010 stay_up_when_pushed                FAIL    0.1s
    s0g12-0010 eyes_follow_ball                   FAIL    0.1s
    s0g12-0010 turn_to_sound                      FAIL    0.1s
    s0g12-0010 does_not_spin_on_the_spot          FAIL    0.1s
s0g12-0010                   0/7 []
    s0g12-0011 stands_still                       FAIL    0.1s
    s0g12-0011 walk_furnished                     FAIL    0.1s
    s0g12-0011 get_up_from_back                   FAIL    0.1s
    s0g12-0011 stay_up_when_pushed                FAIL    0.1s
    s0g12-0011 eyes_follow_ball                   FAIL    0.1s
    s0g12-0011 turn_to_sound                      FAIL    0.1s
    s0g12-0011 does_not_spin_on_the_spot          FAIL    0.1s
s0g12-0011                   0/7 []
    s0g12-0012 stands_still                       FAIL    0.1s
    s0g12-0012 walk_furnished                     FAIL    0.1s
    s0g12-0012 get_up_from_back                   FAIL    0.1s
    s0g12-0012 stay_up_when_pushed                FAIL    0.1s
    s0g12-0012 eyes_follow_ball                   FAIL    0.1s
    s0g12-0012 turn_to_sound                      FAIL    0.1s
    s0g12-0012 does_not_spin_on_the_spot          FAIL    0.1s
s0g12-0012                   0/7 []
    s0g12-0013 stands_still                       FAIL    0.1s
    s0g12-0013 walk_furnished                     FAIL    0.1s
    s0g12-0013 get_up_from_back                   FAIL    0.1s
    s0g12-0013 stay_up_when_pushed                FAIL    0.1s
    s0g12-0013 eyes_follow_ball                   FAIL    0.1s
    s0g12-0013 turn_to_sound                      FAIL    0.1s
    s0g12-0013 does_not_spin_on_the_spot          FAIL    0.1s
s0g12-0013                   0/7 []
    s0g12-0014 stands_still                       FAIL    0.1s
    s0g12-0014 walk_furnished                     FAIL    0.1s
    s0g12-0014 get_up_from_back                   FAIL    0.1s
    s0g12-0014 stay_up_when_pushed                FAIL    0.1s
    s0g12-0014 eyes_follow_ball                   FAIL    0.1s
    s0g12-0014 turn_to_sound                      FAIL    0.1s
    s0g12-0014 does_not_spin_on_the_spot          FAIL    0.1s
s0g12-0014                   0/7 []
    s0g12-0015 stands_still                       FAIL    0.1s
    s0g12-0015 walk_furnished                     FAIL    0.1s
    s0g12-0015 get_up_from_back                   FAIL    0.1s
    s0g12-0015 stay_up_when_pushed                FAIL    0.1s
    s0g12-0015 eyes_follow_ball                   FAIL    0.1s
    s0g12-0015 turn_to_sound                      FAIL    0.1s
    s0g12-0015 does_not_spin_on_the_spot          FAIL    0.1s
s0g12-0015                   0/7 []
    s0g12-0016 stands_still                       FAIL    0.1s
    s0g12-0016 walk_furnished                     FAIL    0.1s
    s0g12-0016 get_up_from_back                   FAIL    0.1s
    s0g12-0016 stay_up_when_pushed                FAIL    0.1s
    s0g12-0016 eyes_follow_ball                   FAIL    0.1s
    s0g12-0016 turn_to_sound                      FAIL    0.1s
    s0g12-0016 does_not_spin_on_the_spot          FAIL    0.1s
s0g12-0016                   0/7 []
    s0g12-0017 stands_still                       FAIL    0.1s
    s0g12-0017 walk_furnished                     FAIL    0.2s
    s0g12-0017 get_up_from_back                   FAIL    0.2s
    s0g12-0017 stay_up_when_pushed                FAIL    0.1s
    s0g12-0017 eyes_follow_ball                   FAIL    0.1s
    s0g12-0017 turn_to_sound                      FAIL    0.1s
    s0g12-0017 does_not_spin_on_the_spot          FAIL    0.1s
s0g12-0017                   0/7 []
    s0g12-0018 stands_still                       FAIL    0.1s
    s0g12-0018 walk_furnished                     FAIL    0.1s
    s0g12-0018 get_up_from_back                   FAIL    0.1s
    s0g12-0018 stay_up_when_pushed                FAIL    0.1s
    s0g12-0018 eyes_follow_ball                   FAIL    0.1s
    s0g12-0018 turn_to_sound                      FAIL    0.1s
    s0g12-0018 does_not_spin_on_the_spot          FAIL    0.1s
s0g12-0018                   0/7 []
    s0g12-0019 stands_still                       FAIL    0.1s
    s0g12-0019 walk_furnished                     FAIL    0.1s
    s0g12-0019 get_up_from_back                   FAIL    0.1s
    s0g12-0019 stay_up_when_pushed                FAIL    0.2s
    s0g12-0019 eyes_follow_ball                   FAIL    0.1s
    s0g12-0019 turn_to_sound                      FAIL    0.1s
    s0g12-0019 does_not_spin_on_the_spot          FAIL    0.1s
s0g12-0019                   0/7 []
    s0g12-0020 stands_still                       FAIL    0.1s
    s0g12-0020 walk_furnished                     FAIL    0.1s
    s0g12-0020 get_up_from_back                   FAIL    0.1s
    s0g12-0020 stay_up_when_pushed                FAIL    0.1s
    s0g12-0020 eyes_follow_ball                   FAIL    0.1s
    s0g12-0020 turn_to_sound                      FAIL    0.1s
    s0g12-0020 does_not_spin_on_the_spot          FAIL    0.1s
s0g12-0020                   0/7 []
    s0g12-0021 stands_still                       FAIL    0.1s
    s0g12-0021 walk_furnished                     FAIL    0.1s
    s0g12-0021 get_up_from_back                   FAIL    0.2s
    s0g12-0021 stay_up_when_pushed                FAIL    0.1s
    s0g12-0021 eyes_follow_ball                   FAIL    0.1s
    s0g12-0021 turn_to_sound                      FAIL    0.1s
    s0g12-0021 does_not_spin_on_the_spot          FAIL    0.1s
s0g12-0021                   0/7 []
    s0g12-0022 stands_still                       FAIL    0.1s
    s0g12-0022 walk_furnished                     FAIL    0.1s
    s0g12-0022 get_up_from_back                   FAIL    0.1s
    s0g12-0022 stay_up_when_pushed                FAIL    0.2s
    s0g12-0022 eyes_follow_ball                   FAIL    0.1s
    s0g12-0022 turn_to_sound                      FAIL    0.1s
    s0g12-0022 does_not_spin_on_the_spot          FAIL    0.1s
s0g12-0022                   0/7 []
    s0g12-0023 stands_still                       FAIL    0.1s
    s0g12-0023 walk_furnished                     FAIL    0.2s
    s0g12-0023 get_up_from_back                   FAIL    0.1s
    s0g12-0023 stay_up_when_pushed                FAIL    0.1s
    s0g12-0023 eyes_follow_ball                   FAIL    0.1s
    s0g12-0023 turn_to_sound                      FAIL    0.1s
    s0g12-0023 does_not_spin_on_the_spot          FAIL    0.1s
s0g12-0023                   0/7 []
    s0g12-0024 stands_still                       FAIL    0.1s
    s0g12-0024 walk_furnished                     FAIL    0.1s
    s0g12-0024 get_up_from_back                   FAIL    0.2s
    s0g12-0024 stay_up_when_pushed                FAIL    0.1s
    s0g12-0024 eyes_follow_ball                   FAIL    0.1s
    s0g12-0024 turn_to_sound                      FAIL    0.1s
    s0g12-0024 does_not_spin_on_the_spot          FAIL    0.1s
s0g12-0024                   0/7 []
    s0g12-0025 stands_still                       FAIL    0.1s
    s0g12-0025 walk_furnished                     FAIL    0.1s
    s0g12-0025 get_up_from_back                   FAIL    0.1s
    s0g12-0025 stay_up_when_pushed                FAIL    0.1s
    s0g12-0025 eyes_follow_ball                   FAIL    0.1s
    s0g12-0025 turn_to_sound                      FAIL    0.1s
    s0g12-0025 does_not_spin_on_the_spot          FAIL    0.1s
s0g12-0025                   0/7 []
    s0g12-0026 stands_still                       FAIL    0.1s
    s0g12-0026 walk_furnished                     FAIL    0.1s
    s0g12-0026 get_up_from_back                   FAIL    0.1s
    s0g12-0026 stay_up_when_pushed                FAIL    0.1s
    s0g12-0026 eyes_follow_ball                   FAIL    0.1s
    s0g12-0026 turn_to_sound                      FAIL    0.1s
    s0g12-0026 does_not_spin_on_the_spot          FAIL    0.1s
s0g12-0026                   0/7 []
    s0g12-0027 stands_still                       FAIL    0.1s
    s0g12-0027 walk_furnished                     FAIL    0.1s
    s0g12-0027 get_up_from_back                   FAIL    0.1s
    s0g12-0027 stay_up_when_pushed                FAIL    0.1s
    s0g12-0027 eyes_follow_ball                   FAIL    0.1s
    s0g12-0027 turn_to_sound                      FAIL    0.1s
    s0g12-0027 does_not_spin_on_the_spot          FAIL    0.1s
s0g12-0027                   0/7 []
    s0g12-0028 stands_still                       FAIL    0.1s
    s0g12-0028 walk_furnished                     FAIL    0.1s
    s0g12-0028 get_up_from_back                   FAIL    0.1s
    s0g12-0028 stay_up_when_pushed                FAIL    0.1s
    s0g12-0028 eyes_follow_ball                   FAIL    0.1s
    s0g12-0028 turn_to_sound                      FAIL    0.1s
    s0g12-0028 does_not_spin_on_the_spot          FAIL    0.1s
s0g12-0028                   0/7 []
    s0g12-0029 stands_still                       FAIL    0.1s
    s0g12-0029 walk_furnished                     FAIL    0.1s
    s0g12-0029 get_up_from_back                   FAIL    0.1s
    s0g12-0029 stay_up_when_pushed                FAIL    0.2s
    s0g12-0029 eyes_follow_ball                   FAIL    0.1s
    s0g12-0029 turn_to_sound                      FAIL    0.1s
    s0g12-0029 does_not_spin_on_the_spot          FAIL    0.1s
s0g12-0029                   0/7 []
    s0g12-0030 stands_still                       FAIL    0.1s
    s0g12-0030 walk_furnished                     FAIL    0.1s
    s0g12-0030 get_up_from_back                   FAIL    0.1s
    s0g12-0030 stay_up_when_pushed                FAIL    0.2s
    s0g12-0030 eyes_follow_ball                   FAIL    0.1s
    s0g12-0030 turn_to_sound                      FAIL    0.1s
    s0g12-0030 does_not_spin_on_the_spot          FAIL    0.1s
s0g12-0030                   0/7 []
    s0g12-0031 stands_still                       FAIL    0.1s
    s0g12-0031 walk_furnished                     FAIL    0.1s
    s0g12-0031 get_up_from_back                   FAIL    0.1s
    s0g12-0031 stay_up_when_pushed                FAIL    0.1s
    s0g12-0031 eyes_follow_ball                   FAIL    0.1s
    s0g12-0031 turn_to_sound                      FAIL    0.1s
    s0g12-0031 does_not_spin_on_the_spot          FAIL    0.1s
s0g12-0031                   0/7 []
    s0g12-0032 stands_still                       FAIL    0.1s
    s0g12-0032 walk_furnished                     FAIL    0.1s
    s0g12-0032 get_up_from_back                   FAIL    0.1s
    s0g12-0032 stay_up_when_pushed                FAIL    0.1s
    s0g12-0032 eyes_follow_ball                   FAIL    0.1s
    s0g12-0032 turn_to_sound                      FAIL    0.1s
    s0g12-0032 does_not_spin_on_the_spot          FAIL    0.2s
s0g12-0032                   0/7 []
    s0g12-0033 stands_still                       FAIL    0.2s
    s0g12-0033 walk_furnished                     FAIL    0.1s
    s0g12-0033 get_up_from_back                   FAIL    0.1s
    s0g12-0033 stay_up_when_pushed                FAIL    0.1s
    s0g12-0033 eyes_follow_ball                   FAIL    0.1s
    s0g12-0033 turn_to_sound                      FAIL    0.1s
    s0g12-0033 does_not_spin_on_the_spot          FAIL    0.1s
s0g12-0033                   0/7 []
    s0g12-0034 stands_still                       FAIL    0.1s
    s0g12-0034 walk_furnished                     FAIL    0.1s
    s0g12-0034 get_up_from_back                   FAIL    0.1s
    s0g12-0034 stay_up_when_pushed                FAIL    0.1s
    s0g12-0034 eyes_follow_ball                   FAIL    0.1s
    s0g12-0034 turn_to_sound                      FAIL    0.1s
    s0g12-0034 does_not_spin_on_the_spot          FAIL    0.2s
s0g12-0034                   0/7 []
    s0g12-0035 stands_still                       FAIL    0.1s
    s0g12-0035 walk_furnished                     FAIL    0.1s
    s0g12-0035 get_up_from_back                   FAIL    0.2s
    s0g12-0035 stay_up_when_pushed                FAIL    0.2s
    s0g12-0035 eyes_follow_ball                   FAIL    0.1s
    s0g12-0035 turn_to_sound                      FAIL    0.1s
    s0g12-0035 does_not_spin_on_the_spot          FAIL    0.1s
s0g12-0035                   0/7 []
    s0g12-0036 stands_still                       FAIL    0.1s
    s0g12-0036 walk_furnished                     FAIL    0.1s
    s0g12-0036 get_up_from_back                   FAIL    0.1s
    s0g12-0036 stay_up_when_pushed                FAIL    0.1s
    s0g12-0036 eyes_follow_ball                   FAIL    0.1s
    s0g12-0036 turn_to_sound                      FAIL    0.1s
    s0g12-0036 does_not_spin_on_the_spot          FAIL    0.2s
s0g12-0036                   0/7 []
    s0g12-0037 stands_still                       FAIL    0.1s
    s0g12-0037 walk_furnished                     FAIL    0.1s
    s0g12-0037 get_up_from_back                   FAIL    0.1s
    s0g12-0037 stay_up_when_pushed                FAIL    0.1s
    s0g12-0037 eyes_follow_ball                   FAIL    0.1s
    s0g12-0037 turn_to_sound                      FAIL    0.1s
    s0g12-0037 does_not_spin_on_the_spot          FAIL    0.1s
s0g12-0037                   0/7 []
    s0g12-0038 stands_still                       FAIL    0.1s
    s0g12-0038 walk_furnished                     FAIL    0.1s
    s0g12-0038 get_up_from_back                   FAIL    0.1s
    s0g12-0038 stay_up_when_pushed                FAIL    0.1s
    s0g12-0038 eyes_follow_ball                   FAIL    0.1s
    s0g12-0038 turn_to_sound                      FAIL    0.1s
    s0g12-0038 does_not_spin_on_the_spot          FAIL    0.1s
s0g12-0038                   0/7 []
    s0g12-0039 stands_still                       FAIL    0.1s
    s0g12-0039 walk_furnished                     FAIL    0.1s
    s0g12-0039 get_up_from_back                   FAIL    0.1s
    s0g12-0039 stay_up_when_pushed                FAIL    0.1s
    s0g12-0039 eyes_follow_ball                   FAIL    0.1s
    s0g12-0039 turn_to_sound                      FAIL    0.1s
    s0g12-0039 does_not_spin_on_the_spot          FAIL    0.1s
s0g12-0039                   0/7 []
    s0g12-0040 stands_still                       FAIL    0.1s
    s0g12-0040 walk_furnished                     FAIL    0.1s
    s0g12-0040 get_up_from_back                   FAIL    0.1s
    s0g12-0040 stay_up_when_pushed                FAIL    0.1s
    s0g12-0040 eyes_follow_ball                   FAIL    0.1s
    s0g12-0040 turn_to_sound                      FAIL    0.1s
    s0g12-0040 does_not_spin_on_the_spot          FAIL    0.1s
s0g12-0040                   0/7 []
    s0g12-0041 stands_still                       FAIL    0.1s
    s0g12-0041 walk_furnished                     FAIL    0.1s
    s0g12-0041 get_up_from_back                   FAIL    0.1s
    s0g12-0041 stay_up_when_pushed                FAIL    0.1s
    s0g12-0041 eyes_follow_ball                   FAIL    0.1s
    s0g12-0041 turn_to_sound                      FAIL    0.1s
    s0g12-0041 does_not_spin_on_the_spot          FAIL    0.1s
s0g12-0041                   0/7 []
    s0g12-0042 stands_still                       FAIL    0.1s
    s0g12-0042 walk_furnished                     FAIL    0.1s
    s0g12-0042 get_up_from_back                   FAIL    0.1s
    s0g12-0042 stay_up_when_pushed                FAIL    0.1s
    s0g12-0042 eyes_follow_ball                   FAIL    0.1s
    s0g12-0042 turn_to_sound                      FAIL    0.1s
    s0g12-0042 does_not_spin_on_the_spot          FAIL    0.1s
s0g12-0042                   0/7 []
    s0g12-0043 stands_still                       FAIL    0.1s
    s0g12-0043 walk_furnished                     FAIL    0.1s
    s0g12-0043 get_up_from_back                   FAIL    0.1s
    s0g12-0043 stay_up_when_pushed                FAIL    0.1s
    s0g12-0043 eyes_follow_ball                   FAIL    0.1s
    s0g12-0043 turn_to_sound                      FAIL    0.1s
    s0g12-0043 does_not_spin_on_the_spot          FAIL    0.1s
s0g12-0043                   0/7 []
    s0g12-0044 stands_still                       FAIL    0.1s
    s0g12-0044 walk_furnished                     FAIL    0.1s
    s0g12-0044 get_up_from_back                   FAIL    0.1s
    s0g12-0044 stay_up_when_pushed                FAIL    0.1s
    s0g12-0044 eyes_follow_ball                   FAIL    0.1s
    s0g12-0044 turn_to_sound                      FAIL    0.1s
    s0g12-0044 does_not_spin_on_the_spot          FAIL    0.1s
s0g12-0044                   0/7 []
    s0g12-0045 stands_still                       FAIL    0.1s
    s0g12-0045 walk_furnished                     FAIL    0.1s
    s0g12-0045 get_up_from_back                   FAIL    0.1s
    s0g12-0045 stay_up_when_pushed                FAIL    0.1s
    s0g12-0045 eyes_follow_ball                   FAIL    0.1s
    s0g12-0045 turn_to_sound                      FAIL    0.1s
    s0g12-0045 does_not_spin_on_the_spot          FAIL    0.1s
s0g12-0045                   0/7 []
    s0g12-0046 stands_still                       FAIL    0.1s
    s0g12-0046 walk_furnished                     FAIL    0.1s
    s0g12-0046 get_up_from_back                   FAIL    0.1s
    s0g12-0046 stay_up_when_pushed                FAIL    0.1s
    s0g12-0046 eyes_follow_ball                   FAIL    0.1s
    s0g12-0046 turn_to_sound                      FAIL    0.1s
    s0g12-0046 does_not_spin_on_the_spot          FAIL    0.1s
s0g12-0046                   0/7 []
    s0g12-0047 stands_still                       FAIL    0.1s
    s0g12-0047 walk_furnished                     FAIL    0.1s
    s0g12-0047 get_up_from_back                   FAIL    0.1s
    s0g12-0047 stay_up_when_pushed                FAIL    0.1s
    s0g12-0047 eyes_follow_ball                   FAIL    0.1s
    s0g12-0047 turn_to_sound                      FAIL    0.1s
    s0g12-0047 does_not_spin_on_the_spot          FAIL    0.1s
s0g12-0047                   0/7 []
    s0g12-0048 stands_still                       FAIL    0.1s
    s0g12-0048 walk_furnished                     FAIL    0.1s
    s0g12-0048 get_up_from_back                   FAIL    0.1s
    s0g12-0048 stay_up_when_pushed                FAIL    0.1s
    s0g12-0048 eyes_follow_ball                   FAIL    0.1s
    s0g12-0048 turn_to_sound                      FAIL    0.1s
    s0g12-0048 does_not_spin_on_the_spot          FAIL    0.1s
s0g12-0048                   0/7 []
    s0g12-0049 stands_still                       FAIL    0.1s
    s0g12-0049 walk_furnished                     FAIL    0.1s
    s0g12-0049 get_up_from_back                   FAIL    0.1s
    s0g12-0049 stay_up_when_pushed                FAIL    0.1s
    s0g12-0049 eyes_follow_ball                   FAIL    0.1s
    s0g12-0049 turn_to_sound                      FAIL    0.1s
    s0g12-0049 does_not_spin_on_the_spot          FAIL    0.1s
s0g12-0049                   0/7 []
    s0g12-0050 stands_still                       FAIL    0.1s
    s0g12-0050 walk_furnished                     FAIL    0.1s
    s0g12-0050 get_up_from_back                   FAIL    0.1s
    s0g12-0050 stay_up_when_pushed                FAIL    0.1s
    s0g12-0050 eyes_follow_ball                   FAIL    0.1s
    s0g12-0050 turn_to_sound                      FAIL    0.1s
    s0g12-0050 does_not_spin_on_the_spot          FAIL    0.1s
s0g12-0050                   0/7 []
    s0g12-0051 stands_still                       FAIL    0.1s
    s0g12-0051 walk_furnished                     FAIL    0.1s
    s0g12-0051 get_up_from_back                   FAIL    0.1s
    s0g12-0051 stay_up_when_pushed                FAIL    0.1s
    s0g12-0051 eyes_follow_ball                   FAIL    0.1s
    s0g12-0051 turn_to_sound                      FAIL    0.1s
    s0g12-0051 does_not_spin_on_the_spot          FAIL    0.1s
s0g12-0051                   0/7 []
    s0g12-0052 stands_still                       FAIL    0.1s
    s0g12-0052 walk_furnished                     FAIL    0.1s
    s0g12-0052 get_up_from_back                   FAIL    0.1s
    s0g12-0052 stay_up_when_pushed                FAIL    0.1s
    s0g12-0052 eyes_follow_ball                   FAIL    0.1s
    s0g12-0052 turn_to_sound                      FAIL    0.1s
    s0g12-0052 does_not_spin_on_the_spot          FAIL    0.1s
s0g12-0052                   0/7 []
    s0g12-0053 stands_still                       FAIL    0.1s
    s0g12-0053 walk_furnished                     FAIL    0.1s
    s0g12-0053 get_up_from_back                   FAIL    0.1s
    s0g12-0053 stay_up_when_pushed                FAIL    0.1s
    s0g12-0053 eyes_follow_ball                   FAIL    0.1s
    s0g12-0053 turn_to_sound                      FAIL    0.1s
    s0g12-0053 does_not_spin_on_the_spot          FAIL    0.1s
s0g12-0053                   0/7 []
    s0g12-0054 stands_still                       FAIL    0.1s
    s0g12-0054 walk_furnished                     FAIL    0.1s
    s0g12-0054 get_up_from_back                   FAIL    0.1s
    s0g12-0054 stay_up_when_pushed                FAIL    0.1s
    s0g12-0054 eyes_follow_ball                   FAIL    0.1s
    s0g12-0054 turn_to_sound                      FAIL    0.1s
    s0g12-0054 does_not_spin_on_the_spot          FAIL    0.1s
s0g12-0054                   0/7 []
    s0g12-0055 stands_still                       FAIL    0.1s
    s0g12-0055 walk_furnished                     FAIL    0.1s
    s0g12-0055 get_up_from_back                   FAIL    0.1s
    s0g12-0055 stay_up_when_pushed                FAIL    0.1s
    s0g12-0055 eyes_follow_ball                   FAIL    0.1s
    s0g12-0055 turn_to_sound                      FAIL    0.1s
    s0g12-0055 does_not_spin_on_the_spot          FAIL    0.1s
s0g12-0055                   0/7 []
    s0g12-0056 stands_still                       FAIL    0.1s
    s0g12-0056 walk_furnished                     FAIL    0.1s
    s0g12-0056 get_up_from_back                   FAIL    0.1s
    s0g12-0056 stay_up_when_pushed                FAIL    0.1s
    s0g12-0056 eyes_follow_ball                   FAIL    0.1s
    s0g12-0056 turn_to_sound                      FAIL    0.1s
    s0g12-0056 does_not_spin_on_the_spot          FAIL    0.1s
s0g12-0056                   0/7 []
    s0g12-0057 stands_still                       FAIL    0.1s
    s0g12-0057 walk_furnished                     FAIL    0.1s
    s0g12-0057 get_up_from_back                   FAIL    0.1s
    s0g12-0057 stay_up_when_pushed                FAIL    0.1s
    s0g12-0057 eyes_follow_ball                   FAIL    0.1s
    s0g12-0057 turn_to_sound                      FAIL    0.1s
    s0g12-0057 does_not_spin_on_the_spot          FAIL    0.1s
s0g12-0057                   0/7 []
    s0g12-0058 stands_still                       FAIL    0.1s
    s0g12-0058 walk_furnished                     FAIL    0.1s
    s0g12-0058 get_up_from_back                   FAIL    0.1s
    s0g12-0058 stay_up_when_pushed                FAIL    0.1s
    s0g12-0058 eyes_follow_ball                   FAIL    0.1s
    s0g12-0058 turn_to_sound                      FAIL    0.1s
    s0g12-0058 does_not_spin_on_the_spot          FAIL    0.1s
s0g12-0058                   0/7 []
    s0g12-0059 stands_still                       FAIL    0.1s
    s0g12-0059 walk_furnished                     FAIL    0.1s
    s0g12-0059 get_up_from_back                   FAIL    0.1s
    s0g12-0059 stay_up_when_pushed                FAIL    0.1s
    s0g12-0059 eyes_follow_ball                   FAIL    0.1s
    s0g12-0059 turn_to_sound                      FAIL    0.1s
    s0g12-0059 does_not_spin_on_the_spot          FAIL    0.1s
s0g12-0059                   0/7 []
    s0g12-0060 stands_still                       FAIL    0.1s
    s0g12-0060 walk_furnished                     FAIL    0.1s
    s0g12-0060 get_up_from_back                   FAIL    0.1s
    s0g12-0060 stay_up_when_pushed                FAIL    0.1s
    s0g12-0060 eyes_follow_ball                   FAIL    0.1s
    s0g12-0060 turn_to_sound                      FAIL    0.1s
    s0g12-0060 does_not_spin_on_the_spot          FAIL    0.1s
s0g12-0060                   0/7 []
    s0g12-0061 stands_still                       FAIL    0.1s
    s0g12-0061 walk_furnished                     FAIL    0.1s
    s0g12-0061 get_up_from_back                   FAIL    0.1s
    s0g12-0061 stay_up_when_pushed                FAIL    0.1s
    s0g12-0061 eyes_follow_ball                   FAIL    0.1s
    s0g12-0061 turn_to_sound                      FAIL    0.1s
    s0g12-0061 does_not_spin_on_the_spot          FAIL    0.1s
s0g12-0061                   0/7 []
    s0g12-0062 stands_still                       FAIL    0.1s
    s0g12-0062 walk_furnished                     FAIL    0.1s
    s0g12-0062 get_up_from_back                   FAIL    0.1s
    s0g12-0062 stay_up_when_pushed                FAIL    0.1s
    s0g12-0062 eyes_follow_ball                   FAIL    0.1s
    s0g12-0062 turn_to_sound                      FAIL    0.1s
    s0g12-0062 does_not_spin_on_the_spot          FAIL    0.1s
s0g12-0062                   0/7 []
    s0g12-0063 stands_still                       FAIL    0.1s
    s0g12-0063 walk_furnished                     FAIL    0.1s
    s0g12-0063 get_up_from_back                   FAIL    0.1s
    s0g12-0063 stay_up_when_pushed                FAIL    0.1s
    s0g12-0063 eyes_follow_ball                   FAIL    0.1s
    s0g12-0063 turn_to_sound                      FAIL    0.1s
    s0g12-0063 does_not_spin_on_the_spot          FAIL    0.1s
s0g12-0063                   0/7 []
    s0g12-0064 stands_still                       FAIL    0.1s
    s0g12-0064 walk_furnished                     FAIL    0.1s
    s0g12-0064 get_up_from_back                   FAIL    0.1s
    s0g12-0064 stay_up_when_pushed                FAIL    0.1s
    s0g12-0064 eyes_follow_ball                   FAIL    0.1s
    s0g12-0064 turn_to_sound                      FAIL    0.1s
    s0g12-0064 does_not_spin_on_the_spot          FAIL    0.1s
s0g12-0064                   0/7 []
    s0g12-0065 stands_still                       FAIL    0.1s
    s0g12-0065 walk_furnished                     FAIL    0.1s
    s0g12-0065 get_up_from_back                   FAIL    0.1s
    s0g12-0065 stay_up_when_pushed                FAIL    0.1s
    s0g12-0065 eyes_follow_ball                   FAIL    0.1s
    s0g12-0065 turn_to_sound                      FAIL    0.1s
    s0g12-0065 does_not_spin_on_the_spot          FAIL    0.1s
s0g12-0065                   0/7 []
    s0g12-0066 stands_still                       FAIL    0.1s
    s0g12-0066 walk_furnished                     FAIL    0.1s
    s0g12-0066 get_up_from_back                   FAIL    0.1s
    s0g12-0066 stay_up_when_pushed                FAIL    0.1s
    s0g12-0066 eyes_follow_ball                   FAIL    0.1s
    s0g12-0066 turn_to_sound                      FAIL    0.1s
    s0g12-0066 does_not_spin_on_the_spot          FAIL    0.1s
s0g12-0066                   0/7 []
    s0g12-0067 stands_still                       FAIL    0.1s
    s0g12-0067 walk_furnished                     FAIL    0.1s
    s0g12-0067 get_up_from_back                   FAIL    0.1s
    s0g12-0067 stay_up_when_pushed                FAIL    0.1s
    s0g12-0067 eyes_follow_ball                   FAIL    0.1s
    s0g12-0067 turn_to_sound                      FAIL    0.1s
    s0g12-0067 does_not_spin_on_the_spot          FAIL    0.1s
s0g12-0067                   0/7 []
    s0g12-0068 stands_still                       FAIL    0.1s
    s0g12-0068 walk_furnished                     FAIL    0.1s
    s0g12-0068 get_up_from_back                   FAIL    0.1s
    s0g12-0068 stay_up_when_pushed                FAIL    0.1s
    s0g12-0068 eyes_follow_ball                   FAIL    0.1s
    s0g12-0068 turn_to_sound                      FAIL    0.1s
    s0g12-0068 does_not_spin_on_the_spot          FAIL    0.1s
s0g12-0068                   0/7 []
    s0g12-0069 stands_still                       FAIL    0.1s
    s0g12-0069 walk_furnished                     FAIL    0.1s
    s0g12-0069 get_up_from_back                   FAIL    0.1s
    s0g12-0069 stay_up_when_pushed                FAIL    0.1s
    s0g12-0069 eyes_follow_ball                   FAIL    0.1s
    s0g12-0069 turn_to_sound                      FAIL    0.1s
    s0g12-0069 does_not_spin_on_the_spot          FAIL    0.1s
s0g12-0069                   0/7 []
    s0g12-0070 stands_still                       FAIL    0.1s
    s0g12-0070 walk_furnished                     FAIL    0.1s
    s0g12-0070 get_up_from_back                   FAIL    0.1s
    s0g12-0070 stay_up_when_pushed                FAIL    0.1s
    s0g12-0070 eyes_follow_ball                   FAIL    0.1s
    s0g12-0070 turn_to_sound                      FAIL    0.1s
    s0g12-0070 does_not_spin_on_the_spot          FAIL    0.1s
s0g12-0070                   0/7 []
    s0g12-0071 stands_still                       FAIL    0.1s
    s0g12-0071 walk_furnished                     FAIL    0.1s
    s0g12-0071 get_up_from_back                   FAIL    0.1s
    s0g12-0071 stay_up_when_pushed                FAIL    0.1s
    s0g12-0071 eyes_follow_ball                   FAIL    0.1s
    s0g12-0071 turn_to_sound                      FAIL    0.1s
    s0g12-0071 does_not_spin_on_the_spot          FAIL    0.1s
s0g12-0071                   0/7 []
    s0g12-0072 stands_still                       FAIL    0.1s
    s0g12-0072 walk_furnished                     FAIL    0.1s
    s0g12-0072 get_up_from_back                   FAIL    0.1s
    s0g12-0072 stay_up_when_pushed                FAIL    0.1s
    s0g12-0072 eyes_follow_ball                   FAIL    0.1s
    s0g12-0072 turn_to_sound                      FAIL    0.1s
    s0g12-0072 does_not_spin_on_the_spot          FAIL    0.1s
s0g12-0072                   0/7 []
    s0g12-0073 stands_still                       FAIL    0.1s
    s0g12-0073 walk_furnished                     FAIL    0.1s
    s0g12-0073 get_up_from_back                   FAIL    0.1s
    s0g12-0073 stay_up_when_pushed                FAIL    0.1s
    s0g12-0073 eyes_follow_ball                   FAIL    0.1s
    s0g12-0073 turn_to_sound                      FAIL    0.1s
    s0g12-0073 does_not_spin_on_the_spot          FAIL    0.1s
s0g12-0073                   0/7 []
    s0g12-0074 stands_still                       FAIL    0.1s
    s0g12-0074 walk_furnished                     FAIL    0.1s
    s0g12-0074 get_up_from_back                   FAIL    0.1s
    s0g12-0074 stay_up_when_pushed                FAIL    0.1s
    s0g12-0074 eyes_follow_ball                   FAIL    0.1s
    s0g12-0074 turn_to_sound                      FAIL    0.1s
    s0g12-0074 does_not_spin_on_the_spot          FAIL    0.1s
s0g12-0074                   0/7 []
    s0g12-0075 stands_still                       FAIL    0.1s
    s0g12-0075 walk_furnished                     FAIL    0.1s
    s0g12-0075 get_up_from_back                   FAIL    0.1s
    s0g12-0075 stay_up_when_pushed                FAIL    0.1s
    s0g12-0075 eyes_follow_ball                   FAIL    0.1s
    s0g12-0075 turn_to_sound                      FAIL    0.1s
    s0g12-0075 does_not_spin_on_the_spot          FAIL    0.1s
s0g12-0075                   0/7 []
    s0g12-0076 stands_still                       FAIL    0.1s
    s0g12-0076 walk_furnished                     FAIL    0.1s
    s0g12-0076 get_up_from_back                   FAIL    0.1s
    s0g12-0076 stay_up_when_pushed                FAIL    0.1s
    s0g12-0076 eyes_follow_ball                   FAIL    0.1s
    s0g12-0076 turn_to_sound                      FAIL    0.1s
    s0g12-0076 does_not_spin_on_the_spot          FAIL    0.1s
s0g12-0076                   0/7 []
    s0g12-0077 stands_still                       FAIL    0.1s
    s0g12-0077 walk_furnished                     FAIL    0.1s
    s0g12-0077 get_up_from_back                   FAIL    0.1s
    s0g12-0077 stay_up_when_pushed                FAIL    0.1s
    s0g12-0077 eyes_follow_ball                   FAIL    0.1s
    s0g12-0077 turn_to_sound                      FAIL    0.1s
    s0g12-0077 does_not_spin_on_the_spot          FAIL    0.1s
s0g12-0077                   0/7 []
    s0g12-0078 stands_still                       FAIL    0.1s
    s0g12-0078 walk_furnished                     FAIL    0.1s
    s0g12-0078 get_up_from_back                   FAIL    0.1s
    s0g12-0078 stay_up_when_pushed                FAIL    0.1s
    s0g12-0078 eyes_follow_ball                   FAIL    0.1s
    s0g12-0078 turn_to_sound                      FAIL    0.1s
    s0g12-0078 does_not_spin_on_the_spot          FAIL    0.1s
s0g12-0078                   0/7 []
    s0g12-0079 stands_still                       FAIL    0.1s
    s0g12-0079 walk_furnished                     FAIL    0.1s
    s0g12-0079 get_up_from_back                   FAIL    0.1s
    s0g12-0079 stay_up_when_pushed                FAIL    0.1s
    s0g12-0079 eyes_follow_ball                   FAIL    0.1s
    s0g12-0079 turn_to_sound                      FAIL    0.1s
    s0g12-0079 does_not_spin_on_the_spot          FAIL    0.1s
s0g12-0079                   0/7 []
    s0g12-0080 stands_still                       FAIL    0.1s
    s0g12-0080 walk_furnished                     FAIL    0.1s
    s0g12-0080 get_up_from_back                   FAIL    0.1s
    s0g12-0080 stay_up_when_pushed                FAIL    0.1s
    s0g12-0080 eyes_follow_ball                   FAIL    0.1s
    s0g12-0080 turn_to_sound                      FAIL    0.1s
    s0g12-0080 does_not_spin_on_the_spot          FAIL    0.1s
s0g12-0080                   0/7 []
    s0g12-0081 stands_still                       FAIL    0.1s
    s0g12-0081 walk_furnished                     FAIL    0.1s
    s0g12-0081 get_up_from_back                   FAIL    0.1s
    s0g12-0081 stay_up_when_pushed                FAIL    0.1s
    s0g12-0081 eyes_follow_ball                   FAIL    0.1s
    s0g12-0081 turn_to_sound                      FAIL    0.1s
    s0g12-0081 does_not_spin_on_the_spot          FAIL    0.1s
s0g12-0081                   0/7 []
    s0g12-0082 stands_still                       FAIL    0.1s
    s0g12-0082 walk_furnished                     FAIL    0.1s
    s0g12-0082 get_up_from_back                   FAIL    0.1s
    s0g12-0082 stay_up_when_pushed                FAIL    0.1s
    s0g12-0082 eyes_follow_ball                   FAIL    0.1s
    s0g12-0082 turn_to_sound                      FAIL    0.1s
    s0g12-0082 does_not_spin_on_the_spot          FAIL    0.1s
s0g12-0082                   0/7 []
    s0g12-0083 stands_still                       FAIL    0.1s
    s0g12-0083 walk_furnished                     FAIL    0.1s
    s0g12-0083 get_up_from_back                   FAIL    0.1s
    s0g12-0083 stay_up_when_pushed                FAIL    0.1s
    s0g12-0083 eyes_follow_ball                   FAIL    0.1s
    s0g12-0083 turn_to_sound                      FAIL    0.1s
    s0g12-0083 does_not_spin_on_the_spot          FAIL    0.1s
s0g12-0083                   0/7 []
    s0g12-0084 stands_still                       FAIL    0.1s
    s0g12-0084 walk_furnished                     FAIL    0.1s
    s0g12-0084 get_up_from_back                   FAIL    0.1s
    s0g12-0084 stay_up_when_pushed                FAIL    0.1s
    s0g12-0084 eyes_follow_ball                   FAIL    0.1s
    s0g12-0084 turn_to_sound                      FAIL    0.1s
    s0g12-0084 does_not_spin_on_the_spot          FAIL    0.1s
s0g12-0084                   0/7 []
    s0g12-0085 stands_still                       FAIL    0.1s
    s0g12-0085 walk_furnished                     FAIL    0.1s
    s0g12-0085 get_up_from_back                   FAIL    0.1s
    s0g12-0085 stay_up_when_pushed                FAIL    0.1s
    s0g12-0085 eyes_follow_ball                   FAIL    0.1s
    s0g12-0085 turn_to_sound                      FAIL    0.1s
    s0g12-0085 does_not_spin_on_the_spot          FAIL    0.1s
s0g12-0085                   0/7 []
    s0g12-0086 stands_still                       FAIL    0.1s
    s0g12-0086 walk_furnished                     FAIL    0.1s
    s0g12-0086 get_up_from_back                   FAIL    0.1s
    s0g12-0086 stay_up_when_pushed                FAIL    0.1s
    s0g12-0086 eyes_follow_ball                   FAIL    0.1s
    s0g12-0086 turn_to_sound                      FAIL    0.1s
    s0g12-0086 does_not_spin_on_the_spot          FAIL    0.1s
s0g12-0086                   0/7 []
    s0g12-0087 stands_still                       FAIL    0.1s
    s0g12-0087 walk_furnished                     FAIL    0.1s
    s0g12-0087 get_up_from_back                   FAIL    0.1s
    s0g12-0087 stay_up_when_pushed                FAIL    0.1s
    s0g12-0087 eyes_follow_ball                   FAIL    0.1s
    s0g12-0087 turn_to_sound                      FAIL    0.1s
    s0g12-0087 does_not_spin_on_the_spot          FAIL    0.1s
s0g12-0087                   0/7 []
    s0g12-0088 stands_still                       FAIL    0.1s
    s0g12-0088 walk_furnished                     FAIL    0.1s
    s0g12-0088 get_up_from_back                   FAIL    0.1s
    s0g12-0088 stay_up_when_pushed                FAIL    0.1s
    s0g12-0088 eyes_follow_ball                   FAIL    0.1s
    s0g12-0088 turn_to_sound                      FAIL    0.1s
    s0g12-0088 does_not_spin_on_the_spot          FAIL    0.1s
s0g12-0088                   0/7 []
    s0g12-0089 stands_still                       FAIL    0.1s
    s0g12-0089 walk_furnished                     FAIL    0.1s
    s0g12-0089 get_up_from_back                   FAIL    0.1s
    s0g12-0089 stay_up_when_pushed                FAIL    0.1s
    s0g12-0089 eyes_follow_ball                   FAIL    0.1s
    s0g12-0089 turn_to_sound                      FAIL    0.1s
    s0g12-0089 does_not_spin_on_the_spot          FAIL    0.1s
s0g12-0089                   0/7 []
    s0g12-0090 stands_still                       FAIL    0.1s
    s0g12-0090 walk_furnished                     FAIL    0.1s
    s0g12-0090 get_up_from_back                   FAIL    0.1s
    s0g12-0090 stay_up_when_pushed                FAIL    0.1s
    s0g12-0090 eyes_follow_ball                   FAIL    0.1s
    s0g12-0090 turn_to_sound                      FAIL    0.1s
    s0g12-0090 does_not_spin_on_the_spot          FAIL    0.1s
s0g12-0090                   0/7 []
    s0g12-0091 stands_still                       FAIL    0.1s
    s0g12-0091 walk_furnished                     FAIL    0.1s
    s0g12-0091 get_up_from_back                   FAIL    0.1s
    s0g12-0091 stay_up_when_pushed                FAIL    0.1s
    s0g12-0091 eyes_follow_ball                   FAIL    0.1s
    s0g12-0091 turn_to_sound                      FAIL    0.1s
    s0g12-0091 does_not_spin_on_the_spot          FAIL    0.1s
s0g12-0091                   0/7 []
    s0g12-0092 stands_still                       FAIL    0.1s
    s0g12-0092 walk_furnished                     FAIL    0.1s
    s0g12-0092 get_up_from_back                   FAIL    0.1s
    s0g12-0092 stay_up_when_pushed                FAIL    0.1s
    s0g12-0092 eyes_follow_ball                   FAIL    0.1s
    s0g12-0092 turn_to_sound                      FAIL    0.1s
    s0g12-0092 does_not_spin_on_the_spot          FAIL    0.1s
s0g12-0092                   0/7 []
    s0g12-0093 stands_still                       FAIL    0.1s
    s0g12-0093 walk_furnished                     FAIL    0.1s
    s0g12-0093 get_up_from_back                   FAIL    0.1s
    s0g12-0093 stay_up_when_pushed                FAIL    0.1s
    s0g12-0093 eyes_follow_ball                   FAIL    0.1s
    s0g12-0093 turn_to_sound                      FAIL    0.1s
    s0g12-0093 does_not_spin_on_the_spot          FAIL    0.1s
s0g12-0093                   0/7 []
    s0g12-0094 stands_still                       FAIL    0.1s
    s0g12-0094 walk_furnished                     FAIL    0.1s
    s0g12-0094 get_up_from_back                   FAIL    0.1s
    s0g12-0094 stay_up_when_pushed                FAIL    0.1s
    s0g12-0094 eyes_follow_ball                   FAIL    0.1s
    s0g12-0094 turn_to_sound                      FAIL    0.1s
    s0g12-0094 does_not_spin_on_the_spot          FAIL    0.1s
s0g12-0094                   0/7 []
    s0g12-0095 stands_still                       FAIL    0.1s
    s0g12-0095 walk_furnished                     FAIL    0.1s
    s0g12-0095 get_up_from_back                   FAIL    0.1s
    s0g12-0095 stay_up_when_pushed                FAIL    0.1s
    s0g12-0095 eyes_follow_ball                   FAIL    0.1s
    s0g12-0095 turn_to_sound                      FAIL    0.1s
    s0g12-0095 does_not_spin_on_the_spot          FAIL    0.1s
s0g12-0095                   0/7 []
    s0g12-0096 stands_still                       FAIL    0.1s
    s0g12-0096 walk_furnished                     FAIL    0.1s
    s0g12-0096 get_up_from_back                   FAIL    0.1s
    s0g12-0096 stay_up_when_pushed                FAIL    0.1s
    s0g12-0096 eyes_follow_ball                   FAIL    0.1s
    s0g12-0096 turn_to_sound                      FAIL    0.1s
    s0g12-0096 does_not_spin_on_the_spot          FAIL    0.1s
s0g12-0096                   0/7 []
    s0g12-0097 stands_still                       FAIL    0.1s
    s0g12-0097 walk_furnished                     FAIL    0.1s
    s0g12-0097 get_up_from_back                   FAIL    0.1s
    s0g12-0097 stay_up_when_pushed                FAIL    0.1s
    s0g12-0097 eyes_follow_ball                   FAIL    0.1s
    s0g12-0097 turn_to_sound                      FAIL    0.1s
    s0g12-0097 does_not_spin_on_the_spot          FAIL    0.1s
s0g12-0097                   0/7 []
    s0g12-0098 stands_still                       FAIL    0.1s
    s0g12-0098 walk_furnished                     FAIL    0.1s
    s0g12-0098 get_up_from_back                   FAIL    0.1s
    s0g12-0098 stay_up_when_pushed                FAIL    0.1s
    s0g12-0098 eyes_follow_ball                   FAIL    0.1s
    s0g12-0098 turn_to_sound                      FAIL    0.1s
    s0g12-0098 does_not_spin_on_the_spot          FAIL    0.1s
s0g12-0098                   0/7 []
    s0g12-0099 stands_still                       FAIL    0.1s
    s0g12-0099 walk_furnished                     FAIL    0.1s
    s0g12-0099 get_up_from_back                   FAIL    0.1s
    s0g12-0099 stay_up_when_pushed                FAIL    0.1s
    s0g12-0099 eyes_follow_ball                   FAIL    0.1s
    s0g12-0099 turn_to_sound                      FAIL    0.1s
    s0g12-0099 does_not_spin_on_the_spot          FAIL    0.1s
s0g12-0099                   0/7 []
    s0g12-0100 stands_still                       FAIL    0.1s
    s0g12-0100 walk_furnished                     FAIL    0.1s
    s0g12-0100 get_up_from_back                   FAIL    0.1s
    s0g12-0100 stay_up_when_pushed                FAIL    0.1s
    s0g12-0100 eyes_follow_ball                   FAIL    0.1s
    s0g12-0100 turn_to_sound                      FAIL    0.1s
    s0g12-0100 does_not_spin_on_the_spot          FAIL    0.1s
s0g12-0100                   0/7 []
    s0g12-0101 stands_still                       FAIL    0.1s
    s0g12-0101 walk_furnished                     FAIL    0.1s
    s0g12-0101 get_up_from_back                   FAIL    0.1s
    s0g12-0101 stay_up_when_pushed                FAIL    0.1s
    s0g12-0101 eyes_follow_ball                   FAIL    0.1s
    s0g12-0101 turn_to_sound                      FAIL    0.1s
    s0g12-0101 does_not_spin_on_the_spot          FAIL    0.1s
s0g12-0101                   0/7 []
    s0g12-0102 stands_still                       FAIL    0.1s
    s0g12-0102 walk_furnished                     FAIL    0.1s
    s0g12-0102 get_up_from_back                   FAIL    0.1s
    s0g12-0102 stay_up_when_pushed                FAIL    0.1s
    s0g12-0102 eyes_follow_ball                   FAIL    0.1s
    s0g12-0102 turn_to_sound                      FAIL    0.1s
    s0g12-0102 does_not_spin_on_the_spot          FAIL    0.1s
s0g12-0102                   0/7 []
    s0g12-0103 stands_still                       FAIL    0.1s
    s0g12-0103 walk_furnished                     FAIL    0.1s
    s0g12-0103 get_up_from_back                   FAIL    0.1s
    s0g12-0103 stay_up_when_pushed                FAIL    0.1s
    s0g12-0103 eyes_follow_ball                   FAIL    0.1s
    s0g12-0103 turn_to_sound                      FAIL    0.1s
    s0g12-0103 does_not_spin_on_the_spot          FAIL    0.1s
s0g12-0103                   0/7 []
    s0g12-0104 stands_still                       FAIL    0.1s
    s0g12-0104 walk_furnished                     FAIL    0.1s
    s0g12-0104 get_up_from_back                   FAIL    0.1s
    s0g12-0104 stay_up_when_pushed                FAIL    0.1s
    s0g12-0104 eyes_follow_ball                   FAIL    0.1s
    s0g12-0104 turn_to_sound                      FAIL    0.1s
    s0g12-0104 does_not_spin_on_the_spot          FAIL    0.1s
s0g12-0104                   0/7 []
    s0g12-0105 stands_still                       FAIL    0.1s
    s0g12-0105 walk_furnished                     FAIL    0.1s
    s0g12-0105 get_up_from_back                   FAIL    0.1s
    s0g12-0105 stay_up_when_pushed                FAIL    0.1s
    s0g12-0105 eyes_follow_ball                   FAIL    0.1s
    s0g12-0105 turn_to_sound                      FAIL    0.1s
    s0g12-0105 does_not_spin_on_the_spot          FAIL    0.1s
s0g12-0105                   0/7 []
    s0g12-0106 stands_still                       FAIL    0.1s
    s0g12-0106 walk_furnished                     FAIL    0.1s
    s0g12-0106 get_up_from_back                   FAIL    0.1s
    s0g12-0106 stay_up_when_pushed                FAIL    0.1s
    s0g12-0106 eyes_follow_ball                   FAIL    0.1s
    s0g12-0106 turn_to_sound                      FAIL    0.1s
    s0g12-0106 does_not_spin_on_the_spot          FAIL    0.1s
s0g12-0106                   0/7 []
    s0g12-0107 stands_still                       FAIL    0.1s
    s0g12-0107 walk_furnished                     FAIL    0.1s
    s0g12-0107 get_up_from_back                   FAIL    0.1s
    s0g12-0107 stay_up_when_pushed                FAIL    0.1s
    s0g12-0107 eyes_follow_ball                   FAIL    0.1s
    s0g12-0107 turn_to_sound                      FAIL    0.1s
    s0g12-0107 does_not_spin_on_the_spot          FAIL    0.1s
s0g12-0107                   0/7 []
    s0g12-0108 stands_still                       FAIL    0.1s
    s0g12-0108 walk_furnished                     FAIL    0.1s
    s0g12-0108 get_up_from_back                   FAIL    0.1s
    s0g12-0108 stay_up_when_pushed                FAIL    0.1s
    s0g12-0108 eyes_follow_ball                   FAIL    0.1s
    s0g12-0108 turn_to_sound                      FAIL    0.1s
    s0g12-0108 does_not_spin_on_the_spot          FAIL    0.1s
s0g12-0108                   0/7 []
    s0g12-0109 stands_still                       FAIL    0.1s
    s0g12-0109 walk_furnished                     FAIL    0.1s
    s0g12-0109 get_up_from_back                   FAIL    0.1s
    s0g12-0109 stay_up_when_pushed                FAIL    0.1s
    s0g12-0109 eyes_follow_ball                   FAIL    0.1s
    s0g12-0109 turn_to_sound                      FAIL    0.1s
    s0g12-0109 does_not_spin_on_the_spot          FAIL    0.1s
s0g12-0109                   0/7 []
    s0g12-0110 stands_still                       FAIL    0.1s
    s0g12-0110 walk_furnished                     FAIL    0.1s
    s0g12-0110 get_up_from_back                   FAIL    0.1s
    s0g12-0110 stay_up_when_pushed                FAIL    0.1s
    s0g12-0110 eyes_follow_ball                   FAIL    0.1s
    s0g12-0110 turn_to_sound                      FAIL    0.1s
    s0g12-0110 does_not_spin_on_the_spot          FAIL    0.1s
s0g12-0110                   0/7 []
    s0g12-0111 stands_still                       FAIL    0.1s
    s0g12-0111 walk_furnished                     FAIL    0.1s
    s0g12-0111 get_up_from_back                   FAIL    0.1s
    s0g12-0111 stay_up_when_pushed                FAIL    0.1s
    s0g12-0111 eyes_follow_ball                   FAIL    0.1s
    s0g12-0111 turn_to_sound                      FAIL    0.1s
    s0g12-0111 does_not_spin_on_the_spot          FAIL    0.1s
s0g12-0111                   0/7 []
    s0g12-0112 stands_still                       FAIL    0.1s
    s0g12-0112 walk_furnished                     FAIL    0.1s
    s0g12-0112 get_up_from_back                   FAIL    0.1s
    s0g12-0112 stay_up_when_pushed                FAIL    0.1s
    s0g12-0112 eyes_follow_ball                   FAIL    0.1s
    s0g12-0112 turn_to_sound                      FAIL    0.1s
    s0g12-0112 does_not_spin_on_the_spot          FAIL    0.1s
s0g12-0112                   0/7 []
    s0g12-0113 stands_still                       FAIL    0.1s
    s0g12-0113 walk_furnished                     FAIL    0.1s
    s0g12-0113 get_up_from_back                   FAIL    0.1s
    s0g12-0113 stay_up_when_pushed                FAIL    0.1s
    s0g12-0113 eyes_follow_ball                   FAIL    0.1s
    s0g12-0113 turn_to_sound                      FAIL    0.1s
    s0g12-0113 does_not_spin_on_the_spot          FAIL    0.1s
s0g12-0113                   0/7 []
    s0g12-0114 stands_still                       FAIL    0.1s
    s0g12-0114 walk_furnished                     FAIL    0.1s
    s0g12-0114 get_up_from_back                   FAIL    0.1s
    s0g12-0114 stay_up_when_pushed                FAIL    0.1s
    s0g12-0114 eyes_follow_ball                   FAIL    0.1s
    s0g12-0114 turn_to_sound                      FAIL    0.1s
    s0g12-0114 does_not_spin_on_the_spot          FAIL    0.1s
s0g12-0114                   0/7 []
    s0g12-0115 stands_still                       FAIL    0.1s
    s0g12-0115 walk_furnished                     FAIL    0.1s
    s0g12-0115 get_up_from_back                   FAIL    0.1s
    s0g12-0115 stay_up_when_pushed                FAIL    0.1s
    s0g12-0115 eyes_follow_ball                   FAIL    0.1s
    s0g12-0115 turn_to_sound                      FAIL    0.1s
    s0g12-0115 does_not_spin_on_the_spot          FAIL    0.1s
s0g12-0115                   0/7 []
    s0g12-0116 stands_still                       FAIL    0.1s
    s0g12-0116 walk_furnished                     FAIL    0.1s
    s0g12-0116 get_up_from_back                   FAIL    0.1s
    s0g12-0116 stay_up_when_pushed                FAIL    0.1s
    s0g12-0116 eyes_follow_ball                   FAIL    0.1s
    s0g12-0116 turn_to_sound                      FAIL    0.1s
    s0g12-0116 does_not_spin_on_the_spot          FAIL    0.1s
s0g12-0116                   0/7 []
    s0g12-0117 stands_still                       FAIL    0.1s
    s0g12-0117 walk_furnished                     FAIL    0.1s
    s0g12-0117 get_up_from_back                   FAIL    0.1s
    s0g12-0117 stay_up_when_pushed                FAIL    0.1s
    s0g12-0117 eyes_follow_ball                   FAIL    0.1s
    s0g12-0117 turn_to_sound                      FAIL    0.1s
    s0g12-0117 does_not_spin_on_the_spot          FAIL    0.1s
s0g12-0117                   0/7 []
    s0g12-0118 stands_still                       FAIL    0.1s
    s0g12-0118 walk_furnished                     FAIL    0.1s
    s0g12-0118 get_up_from_back                   FAIL    0.1s
    s0g12-0118 stay_up_when_pushed                FAIL    0.1s
    s0g12-0118 eyes_follow_ball                   FAIL    0.1s
    s0g12-0118 turn_to_sound                      FAIL    0.1s
    s0g12-0118 does_not_spin_on_the_spot          FAIL    0.1s
s0g12-0118                   0/7 []
    s0g12-0119 stands_still                       FAIL    0.1s
    s0g12-0119 walk_furnished                     FAIL    0.1s
    s0g12-0119 get_up_from_back                   FAIL    0.1s
    s0g12-0119 stay_up_when_pushed                FAIL    0.1s
    s0g12-0119 eyes_follow_ball                   FAIL    0.1s
    s0g12-0119 turn_to_sound                      FAIL    0.1s
    s0g12-0119 does_not_spin_on_the_spot          FAIL    0.1s
s0g12-0119                   0/7 []
    s0g12-0120 stands_still                       FAIL    0.1s
    s0g12-0120 walk_furnished                     FAIL    0.1s
    s0g12-0120 get_up_from_back                   FAIL    0.1s
    s0g12-0120 stay_up_when_pushed                FAIL    0.1s
    s0g12-0120 eyes_follow_ball                   FAIL    0.1s
    s0g12-0120 turn_to_sound                      FAIL    0.1s
    s0g12-0120 does_not_spin_on_the_spot          FAIL    0.1s
s0g12-0120                   0/7 []
    s0g12-0121 stands_still                       FAIL    0.1s
    s0g12-0121 walk_furnished                     FAIL    0.1s
    s0g12-0121 get_up_from_back                   FAIL    0.1s
    s0g12-0121 stay_up_when_pushed                FAIL    0.1s
    s0g12-0121 eyes_follow_ball                   FAIL    0.1s
    s0g12-0121 turn_to_sound                      FAIL    0.1s
    s0g12-0121 does_not_spin_on_the_spot          FAIL    0.1s
s0g12-0121                   0/7 []
    s0g12-0122 stands_still                       FAIL    0.1s
    s0g12-0122 walk_furnished                     FAIL    0.1s
    s0g12-0122 get_up_from_back                   FAIL    0.1s
    s0g12-0122 stay_up_when_pushed                FAIL    0.1s
    s0g12-0122 eyes_follow_ball                   FAIL    0.1s
    s0g12-0122 turn_to_sound                      FAIL    0.1s
    s0g12-0122 does_not_spin_on_the_spot          FAIL    0.1s
s0g12-0122                   0/7 []
    s0g12-0123 stands_still                       FAIL    0.1s
    s0g12-0123 walk_furnished                     FAIL    0.1s
    s0g12-0123 get_up_from_back                   FAIL    0.1s
    s0g12-0123 stay_up_when_pushed                FAIL    0.1s
    s0g12-0123 eyes_follow_ball                   FAIL    0.1s
    s0g12-0123 turn_to_sound                      FAIL    0.1s
    s0g12-0123 does_not_spin_on_the_spot          FAIL    0.1s
s0g12-0123                   0/7 []
    s0g12-0124 stands_still                       FAIL    0.1s
    s0g12-0124 walk_furnished                     FAIL    0.1s
    s0g12-0124 get_up_from_back                   FAIL    0.1s
    s0g12-0124 stay_up_when_pushed                FAIL    0.1s
    s0g12-0124 eyes_follow_ball                   FAIL    0.1s
    s0g12-0124 turn_to_sound                      FAIL    0.1s
    s0g12-0124 does_not_spin_on_the_spot          FAIL    0.1s
s0g12-0124                   0/7 []
    s0g12-0125 stands_still                       FAIL    0.1s
    s0g12-0125 walk_furnished                     FAIL    0.1s
    s0g12-0125 get_up_from_back                   FAIL    0.1s
    s0g12-0125 stay_up_when_pushed                FAIL    0.1s
    s0g12-0125 eyes_follow_ball                   FAIL    0.1s
    s0g12-0125 turn_to_sound                      FAIL    0.1s
    s0g12-0125 does_not_spin_on_the_spot          FAIL    0.1s
s0g12-0125                   0/7 []
    s0g12-0126 stands_still                       FAIL    0.1s
    s0g12-0126 walk_furnished                     FAIL    0.1s
    s0g12-0126 get_up_from_back                   FAIL    0.1s
    s0g12-0126 stay_up_when_pushed                FAIL    0.1s
    s0g12-0126 eyes_follow_ball                   FAIL    0.1s
    s0g12-0126 turn_to_sound                      FAIL    0.1s
    s0g12-0126 does_not_spin_on_the_spot          FAIL    0.1s
s0g12-0126                   0/7 []
    s0g12-0127 stands_still                       FAIL    0.1s
    s0g12-0127 walk_furnished                     FAIL    0.1s
    s0g12-0127 get_up_from_back                   FAIL    0.1s
    s0g12-0127 stay_up_when_pushed                FAIL    0.1s
    s0g12-0127 eyes_follow_ball                   FAIL    0.1s
    s0g12-0127 turn_to_sound                      FAIL    0.1s
    s0g12-0127 does_not_spin_on_the_spot          FAIL    0.1s
s0g12-0127                   0/7 []
    s0g12-0128 stands_still                       FAIL    0.1s
    s0g12-0128 walk_furnished                     FAIL    0.1s
    s0g12-0128 get_up_from_back                   FAIL    0.1s
    s0g12-0128 stay_up_when_pushed                FAIL    0.1s
    s0g12-0128 eyes_follow_ball                   FAIL    0.1s
    s0g12-0128 turn_to_sound                      FAIL    0.1s
    s0g12-0128 does_not_spin_on_the_spot          FAIL    0.1s
s0g12-0128                   0/7 []
    s0g12-0129 stands_still                       FAIL    0.1s
    s0g12-0129 walk_furnished                     FAIL    0.1s
    s0g12-0129 get_up_from_back                   FAIL    0.1s
    s0g12-0129 stay_up_when_pushed                FAIL    0.1s
    s0g12-0129 eyes_follow_ball                   FAIL    0.1s
    s0g12-0129 turn_to_sound                      FAIL    0.1s
    s0g12-0129 does_not_spin_on_the_spot          FAIL    0.1s
s0g12-0129                   0/7 []
    s0g12-0130 stands_still                       FAIL    0.1s
    s0g12-0130 walk_furnished                     FAIL    0.1s
    s0g12-0130 get_up_from_back                   FAIL    0.1s
    s0g12-0130 stay_up_when_pushed                FAIL    0.1s
    s0g12-0130 eyes_follow_ball                   FAIL    0.1s
    s0g12-0130 turn_to_sound                      FAIL    0.1s
    s0g12-0130 does_not_spin_on_the_spot          FAIL    0.1s
s0g12-0130                   0/7 []
    s0g12-0131 stands_still                       FAIL    0.1s
    s0g12-0131 walk_furnished                     FAIL    0.1s
    s0g12-0131 get_up_from_back                   FAIL    0.1s
    s0g12-0131 stay_up_when_pushed                FAIL    0.1s
    s0g12-0131 eyes_follow_ball                   FAIL    0.1s
    s0g12-0131 turn_to_sound                      FAIL    0.1s
    s0g12-0131 does_not_spin_on_the_spot          FAIL    0.1s
s0g12-0131                   0/7 []
    s0g12-0132 stands_still                       FAIL    0.1s
    s0g12-0132 walk_furnished                     FAIL    0.1s
    s0g12-0132 get_up_from_back                   FAIL    0.1s
    s0g12-0132 stay_up_when_pushed                FAIL    0.1s
    s0g12-0132 eyes_follow_ball                   FAIL    0.1s
    s0g12-0132 turn_to_sound                      FAIL    0.1s
    s0g12-0132 does_not_spin_on_the_spot          FAIL    0.1s
s0g12-0132                   0/7 []
    s0g12-0133 stands_still                       FAIL    0.1s
    s0g12-0133 walk_furnished                     FAIL    0.1s
    s0g12-0133 get_up_from_back                   FAIL    0.1s
    s0g12-0133 stay_up_when_pushed                FAIL    0.1s
    s0g12-0133 eyes_follow_ball                   FAIL    0.1s
    s0g12-0133 turn_to_sound                      FAIL    0.1s
    s0g12-0133 does_not_spin_on_the_spot          FAIL    0.1s
s0g12-0133                   0/7 []
    s0g12-0134 stands_still                       FAIL    0.1s
    s0g12-0134 walk_furnished                     FAIL    0.1s
    s0g12-0134 get_up_from_back                   FAIL    0.1s
    s0g12-0134 stay_up_when_pushed                FAIL    0.1s
    s0g12-0134 eyes_follow_ball                   FAIL    0.1s
    s0g12-0134 turn_to_sound                      FAIL    0.1s
    s0g12-0134 does_not_spin_on_the_spot          FAIL    0.1s
s0g12-0134                   0/7 []
    s0g12-0135 stands_still                       FAIL    0.1s
    s0g12-0135 walk_furnished                     FAIL    0.1s
    s0g12-0135 get_up_from_back                   FAIL    0.1s
    s0g12-0135 stay_up_when_pushed                FAIL    0.1s
    s0g12-0135 eyes_follow_ball                   FAIL    0.1s
    s0g12-0135 turn_to_sound                      FAIL    0.1s
    s0g12-0135 does_not_spin_on_the_spot          FAIL    0.1s
s0g12-0135                   0/7 []
    s0g12-0136 stands_still                       FAIL    0.1s
    s0g12-0136 walk_furnished                     FAIL    0.1s
    s0g12-0136 get_up_from_back                   FAIL    0.1s
    s0g12-0136 stay_up_when_pushed                FAIL    0.1s
    s0g12-0136 eyes_follow_ball                   FAIL    0.1s
    s0g12-0136 turn_to_sound                      FAIL    0.1s
    s0g12-0136 does_not_spin_on_the_spot          FAIL    0.1s
s0g12-0136                   0/7 []
    s0g12-0137 stands_still                       FAIL    0.1s
    s0g12-0137 walk_furnished                     FAIL    0.1s
    s0g12-0137 get_up_from_back                   FAIL    0.1s
    s0g12-0137 stay_up_when_pushed                FAIL    0.1s
    s0g12-0137 eyes_follow_ball                   FAIL    0.1s
    s0g12-0137 turn_to_sound                      FAIL    0.1s
    s0g12-0137 does_not_spin_on_the_spot          FAIL    0.1s
s0g12-0137                   0/7 []
    s0g12-0138 stands_still                       FAIL    0.1s
    s0g12-0138 walk_furnished                     FAIL    0.1s
    s0g12-0138 get_up_from_back                   FAIL    0.1s
    s0g12-0138 stay_up_when_pushed                FAIL    0.1s
    s0g12-0138 eyes_follow_ball                   FAIL    0.1s
    s0g12-0138 turn_to_sound                      FAIL    0.1s
    s0g12-0138 does_not_spin_on_the_spot          FAIL    0.1s
s0g12-0138                   0/7 []
    s0g12-0139 stands_still                       FAIL    0.1s
    s0g12-0139 walk_furnished                     FAIL    0.1s
    s0g12-0139 get_up_from_back                   FAIL    0.1s
    s0g12-0139 stay_up_when_pushed                FAIL    0.1s
    s0g12-0139 eyes_follow_ball                   FAIL    0.1s
    s0g12-0139 turn_to_sound                      FAIL    0.1s
    s0g12-0139 does_not_spin_on_the_spot          FAIL    0.1s
s0g12-0139                   0/7 []
    s0g12-0140 stands_still                       FAIL    0.1s
    s0g12-0140 walk_furnished                     FAIL    0.1s
    s0g12-0140 get_up_from_back                   FAIL    0.1s
    s0g12-0140 stay_up_when_pushed                FAIL    0.1s
    s0g12-0140 eyes_follow_ball                   FAIL    0.1s
    s0g12-0140 turn_to_sound                      FAIL    0.1s
    s0g12-0140 does_not_spin_on_the_spot          FAIL    0.1s
s0g12-0140                   0/7 []
    s0g12-0141 stands_still                       FAIL    0.1s
    s0g12-0141 walk_furnished                     FAIL    0.1s
    s0g12-0141 get_up_from_back                   FAIL    0.1s
    s0g12-0141 stay_up_when_pushed                FAIL    0.1s
    s0g12-0141 eyes_follow_ball                   FAIL    0.1s
    s0g12-0141 turn_to_sound                      FAIL    0.1s
    s0g12-0141 does_not_spin_on_the_spot          FAIL    0.1s
s0g12-0141                   0/7 []
    s0g12-0142 stands_still                       FAIL    0.1s
    s0g12-0142 walk_furnished                     FAIL    0.1s
    s0g12-0142 get_up_from_back                   FAIL    0.1s
    s0g12-0142 stay_up_when_pushed                FAIL    0.1s
    s0g12-0142 eyes_follow_ball                   FAIL    0.1s
    s0g12-0142 turn_to_sound                      FAIL    0.1s
    s0g12-0142 does_not_spin_on_the_spot          FAIL    0.1s
s0g12-0142                   0/7 []
    s0g12-0143 stands_still                       FAIL    0.1s
    s0g12-0143 walk_furnished                     FAIL    0.1s
    s0g12-0143 get_up_from_back                   FAIL    0.1s
    s0g12-0143 stay_up_when_pushed                FAIL    0.1s
    s0g12-0143 eyes_follow_ball                   FAIL    0.1s
    s0g12-0143 turn_to_sound                      FAIL    0.1s
    s0g12-0143 does_not_spin_on_the_spot          FAIL    0.1s
s0g12-0143                   0/7 []
    s0g12-0144 stands_still                       FAIL    0.1s
    s0g12-0144 walk_furnished                     FAIL    0.1s
    s0g12-0144 get_up_from_back                   FAIL    0.1s
    s0g12-0144 stay_up_when_pushed                FAIL    0.1s
    s0g12-0144 eyes_follow_ball                   FAIL    0.1s
    s0g12-0144 turn_to_sound                      FAIL    0.1s
    s0g12-0144 does_not_spin_on_the_spot          FAIL    0.1s
s0g12-0144                   0/7 []
    s0g12-0145 stands_still                       FAIL    0.1s
    s0g12-0145 walk_furnished                     FAIL    0.1s
    s0g12-0145 get_up_from_back                   FAIL    0.1s
    s0g12-0145 stay_up_when_pushed                FAIL    0.1s
    s0g12-0145 eyes_follow_ball                   FAIL    0.1s
    s0g12-0145 turn_to_sound                      FAIL    0.1s
    s0g12-0145 does_not_spin_on_the_spot          FAIL    0.1s
s0g12-0145                   0/7 []
    s0g12-0146 stands_still                       FAIL    0.1s
    s0g12-0146 walk_furnished                     FAIL    0.1s
    s0g12-0146 get_up_from_back                   FAIL    0.1s
    s0g12-0146 stay_up_when_pushed                FAIL    0.1s
    s0g12-0146 eyes_follow_ball                   FAIL    0.1s
    s0g12-0146 turn_to_sound                      FAIL    0.1s
    s0g12-0146 does_not_spin_on_the_spot          FAIL    0.1s
s0g12-0146                   0/7 []
    s0g12-0147 stands_still                       FAIL    0.1s
    s0g12-0147 walk_furnished                     FAIL    0.1s
    s0g12-0147 get_up_from_back                   FAIL    0.1s
    s0g12-0147 stay_up_when_pushed                FAIL    0.1s
    s0g12-0147 eyes_follow_ball                   FAIL    0.1s
    s0g12-0147 turn_to_sound                      FAIL    0.1s
    s0g12-0147 does_not_spin_on_the_spot          FAIL    0.1s
s0g12-0147                   0/7 []
    s0g12-0148 stands_still                       FAIL    0.1s
    s0g12-0148 walk_furnished                     FAIL    0.1s
    s0g12-0148 get_up_from_back                   FAIL    0.1s
    s0g12-0148 stay_up_when_pushed                FAIL    0.1s
    s0g12-0148 eyes_follow_ball                   FAIL    0.1s
    s0g12-0148 turn_to_sound                      FAIL    0.1s
    s0g12-0148 does_not_spin_on_the_spot          FAIL    0.1s
s0g12-0148                   0/7 []
    s0g12-0149 stands_still                       FAIL    0.1s
    s0g12-0149 walk_furnished                     FAIL    0.1s
    s0g12-0149 get_up_from_back                   FAIL    0.1s
    s0g12-0149 stay_up_when_pushed                FAIL    0.1s
    s0g12-0149 eyes_follow_ball                   FAIL    0.1s
    s0g12-0149 turn_to_sound                      FAIL    0.1s
    s0g12-0149 does_not_spin_on_the_spot          FAIL    0.1s
s0g12-0149                   0/7 []
    s0g12-0150 stands_still                       FAIL    0.1s
    s0g12-0150 walk_furnished                     FAIL    0.1s
    s0g12-0150 get_up_from_back                   FAIL    0.1s
    s0g12-0150 stay_up_when_pushed                FAIL    0.1s
    s0g12-0150 eyes_follow_ball                   FAIL    0.1s
    s0g12-0150 turn_to_sound                      FAIL    0.1s
    s0g12-0150 does_not_spin_on_the_spot          FAIL    0.1s
s0g12-0150                   0/7 []
    s0g12-0151 stands_still                       FAIL    0.1s
    s0g12-0151 walk_furnished                     FAIL    0.1s
    s0g12-0151 get_up_from_back                   FAIL    0.1s
    s0g12-0151 stay_up_when_pushed                FAIL    0.1s
    s0g12-0151 eyes_follow_ball                   FAIL    0.1s
    s0g12-0151 turn_to_sound                      FAIL    0.1s
    s0g12-0151 does_not_spin_on_the_spot          FAIL    0.1s
s0g12-0151                   0/7 []
    s0g12-0152 stands_still                       FAIL    0.1s
    s0g12-0152 walk_furnished                     FAIL    0.1s
    s0g12-0152 get_up_from_back                   FAIL    0.1s
    s0g12-0152 stay_up_when_pushed                FAIL    0.1s
    s0g12-0152 eyes_follow_ball                   FAIL    0.1s
    s0g12-0152 turn_to_sound                      FAIL    0.1s
    s0g12-0152 does_not_spin_on_the_spot          FAIL    0.1s
s0g12-0152                   0/7 []
    s0g12-0153 stands_still                       FAIL    0.1s
    s0g12-0153 walk_furnished                     FAIL    0.1s
    s0g12-0153 get_up_from_back                   FAIL    0.1s
    s0g12-0153 stay_up_when_pushed                FAIL    0.1s
    s0g12-0153 eyes_follow_ball                   FAIL    0.1s
    s0g12-0153 turn_to_sound                      FAIL    0.1s
    s0g12-0153 does_not_spin_on_the_spot          FAIL    0.1s
s0g12-0153                   0/7 []
    s0g12-0154 stands_still                       FAIL    0.1s
    s0g12-0154 walk_furnished                     FAIL    0.1s
    s0g12-0154 get_up_from_back                   FAIL    0.1s
    s0g12-0154 stay_up_when_pushed                FAIL    0.1s
    s0g12-0154 eyes_follow_ball                   FAIL    0.1s
    s0g12-0154 turn_to_sound                      FAIL    0.1s
    s0g12-0154 does_not_spin_on_the_spot          FAIL    0.1s
s0g12-0154                   0/7 []
    s0g12-0155 stands_still                       FAIL    0.1s
    s0g12-0155 walk_furnished                     FAIL    0.1s
    s0g12-0155 get_up_from_back                   FAIL    0.1s
    s0g12-0155 stay_up_when_pushed                FAIL    0.1s
    s0g12-0155 eyes_follow_ball                   FAIL    0.1s
    s0g12-0155 turn_to_sound                      FAIL    0.1s
    s0g12-0155 does_not_spin_on_the_spot          FAIL    0.1s
s0g12-0155                   0/7 []
    s0g12-0156 stands_still                       FAIL    0.1s
    s0g12-0156 walk_furnished                     FAIL    0.1s
    s0g12-0156 get_up_from_back                   FAIL    0.1s
    s0g12-0156 stay_up_when_pushed                FAIL    0.1s
    s0g12-0156 eyes_follow_ball                   FAIL    0.1s
    s0g12-0156 turn_to_sound                      FAIL    0.1s
    s0g12-0156 does_not_spin_on_the_spot          FAIL    0.1s
s0g12-0156                   0/7 []
    s0g12-0157 stands_still                       FAIL    0.1s
    s0g12-0157 walk_furnished                     FAIL    0.1s
    s0g12-0157 get_up_from_back                   FAIL    0.1s
    s0g12-0157 stay_up_when_pushed                FAIL    0.1s
    s0g12-0157 eyes_follow_ball                   FAIL    0.1s
    s0g12-0157 turn_to_sound                      FAIL    0.1s
    s0g12-0157 does_not_spin_on_the_spot          FAIL    0.1s
s0g12-0157                   0/7 []
    s0g12-0158 stands_still                       FAIL    0.1s
    s0g12-0158 walk_furnished                     FAIL    0.1s
    s0g12-0158 get_up_from_back                   FAIL    0.1s
    s0g12-0158 stay_up_when_pushed                FAIL    0.1s
    s0g12-0158 eyes_follow_ball                   FAIL    0.1s
    s0g12-0158 turn_to_sound                      FAIL    0.1s
    s0g12-0158 does_not_spin_on_the_spot          FAIL    0.1s
s0g12-0158                   0/7 []
    s0g12-0159 stands_still                       FAIL    0.1s
    s0g12-0159 walk_furnished                     FAIL    0.1s
    s0g12-0159 get_up_from_back                   FAIL    0.1s
    s0g12-0159 stay_up_when_pushed                FAIL    0.1s
    s0g12-0159 eyes_follow_ball                   FAIL    0.1s
    s0g12-0159 turn_to_sound                      FAIL    0.1s
    s0g12-0159 does_not_spin_on_the_spot          FAIL    0.1s
s0g12-0159                   0/7 []
    s0g12-0160 stands_still                       FAIL    0.1s
    s0g12-0160 walk_furnished                     FAIL    0.1s
    s0g12-0160 get_up_from_back                   FAIL    0.1s
    s0g12-0160 stay_up_when_pushed                FAIL    0.1s
    s0g12-0160 eyes_follow_ball                   FAIL    0.1s
    s0g12-0160 turn_to_sound                      FAIL    0.1s
    s0g12-0160 does_not_spin_on_the_spot          FAIL    0.1s
s0g12-0160                   0/7 []
    s0g12-0161 stands_still                       FAIL    0.1s
    s0g12-0161 walk_furnished                     FAIL    0.1s
    s0g12-0161 get_up_from_back                   FAIL    0.1s
    s0g12-0161 stay_up_when_pushed                FAIL    0.1s
    s0g12-0161 eyes_follow_ball                   FAIL    0.1s
    s0g12-0161 turn_to_sound                      FAIL    0.1s
    s0g12-0161 does_not_spin_on_the_spot          FAIL    0.1s
s0g12-0161                   0/7 []
    s0g12-0162 stands_still                       FAIL    0.1s
    s0g12-0162 walk_furnished                     FAIL    0.1s
    s0g12-0162 get_up_from_back                   FAIL    0.1s
    s0g12-0162 stay_up_when_pushed                FAIL    0.1s
    s0g12-0162 eyes_follow_ball                   FAIL    0.1s
    s0g12-0162 turn_to_sound                      FAIL    0.1s
    s0g12-0162 does_not_spin_on_the_spot          FAIL    0.1s
s0g12-0162                   0/7 []
    s0g12-0163 stands_still                       FAIL    0.1s
    s0g12-0163 walk_furnished                     FAIL    0.1s
    s0g12-0163 get_up_from_back                   FAIL    0.1s
    s0g12-0163 stay_up_when_pushed                FAIL    0.1s
    s0g12-0163 eyes_follow_ball                   FAIL    0.1s
    s0g12-0163 turn_to_sound                      FAIL    0.1s
    s0g12-0163 does_not_spin_on_the_spot          FAIL    0.1s
s0g12-0163                   0/7 []
    s0g12-0164 stands_still                       FAIL    0.1s
    s0g12-0164 walk_furnished                     FAIL    0.1s
    s0g12-0164 get_up_from_back                   FAIL    0.1s
    s0g12-0164 stay_up_when_pushed                FAIL    0.1s
    s0g12-0164 eyes_follow_ball                   FAIL    0.1s
    s0g12-0164 turn_to_sound                      FAIL    0.1s
    s0g12-0164 does_not_spin_on_the_spot          FAIL    0.1s
s0g12-0164                   0/7 []
    s0g12-0165 stands_still                       FAIL    0.1s
    s0g12-0165 walk_furnished                     FAIL    0.1s
    s0g12-0165 get_up_from_back                   FAIL    0.1s
    s0g12-0165 stay_up_when_pushed                FAIL    0.1s
    s0g12-0165 eyes_follow_ball                   FAIL    0.1s
    s0g12-0165 turn_to_sound                      FAIL    0.1s
    s0g12-0165 does_not_spin_on_the_spot          FAIL    0.1s
s0g12-0165                   0/7 []
    s0g12-0166 stands_still                       FAIL    0.1s
    s0g12-0166 walk_furnished                     FAIL    0.1s
    s0g12-0166 get_up_from_back                   FAIL    0.1s
    s0g12-0166 stay_up_when_pushed                FAIL    0.1s
    s0g12-0166 eyes_follow_ball                   FAIL    0.1s
    s0g12-0166 turn_to_sound                      FAIL    0.1s
    s0g12-0166 does_not_spin_on_the_spot          FAIL    0.1s
s0g12-0166                   0/7 []
    s0g12-0167 stands_still                       FAIL    0.1s
    s0g12-0167 walk_furnished                     FAIL    0.1s
    s0g12-0167 get_up_from_back                   FAIL    0.1s
    s0g12-0167 stay_up_when_pushed                FAIL    0.1s
    s0g12-0167 eyes_follow_ball                   FAIL    0.1s
    s0g12-0167 turn_to_sound                      FAIL    0.1s
    s0g12-0167 does_not_spin_on_the_spot          FAIL    0.1s
s0g12-0167                   0/7 []
    s0g12-0168 stands_still                       FAIL    0.1s
    s0g12-0168 walk_furnished                     FAIL    0.1s
    s0g12-0168 get_up_from_back                   FAIL    0.1s
    s0g12-0168 stay_up_when_pushed                FAIL    0.1s
    s0g12-0168 eyes_follow_ball                   FAIL    0.1s
    s0g12-0168 turn_to_sound                      FAIL    0.1s
    s0g12-0168 does_not_spin_on_the_spot          FAIL    0.1s
s0g12-0168                   0/7 []
    s0g12-0169 stands_still                       FAIL    0.1s
    s0g12-0169 walk_furnished                     FAIL    0.1s
    s0g12-0169 get_up_from_back                   FAIL    0.1s
    s0g12-0169 stay_up_when_pushed                FAIL    0.1s
    s0g12-0169 eyes_follow_ball                   FAIL    0.1s
    s0g12-0169 turn_to_sound                      FAIL    0.1s
    s0g12-0169 does_not_spin_on_the_spot          FAIL    0.1s
s0g12-0169                   0/7 []
    s0g12-0170 stands_still                       FAIL    0.1s
    s0g12-0170 walk_furnished                     FAIL    0.1s
    s0g12-0170 get_up_from_back                   FAIL    0.1s
    s0g12-0170 stay_up_when_pushed                FAIL    0.1s
    s0g12-0170 eyes_follow_ball                   FAIL    0.1s
    s0g12-0170 turn_to_sound                      FAIL    0.1s
    s0g12-0170 does_not_spin_on_the_spot          FAIL    0.1s
s0g12-0170                   0/7 []
    s0g12-0171 stands_still                       FAIL    0.1s
    s0g12-0171 walk_furnished                     FAIL    0.1s
    s0g12-0171 get_up_from_back                   FAIL    0.1s
    s0g12-0171 stay_up_when_pushed                FAIL    0.1s
    s0g12-0171 eyes_follow_ball                   FAIL    0.1s
    s0g12-0171 turn_to_sound                      FAIL    0.1s
    s0g12-0171 does_not_spin_on_the_spot          FAIL    0.1s
s0g12-0171                   0/7 []
    s0g12-0172 stands_still                       FAIL    0.1s
    s0g12-0172 walk_furnished                     FAIL    0.1s
    s0g12-0172 get_up_from_back                   FAIL    0.1s
    s0g12-0172 stay_up_when_pushed                FAIL    0.1s
    s0g12-0172 eyes_follow_ball                   FAIL    0.1s
    s0g12-0172 turn_to_sound                      FAIL    0.1s
    s0g12-0172 does_not_spin_on_the_spot          FAIL    0.1s
s0g12-0172                   0/7 []
    s0g12-0173 stands_still                       FAIL    0.1s
    s0g12-0173 walk_furnished                     FAIL    0.1s
    s0g12-0173 get_up_from_back                   FAIL    0.1s
    s0g12-0173 stay_up_when_pushed                FAIL    0.1s
    s0g12-0173 eyes_follow_ball                   FAIL    0.1s
    s0g12-0173 turn_to_sound                      FAIL    0.1s
    s0g12-0173 does_not_spin_on_the_spot          FAIL    0.1s
s0g12-0173                   0/7 []
    s0g12-0174 stands_still                       FAIL    0.1s
    s0g12-0174 walk_furnished                     FAIL    0.1s
    s0g12-0174 get_up_from_back                   FAIL    0.1s
    s0g12-0174 stay_up_when_pushed                FAIL    0.1s
    s0g12-0174 eyes_follow_ball                   FAIL    0.1s
    s0g12-0174 turn_to_sound                      FAIL    0.1s
    s0g12-0174 does_not_spin_on_the_spot          FAIL    0.1s
s0g12-0174                   0/7 []
    s0g12-0175 stands_still                       FAIL    0.1s
    s0g12-0175 walk_furnished                     FAIL    0.1s
    s0g12-0175 get_up_from_back                   FAIL    0.1s
    s0g12-0175 stay_up_when_pushed                FAIL    0.1s
    s0g12-0175 eyes_follow_ball                   FAIL    0.1s
    s0g12-0175 turn_to_sound                      FAIL    0.1s
    s0g12-0175 does_not_spin_on_the_spot          FAIL    0.1s
s0g12-0175                   0/7 []
    s0g12-0176 stands_still                       FAIL    0.1s
    s0g12-0176 walk_furnished                     FAIL    0.1s
    s0g12-0176 get_up_from_back                   FAIL    0.1s
    s0g12-0176 stay_up_when_pushed                FAIL    0.1s
    s0g12-0176 eyes_follow_ball                   FAIL    0.1s
    s0g12-0176 turn_to_sound                      FAIL    0.1s
    s0g12-0176 does_not_spin_on_the_spot          FAIL    0.1s
s0g12-0176                   0/7 []
    s0g12-0177 stands_still                       FAIL    0.1s
    s0g12-0177 walk_furnished                     FAIL    0.1s
    s0g12-0177 get_up_from_back                   FAIL    0.1s
    s0g12-0177 stay_up_when_pushed                FAIL    0.1s
    s0g12-0177 eyes_follow_ball                   FAIL    0.1s
    s0g12-0177 turn_to_sound                      FAIL    0.1s
    s0g12-0177 does_not_spin_on_the_spot          FAIL    0.1s
s0g12-0177                   0/7 []
    s0g12-0178 stands_still                       FAIL    0.1s
    s0g12-0178 walk_furnished                     FAIL    0.1s
    s0g12-0178 get_up_from_back                   FAIL    0.1s
    s0g12-0178 stay_up_when_pushed                FAIL    0.1s
    s0g12-0178 eyes_follow_ball                   FAIL    0.1s
    s0g12-0178 turn_to_sound                      FAIL    0.1s
    s0g12-0178 does_not_spin_on_the_spot          FAIL    0.1s
s0g12-0178                   0/7 []
    s0g12-0179 stands_still                       FAIL    0.1s
    s0g12-0179 walk_furnished                     FAIL    0.1s
    s0g12-0179 get_up_from_back                   FAIL    0.1s
    s0g12-0179 stay_up_when_pushed                FAIL    0.1s
    s0g12-0179 eyes_follow_ball                   FAIL    0.1s
    s0g12-0179 turn_to_sound                      FAIL    0.1s
    s0g12-0179 does_not_spin_on_the_spot          FAIL    0.1s
s0g12-0179                   0/7 []
    s0g12-0180 stands_still                       FAIL    0.1s
    s0g12-0180 walk_furnished                     FAIL    0.1s
    s0g12-0180 get_up_from_back                   FAIL    0.1s
    s0g12-0180 stay_up_when_pushed                FAIL    0.1s
    s0g12-0180 eyes_follow_ball                   FAIL    0.1s
    s0g12-0180 turn_to_sound                      FAIL    0.1s
    s0g12-0180 does_not_spin_on_the_spot          FAIL    0.1s
s0g12-0180                   0/7 []
    s0g12-0181 stands_still                       FAIL    0.1s
    s0g12-0181 walk_furnished                     FAIL    0.1s
    s0g12-0181 get_up_from_back                   FAIL    0.1s
    s0g12-0181 stay_up_when_pushed                FAIL    0.1s
    s0g12-0181 eyes_follow_ball                   FAIL    0.1s
    s0g12-0181 turn_to_sound                      FAIL    0.1s
    s0g12-0181 does_not_spin_on_the_spot          FAIL    0.1s
s0g12-0181                   0/7 []
    s0g12-0182 stands_still                       FAIL    0.1s
    s0g12-0182 walk_furnished                     FAIL    0.1s
    s0g12-0182 get_up_from_back                   FAIL    0.1s
    s0g12-0182 stay_up_when_pushed                FAIL    0.1s
    s0g12-0182 eyes_follow_ball                   FAIL    0.1s
    s0g12-0182 turn_to_sound                      FAIL    0.1s
    s0g12-0182 does_not_spin_on_the_spot          FAIL    0.1s
s0g12-0182                   0/7 []
    s0g12-0183 stands_still                       FAIL    0.1s
    s0g12-0183 walk_furnished                     FAIL    0.1s
    s0g12-0183 get_up_from_back                   FAIL    0.1s
    s0g12-0183 stay_up_when_pushed                FAIL    0.1s
    s0g12-0183 eyes_follow_ball                   FAIL    0.1s
    s0g12-0183 turn_to_sound                      FAIL    0.1s
    s0g12-0183 does_not_spin_on_the_spot          FAIL    0.1s
s0g12-0183                   0/7 []
    s0g12-0184 stands_still                       FAIL    0.1s
    s0g12-0184 walk_furnished                     FAIL    0.1s
    s0g12-0184 get_up_from_back                   FAIL    0.1s
    s0g12-0184 stay_up_when_pushed                FAIL    0.1s
    s0g12-0184 eyes_follow_ball                   FAIL    0.1s
    s0g12-0184 turn_to_sound                      FAIL    0.1s
    s0g12-0184 does_not_spin_on_the_spot          FAIL    0.1s
s0g12-0184                   0/7 []
    s0g12-0185 stands_still                       FAIL    0.1s
    s0g12-0185 walk_furnished                     FAIL    0.1s
    s0g12-0185 get_up_from_back                   FAIL    0.1s
    s0g12-0185 stay_up_when_pushed                FAIL    0.1s
    s0g12-0185 eyes_follow_ball                   FAIL    0.1s
    s0g12-0185 turn_to_sound                      FAIL    0.1s
    s0g12-0185 does_not_spin_on_the_spot          FAIL    0.1s
s0g12-0185                   0/7 []
    s0g12-0186 stands_still                       FAIL    0.1s
    s0g12-0186 walk_furnished                     FAIL    0.1s
    s0g12-0186 get_up_from_back                   FAIL    0.1s
    s0g12-0186 stay_up_when_pushed                FAIL    0.1s
    s0g12-0186 eyes_follow_ball                   FAIL    0.1s
    s0g12-0186 turn_to_sound                      FAIL    0.1s
    s0g12-0186 does_not_spin_on_the_spot          FAIL    0.1s
s0g12-0186                   0/7 []
    s0g12-0187 stands_still                       FAIL    0.1s
    s0g12-0187 walk_furnished                     FAIL    0.1s
    s0g12-0187 get_up_from_back                   FAIL    0.1s
    s0g12-0187 stay_up_when_pushed                FAIL    0.1s
    s0g12-0187 eyes_follow_ball                   FAIL    0.1s
    s0g12-0187 turn_to_sound                      FAIL    0.1s
    s0g12-0187 does_not_spin_on_the_spot          FAIL    0.1s
s0g12-0187                   0/7 []
    s0g12-0188 stands_still                       FAIL    0.1s
    s0g12-0188 walk_furnished                     FAIL    0.1s
    s0g12-0188 get_up_from_back                   FAIL    0.1s
    s0g12-0188 stay_up_when_pushed                FAIL    0.1s
    s0g12-0188 eyes_follow_ball                   FAIL    0.1s
    s0g12-0188 turn_to_sound                      FAIL    0.1s
    s0g12-0188 does_not_spin_on_the_spot          FAIL    0.1s
s0g12-0188                   0/7 []
    s0g12-0189 stands_still                       FAIL    0.1s
    s0g12-0189 walk_furnished                     FAIL    0.1s
    s0g12-0189 get_up_from_back                   FAIL    0.1s
    s0g12-0189 stay_up_when_pushed                FAIL    0.1s
    s0g12-0189 eyes_follow_ball                   FAIL    0.1s
    s0g12-0189 turn_to_sound                      FAIL    0.1s
    s0g12-0189 does_not_spin_on_the_spot          FAIL    0.1s
s0g12-0189                   0/7 []
    s0g12-0190 stands_still                       FAIL    0.1s
    s0g12-0190 walk_furnished                     FAIL    0.1s
    s0g12-0190 get_up_from_back                   FAIL    0.1s
    s0g12-0190 stay_up_when_pushed                FAIL    0.1s
    s0g12-0190 eyes_follow_ball                   FAIL    0.1s
    s0g12-0190 turn_to_sound                      FAIL    0.1s
    s0g12-0190 does_not_spin_on_the_spot          FAIL    0.1s
s0g12-0190                   0/7 []
    s0g12-0191 stands_still                       FAIL    0.1s
    s0g12-0191 walk_furnished                     FAIL    0.1s
    s0g12-0191 get_up_from_back                   FAIL    0.1s
    s0g12-0191 stay_up_when_pushed                FAIL    0.1s
    s0g12-0191 eyes_follow_ball                   FAIL    0.1s
    s0g12-0191 turn_to_sound                      FAIL    0.1s
    s0g12-0191 does_not_spin_on_the_spot          FAIL    0.1s
s0g12-0191                   0/7 []
    s0g12-0192 stands_still                       FAIL    0.1s
    s0g12-0192 walk_furnished                     FAIL    0.1s
    s0g12-0192 get_up_from_back                   FAIL    0.1s
    s0g12-0192 stay_up_when_pushed                FAIL    0.1s
    s0g12-0192 eyes_follow_ball                   FAIL    0.1s
    s0g12-0192 turn_to_sound                      FAIL    0.1s
    s0g12-0192 does_not_spin_on_the_spot          FAIL    0.1s
s0g12-0192                   0/7 []
    s0g12-0193 stands_still                       FAIL    0.1s
    s0g12-0193 walk_furnished                     FAIL    0.1s
    s0g12-0193 get_up_from_back                   FAIL    0.1s
    s0g12-0193 stay_up_when_pushed                FAIL    0.1s
    s0g12-0193 eyes_follow_ball                   FAIL    0.1s
    s0g12-0193 turn_to_sound                      FAIL    0.1s
    s0g12-0193 does_not_spin_on_the_spot          FAIL    0.1s
s0g12-0193                   0/7 []
    s0g12-0194 stands_still                       FAIL    0.1s
    s0g12-0194 walk_furnished                     FAIL    0.1s
    s0g12-0194 get_up_from_back                   FAIL    0.1s
    s0g12-0194 stay_up_when_pushed                FAIL    0.1s
    s0g12-0194 eyes_follow_ball                   FAIL    0.1s
    s0g12-0194 turn_to_sound                      FAIL    0.1s
    s0g12-0194 does_not_spin_on_the_spot          FAIL    0.1s
s0g12-0194                   0/7 []
    s0g12-0195 stands_still                       FAIL    0.1s
    s0g12-0195 walk_furnished                     FAIL    0.1s
    s0g12-0195 get_up_from_back                   FAIL    0.1s
    s0g12-0195 stay_up_when_pushed                FAIL    0.1s
    s0g12-0195 eyes_follow_ball                   FAIL    0.1s
    s0g12-0195 turn_to_sound                      FAIL    0.1s
    s0g12-0195 does_not_spin_on_the_spot          FAIL    0.1s
s0g12-0195                   0/7 []
    s0g12-0196 stands_still                       FAIL    0.1s
    s0g12-0196 walk_furnished                     FAIL    0.1s
    s0g12-0196 get_up_from_back                   FAIL    0.1s
    s0g12-0196 stay_up_when_pushed                FAIL    0.1s
    s0g12-0196 eyes_follow_ball                   FAIL    0.1s
    s0g12-0196 turn_to_sound                      FAIL    0.1s
    s0g12-0196 does_not_spin_on_the_spot          FAIL    0.1s
s0g12-0196                   0/7 []
    s0g12-0197 stands_still                       FAIL    0.1s
    s0g12-0197 walk_furnished                     FAIL    0.1s
    s0g12-0197 get_up_from_back                   FAIL    0.1s
    s0g12-0197 stay_up_when_pushed                FAIL    0.1s
    s0g12-0197 eyes_follow_ball                   FAIL    0.1s
    s0g12-0197 turn_to_sound                      FAIL    0.1s
    s0g12-0197 does_not_spin_on_the_spot          FAIL    0.1s
s0g12-0197                   0/7 []
    s0g12-0198 stands_still                       FAIL    0.1s
    s0g12-0198 walk_furnished                     FAIL    0.1s
    s0g12-0198 get_up_from_back                   FAIL    0.1s
    s0g12-0198 stay_up_when_pushed                FAIL    0.1s
    s0g12-0198 eyes_follow_ball                   FAIL    0.1s
    s0g12-0198 turn_to_sound                      FAIL    0.1s
    s0g12-0198 does_not_spin_on_the_spot          FAIL    0.1s
s0g12-0198                   0/7 []
    s0g12-0199 stands_still                       FAIL    0.1s
    s0g12-0199 walk_furnished                     FAIL    0.1s
    s0g12-0199 get_up_from_back                   FAIL    0.1s
    s0g12-0199 stay_up_when_pushed                FAIL    0.1s
    s0g12-0199 eyes_follow_ball                   FAIL    0.1s
    s0g12-0199 turn_to_sound                      FAIL    0.1s
    s0g12-0199 does_not_spin_on_the_spot          FAIL    0.1s
s0g12-0199                   0/7 []
kept list -> artifacts\保留_第二轮_g12.jsonl (2 animals at the top score 7)
8 candidates examined, 0 merged animals
   (192 genomes refused by the engine, not counted: s0g12-0008, s0g12-0009, s0g12-0010, s0g12-0011, s0g12-0012, s0g12-0013)
task                     candidates passing
does_not_spin_on_the_spot 8 / 8
eyes_follow_ball         8 / 8
stands_still             8 / 8
turn_to_sound            8 / 8
walk_furnished           8 / 8
stay_up_when_pushed      6 / 8
get_up_from_back         3 / 8
best candidate: 7 of 7 tasks ['does_not_spin_on_the_spot', 'eyes_follow_ball', 'get_up_from_back', 'stands_still', 'stay_up_when_pushed', 'turn_to_sound', 'walk_furnished']
kept: 2 candidates pass >= 7 of 7 tasks
gene                     mean |step| pass vs fail, biggest gaps
wall 12.3 min, ledger artifacts\screen_ledger_第二轮_g12.jsonl
