寤虹毊灞傝繛鎺ョ綉锛氳瑙?3040銆佽瑙夌粏鑺?3040銆佸惉瑙?0000銆佸墠棰濆彾57436銆佽繍鍔?60銆佽繍鍔ㄨ蹇?576銆佹湰浣撴劅瑙?80銆佸钩琛℃劅瑙?20銆佹満韬姸鎬?0銆佽瑙夎繍鍔?920銆佸宸磋兒200銆佹姂鍒?000 鍏?148,032 涓毊灞傜缁忓厓 ...
寤虹毊灞傝繛鎺ョ綉锛氳瑙?3040銆佽瑙夌粏鑺?3040銆佸惉瑙?0000銆佸墠棰濆彾57436銆佽繍鍔?60銆佽繍鍔ㄨ蹇?576銆佹湰浣撴劅瑙?80銆佸钩琛℃劅瑙?20銆佹満韬姸鎬?0銆佽瑙夎繍鍔?920銆佸宸磋兒200銆佹姂鍒?000 鍏?148,032 涓毊灞傜缁忓厓 ...
寤虹毊灞傝繛鎺ョ綉锛氳瑙?3040銆佽瑙夌粏鑺?3040銆佸惉瑙?0000銆佸墠棰濆彾57436銆佽繍鍔?60銆佽繍鍔ㄨ蹇?576銆佹湰浣撴劅瑙?80銆佸钩琛℃劅瑙?20銆佹満韬姸鎬?0銆佽瑙夎繍鍔?920銆佸宸磋兒200銆佹姂鍒?000 鍏?148,032 涓毊灞傜缁忓厓 ...
寤虹毊灞傝繛鎺ョ綉锛氳瑙?3040銆佽瑙夌粏鑺?3040銆佸惉瑙?0000銆佸墠棰濆彾57436銆佽繍鍔?60銆佽繍鍔ㄨ蹇?576銆佹湰浣撴劅瑙?80銆佸钩琛℃劅瑙?20銆佹満韬姸鎬?0銆佽瑙夎繍鍔?920銆佸宸磋兒200銆佹姂鍒?000 鍏?148,032 涓毊灞傜缁忓厓 ...
寤虹毊灞傝繛鎺ョ綉锛氳瑙?3040銆佽瑙夌粏鑺?3040銆佸惉瑙?0000銆佸墠棰濆彾57436銆佽繍鍔?60銆佽繍鍔ㄨ蹇?576銆佹湰浣撴劅瑙?80銆佸钩琛℃劅瑙?20銆佹満韬姸鎬?0銆佽瑙夎繍鍔?920銆佸宸磋兒200銆佹姂鍒?000 鍏?148,032 涓毊灞傜缁忓厓 ...
A 淇墠 | stand 5/5 med 0.261 min 0.261 | walk 5/5 med +1.85 min +1.54 | limp 5/5
寤虹毊灞傝繛鎺ョ綉锛氳瑙?3040銆佽瑙夌粏鑺?3040銆佸惉瑙?0000銆佸墠棰濆彾57436銆佽繍鍔?60銆佽繍鍔ㄨ蹇?576銆佹湰浣撴劅瑙?80銆佸钩琛℃劅瑙?20銆佹満韬姸鎬?0銆佽瑙夎繍鍔?920銆佸宸磋兒200銆佹姂鍒?000 鍏?148,032 涓毊灞傜缁忓厓 ...
寤虹毊灞傝繛鎺ョ綉锛氳瑙?3040銆佽瑙夌粏鑺?3040銆佸惉瑙?0000銆佸墠棰濆彾57436銆佽繍鍔?60銆佽繍鍔ㄨ蹇?576銆佹湰浣撴劅瑙?80銆佸钩琛℃劅瑙?20銆佹満韬姸鎬?0銆佽瑙夎繍鍔?920銆佸宸磋兒200銆佹姂鍒?000 鍏?148,032 涓毊灞傜缁忓厓 ...
寤虹毊灞傝繛鎺ョ綉锛氳瑙?3040銆佽瑙夌粏鑺?3040銆佸惉瑙?0000銆佸墠棰濆彾57436銆佽繍鍔?60銆佽繍鍔ㄨ蹇?576銆佹湰浣撴劅瑙?80銆佸钩琛℃劅瑙?20銆佹満韬姸鎬?0銆佽瑙夎繍鍔?920銆佸宸磋兒200銆佹姂鍒?000 鍏?148,032 涓毊灞傜缁忓厓 ...
寤虹毊灞傝繛鎺ョ綉锛氳瑙?3040銆佽瑙夌粏鑺?3040銆佸惉瑙?0000銆佸墠棰濆彾57436銆佽繍鍔?60銆佽繍鍔ㄨ蹇?576銆佹湰浣撴劅瑙?80銆佸钩琛℃劅瑙?20銆佹満韬姸鎬?0銆佽瑙夎繍鍔?920銆佸宸磋兒200銆佹姂鍒?000 鍏?148,032 涓毊灞傜缁忓厓 ...
寤虹毊灞傝繛鎺ョ綉锛氳瑙?3040銆佽瑙夌粏鑺?3040銆佸惉瑙?0000銆佸墠棰濆彾57436銆佽繍鍔?60銆佽繍鍔ㄨ蹇?576銆佹湰浣撴劅瑙?80銆佸钩琛℃劅瑙?20銆佹満韬姸鎬?0銆佽瑙夎繍鍔?920銆佸宸磋兒200銆佹姂鍒?000 鍏?148,032 涓毊灞傜缁忓厓 ...
B 淇墠閭ｅ浣嗛摵婊″叏閮ㄧ粏鑳?| stand 5/5 med 0.261 min 0.261 | walk 5/5 med +1.49 min +1.43 | limp 5/5
寤虹毊灞傝繛鎺ョ綉锛氳瑙?3040銆佽瑙夌粏鑺?3040銆佸惉瑙?0000銆佸墠棰濆彾57436銆佽繍鍔?60銆佽繍鍔ㄨ蹇?576銆佹湰浣撴劅瑙?80銆佸钩琛℃劅瑙?20銆佹満韬姸鎬?0銆佽瑙夎繍鍔?920銆佸宸磋兒200銆佹姂鍒?000 鍏?148,032 涓毊灞傜缁忓厓 ...
寤虹毊灞傝繛鎺ョ綉锛氳瑙?3040銆佽瑙夌粏鑺?3040銆佸惉瑙?0000銆佸墠棰濆彾57436銆佽繍鍔?60銆佽繍鍔ㄨ蹇?576銆佹湰浣撴劅瑙?80銆佸钩琛℃劅瑙?20銆佹満韬姸鎬?0銆佽瑙夎繍鍔?920銆佸宸磋兒200銆佹姂鍒?000 鍏?148,032 涓毊灞傜缁忓厓 ...
寤虹毊灞傝繛鎺ョ綉锛氳瑙?3040銆佽瑙夌粏鑺?3040銆佸惉瑙?0000銆佸墠棰濆彾57436銆佽繍鍔?60銆佽繍鍔ㄨ蹇?576銆佹湰浣撴劅瑙?80銆佸钩琛℃劅瑙?20銆佹満韬姸鎬?0銆佽瑙夎繍鍔?920銆佸宸磋兒200銆佹姂鍒?000 鍏?148,032 涓毊灞傜缁忓厓 ...
寤虹毊灞傝繛鎺ョ綉锛氳瑙?3040銆佽瑙夌粏鑺?3040銆佸惉瑙?0000銆佸墠棰濆彾57436銆佽繍鍔?60銆佽繍鍔ㄨ蹇?576銆佹湰浣撴劅瑙?80銆佸钩琛℃劅瑙?20銆佹満韬姸鎬?0銆佽瑙夎繍鍔?920銆佸宸磋兒200銆佹姂鍒?000 鍏?148,032 涓毊灞傜缁忓厓 ...
寤虹毊灞傝繛鎺ョ綉锛氳瑙?3040銆佽瑙夌粏鑺?3040銆佸惉瑙?0000銆佸墠棰濆彾57436銆佽繍鍔?60銆佽繍鍔ㄨ蹇?576銆佹湰浣撴劅瑙?80銆佸钩琛℃劅瑙?20銆佹満韬姸鎬?0銆佽瑙夎繍鍔?920銆佸宸磋兒200銆佹姂鍒?000 鍏?148,032 涓毊灞傜缁忓厓 ...
C 姣忎釜缁嗚優閮藉彂路鍏ㄦ拻鍏ㄨ剳 | stand 5/5 med 0.261 min 0.261 | walk 4/5 med +2.02 min -0.16 | limp 5/5
寤虹毊灞傝繛鎺ョ綉锛氳瑙?3040銆佽瑙夌粏鑺?3040銆佸惉瑙?0000銆佸墠棰濆彾57436銆佽繍鍔?60銆佽繍鍔ㄨ蹇?576銆佹湰浣撴劅瑙?80銆佸钩琛℃劅瑙?20銆佹満韬姸鎬?0銆佽瑙夎繍鍔?920銆佸宸磋兒200銆佹姂鍒?000 鍏?148,032 涓毊灞傜缁忓厓 ...
寤虹毊灞傝繛鎺ョ綉锛氳瑙?3040銆佽瑙夌粏鑺?3040銆佸惉瑙?0000銆佸墠棰濆彾57436銆佽繍鍔?60銆佽繍鍔ㄨ蹇?576銆佹湰浣撴劅瑙?80銆佸钩琛℃劅瑙?20銆佹満韬姸鎬?0銆佽瑙夎繍鍔?920銆佸宸磋兒200銆佹姂鍒?000 鍏?148,032 涓毊灞傜缁忓厓 ...
寤虹毊灞傝繛鎺ョ綉锛氳瑙?3040銆佽瑙夌粏鑺?3040銆佸惉瑙?0000銆佸墠棰濆彾57436銆佽繍鍔?60銆佽繍鍔ㄨ蹇?576銆佹湰浣撴劅瑙?80銆佸钩琛℃劅瑙?20銆佹満韬姸鎬?0銆佽瑙夎繍鍔?920銆佸宸磋兒200銆佹姂鍒?000 鍏?148,032 涓毊灞傜缁忓厓 ...
寤虹毊灞傝繛鎺ョ綉锛氳瑙?3040銆佽瑙夌粏鑺?3040銆佸惉瑙?0000銆佸墠棰濆彾57436銆佽繍鍔?60銆佽繍鍔ㄨ蹇?576銆佹湰浣撴劅瑙?80銆佸钩琛℃劅瑙?20銆佹満韬姸鎬?0銆佽瑙夎繍鍔?920銆佸宸磋兒200銆佹姂鍒?000 鍏?148,032 涓毊灞傜缁忓厓 ...
寤虹毊灞傝繛鎺ョ綉锛氳瑙?3040銆佽瑙夌粏鑺?3040銆佸惉瑙?0000銆佸墠棰濆彾57436銆佽繍鍔?60銆佽繍鍔ㄨ蹇?576銆佹湰浣撴劅瑙?80銆佸钩琛℃劅瑙?20銆佹満韬姸鎬?0銆佽瑙夎繍鍔?920銆佸宸磋兒200銆佹姂鍒?000 鍏?148,032 涓毊灞傜缁忓厓 ...
D 姣忎釜缁嗚優閮藉彂路涓€鍗婂氨杩戯紙鐜板湪鐨勪慨澶嶇増锛?| stand 4/5 med 0.210 min 0.199 | walk 5/5 med +1.33 min +0.87 | limp 5/5
