====================================================================================================
「前进1.2」头细胞：那一身抑制是哪来的？—— 让不让走链转，两臂对照
====================================================================================================
建皮层连接网：视觉23040、视觉细节23040、听觉30000、前额叶57436、运动160、运动记忆3576、本体感觉480、平衡感觉120、机身状态60、视觉运动1920、多巴胺200、抑制8000 共 148,032 个皮层神经元 ...

--- 种子 20260914 ---
  红幕  照常跑（链在转）                     头细胞 兴奋 1.78  抑制 2.79  净 -1.01   走链点火 199/200
  红幕  每拍抹掉运动记忆（链转不起来）              头细胞 兴奋 1.64  抑制 0.00  净 +1.64   走链点火 0/200
  黑幕  照常跑                          头细胞 兴奋 0.09  抑制 0.00  净 +0.09   走链点火 0/200
  黑幕  每拍抹掉运动记忆                     头细胞 兴奋 0.09  抑制 0.00  净 +0.09   走链点火 0/200
建皮层连接网：视觉23040、视觉细节23040、听觉30000、前额叶57436、运动160、运动记忆3576、本体感觉480、平衡感觉120、机身状态60、视觉运动1920、多巴胺200、抑制8000 共 148,032 个皮层神经元 ...

--- 种子 20260915 ---
  红幕  照常跑（链在转）                     头细胞 兴奋 1.78  抑制 3.08  净 -1.30   走链点火 199/200
  红幕  每拍抹掉运动记忆（链转不起来）              头细胞 兴奋 1.65  抑制 0.29  净 +1.36   走链点火 0/200
  黑幕  照常跑                          头细胞 兴奋 0.09  抑制 0.00  净 +0.09   走链点火 0/200
  黑幕  每拍抹掉运动记忆                     头细胞 兴奋 0.09  抑制 0.00  净 +0.09   走链点火 0/200
建皮层连接网：视觉23040、视觉细节23040、听觉30000、前额叶57436、运动160、运动记忆3576、本体感觉480、平衡感觉120、机身状态60、视觉运动1920、多巴胺200、抑制8000 共 148,032 个皮层神经元 ...

--- 种子 20260916 ---
  红幕  照常跑（链在转）                     头细胞 兴奋 1.78  抑制 2.94  净 -1.17   走链点火 199/200
  红幕  每拍抹掉运动记忆（链转不起来）              头细胞 兴奋 1.65  抑制 0.15  净 +1.49   走链点火 0/200
  黑幕  照常跑                          头细胞 兴奋 0.08  抑制 0.00  净 +0.08   走链点火 0/200
  黑幕  每拍抹掉运动记忆                     头细胞 兴奋 0.08  抑制 0.00  净 +0.08   走链点火 0/200
建皮层连接网：视觉23040、视觉细节23040、听觉30000、前额叶57436、运动160、运动记忆3576、本体感觉480、平衡感觉120、机身状态60、视觉运动1920、多巴胺200、抑制8000 共 148,032 个皮层神经元 ...

--- 种子 20260917 ---
  红幕  照常跑（链在转）                     头细胞 兴奋 1.78  抑制 2.90  净 -1.12   走链点火 199/200
  红幕  每拍抹掉运动记忆（链转不起来）              头细胞 兴奋 1.65  抑制 0.11  净 +1.54   走链点火 0/200
  黑幕  照常跑                          头细胞 兴奋 0.09  抑制 0.00  净 +0.09   走链点火 0/200
  黑幕  每拍抹掉运动记忆                     头细胞 兴奋 0.09  抑制 0.00  净 +0.09   走链点火 0/200
建皮层连接网：视觉23040、视觉细节23040、听觉30000、前额叶57436、运动160、运动记忆3576、本体感觉480、平衡感觉120、机身状态60、视觉运动1920、多巴胺200、抑制8000 共 148,032 个皮层神经元 ...

--- 种子 20260918 ---
  红幕  照常跑（链在转）                     头细胞 兴奋 1.78  抑制 2.87  净 -1.09   走链点火 199/200
  红幕  每拍抹掉运动记忆（链转不起来）              头细胞 兴奋 1.64  抑制 0.08  净 +1.57   走链点火 0/200
  黑幕  照常跑                          头细胞 兴奋 0.08  抑制 0.05  净 +0.03   走链点火 0/200
  黑幕  每拍抹掉运动记忆                     头细胞 兴奋 0.08  抑制 0.05  净 +0.03   走链点火 0/200

====================================================================================================
【汇总：5 个种子取中位数】
幕      | 臂                              | 兴奋        | 抑制        | 净         | 走链点火
----------------------------------------------------------------------------------------------------
红幕     | 照常跑（链在转）                       | 1.78      | 2.90      | -1.12     | 199/200（5/5 种子点着火）
红幕     | 每拍抹掉运动记忆（链转不起来）                | 1.65      | 0.11      | 1.54      | 0/200（0/5 种子点着火）
黑幕     | 照常跑                            | 0.09      | 0.00      | 0.09      | 0/200（0/5 种子点着火）
黑幕     | 每拍抹掉运动记忆                       | 0.09      | 0.00      | 0.09      | 0/200（0/5 种子点着火）
