================================================================================================
鎵€屾姂鍒跺嚭鐢熸潈閲嶃€嶏細绔欒捣鏉?/ 鏈濈孩璧?/ 浠€涔堥兘涓嶇粰
================================================================================================
寤虹毊灞傝繛鎺ョ綉锛氳瑙?3040銆佽瑙夌粏鑺?3040銆佸惉瑙?0000銆佸墠棰濆彾57436銆佽繍鍔?60銆佽繍鍔ㄨ蹇?576銆佹湰浣撴劅瑙?80銆佸钩琛℃劅瑙?20銆佹満韬姸鎬?0銆佽瑙夎繍鍔?920銆佸宸磋兒200銆佹姂鍒?000 鍏?148,032 涓毊灞傜缁忓厓 ...
寤虹毊灞傝繛鎺ョ綉锛氳瑙?3040銆佽瑙夌粏鑺?3040銆佸惉瑙?0000銆佸墠棰濆彾57436銆佽繍鍔?60銆佽繍鍔ㄨ蹇?576銆佹湰浣撴劅瑙?80銆佸钩琛℃劅瑙?20銆佹満韬姸鎬?0銆佽瑙夎繍鍔?920銆佸宸磋兒200銆佹姂鍒?000 鍏?148,032 涓毊灞傜缁忓厓 ...
寤虹毊灞傝繛鎺ョ綉锛氳瑙?3040銆佽瑙夌粏鑺?3040銆佸惉瑙?0000銆佸墠棰濆彾57436銆佽繍鍔?60銆佽繍鍔ㄨ蹇?576銆佹湰浣撴劅瑙?80銆佸钩琛℃劅瑙?20銆佹満韬姸鎬?0銆佽瑙夎繍鍔?920銆佸宸磋兒200銆佹姂鍒?000 鍏?148,032 涓毊灞傜缁忓厓 ...
寤虹毊灞傝繛鎺ョ綉锛氳瑙?3040銆佽瑙夌粏鑺?3040銆佸惉瑙?0000銆佸墠棰濆彾57436銆佽繍鍔?60銆佽繍鍔ㄨ蹇?576銆佹湰浣撴劅瑙?80銆佸钩琛℃劅瑙?20銆佹満韬姸鎬?0銆佽瑙夎繍鍔?920銆佸宸磋兒200銆佹姂鍒?000 鍏?148,032 涓毊灞傜缁忓厓 ...
寤虹毊灞傝繛鎺ョ綉锛氳瑙?3040銆佽瑙夌粏鑺?3040銆佸惉瑙?0000銆佸墠棰濆彾57436銆佽繍鍔?60銆佽繍鍔ㄨ蹇?576銆佹湰浣撴劅瑙?80銆佸钩琛℃劅瑙?20銆佹満韬姸鎬?0銆佽瑙夎繍鍔?920銆佸宸磋兒200銆佹姂鍒?000 鍏?148,032 涓毊灞傜缁忓厓 ...
鎶戝埗鍑虹敓鏉冮噸 0.15 | 绔欒捣鏉?4/5锛堜腑浣?0.210 鏈€浣?0.199锛?| 鏈濈孩璧?5/5锛堜腑浣?+1.33 鏈€灏?+0.87锛?| 鐦帀 5/5
寤虹毊灞傝繛鎺ョ綉锛氳瑙?3040銆佽瑙夌粏鑺?3040銆佸惉瑙?0000銆佸墠棰濆彾57436銆佽繍鍔?60銆佽繍鍔ㄨ蹇?576銆佹湰浣撴劅瑙?80銆佸钩琛℃劅瑙?20銆佹満韬姸鎬?0銆佽瑙夎繍鍔?920銆佸宸磋兒200銆佹姂鍒?000 鍏?148,032 涓毊灞傜缁忓厓 ...
寤虹毊灞傝繛鎺ョ綉锛氳瑙?3040銆佽瑙夌粏鑺?3040銆佸惉瑙?0000銆佸墠棰濆彾57436銆佽繍鍔?60銆佽繍鍔ㄨ蹇?576銆佹湰浣撴劅瑙?80銆佸钩琛℃劅瑙?20銆佹満韬姸鎬?0銆佽瑙夎繍鍔?920銆佸宸磋兒200銆佹姂鍒?000 鍏?148,032 涓毊灞傜缁忓厓 ...
寤虹毊灞傝繛鎺ョ綉锛氳瑙?3040銆佽瑙夌粏鑺?3040銆佸惉瑙?0000銆佸墠棰濆彾57436銆佽繍鍔?60銆佽繍鍔ㄨ蹇?576銆佹湰浣撴劅瑙?80銆佸钩琛℃劅瑙?20銆佹満韬姸鎬?0銆佽瑙夎繍鍔?920銆佸宸磋兒200銆佹姂鍒?000 鍏?148,032 涓毊灞傜缁忓厓 ...
寤虹毊灞傝繛鎺ョ綉锛氳瑙?3040銆佽瑙夌粏鑺?3040銆佸惉瑙?0000銆佸墠棰濆彾57436銆佽繍鍔?60銆佽繍鍔ㄨ蹇?576銆佹湰浣撴劅瑙?80銆佸钩琛℃劅瑙?20銆佹満韬姸鎬?0銆佽瑙夎繍鍔?920銆佸宸磋兒200銆佹姂鍒?000 鍏?148,032 涓毊灞傜缁忓厓 ...
寤虹毊灞傝繛鎺ョ綉锛氳瑙?3040銆佽瑙夌粏鑺?3040銆佸惉瑙?0000銆佸墠棰濆彾57436銆佽繍鍔?60銆佽繍鍔ㄨ蹇?576銆佹湰浣撴劅瑙?80銆佸钩琛℃劅瑙?20銆佹満韬姸鎬?0銆佽瑙夎繍鍔?920銆佸宸磋兒200銆佹姂鍒?000 鍏?148,032 涓毊灞傜缁忓厓 ...
鎶戝埗鍑虹敓鏉冮噸 0.12 | 绔欒捣鏉?5/5锛堜腑浣?0.205 鏈€浣?0.200锛?| 鏈濈孩璧?5/5锛堜腑浣?+1.23 鏈€灏?+1.15锛?| 鐦帀 5/5
寤虹毊灞傝繛鎺ョ綉锛氳瑙?3040銆佽瑙夌粏鑺?3040銆佸惉瑙?0000銆佸墠棰濆彾57436銆佽繍鍔?60銆佽繍鍔ㄨ蹇?576銆佹湰浣撴劅瑙?80銆佸钩琛℃劅瑙?20銆佹満韬姸鎬?0銆佽瑙夎繍鍔?920銆佸宸磋兒200銆佹姂鍒?000 鍏?148,032 涓毊灞傜缁忓厓 ...
寤虹毊灞傝繛鎺ョ綉锛氳瑙?3040銆佽瑙夌粏鑺?3040銆佸惉瑙?0000銆佸墠棰濆彾57436銆佽繍鍔?60銆佽繍鍔ㄨ蹇?576銆佹湰浣撴劅瑙?80銆佸钩琛℃劅瑙?20銆佹満韬姸鎬?0銆佽瑙夎繍鍔?920銆佸宸磋兒200銆佹姂鍒?000 鍏?148,032 涓毊灞傜缁忓厓 ...
寤虹毊灞傝繛鎺ョ綉锛氳瑙?3040銆佽瑙夌粏鑺?3040銆佸惉瑙?0000銆佸墠棰濆彾57436銆佽繍鍔?60銆佽繍鍔ㄨ蹇?576銆佹湰浣撴劅瑙?80銆佸钩琛℃劅瑙?20銆佹満韬姸鎬?0銆佽瑙夎繍鍔?920銆佸宸磋兒200銆佹姂鍒?000 鍏?148,032 涓毊灞傜缁忓厓 ...
寤虹毊灞傝繛鎺ョ綉锛氳瑙?3040銆佽瑙夌粏鑺?3040銆佸惉瑙?0000銆佸墠棰濆彾57436銆佽繍鍔?60銆佽繍鍔ㄨ蹇?576銆佹湰浣撴劅瑙?80銆佸钩琛℃劅瑙?20銆佹満韬姸鎬?0銆佽瑙夎繍鍔?920銆佸宸磋兒200銆佹姂鍒?000 鍏?148,032 涓毊灞傜缁忓厓 ...
寤虹毊灞傝繛鎺ョ綉锛氳瑙?3040銆佽瑙夌粏鑺?3040銆佸惉瑙?0000銆佸墠棰濆彾57436銆佽繍鍔?60銆佽繍鍔ㄨ蹇?576銆佹湰浣撴劅瑙?80銆佸钩琛℃劅瑙?20銆佹満韬姸鎬?0銆佽瑙夎繍鍔?920銆佸宸磋兒200銆佹姂鍒?000 鍏?148,032 涓毊灞傜缁忓厓 ...
鎶戝埗鍑虹敓鏉冮噸 0.10 | 绔欒捣鏉?4/5锛堜腑浣?0.223 鏈€浣?0.183锛?| 鏈濈孩璧?5/5锛堜腑浣?+1.16 鏈€灏?+0.98锛?| 鐦帀 5/5
寤虹毊灞傝繛鎺ョ綉锛氳瑙?3040銆佽瑙夌粏鑺?3040銆佸惉瑙?0000銆佸墠棰濆彾57436銆佽繍鍔?60銆佽繍鍔ㄨ蹇?576銆佹湰浣撴劅瑙?80銆佸钩琛℃劅瑙?20銆佹満韬姸鎬?0銆佽瑙夎繍鍔?920銆佸宸磋兒200銆佹姂鍒?000 鍏?148,032 涓毊灞傜缁忓厓 ...
寤虹毊灞傝繛鎺ョ綉锛氳瑙?3040銆佽瑙夌粏鑺?3040銆佸惉瑙?0000銆佸墠棰濆彾57436銆佽繍鍔?60銆佽繍鍔ㄨ蹇?576銆佹湰浣撴劅瑙?80銆佸钩琛℃劅瑙?20銆佹満韬姸鎬?0銆佽瑙夎繍鍔?920銆佸宸磋兒200銆佹姂鍒?000 鍏?148,032 涓毊灞傜缁忓厓 ...
寤虹毊灞傝繛鎺ョ綉锛氳瑙?3040銆佽瑙夌粏鑺?3040銆佸惉瑙?0000銆佸墠棰濆彾57436銆佽繍鍔?60銆佽繍鍔ㄨ蹇?576銆佹湰浣撴劅瑙?80銆佸钩琛℃劅瑙?20銆佹満韬姸鎬?0銆佽瑙夎繍鍔?920銆佸宸磋兒200銆佹姂鍒?000 鍏?148,032 涓毊灞傜缁忓厓 ...
寤虹毊灞傝繛鎺ョ綉锛氳瑙?3040銆佽瑙夌粏鑺?3040銆佸惉瑙?0000銆佸墠棰濆彾57436銆佽繍鍔?60銆佽繍鍔ㄨ蹇?576銆佹湰浣撴劅瑙?80銆佸钩琛℃劅瑙?20銆佹満韬姸鎬?0銆佽瑙夎繍鍔?920銆佸宸磋兒200銆佹姂鍒?000 鍏?148,032 涓毊灞傜缁忓厓 ...
寤虹毊灞傝繛鎺ョ綉锛氳瑙?3040銆佽瑙夌粏鑺?3040銆佸惉瑙?0000銆佸墠棰濆彾57436銆佽繍鍔?60銆佽繍鍔ㄨ蹇?576銆佹湰浣撴劅瑙?80銆佸钩琛℃劅瑙?20銆佹満韬姸鎬?0銆佽瑙夎繍鍔?920銆佸宸磋兒200銆佹姂鍒?000 鍏?148,032 涓毊灞傜缁忓厓 ...
鎶戝埗鍑虹敓鏉冮噸 0.08 | 绔欒捣鏉?5/5锛堜腑浣?0.242 鏈€浣?0.231锛?| 鏈濈孩璧?0/5锛堜腑浣?-0.07 鏈€灏?-0.15锛?| 鐦帀 5/5
寤虹毊灞傝繛鎺ョ綉锛氳瑙?3040銆佽瑙夌粏鑺?3040銆佸惉瑙?0000銆佸墠棰濆彾57436銆佽繍鍔?60銆佽繍鍔ㄨ蹇?576銆佹湰浣撴劅瑙?80銆佸钩琛℃劅瑙?20銆佹満韬姸鎬?0銆佽瑙夎繍鍔?920銆佸宸磋兒200銆佹姂鍒?000 鍏?148,032 涓毊灞傜缁忓厓 ...
寤虹毊灞傝繛鎺ョ綉锛氳瑙?3040銆佽瑙夌粏鑺?3040銆佸惉瑙?0000銆佸墠棰濆彾57436銆佽繍鍔?60銆佽繍鍔ㄨ蹇?576銆佹湰浣撴劅瑙?80銆佸钩琛℃劅瑙?20銆佹満韬姸鎬?0銆佽瑙夎繍鍔?920銆佸宸磋兒200銆佹姂鍒?000 鍏?148,032 涓毊灞傜缁忓厓 ...
寤虹毊灞傝繛鎺ョ綉锛氳瑙?3040銆佽瑙夌粏鑺?3040銆佸惉瑙?0000銆佸墠棰濆彾57436銆佽繍鍔?60銆佽繍鍔ㄨ蹇?576銆佹湰浣撴劅瑙?80銆佸钩琛℃劅瑙?20銆佹満韬姸鎬?0銆佽瑙夎繍鍔?920銆佸宸磋兒200銆佹姂鍒?000 鍏?148,032 涓毊灞傜缁忓厓 ...
寤虹毊灞傝繛鎺ョ綉锛氳瑙?3040銆佽瑙夌粏鑺?3040銆佸惉瑙?0000銆佸墠棰濆彾57436銆佽繍鍔?60銆佽繍鍔ㄨ蹇?576銆佹湰浣撴劅瑙?80銆佸钩琛℃劅瑙?20銆佹満韬姸鎬?0銆佽瑙夎繍鍔?920銆佸宸磋兒200銆佹姂鍒?000 鍏?148,032 涓毊灞傜缁忓厓 ...
寤虹毊灞傝繛鎺ョ綉锛氳瑙?3040銆佽瑙夌粏鑺?3040銆佸惉瑙?0000銆佸墠棰濆彾57436銆佽繍鍔?60銆佽繍鍔ㄨ蹇?576銆佹湰浣撴劅瑙?80銆佸钩琛℃劅瑙?20銆佹満韬姸鎬?0銆佽瑙夎繍鍔?920銆佸宸磋兒200銆佹姂鍒?000 鍏?148,032 涓毊灞傜缁忓厓 ...
鎶戝埗鍑虹敓鏉冮噸 0.06 | 绔欒捣鏉?5/5锛堜腑浣?0.240 鏈€浣?0.229锛?| 鏈濈孩璧?4/5锛堜腑浣?+1.72 鏈€灏?-0.22锛?| 鐦帀 5/5
