鎶戝埗寮哄害鎵弿锛氱珯璧锋潵 / 鏈濈孩璧?/ 浠€涔堥兘涓嶇粰瑕佷笉瑕佺槴鎺?
寤虹毊灞傝繛鎺ョ綉锛氳瑙?3040銆佽瑙夌粏鑺?3040銆佸惉瑙?0000銆佸墠棰濆彾57436銆佽繍鍔?60銆佽繍鍔ㄨ蹇?576銆佹湰浣撴劅瑙?80銆佸钩琛℃劅瑙?20銆佹満韬姸鎬?0銆佽瑙夎繍鍔?920銆佸宸磋兒200銆佹姂鍒?000 鍏?148,032 涓毊灞傜缁忓厓 ...
寤虹毊灞傝繛鎺ョ綉锛氳瑙?3040銆佽瑙夌粏鑺?3040銆佸惉瑙?0000銆佸墠棰濆彾57436銆佽繍鍔?60銆佽繍鍔ㄨ蹇?576銆佹湰浣撴劅瑙?80銆佸钩琛℃劅瑙?20銆佹満韬姸鎬?0銆佽瑙夎繍鍔?920銆佸宸磋兒200銆佹姂鍒?000 鍏?148,032 涓毊灞傜缁忓厓 ...
寤虹毊灞傝繛鎺ョ綉锛氳瑙?3040銆佽瑙夌粏鑺?3040銆佸惉瑙?0000銆佸墠棰濆彾57436銆佽繍鍔?60銆佽繍鍔ㄨ蹇?576銆佹湰浣撴劅瑙?80銆佸钩琛℃劅瑙?20銆佹満韬姸鎬?0銆佽瑙夎繍鍔?920銆佸宸磋兒200銆佹姂鍒?000 鍏?148,032 涓毊灞傜缁忓厓 ...
寤虹毊灞傝繛鎺ョ綉锛氳瑙?3040銆佽瑙夌粏鑺?3040銆佸惉瑙?0000銆佸墠棰濆彾57436銆佽繍鍔?60銆佽繍鍔ㄨ蹇?576銆佹湰浣撴劅瑙?80銆佸钩琛℃劅瑙?20銆佹満韬姸鎬?0銆佽瑙夎繍鍔?920銆佸宸磋兒200銆佹姂鍒?000 鍏?148,032 涓毊灞傜缁忓厓 ...
寤虹毊灞傝繛鎺ョ綉锛氳瑙?3040銆佽瑙夌粏鑺?3040銆佸惉瑙?0000銆佸墠棰濆彾57436銆佽繍鍔?60銆佽繍鍔ㄨ蹇?576銆佹湰浣撴劅瑙?80銆佸钩琛℃劅瑙?20銆佹満韬姸鎬?0銆佽瑙夎繍鍔?920銆佸宸磋兒200銆佹姂鍒?000 鍏?148,032 涓毊灞傜缁忓厓 ...
SUPPRESS 1.50 | stand 4/5 med 0.210 min 0.199 | walk 5/5 med +1.33 min +0.87 | limp 5/5
寤虹毊灞傝繛鎺ョ綉锛氳瑙?3040銆佽瑙夌粏鑺?3040銆佸惉瑙?0000銆佸墠棰濆彾57436銆佽繍鍔?60銆佽繍鍔ㄨ蹇?576銆佹湰浣撴劅瑙?80銆佸钩琛℃劅瑙?20銆佹満韬姸鎬?0銆佽瑙夎繍鍔?920銆佸宸磋兒200銆佹姂鍒?000 鍏?148,032 涓毊灞傜缁忓厓 ...
寤虹毊灞傝繛鎺ョ綉锛氳瑙?3040銆佽瑙夌粏鑺?3040銆佸惉瑙?0000銆佸墠棰濆彾57436銆佽繍鍔?60銆佽繍鍔ㄨ蹇?576銆佹湰浣撴劅瑙?80銆佸钩琛℃劅瑙?20銆佹満韬姸鎬?0銆佽瑙夎繍鍔?920銆佸宸磋兒200銆佹姂鍒?000 鍏?148,032 涓毊灞傜缁忓厓 ...
寤虹毊灞傝繛鎺ョ綉锛氳瑙?3040銆佽瑙夌粏鑺?3040銆佸惉瑙?0000銆佸墠棰濆彾57436銆佽繍鍔?60銆佽繍鍔ㄨ蹇?576銆佹湰浣撴劅瑙?80銆佸钩琛℃劅瑙?20銆佹満韬姸鎬?0銆佽瑙夎繍鍔?920銆佸宸磋兒200銆佹姂鍒?000 鍏?148,032 涓毊灞傜缁忓厓 ...
寤虹毊灞傝繛鎺ョ綉锛氳瑙?3040銆佽瑙夌粏鑺?3040銆佸惉瑙?0000銆佸墠棰濆彾57436銆佽繍鍔?60銆佽繍鍔ㄨ蹇?576銆佹湰浣撴劅瑙?80銆佸钩琛℃劅瑙?20銆佹満韬姸鎬?0銆佽瑙夎繍鍔?920銆佸宸磋兒200銆佹姂鍒?000 鍏?148,032 涓毊灞傜缁忓厓 ...
寤虹毊灞傝繛鎺ョ綉锛氳瑙?3040銆佽瑙夌粏鑺?3040銆佸惉瑙?0000銆佸墠棰濆彾57436銆佽繍鍔?60銆佽繍鍔ㄨ蹇?576銆佹湰浣撴劅瑙?80銆佸钩琛℃劅瑙?20銆佹満韬姸鎬?0銆佽瑙夎繍鍔?920銆佸宸磋兒200銆佹姂鍒?000 鍏?148,032 涓毊灞傜缁忓厓 ...
SUPPRESS 1.20 | stand 5/5 med 0.205 min 0.200 | walk 5/5 med +1.23 min +1.15 | limp 5/5
寤虹毊灞傝繛鎺ョ綉锛氳瑙?3040銆佽瑙夌粏鑺?3040銆佸惉瑙?0000銆佸墠棰濆彾57436銆佽繍鍔?60銆佽繍鍔ㄨ蹇?576銆佹湰浣撴劅瑙?80銆佸钩琛℃劅瑙?20銆佹満韬姸鎬?0銆佽瑙夎繍鍔?920銆佸宸磋兒200銆佹姂鍒?000 鍏?148,032 涓毊灞傜缁忓厓 ...
寤虹毊灞傝繛鎺ョ綉锛氳瑙?3040銆佽瑙夌粏鑺?3040銆佸惉瑙?0000銆佸墠棰濆彾57436銆佽繍鍔?60銆佽繍鍔ㄨ蹇?576銆佹湰浣撴劅瑙?80銆佸钩琛℃劅瑙?20銆佹満韬姸鎬?0銆佽瑙夎繍鍔?920銆佸宸磋兒200銆佹姂鍒?000 鍏?148,032 涓毊灞傜缁忓厓 ...
寤虹毊灞傝繛鎺ョ綉锛氳瑙?3040銆佽瑙夌粏鑺?3040銆佸惉瑙?0000銆佸墠棰濆彾57436銆佽繍鍔?60銆佽繍鍔ㄨ蹇?576銆佹湰浣撴劅瑙?80銆佸钩琛℃劅瑙?20銆佹満韬姸鎬?0銆佽瑙夎繍鍔?920銆佸宸磋兒200銆佹姂鍒?000 鍏?148,032 涓毊灞傜缁忓厓 ...
寤虹毊灞傝繛鎺ョ綉锛氳瑙?3040銆佽瑙夌粏鑺?3040銆佸惉瑙?0000銆佸墠棰濆彾57436銆佽繍鍔?60銆佽繍鍔ㄨ蹇?576銆佹湰浣撴劅瑙?80銆佸钩琛℃劅瑙?20銆佹満韬姸鎬?0銆佽瑙夎繍鍔?920銆佸宸磋兒200銆佹姂鍒?000 鍏?148,032 涓毊灞傜缁忓厓 ...
寤虹毊灞傝繛鎺ョ綉锛氳瑙?3040銆佽瑙夌粏鑺?3040銆佸惉瑙?0000銆佸墠棰濆彾57436銆佽繍鍔?60銆佽繍鍔ㄨ蹇?576銆佹湰浣撴劅瑙?80銆佸钩琛℃劅瑙?20銆佹満韬姸鎬?0銆佽瑙夎繍鍔?920銆佸宸磋兒200銆佹姂鍒?000 鍏?148,032 涓毊灞傜缁忓厓 ...
SUPPRESS 1.00 | stand 4/5 med 0.223 min 0.183 | walk 5/5 med +1.16 min +0.98 | limp 5/5
寤虹毊灞傝繛鎺ョ綉锛氳瑙?3040銆佽瑙夌粏鑺?3040銆佸惉瑙?0000銆佸墠棰濆彾57436銆佽繍鍔?60銆佽繍鍔ㄨ蹇?576銆佹湰浣撴劅瑙?80銆佸钩琛℃劅瑙?20銆佹満韬姸鎬?0銆佽瑙夎繍鍔?920銆佸宸磋兒200銆佹姂鍒?000 鍏?148,032 涓毊灞傜缁忓厓 ...
寤虹毊灞傝繛鎺ョ綉锛氳瑙?3040銆佽瑙夌粏鑺?3040銆佸惉瑙?0000銆佸墠棰濆彾57436銆佽繍鍔?60銆佽繍鍔ㄨ蹇?576銆佹湰浣撴劅瑙?80銆佸钩琛℃劅瑙?20銆佹満韬姸鎬?0銆佽瑙夎繍鍔?920銆佸宸磋兒200銆佹姂鍒?000 鍏?148,032 涓毊灞傜缁忓厓 ...
寤虹毊灞傝繛鎺ョ綉锛氳瑙?3040銆佽瑙夌粏鑺?3040銆佸惉瑙?0000銆佸墠棰濆彾57436銆佽繍鍔?60銆佽繍鍔ㄨ蹇?576銆佹湰浣撴劅瑙?80銆佸钩琛℃劅瑙?20銆佹満韬姸鎬?0銆佽瑙夎繍鍔?920銆佸宸磋兒200銆佹姂鍒?000 鍏?148,032 涓毊灞傜缁忓厓 ...
寤虹毊灞傝繛鎺ョ綉锛氳瑙?3040銆佽瑙夌粏鑺?3040銆佸惉瑙?0000銆佸墠棰濆彾57436銆佽繍鍔?60銆佽繍鍔ㄨ蹇?576銆佹湰浣撴劅瑙?80銆佸钩琛℃劅瑙?20銆佹満韬姸鎬?0銆佽瑙夎繍鍔?920銆佸宸磋兒200銆佹姂鍒?000 鍏?148,032 涓毊灞傜缁忓厓 ...
寤虹毊灞傝繛鎺ョ綉锛氳瑙?3040銆佽瑙夌粏鑺?3040銆佸惉瑙?0000銆佸墠棰濆彾57436銆佽繍鍔?60銆佽繍鍔ㄨ蹇?576銆佹湰浣撴劅瑙?80銆佸钩琛℃劅瑙?20銆佹満韬姸鎬?0銆佽瑙夎繍鍔?920銆佸宸磋兒200銆佹姂鍒?000 鍏?148,032 涓毊灞傜缁忓厓 ...
SUPPRESS 0.80 | stand 5/5 med 0.242 min 0.231 | walk 0/5 med -0.07 min -0.15 | limp 5/5
寤虹毊灞傝繛鎺ョ綉锛氳瑙?3040銆佽瑙夌粏鑺?3040銆佸惉瑙?0000銆佸墠棰濆彾57436銆佽繍鍔?60銆佽繍鍔ㄨ蹇?576銆佹湰浣撴劅瑙?80銆佸钩琛℃劅瑙?20銆佹満韬姸鎬?0銆佽瑙夎繍鍔?920銆佸宸磋兒200銆佹姂鍒?000 鍏?148,032 涓毊灞傜缁忓厓 ...
寤虹毊灞傝繛鎺ョ綉锛氳瑙?3040銆佽瑙夌粏鑺?3040銆佸惉瑙?0000銆佸墠棰濆彾57436銆佽繍鍔?60銆佽繍鍔ㄨ蹇?576銆佹湰浣撴劅瑙?80銆佸钩琛℃劅瑙?20銆佹満韬姸鎬?0銆佽瑙夎繍鍔?920銆佸宸磋兒200銆佹姂鍒?000 鍏?148,032 涓毊灞傜缁忓厓 ...
寤虹毊灞傝繛鎺ョ綉锛氳瑙?3040銆佽瑙夌粏鑺?3040銆佸惉瑙?0000銆佸墠棰濆彾57436銆佽繍鍔?60銆佽繍鍔ㄨ蹇?576銆佹湰浣撴劅瑙?80銆佸钩琛℃劅瑙?20銆佹満韬姸鎬?0銆佽瑙夎繍鍔?920銆佸宸磋兒200銆佹姂鍒?000 鍏?148,032 涓毊灞傜缁忓厓 ...
寤虹毊灞傝繛鎺ョ綉锛氳瑙?3040銆佽瑙夌粏鑺?3040銆佸惉瑙?0000銆佸墠棰濆彾57436銆佽繍鍔?60銆佽繍鍔ㄨ蹇?576銆佹湰浣撴劅瑙?80銆佸钩琛℃劅瑙?20銆佹満韬姸鎬?0銆佽瑙夎繍鍔?920銆佸宸磋兒200銆佹姂鍒?000 鍏?148,032 涓毊灞傜缁忓厓 ...
寤虹毊灞傝繛鎺ョ綉锛氳瑙?3040銆佽瑙夌粏鑺?3040銆佸惉瑙?0000銆佸墠棰濆彾57436銆佽繍鍔?60銆佽繍鍔ㄨ蹇?576銆佹湰浣撴劅瑙?80銆佸钩琛℃劅瑙?20銆佹満韬姸鎬?0銆佽瑙夎繍鍔?920銆佸宸磋兒200銆佹姂鍒?000 鍏?148,032 涓毊灞傜缁忓厓 ...
SUPPRESS 0.60 | stand 5/5 med 0.239 min 0.227 | walk 4/5 med +1.72 min -0.22 | limp 5/5
