就近半径对照（12 个种子）：站起来 / 朝红走 / 什么都不给要不要瘫掉

================================================================================================
就近比例 0.50   就近半径 24
================================================================================================
建皮层连接网：视觉23040、视觉细节23040、听觉30000、前额叶57436、运动160、运动记忆3576、本体感觉480、平衡感觉120、机身状态60、视觉运动1920、多巴胺200、抑制8000 共 148,032 个皮层神经元 ...
  种子 20260914：站起来末高 0.210（最高 0.226）   朝红走了 +1.05 米   瘫掉末高 0.184
建皮层连接网：视觉23040、视觉细节23040、听觉30000、前额叶57436、运动160、运动记忆3576、本体感觉480、平衡感觉120、机身状态60、视觉运动1920、多巴胺200、抑制8000 共 148,032 个皮层神经元 ...
  种子 20260915：站起来末高 0.210（最高 0.223）   朝红走了 +1.42 米   瘫掉末高 0.184
建皮层连接网：视觉23040、视觉细节23040、听觉30000、前额叶57436、运动160、运动记忆3576、本体感觉480、平衡感觉120、机身状态60、视觉运动1920、多巴胺200、抑制8000 共 148,032 个皮层神经元 ...
  种子 20260916：站起来末高 0.218（最高 0.222）   朝红走了 +0.87 米   瘫掉末高 0.184
建皮层连接网：视觉23040、视觉细节23040、听觉30000、前额叶57436、运动160、运动记忆3576、本体感觉480、平衡感觉120、机身状态60、视觉运动1920、多巴胺200、抑制8000 共 148,032 个皮层神经元 ...
  种子 20260917：站起来末高 0.207（最高 0.225）   朝红走了 +1.33 米   瘫掉末高 0.184
建皮层连接网：视觉23040、视觉细节23040、听觉30000、前额叶57436、运动160、运动记忆3576、本体感觉480、平衡感觉120、机身状态60、视觉运动1920、多巴胺200、抑制8000 共 148,032 个皮层神经元 ...
  种子 20260918：站起来末高 0.199（最高 0.204）   朝红走了 +1.61 米   瘫掉末高 0.184
建皮层连接网：视觉23040、视觉细节23040、听觉30000、前额叶57436、运动160、运动记忆3576、本体感觉480、平衡感觉120、机身状态60、视觉运动1920、多巴胺200、抑制8000 共 148,032 个皮层神经元 ...
  种子 20260919：站起来末高 0.190（最高 0.208）   朝红走了 +1.17 米   瘫掉末高 0.184
建皮层连接网：视觉23040、视觉细节23040、听觉30000、前额叶57436、运动160、运动记忆3576、本体感觉480、平衡感觉120、机身状态60、视觉运动1920、多巴胺200、抑制8000 共 148,032 个皮层神经元 ...
  种子 20260920：站起来末高 0.191（最高 0.220）   朝红走了 +0.73 米   瘫掉末高 0.184
建皮层连接网：视觉23040、视觉细节23040、听觉30000、前额叶57436、运动160、运动记忆3576、本体感觉480、平衡感觉120、机身状态60、视觉运动1920、多巴胺200、抑制8000 共 148,032 个皮层神经元 ...
  种子 20260921：站起来末高 0.195（最高 0.221）   朝红走了 +0.92 米   瘫掉末高 0.184
建皮层连接网：视觉23040、视觉细节23040、听觉30000、前额叶57436、运动160、运动记忆3576、本体感觉480、平衡感觉120、机身状态60、视觉运动1920、多巴胺200、抑制8000 共 148,032 个皮层神经元 ...
  种子 20260922：站起来末高 0.199（最高 0.213）   朝红走了 +0.90 米   瘫掉末高 0.184
建皮层连接网：视觉23040、视觉细节23040、听觉30000、前额叶57436、运动160、运动记忆3576、本体感觉480、平衡感觉120、机身状态60、视觉运动1920、多巴胺200、抑制8000 共 148,032 个皮层神经元 ...
  种子 20260923：站起来末高 0.188（最高 0.199）   朝红走了 +1.29 米   瘫掉末高 0.184
建皮层连接网：视觉23040、视觉细节23040、听觉30000、前额叶57436、运动160、运动记忆3576、本体感觉480、平衡感觉120、机身状态60、视觉运动1920、多巴胺200、抑制8000 共 148,032 个皮层神经元 ...
  种子 20260924：站起来末高 0.180（最高 0.203）   朝红走了 +0.99 米   瘫掉末高 0.184
建皮层连接网：视觉23040、视觉细节23040、听觉30000、前额叶57436、运动160、运动记忆3576、本体感觉480、平衡感觉120、机身状态60、视觉运动1920、多巴胺200、抑制8000 共 148,032 个皮层神经元 ...
  种子 20260925：站起来末高 0.203（最高 0.222）   朝红走了 +1.36 米   瘫掉末高 0.184
  汇总：站起来 5/12 中位 0.199 最低 0.180 | 朝红走 12/12 中位 +1.11 最低 +0.73 | 瘫掉 12/12

================================================================================================
就近比例 0.50   就近半径 4
================================================================================================
建皮层连接网：视觉23040、视觉细节23040、听觉30000、前额叶57436、运动160、运动记忆3576、本体感觉480、平衡感觉120、机身状态60、视觉运动1920、多巴胺200、抑制8000 共 148,032 个皮层神经元 ...
  种子 20260914：站起来末高 0.261（最高 0.261）   朝红走了 +1.61 米   瘫掉末高 0.184
建皮层连接网：视觉23040、视觉细节23040、听觉30000、前额叶57436、运动160、运动记忆3576、本体感觉480、平衡感觉120、机身状态60、视觉运动1920、多巴胺200、抑制8000 共 148,032 个皮层神经元 ...
  种子 20260915：站起来末高 0.254（最高 0.254）   朝红走了 +1.53 米   瘫掉末高 0.184
建皮层连接网：视觉23040、视觉细节23040、听觉30000、前额叶57436、运动160、运动记忆3576、本体感觉480、平衡感觉120、机身状态60、视觉运动1920、多巴胺200、抑制8000 共 148,032 个皮层神经元 ...
  种子 20260916：站起来末高 0.255（最高 0.255）   朝红走了 +0.75 米   瘫掉末高 0.184
建皮层连接网：视觉23040、视觉细节23040、听觉30000、前额叶57436、运动160、运动记忆3576、本体感觉480、平衡感觉120、机身状态60、视觉运动1920、多巴胺200、抑制8000 共 148,032 个皮层神经元 ...
  种子 20260917：站起来末高 0.256（最高 0.257）   朝红走了 +1.72 米   瘫掉末高 0.184
建皮层连接网：视觉23040、视觉细节23040、听觉30000、前额叶57436、运动160、运动记忆3576、本体感觉480、平衡感觉120、机身状态60、视觉运动1920、多巴胺200、抑制8000 共 148,032 个皮层神经元 ...
  种子 20260918：站起来末高 0.258（最高 0.258）   朝红走了 +1.84 米   瘫掉末高 0.184
建皮层连接网：视觉23040、视觉细节23040、听觉30000、前额叶57436、运动160、运动记忆3576、本体感觉480、平衡感觉120、机身状态60、视觉运动1920、多巴胺200、抑制8000 共 148,032 个皮层神经元 ...
  种子 20260919：站起来末高 0.261（最高 0.261）   朝红走了 +1.52 米   瘫掉末高 0.184
建皮层连接网：视觉23040、视觉细节23040、听觉30000、前额叶57436、运动160、运动记忆3576、本体感觉480、平衡感觉120、机身状态60、视觉运动1920、多巴胺200、抑制8000 共 148,032 个皮层神经元 ...
  种子 20260920：站起来末高 0.253（最高 0.253）   朝红走了 +0.03 米   瘫掉末高 0.184
建皮层连接网：视觉23040、视觉细节23040、听觉30000、前额叶57436、运动160、运动记忆3576、本体感觉480、平衡感觉120、机身状态60、视觉运动1920、多巴胺200、抑制8000 共 148,032 个皮层神经元 ...
  种子 20260921：站起来末高 0.259（最高 0.259）   朝红走了 +1.36 米   瘫掉末高 0.184
建皮层连接网：视觉23040、视觉细节23040、听觉30000、前额叶57436、运动160、运动记忆3576、本体感觉480、平衡感觉120、机身状态60、视觉运动1920、多巴胺200、抑制8000 共 148,032 个皮层神经元 ...
  种子 20260922：站起来末高 0.262（最高 0.263）   朝红走了 +1.47 米   瘫掉末高 0.184
建皮层连接网：视觉23040、视觉细节23040、听觉30000、前额叶57436、运动160、运动记忆3576、本体感觉480、平衡感觉120、机身状态60、视觉运动1920、多巴胺200、抑制8000 共 148,032 个皮层神经元 ...
  种子 20260923：站起来末高 0.255（最高 0.255）   朝红走了 +1.62 米   瘫掉末高 0.184
建皮层连接网：视觉23040、视觉细节23040、听觉30000、前额叶57436、运动160、运动记忆3576、本体感觉480、平衡感觉120、机身状态60、视觉运动1920、多巴胺200、抑制8000 共 148,032 个皮层神经元 ...
  种子 20260924：站起来末高 0.258（最高 0.258）   朝红走了 +1.34 米   瘫掉末高 0.184
建皮层连接网：视觉23040、视觉细节23040、听觉30000、前额叶57436、运动160、运动记忆3576、本体感觉480、平衡感觉120、机身状态60、视觉运动1920、多巴胺200、抑制8000 共 148,032 个皮层神经元 ...
  种子 20260925：站起来末高 0.261（最高 0.261）   朝红走了 +1.43 米   瘫掉末高 0.184
  汇总：站起来 12/12 中位 0.258 最低 0.253 | 朝红走 11/12 中位 +1.49 最低 +0.03 | 瘫掉 12/12
