worker 0 -> 轮6_全库24_part0.jsonl (3 candidates, log 轮6_全库24_part0.log)
worker 1 -> 轮6_全库24_part1.jsonl (3 candidates, log 轮6_全库24_part1.log)
worker 2 -> 轮6_全库24_part2.jsonl (3 candidates, log 轮6_全库24_part2.log)
worker 3 -> 轮6_全库24_part3.jsonl (3 candidates, log 轮6_全库24_part3.log)
worker 4 -> 轮6_全库24_part4.jsonl (3 candidates, log 轮6_全库24_part4.log)
worker 5 -> 轮6_全库24_part5.jsonl (3 candidates, log 轮6_全库24_part5.log)
worker 6 -> 轮6_全库24_part6.jsonl (3 candidates, log 轮6_全库24_part6.log)
worker 7 -> 轮6_全库24_part7.jsonl (3 candidates, log 轮6_全库24_part7.log)
worker 0 finished: 3 candidates wanted, exit 0, log 轮6_全库24_part0.log
worker 1 finished: 3 candidates wanted, exit 0, log 轮6_全库24_part1.log
worker 2 finished: 3 candidates wanted, exit 0, log 轮6_全库24_part2.log
worker 3 finished: 3 candidates wanted, exit 0, log 轮6_全库24_part3.log
worker 4 finished: 3 candidates wanted, exit 0, log 轮6_全库24_part4.log
worker 5 finished: 3 candidates wanted, exit 0, log 轮6_全库24_part5.log
worker 6 finished: 3 candidates wanted, exit 0, log 轮6_全库24_part6.log
worker 7 finished: 3 candidates wanted, exit 0, log 轮6_全库24_part7.log
round wall 139.9 min
merged 24 rows from 8 parts -> artifacts\轮6_全库24.jsonl
ledger artifacts\轮6_全库24.jsonl: 24 candidates, 24 of them built (the rest are genomes the engine refused, not animals that failed)
score spread: 105 passed x2, 104 passed x3, 103 passed x3, 102 passed x8, 101 passed x3, 100 passed x2, 96 passed x1, 93 passed x1, 86 passed x1
best 105, median 102, worst 86
each question in the order it is asked: how many got as far as it, and how many of those passed
   stands_still                                      24 of    24 reached      24 passed  (100.0%)
   walk_flat                                         24 of    24 reached      23 passed  (95.8%)
   walk_furnished                                    24 of    24 reached      22 passed  (91.7%)
   walks_without_being_told                          24 of    24 reached      22 passed  (91.7%)
   keeps_walking_without_being_told                  24 of    24 reached      20 passed  (83.3%)
   feet_do_not_slide                                 24 of    24 reached      23 passed  (95.8%)
   walk_low_step                                     24 of    24 reached      23 passed  (95.8%)
   walk_ramp                                         24 of    24 reached      23 passed  (95.8%)
   walk_narrow_passage                               24 of    24 reached       5 passed  (20.8%)
   steps_over_the_curb                               24 of    24 reached       0 passed  (0.0%)
   climbs_onto_the_platform                          24 of    24 reached       0 passed  (0.0%)
   stops_at_the_wall                                 24 of    24 reached      24 passed  (100.0%)
   get_up_from_back                                  24 of    24 reached      17 passed  (70.8%)
   get_up_from_side                                  24 of    24 reached      14 passed  (58.3%)
   nose_up_recover                                   24 of    24 reached      13 passed  (54.2%)
   nose_down_recover                                 24 of    24 reached      11 passed  (45.8%)
   stay_up_when_pushed                               24 of    24 reached      18 passed  (75.0%)
   eyes_follow_ball                                  24 of    24 reached      24 passed  (100.0%)
   eyes_follow_fast_ball                             24 of    24 reached      24 passed  (100.0%)
   eyes_follow_the_ball_both_ways                    24 of    24 reached      24 passed  (100.0%)
   eyes_on_a_new_thing                               24 of    24 reached      23 passed  (95.8%)
   eyes_hold_still_on_a_still_thing                  24 of    24 reached      24 passed  (100.0%)
   eyes_tell_near_from_far                           24 of    24 reached       0 passed  (0.0%)
   eyes_see_a_pattern_not_a_blank                    24 of    24 reached      24 passed  (100.0%)
   turn_to_sound                                     24 of    24 reached      24 passed  (100.0%)
   ears_tell_front_from_back                         24 of    24 reached      24 passed  (100.0%)
   ears_tell_loud_from_far                           24 of    24 reached      24 passed  (100.0%)
   ears_tell_high_from_low                           24 of    24 reached      24 passed  (100.0%)
   a_bang_makes_it_startle                           24 of    24 reached      24 passed  (100.0%)
   a_sound_keeps_startling_less                      24 of    24 reached      24 passed  (100.0%)
   feels_a_touch_on_the_front                        24 of    24 reached      24 passed  (100.0%)
   lifts_the_foot_that_was_caught                    24 of    24 reached      24 passed  (100.0%)
   feels_a_slipping_foot                             24 of    24 reached      24 passed  (100.0%)
   feels_which_way_it_is_leaning                     24 of    24 reached      24 passed  (100.0%)
   braces_when_it_is_tipped_over                     24 of    24 reached      24 passed  (100.0%)
   feels_a_load_on_one_foot                          24 of    24 reached      24 passed  (100.0%)
   startled_but_still_hearing                        24 of    24 reached      24 passed  (100.0%)
   taught_reflex_sticks                              24 of    24 reached      24 passed  (100.0%)
   nothing_is_taught_without_a_teacher               24 of    24 reached      24 passed  (100.0%)
   the_lesson_is_still_there_later                   24 of    24 reached      24 passed  (100.0%)
   visual_memory_holds                               24 of    24 reached      24 passed  (100.0%)
   the_pattern_means_nothing_without_pairing         24 of    24 reached      24 passed  (100.0%)
   the_memory_is_still_there_later                   24 of    24 reached      24 passed  (100.0%)
   an_idle_animal_does_not_walk_for_a_touch          24 of    24 reached      24 passed  (100.0%)
   an_idle_animal_does_not_walk_for_a_ball           24 of    24 reached      24 passed  (100.0%)
   moving_is_not_being_pushed                        24 of    24 reached      24 passed  (100.0%)
   the_body_is_not_a_foot                            24 of    24 reached      24 passed  (100.0%)
   walks_in_a_straight_line                          24 of    24 reached       1 passed  (4.2%)
   does_not_crab_sideways                            24 of    24 reached      23 passed  (95.8%)
   holds_its_heading_while_it_walks                  24 of    24 reached       0 passed  (0.0%)
   walks_for_twenty_seconds                          24 of    24 reached       0 passed  (0.0%)
   walks_at_a_steady_pace                            24 of    24 reached       0 passed  (0.0%)
   covers_ground_in_sixteen_seconds                  24 of    24 reached       0 passed  (0.0%)
   turns_towards_a_sound_while_walking               24 of    24 reached      23 passed  (95.8%)
   turns_towards_a_sound_while_standing              24 of    24 reached      23 passed  (95.8%)
   does_not_spin_on_the_spot                         24 of    24 reached      23 passed  (95.8%)
   walks_down_the_ramp                               24 of    24 reached      19 passed  (79.2%)
   steps_down_the_low_step                           24 of    24 reached      21 passed  (87.5%)
   steps_down_from_the_platform                      24 of    24 reached       0 passed  (0.0%)
   goes_around_the_block                             24 of    24 reached       0 passed  (0.0%)
   a_touch_on_the_front_holds_it_back                24 of    24 reached       0 passed  (0.0%)
   a_bang_stops_it_walking                           24 of    24 reached       0 passed  (0.0%)
   gets_up_after_a_hard_shove                        24 of    24 reached      20 passed  (83.3%)
   eyes_converge_on_a_near_thing                     24 of    24 reached       0 passed  (0.0%)
   eyes_look_at_a_still_thing_at_the_side            24 of    24 reached      24 passed  (100.0%)
   its_own_eyes_are_felt                             24 of    24 reached      24 passed  (100.0%)
   eyes_hold_a_slow_thing                            24 of    24 reached      24 passed  (100.0%)
   ears_hear_something_far_away                      24 of    24 reached      24 passed  (100.0%)
   ears_hear_a_sound_behind                          24 of    24 reached      24 passed  (100.0%)
   two_sounds_at_once_are_still_two                  24 of    24 reached      24 passed  (100.0%)
   feels_a_touch_on_the_left_side                    24 of    24 reached      24 passed  (100.0%)
   feels_a_touch_behind_it                           24 of    24 reached      24 passed  (100.0%)
   feels_a_touch_on_both_sides_at_once               24 of    24 reached      24 passed  (100.0%)
   feels_the_ground_under_the_back_legs              24 of    24 reached      24 passed  (100.0%)
   learns_the_lesson_in_five_seconds                 24 of    24 reached      24 passed  (100.0%)
   the_lesson_survives_a_longer_pause                24 of    24 reached      24 passed  (100.0%)
   remembers_a_second_pattern                        24 of    24 reached      24 passed  (100.0%)
   remembers_after_one_pairing                       24 of    24 reached      24 passed  (100.0%)
   stands_still_for_twenty_seconds                   24 of    24 reached      24 passed  (100.0%)
   stands_still_on_a_slope                           24 of    24 reached      24 passed  (100.0%)
   stays_up_when_nudged_gently                       24 of    24 reached      11 passed  (45.8%)
   all_four_feet_leave_the_ground                    24 of    24 reached      22 passed  (91.7%)
   the_two_sides_step_alike                          24 of    24 reached      22 passed  (91.7%)
   keeps_walking_for_thirty_seconds                  24 of    24 reached       0 passed  (0.0%)
   does_not_slow_down_on_a_long_walk                 24 of    24 reached       3 passed  (12.5%)
   keeps_walking_while_it_turns                      24 of    24 reached      22 passed  (91.7%)
   backs_away_from_a_hand_on_its_chest               24 of    24 reached       0 passed  (0.0%)
   keeps_its_line_with_a_sound_behind                24 of    24 reached      22 passed  (91.7%)
   does_not_fall_walking_into_the_wall               24 of    24 reached      24 passed  (100.0%)
   threads_the_passage_without_touching              24 of    24 reached       0 passed  (0.0%)
   sees_a_red_square_from_a_green_one                24 of    24 reached      24 passed  (100.0%)
   sees_a_big_ball_from_a_small_one                  24 of    24 reached      24 passed  (100.0%)
   eyes_follow_the_ball_up_and_down                  24 of    24 reached      24 passed  (100.0%)
   eyes_follow_the_ball_far_away                     24 of    24 reached      24 passed  (100.0%)
   eyes_follow_the_ball_close_up                     24 of    24 reached      24 passed  (100.0%)
   the_eyes_let_go_when_it_is_gone                   24 of    24 reached      24 passed  (100.0%)
   notices_a_thing_that_creeps_in                    24 of    24 reached      24 passed  (100.0%)
   a_sound_that_stops_is_no_longer_heard             24 of    24 reached      24 passed  (100.0%)
   a_quiet_room_is_not_a_sound                       24 of    24 reached      24 passed  (100.0%)
   ears_tell_left_from_right                         24 of    24 reached      24 passed  (100.0%)
   two_sounds_at_one_shoulder_are_still_two          24 of    24 reached      24 passed  (100.0%)
   a_bang_behind_it_still_startles                   24 of    24 reached      24 passed  (100.0%)
   feels_a_touch_on_the_right_side                   24 of    24 reached      24 passed  (100.0%)
   feels_a_light_hand_too                            24 of    24 reached      24 passed  (100.0%)
   feels_the_ground_under_the_front_legs             24 of    24 reached      24 passed  (100.0%)
   lifts_each_of_the_four_feet                       24 of    24 reached      24 passed  (100.0%)
   the_flat_ground_is_not_a_bump                     24 of    24 reached      24 passed  (100.0%)
   it_forgets_when_nobody_teaches_anymore            24 of    24 reached       0 passed  (0.0%)
   a_second_short_lesson_adds_to_the_first           24 of    24 reached      24 passed  (100.0%)
   the_lesson_is_still_there_after_a_minute          24 of    24 reached      24 passed  (100.0%)
   the_memory_survives_a_long_life                   24 of    24 reached      24 passed  (100.0%)
   a_second_tone_does_not_wipe_the_first             24 of    24 reached      24 passed  (100.0%)
   the_route_stops_growing_at_its_ceiling            24 of    24 reached      24 passed  (100.0%)
   remembers_two_patterns_at_once                    24 of    24 reached      24 passed  (100.0%)
   the_memory_survives_a_small_change                24 of    24 reached      24 passed  (100.0%)
   walks_towards_a_bright_thing                      24 of    24 reached      21 passed  (87.5%)
   knows_when_it_is_tipped_over                      24 of    24 reached      24 passed  (100.0%)
   the_hidden_layer_sees_the_picture                 24 of    24 reached      24 passed  (100.0%)
   the_compressed_layer_sees_the_picture             24 of    24 reached       0 passed  (0.0%)
   hurries_towards_a_bright_thing                    24 of    24 reached       0 passed  (0.0%)
   runs_without_being_told                           24 of    24 reached       0 passed  (0.0%)
   runs_for_twenty_seconds                           24 of    24 reached       0 passed  (0.0%)
   keeps_running_while_it_turns                      24 of    24 reached       0 passed  (0.0%)
   nothing_touching_it_is_not_nothing                24 of    24 reached      24 passed  (100.0%)
   the_weight_pair_still_carries_the_weight          24 of    24 reached      24 passed  (100.0%)
   the_dark_room_is_not_silence                      24 of    24 reached      24 passed  (100.0%)
   the_association_layer_reads_the_body              24 of    24 reached      24 passed  (100.0%)
   the_association_loop_holds_what_it_was_given      24 of    24 reached       0 passed  (0.0%)
   the_widest_layer_reaches_the_muscles              24 of    24 reached      24 passed  (100.0%)
   keeps_its_line_towards_what_it_sees               24 of    24 reached      20 passed  (83.3%)
1099.9 min of simulation in the round, 2749.7 s per animal
