父代 64 只，来自筛选台账（走得最远那只 1.194 米）
这个台账里已经有 512 只跑过了，接着往下排（--fresh 重开）
要跑 488 只：每只固定 10 秒、open 场地、8 个进程；写进 artifacts\题1d_十秒赛.jsonl
  512  走满窗口      0.544 米 /  10.0 秒  0.054 米/秒  直立最低 0.999  本机 25 秒
  513  走满窗口      0.398 米 /  10.0 秒  0.040 米/秒  直立最低 0.997  本机 26 秒
  514  走满窗口      0.418 米 /  10.0 秒  0.042 米/秒  直立最低 0.996  本机 26 秒
  515  走满窗口      0.282 米 /  10.0 秒  0.028 米/秒  直立最低 0.997  本机 26 秒
  516  走满窗口      0.246 米 /  10.0 秒  0.025 米/秒  直立最低 0.998  本机 25 秒
  517  走满窗口      0.635 米 /  10.0 秒  0.064 米/秒  直立最低 0.999  本机 26 秒
  518  走满窗口      0.362 米 /  10.0 秒  0.036 米/秒  直立最低 0.995  本机 26 秒
  519  走满窗口      0.643 米 /  10.0 秒  0.064 米/秒  直立最低 0.999  本机 26 秒
  520  走满窗口      0.578 米 /  10.0 秒  0.058 米/秒  直立最低 0.999  本机 21 秒
  521  走满窗口      0.562 米 /  10.0 秒  0.056 米/秒  直立最低 0.999  本机 23 秒
  522  走满窗口      0.502 米 /  10.0 秒  0.050 米/秒  直立最低 0.999  本机 23 秒
  523  走满窗口      0.522 米 /  10.0 秒  0.052 米/秒  直立最低 0.999  本机 23 秒
  524  走满窗口      0.553 米 /  10.0 秒  0.055 米/秒  直立最低 0.998  本机 23 秒
  525  走满窗口      0.256 米 /  10.0 秒  0.026 米/秒  直立最低 0.998  本机 23 秒
  526  走满窗口      0.574 米 /  10.0 秒  0.057 米/秒  直立最低 0.998  本机 23 秒
  527  走满窗口      0.482 米 /  10.0 秒  0.048 米/秒  直立最低 0.998  本机 23 秒
  528  走满窗口      0.541 米 /  10.0 秒  0.054 米/秒  直立最低 0.999  本机 20 秒
  529  走满窗口      0.542 米 /  10.0 秒  0.054 米/秒  直立最低 0.998  本机 23 秒
  530  走满窗口      0.503 米 /  10.0 秒  0.050 米/秒  直立最低 0.998  本机 22 秒
  531  走满窗口      0.596 米 /  10.0 秒  0.060 米/秒  直立最低 0.999  本机 22 秒
  532  走满窗口      0.598 米 /  10.0 秒  0.060 米/秒  直立最低 0.999  本机 23 秒
  533  走满窗口      0.518 米 /  10.0 秒  0.052 米/秒  直立最低 0.999  本机 23 秒
  534  走满窗口      0.497 米 /  10.0 秒  0.050 米/秒  直立最低 0.999  本机 22 秒
  535  走满窗口      0.542 米 /  10.0 秒  0.054 米/秒  直立最低 0.999  本机 23 秒
  536  走满窗口      0.551 米 /  10.0 秒  0.055 米/秒  直立最低 0.999  本机 21 秒
  537  走满窗口      0.544 米 /  10.0 秒  0.054 米/秒  直立最低 1.000  本机 23 秒
  538  走满窗口      0.486 米 /  10.0 秒  0.049 米/秒  直立最低 0.999  本机 23 秒
  539  走满窗口      0.599 米 /  10.0 秒  0.060 米/秒  直立最低 0.998  本机 23 秒
  540  走满窗口      0.568 米 /  10.0 秒  0.057 米/秒  直立最低 0.999  本机 23 秒
  541  走满窗口      0.251 米 /  10.0 秒  0.025 米/秒  直立最低 0.998  本机 23 秒
  542  走满窗口      0.712 米 /  10.0 秒  0.071 米/秒  直立最低 0.998  本机 23 秒
  543  走满窗口      0.293 米 /  10.0 秒  0.029 米/秒  直立最低 0.997  本机 22 秒
  544  走满窗口      0.502 米 /  10.0 秒  0.050 米/秒  直立最低 0.999  本机 20 秒
  545  走满窗口      0.621 米 /  10.0 秒  0.062 米/秒  直立最低 0.999  本机 22 秒
  546  走满窗口      0.481 米 /  10.0 秒  0.048 米/秒  直立最低 0.999  本机 23 秒
  547  走满窗口      0.590 米 /  10.0 秒  0.059 米/秒  直立最低 0.999  本机 23 秒
  548  走满窗口      0.541 米 /  10.0 秒  0.054 米/秒  直立最低 0.999  本机 22 秒
  549  走满窗口      0.600 米 /  10.0 秒  0.060 米/秒  直立最低 0.998  本机 23 秒
  550  走满窗口      0.542 米 /  10.0 秒  0.054 米/秒  直立最低 0.999  本机 23 秒
  551  走满窗口      0.492 米 /  10.0 秒  0.049 米/秒  直立最低 0.999  本机 22 秒
  552  走满窗口      0.580 米 /  10.0 秒  0.058 米/秒  直立最低 0.999  本机 20 秒
  553  走满窗口      0.508 米 /  10.0 秒  0.051 米/秒  直立最低 0.999  本机 22 秒
  554  走满窗口      0.550 米 /  10.0 秒  0.055 米/秒  直立最低 0.998  本机 23 秒
  555  走满窗口      0.595 米 /  10.0 秒  0.059 米/秒  直立最低 0.999  本机 23 秒
  556  走满窗口      0.598 米 /  10.0 秒  0.060 米/秒  直立最低 0.998  本机 23 秒
  557  走满窗口      0.581 米 /  10.0 秒  0.058 米/秒  直立最低 0.999  本机 23 秒
  558  走满窗口      0.507 米 /  10.0 秒  0.051 米/秒  直立最低 0.999  本机 23 秒
  559  走满窗口      0.571 米 /  10.0 秒  0.057 米/秒  直立最低 0.999  本机 23 秒
  560  走满窗口      0.832 米 /  10.0 秒  0.083 米/秒  直立最低 0.999  本机 20 秒
  561  走满窗口      0.598 米 /  10.0 秒  0.060 米/秒  直立最低 0.998  本机 22 秒
  562  走满窗口      0.436 米 /  10.0 秒  0.044 米/秒  直立最低 1.000  本机 23 秒
  563  走满窗口      0.646 米 /  10.0 秒  0.065 米/秒  直立最低 0.999  本机 23 秒
  564  走满窗口      0.577 米 /  10.0 秒  0.058 米/秒  直立最低 0.999  本机 22 秒
  565  走满窗口      0.612 米 /  10.0 秒  0.061 米/秒  直立最低 0.999  本机 23 秒
  566  走满窗口      0.504 米 /  10.0 秒  0.050 米/秒  直立最低 0.999  本机 22 秒
  567  走满窗口      0.663 米 /  10.0 秒  0.066 米/秒  直立最低 0.999  本机 23 秒
  568  走满窗口      0.534 米 /  10.0 秒  0.053 米/秒  直立最低 0.999  本机 21 秒
  569  走满窗口      0.719 米 /  10.0 秒  0.072 米/秒  直立最低 0.999  本机 22 秒
  570  走满窗口      0.584 米 /  10.0 秒  0.058 米/秒  直立最低 0.999  本机 22 秒
  571  走满窗口      0.544 米 /  10.0 秒  0.054 米/秒  直立最低 0.999  本机 23 秒
  572  走满窗口      0.485 米 /  10.0 秒  0.048 米/秒  直立最低 0.998  本机 23 秒
  573  走满窗口      0.709 米 /  10.0 秒  0.071 米/秒  直立最低 0.998  本机 23 秒
  574  走满窗口      0.621 米 /  10.0 秒  0.062 米/秒  直立最低 0.999  本机 22 秒
  575  走满窗口      0.563 米 /  10.0 秒  0.056 米/秒  直立最低 0.999  本机 23 秒
  576  走满窗口      0.521 米 /  10.0 秒  0.052 米/秒  直立最低 0.999  本机 20 秒
  577  走满窗口      0.384 米 /  10.0 秒  0.038 米/秒  直立最低 0.995  本机 22 秒
  578  走满窗口      0.527 米 /  10.0 秒  0.053 米/秒  直立最低 0.999  本机 23 秒
  579  走满窗口      0.592 米 /  10.0 秒  0.059 米/秒  直立最低 0.999  本机 23 秒
  580  走满窗口      0.527 米 /  10.0 秒  0.053 米/秒  直立最低 0.999  本机 23 秒
  581  走满窗口      0.389 米 /  10.0 秒  0.039 米/秒  直立最低 0.996  本机 23 秒
  582  走满窗口      0.513 米 /  10.0 秒  0.051 米/秒  直立最低 0.999  本机 22 秒
  583  走满窗口      0.391 米 /  10.0 秒  0.039 米/秒  直立最低 0.995  本机 23 秒
  584  走满窗口      0.592 米 /  10.0 秒  0.059 米/秒  直立最低 0.999  本机 20 秒
  585  走满窗口      0.753 米 /  10.0 秒  0.075 米/秒  直立最低 0.998  本机 23 秒
  586  走满窗口      0.578 米 /  10.0 秒  0.058 米/秒  直立最低 0.998  本机 23 秒
  587  走满窗口      0.534 米 /  10.0 秒  0.053 米/秒  直立最低 0.999  本机 23 秒
  588  走满窗口      0.590 米 /  10.0 秒  0.059 米/秒  直立最低 0.999  本机 23 秒
  589  走满窗口      0.207 米 /  10.0 秒  0.021 米/秒  直立最低 0.998  本机 23 秒
  590  走满窗口      0.411 米 /  10.0 秒  0.041 米/秒  直立最低 0.988  本机 22 秒
  591  走满窗口      0.595 米 /  10.0 秒  0.060 米/秒  直立最低 0.998  本机 20 秒
  592  走满窗口      0.523 米 /  10.0 秒  0.052 米/秒  直立最低 0.999  本机 22 秒
  593  走满窗口      0.246 米 /  10.0 秒  0.025 米/秒  直立最低 0.995  本机 22 秒
  594  走满窗口      0.552 米 /  10.0 秒  0.055 米/秒  直立最低 0.999  本机 20 秒
  595  走满窗口      0.241 米 /  10.0 秒  0.024 米/秒  直立最低 0.998  本机 23 秒
  596  走满窗口      0.603 米 /  10.0 秒  0.060 米/秒  直立最低 0.999  本机 23 秒
  597  走满窗口      0.540 米 /  10.0 秒  0.054 米/秒  直立最低 0.999  本机 23 秒
  598  走满窗口      0.448 米 /  10.0 秒  0.045 米/秒  直立最低 0.998  本机 23 秒
  599  走满窗口      0.539 米 /  10.0 秒  0.054 米/秒  直立最低 0.999  本机 22 秒
  600  走满窗口      0.524 米 /  10.0 秒  0.052 米/秒  直立最低 0.999  本机 23 秒
  601  走满窗口      0.609 米 /  10.0 秒  0.061 米/秒  直立最低 0.999  本机 20 秒
  602  走满窗口      0.499 米 /  10.0 秒  0.050 米/秒  直立最低 0.999  本机 22 秒
  603  走满窗口      0.171 米 /  10.0 秒  0.017 米/秒  直立最低 0.987  本机 23 秒
  604  走满窗口      0.546 米 /  10.0 秒  0.055 米/秒  直立最低 0.999  本机 23 秒
  605  走满窗口      0.540 米 /  10.0 秒  0.054 米/秒  直立最低 0.999  本机 23 秒
  606  走满窗口      0.556 米 /  10.0 秒  0.056 米/秒  直立最低 0.999  本机 23 秒
  607  走满窗口      0.601 米 /  10.0 秒  0.060 米/秒  直立最低 0.998  本机 22 秒
  608  走满窗口      0.512 米 /  10.0 秒  0.051 米/秒  直立最低 0.999  本机 23 秒
  609  走满窗口      0.798 米 /  10.0 秒  0.080 米/秒  直立最低 0.998  本机 20 秒
  610  走满窗口      0.505 米 /  10.0 秒  0.051 米/秒  直立最低 0.999  本机 22 秒
  611  走满窗口      0.336 米 /  10.0 秒  0.034 米/秒  直立最低 0.995  本机 22 秒
  612  走满窗口      0.648 米 /  10.0 秒  0.065 米/秒  直立最低 0.995  本机 23 秒
  613  走满窗口      0.791 米 /  10.0 秒  0.079 米/秒  直立最低 0.999  本机 23 秒
  614  走满窗口      0.249 米 /  10.0 秒  0.025 米/秒  直立最低 0.995  本机 23 秒
  615  走满窗口      0.593 米 /  10.0 秒  0.059 米/秒  直立最低 0.998  本机 22 秒
  616  走满窗口      0.307 米 /  10.0 秒  0.031 米/秒  直立最低 1.000  本机 23 秒
  617  走满窗口      0.533 米 /  10.0 秒  0.053 米/秒  直立最低 0.999  本机 20 秒
  618  走满窗口      0.526 米 /  10.0 秒  0.053 米/秒  直立最低 0.999  本机 23 秒
  619  走满窗口      0.536 米 /  10.0 秒  0.054 米/秒  直立最低 0.999  本机 23 秒
  620  走满窗口      0.410 米 /  10.0 秒  0.041 米/秒  直立最低 0.993  本机 22 秒
  621  走满窗口      0.536 米 /  10.0 秒  0.054 米/秒  直立最低 0.999  本机 23 秒
  622  走满窗口      0.516 米 /  10.0 秒  0.052 米/秒  直立最低 0.999  本机 23 秒
  623  走满窗口      0.514 米 /  10.0 秒  0.051 米/秒  直立最低 0.999  本机 22 秒
  624  走满窗口      0.446 米 /  10.0 秒  0.045 米/秒  直立最低 0.998  本机 23 秒
  625  走满窗口      0.603 米 /  10.0 秒  0.060 米/秒  直立最低 0.999  本机 20 秒
  626  走满窗口      0.589 米 /  10.0 秒  0.059 米/秒  直立最低 0.999  本机 22 秒
  627  走满窗口      0.702 米 /  10.0 秒  0.070 米/秒  直立最低 0.998  本机 22 秒
  628  走满窗口      0.618 米 /  10.0 秒  0.062 米/秒  直立最低 0.999  本机 23 秒
  629  走满窗口      0.578 米 /  10.0 秒  0.058 米/秒  直立最低 1.000  本机 23 秒
  630  走满窗口      0.544 米 /  10.0 秒  0.054 米/秒  直立最低 0.999  本机 22 秒
  631  走满窗口      0.580 米 /  10.0 秒  0.058 米/秒  直立最低 0.999  本机 23 秒
  632  走满窗口      0.581 米 /  10.0 秒  0.058 米/秒  直立最低 0.999  本机 22 秒
  633  走满窗口      0.677 米 /  10.0 秒  0.068 米/秒  直立最低 0.999  本机 20 秒
  634  走满窗口      0.610 米 /  10.0 秒  0.061 米/秒  直立最低 0.999  本机 23 秒
  635  走满窗口      0.630 米 /  10.0 秒  0.063 米/秒  直立最低 0.999  本机 23 秒
  636  走满窗口      0.601 米 /  10.0 秒  0.060 米/秒  直立最低 0.999  本机 23 秒
  637  走满窗口      0.611 米 /  10.0 秒  0.061 米/秒  直立最低 0.999  本机 23 秒
  638  走满窗口      0.586 米 /  10.0 秒  0.059 米/秒  直立最低 0.999  本机 23 秒
  639  走满窗口      0.438 米 /  10.0 秒  0.044 米/秒  直立最低 0.996  本机 23 秒
  640  走满窗口      0.536 米 /  10.0 秒  0.054 米/秒  直立最低 0.999  本机 23 秒
  641  走满窗口      0.537 米 /  10.0 秒  0.054 米/秒  直立最低 0.999  本机 20 秒
  642  走满窗口      0.742 米 /  10.0 秒  0.074 米/秒  直立最低 0.998  本机 23 秒
  643  走满窗口      0.543 米 /  10.0 秒  0.054 米/秒  直立最低 0.999  本机 22 秒
  644  走满窗口      0.545 米 /  10.0 秒  0.054 米/秒  直立最低 0.999  本机 23 秒
  645  走满窗口      0.649 米 /  10.0 秒  0.065 米/秒  直立最低 0.998  本机 22 秒
  646  走满窗口      0.597 米 /  10.0 秒  0.060 米/秒  直立最低 0.999  本机 23 秒
  647  走满窗口      0.566 米 /  10.0 秒  0.057 米/秒  直立最低 0.999  本机 23 秒
  648  走满窗口      0.532 米 /  10.0 秒  0.053 米/秒  直立最低 0.999  本机 23 秒
  649  走满窗口      0.627 米 /  10.0 秒  0.063 米/秒  直立最低 0.999  本机 20 秒
  650  走满窗口      0.713 米 /  10.0 秒  0.071 米/秒  直立最低 0.998  本机 22 秒
  651  走满窗口      0.507 米 /  10.0 秒  0.051 米/秒  直立最低 0.999  本机 23 秒
  652  走满窗口      0.617 米 /  10.0 秒  0.062 米/秒  直立最低 0.999  本机 23 秒
  653  走满窗口      0.542 米 /  10.0 秒  0.054 米/秒  直立最低 0.999  本机 23 秒
  654  走满窗口      0.581 米 /  10.0 秒  0.058 米/秒  直立最低 0.999  本机 23 秒
  655  走满窗口      0.541 米 /  10.0 秒  0.054 米/秒  直立最低 0.998  本机 23 秒
  656  走满窗口      0.691 米 /  10.0 秒  0.069 米/秒  直立最低 0.999  本机 23 秒
  657  走满窗口      0.522 米 /  10.0 秒  0.052 米/秒  直立最低 0.999  本机 20 秒
  658  走满窗口      0.527 米 /  10.0 秒  0.053 米/秒  直立最低 0.999  本机 23 秒
  659  走满窗口      0.503 米 /  10.0 秒  0.050 米/秒  直立最低 0.999  本机 23 秒
  660  走满窗口      0.532 米 /  10.0 秒  0.053 米/秒  直立最低 0.999  本机 21 秒
  661  走满窗口      0.623 米 /  10.0 秒  0.062 米/秒  直立最低 0.999  本机 22 秒
  662  走满窗口      0.543 米 /  10.0 秒  0.054 米/秒  直立最低 0.999  本机 23 秒
  663  走满窗口      0.444 米 /  10.0 秒  0.044 米/秒  直立最低 0.997  本机 22 秒
  664  走满窗口      0.596 米 /  10.0 秒  0.060 米/秒  直立最低 0.999  本机 23 秒
  665  走满窗口      0.553 米 /  10.0 秒  0.055 米/秒  直立最低 0.999  本机 22 秒
  666  走满窗口      0.440 米 /  10.0 秒  0.044 米/秒  直立最低 0.999  本机 22 秒
  667  走满窗口      0.542 米 /  10.0 秒  0.054 米/秒  直立最低 0.999  本机 21 秒
  668  走满窗口      0.713 米 /  10.0 秒  0.071 米/秒  直立最低 0.996  本机 22 秒
  669  走满窗口      0.658 米 /  10.0 秒  0.066 米/秒  直立最低 0.998  本机 23 秒
  670  走满窗口      0.595 米 /  10.0 秒  0.059 米/秒  直立最低 0.999  本机 23 秒
  671  走满窗口      0.592 米 /  10.0 秒  0.059 米/秒  直立最低 0.999  本机 23 秒
  672  走满窗口      0.589 米 /  10.0 秒  0.059 米/秒  直立最低 0.999  本机 22 秒
  673  走满窗口      0.582 米 /  10.0 秒  0.058 米/秒  直立最低 0.999  本机 23 秒
  674  走满窗口      0.580 米 /  10.0 秒  0.058 米/秒  直立最低 0.999  本机 21 秒
  675  走满窗口      0.522 米 /  10.0 秒  0.052 米/秒  直立最低 0.999  本机 23 秒
  676  走满窗口      0.685 米 /  10.0 秒  0.069 米/秒  直立最低 0.999  本机 23 秒
  677  走满窗口      0.536 米 /  10.0 秒  0.054 米/秒  直立最低 0.999  本机 22 秒
  678  走满窗口      0.528 米 /  10.0 秒  0.053 米/秒  直立最低 0.999  本机 22 秒
  679  走满窗口      0.607 米 /  10.0 秒  0.061 米/秒  直立最低 0.999  本机 22 秒
  680  走满窗口      0.585 米 /  10.0 秒  0.059 米/秒  直立最低 0.999  本机 23 秒
  681  走满窗口      0.610 米 /  10.0 秒  0.061 米/秒  直立最低 0.998  本机 23 秒
  682  走满窗口      0.522 米 /  10.0 秒  0.052 米/秒  直立最低 0.999  本机 21 秒
  683  走满窗口      0.592 米 /  10.0 秒  0.059 米/秒  直立最低 0.999  本机 23 秒
  684  走满窗口      0.225 米 /  10.0 秒  0.023 米/秒  直立最低 0.998  本机 23 秒
  685  走满窗口      0.530 米 /  10.0 秒  0.053 米/秒  直立最低 0.998  本机 23 秒
  686  走满窗口      0.605 米 /  10.0 秒  0.060 米/秒  直立最低 0.999  本机 22 秒
  687  走满窗口      0.527 米 /  10.0 秒  0.053 米/秒  直立最低 0.999  本机 22 秒
  688  走满窗口      0.257 米 /  10.0 秒  0.026 米/秒  直立最低 0.998  本机 22 秒
  689  走满窗口      0.540 米 /  10.0 秒  0.054 米/秒  直立最低 0.999  本机 22 秒
  690  走满窗口      0.270 米 /  10.0 秒  0.027 米/秒  直立最低 0.995  本机 20 秒
  691  走满窗口      0.396 米 /  10.0 秒  0.040 米/秒  直立最低 0.996  本机 22 秒
  692  走满窗口      0.491 米 /  10.0 秒  0.049 米/秒  直立最低 0.999  本机 23 秒
  693  走满窗口      0.477 米 /  10.0 秒  0.048 米/秒  直立最低 1.000  本机 23 秒
  694  走满窗口      0.504 米 /  10.0 秒  0.050 米/秒  直立最低 0.999  本机 23 秒
  695  走满窗口      0.649 米 /  10.0 秒  0.065 米/秒  直立最低 0.999  本机 23 秒
  696  走满窗口      0.520 米 /  10.0 秒  0.052 米/秒  直立最低 0.999  本机 23 秒
  697  走满窗口      0.512 米 /  10.0 秒  0.051 米/秒  直立最低 0.999  本机 23 秒
  698  走满窗口      0.529 米 /  10.0 秒  0.053 米/秒  直立最低 0.999  本机 20 秒
  699  走满窗口      0.461 米 /  10.0 秒  0.046 米/秒  直立最低 0.997  本机 23 秒
  700  走满窗口      0.594 米 /  10.0 秒  0.059 米/秒  直立最低 0.999  本机 22 秒
  701  走满窗口      0.394 米 /  10.0 秒  0.039 米/秒  直立最低 0.996  本机 23 秒
  702  走满窗口      0.762 米 /  10.0 秒  0.076 米/秒  直立最低 0.999  本机 23 秒
  703  走满窗口      0.553 米 /  10.0 秒  0.055 米/秒  直立最低 0.999  本机 22 秒
  704  走满窗口      0.524 米 /  10.0 秒  0.052 米/秒  直立最低 0.998  本机 23 秒
  705  走满窗口      0.556 米 /  10.0 秒  0.056 米/秒  直立最低 0.999  本机 23 秒
  706  走满窗口      0.705 米 /  10.0 秒  0.071 米/秒  直立最低 0.998  本机 20 秒
  707  走满窗口      0.644 米 /  10.0 秒  0.064 米/秒  直立最低 0.999  本机 23 秒
  708  走满窗口      0.544 米 /  10.0 秒  0.054 米/秒  直立最低 0.999  本机 22 秒
  709  走满窗口      0.538 米 /  10.0 秒  0.054 米/秒  直立最低 0.999  本机 23 秒
  710  走满窗口      0.505 米 /  10.0 秒  0.050 米/秒  直立最低 0.999  本机 23 秒
  711  走满窗口      0.517 米 /  10.0 秒  0.052 米/秒  直立最低 0.999  本机 22 秒
  712  走满窗口      0.597 米 /  10.0 秒  0.060 米/秒  直立最低 0.998  本机 23 秒
  713  走满窗口      0.479 米 /  10.0 秒  0.048 米/秒  直立最低 0.999  本机 23 秒
  714  走满窗口      0.550 米 /  10.0 秒  0.055 米/秒  直立最低 0.999  本机 21 秒
  715  走满窗口      0.512 米 /  10.0 秒  0.051 米/秒  直立最低 0.998  本机 22 秒
  716  走满窗口      0.553 米 /  10.0 秒  0.055 米/秒  直立最低 0.999  本机 23 秒
  717  走满窗口      0.584 米 /  10.0 秒  0.058 米/秒  直立最低 0.999  本机 23 秒
  718  走满窗口      0.438 米 /  10.0 秒  0.044 米/秒  直立最低 0.995  本机 23 秒
  719  走满窗口      0.519 米 /  10.0 秒  0.052 米/秒  直立最低 0.999  本机 23 秒
  720  走满窗口      0.570 米 /  10.0 秒  0.057 米/秒  直立最低 0.999  本机 23 秒
  721  走满窗口      0.574 米 /  10.0 秒  0.057 米/秒  直立最低 0.997  本机 22 秒
  722  走满窗口      0.552 米 /  10.0 秒  0.055 米/秒  直立最低 0.999  本机 21 秒
  723  走满窗口      0.520 米 /  10.0 秒  0.052 米/秒  直立最低 0.999  本机 24 秒
  724  走满窗口      0.576 米 /  10.0 秒  0.058 米/秒  直立最低 0.999  本机 24 秒
  725  走满窗口      0.538 米 /  10.0 秒  0.054 米/秒  直立最低 0.999  本机 23 秒
  726  走满窗口      0.233 米 /  10.0 秒  0.023 米/秒  直立最低 0.995  本机 23 秒
  727  走满窗口      0.539 米 /  10.0 秒  0.054 米/秒  直立最低 0.999  本机 24 秒
  728  走满窗口      0.635 米 /  10.0 秒  0.064 米/秒  直立最低 0.999  本机 23 秒
  729  走满窗口      0.591 米 /  10.0 秒  0.059 米/秒  直立最低 0.999  本机 24 秒
  730  走满窗口      0.503 米 /  10.0 秒  0.050 米/秒  直立最低 0.999  本机 22 秒
  731  走满窗口      0.522 米 /  10.0 秒  0.052 米/秒  直立最低 0.999  本机 24 秒
  732  走满窗口      0.569 米 /  10.0 秒  0.057 米/秒  直立最低 1.000  本机 23 秒
  733  走满窗口      0.488 米 /  10.0 秒  0.049 米/秒  直立最低 0.999  本机 23 秒
  734  走满窗口      0.629 米 /  10.0 秒  0.063 米/秒  直立最低 0.998  本机 23 秒
  735  走满窗口      0.543 米 /  10.0 秒  0.054 米/秒  直立最低 0.999  本机 23 秒
  736  走满窗口      0.267 米 /  10.0 秒  0.027 米/秒  直立最低 0.995  本机 24 秒
  737  走满窗口      0.538 米 /  10.0 秒  0.054 米/秒  直立最低 0.999  本机 23 秒
  738  走满窗口      0.283 米 /  10.0 秒  0.028 米/秒  直立最低 0.998  本机 22 秒
  739  走满窗口      0.600 米 /  10.0 秒  0.060 米/秒  直立最低 0.999  本机 23 秒
  740  走满窗口      0.571 米 /  10.0 秒  0.057 米/秒  直立最低 0.999  本机 23 秒
  741  走满窗口      0.587 米 /  10.0 秒  0.059 米/秒  直立最低 0.999  本机 23 秒
  742  走满窗口      0.540 米 /  10.0 秒  0.054 米/秒  直立最低 0.999  本机 24 秒
  743  走满窗口      0.600 米 /  10.0 秒  0.060 米/秒  直立最低 0.999  本机 23 秒
  744  走满窗口      0.379 米 /  10.0 秒  0.038 米/秒  直立最低 0.996  本机 22 秒
  745  走满窗口      0.533 米 /  10.0 秒  0.053 米/秒  直立最低 0.999  本机 23 秒
  746  走满窗口      0.654 米 /  10.0 秒  0.065 米/秒  直立最低 0.999  本机 23 秒
  747  走满窗口      0.599 米 /  10.0 秒  0.060 米/秒  直立最低 0.999  本机 23 秒
  748  走满窗口      0.509 米 /  10.0 秒  0.051 米/秒  直立最低 0.999  本机 24 秒
  749  走满窗口      0.547 米 /  10.0 秒  0.055 米/秒  直立最低 0.999  本机 22 秒
  750  走满窗口      0.598 米 /  10.0 秒  0.060 米/秒  直立最低 0.999  本机 23 秒
  751  走满窗口      0.579 米 /  10.0 秒  0.058 米/秒  直立最低 0.999  本机 23 秒
  752  走满窗口      0.443 米 /  10.0 秒  0.044 米/秒  直立最低 0.997  本机 23 秒
  753  走满窗口      0.518 米 /  10.0 秒  0.052 米/秒  直立最低 0.998  本机 24 秒
  754  走满窗口      0.574 米 /  10.0 秒  0.057 米/秒  直立最低 0.999  本机 23 秒
  755  走满窗口      0.542 米 /  10.0 秒  0.054 米/秒  直立最低 1.000  本机 23 秒
  756  走满窗口      1.348 米 /  10.0 秒  0.135 米/秒  直立最低 0.998  本机 22 秒
  757  走满窗口      0.628 米 /  10.0 秒  0.063 米/秒  直立最低 0.995  本机 23 秒
  758  走满窗口      0.752 米 /  10.0 秒  0.075 米/秒  直立最低 0.999  本机 23 秒
  759  走满窗口      0.181 米 /  10.0 秒  0.018 米/秒  直立最低 0.995  本机 24 秒
  760  走满窗口      0.466 米 /  10.0 秒  0.047 米/秒  直立最低 0.998  本机 24 秒
  761  走满窗口      0.558 米 /  10.0 秒  0.056 米/秒  直立最低 0.999  本机 23 秒
  762  走满窗口      0.516 米 /  10.0 秒  0.052 米/秒  直立最低 0.999  本机 23 秒
  763  走满窗口      0.236 米 /  10.0 秒  0.024 米/秒  直立最低 0.995  本机 22 秒
  764  走满窗口      0.518 米 /  10.0 秒  0.052 米/秒  直立最低 0.999  本机 23 秒
  765  走满窗口      0.606 米 /  10.0 秒  0.061 米/秒  直立最低 0.999  本机 24 秒
  766  走满窗口      0.453 米 /  10.0 秒  0.045 米/秒  直立最低 0.995  本机 23 秒
  767  走满窗口      0.226 米 /  10.0 秒  0.023 米/秒  直立最低 0.995  本机 23 秒
  768  走满窗口      0.594 米 /  10.0 秒  0.059 米/秒  直立最低 0.999  本机 23 秒
  769  走满窗口      0.554 米 /  10.0 秒  0.055 米/秒  直立最低 0.999  本机 23 秒
  770  走满窗口      0.544 米 /  10.0 秒  0.054 米/秒  直立最低 0.999  本机 23 秒
  771  走满窗口      0.496 米 /  10.0 秒  0.050 米/秒  直立最低 0.998  本机 22 秒
  772  走满窗口      0.396 米 /  10.0 秒  0.040 米/秒  直立最低 0.996  本机 23 秒
  773  走满窗口      0.542 米 /  10.0 秒  0.054 米/秒  直立最低 0.998  本机 24 秒
  774  走满窗口      0.502 米 /  10.0 秒  0.050 米/秒  直立最低 0.998  本机 24 秒
  775  走满窗口      0.690 米 /  10.0 秒  0.069 米/秒  直立最低 0.999  本机 23 秒
  776  走满窗口      0.430 米 /  10.0 秒  0.043 米/秒  直立最低 0.996  本机 24 秒
  777  走满窗口      0.514 米 /  10.0 秒  0.051 米/秒  直立最低 0.999  本机 23 秒
  778  走满窗口      0.592 米 /  10.0 秒  0.059 米/秒  直立最低 0.999  本机 23 秒
  779  走满窗口      0.531 米 /  10.0 秒  0.053 米/秒  直立最低 0.999  本机 21 秒
  780  走满窗口      0.596 米 /  10.0 秒  0.060 米/秒  直立最低 0.999  本机 23 秒
  781  走满窗口      0.593 米 /  10.0 秒  0.059 米/秒  直立最低 0.999  本机 23 秒
  782  走满窗口      0.571 米 /  10.0 秒  0.057 米/秒  直立最低 0.999  本机 24 秒
  783  走满窗口      0.692 米 /  10.0 秒  0.069 米/秒  直立最低 0.998  本机 23 秒
  784  走满窗口      0.601 米 /  10.0 秒  0.060 米/秒  直立最低 0.999  本机 23 秒
  785  走满窗口      0.603 米 /  10.0 秒  0.060 米/秒  直立最低 0.998  本机 23 秒
  786  走满窗口      0.125 米 /  10.0 秒  0.012 米/秒  直立最低 0.987  本机 23 秒
  787  走满窗口      0.601 米 /  10.0 秒  0.060 米/秒  直立最低 0.999  本机 22 秒
  788  走满窗口      0.531 米 /  10.0 秒  0.053 米/秒  直立最低 0.999  本机 24 秒
  789  走满窗口      0.580 米 /  10.0 秒  0.058 米/秒  直立最低 0.999  本机 24 秒
  790  走满窗口      0.615 米 /  10.0 秒  0.061 米/秒  直立最低 1.000  本机 24 秒
  791  走满窗口      0.569 米 /  10.0 秒  0.057 米/秒  直立最低 0.999  本机 23 秒
  792  走满窗口      0.599 米 /  10.0 秒  0.060 米/秒  直立最低 0.999  本机 23 秒
  793  走满窗口      0.446 米 /  10.0 秒  0.045 米/秒  直立最低 0.999  本机 23 秒
  794  走满窗口      0.614 米 /  10.0 秒  0.061 米/秒  直立最低 0.999  本机 23 秒
  795  走满窗口      0.524 米 /  10.0 秒  0.052 米/秒  直立最低 0.999  本机 21 秒
  796  走满窗口      0.450 米 /  10.0 秒  0.045 米/秒  直立最低 0.995  本机 23 秒
  797  走满窗口      0.193 米 /  10.0 秒  0.019 米/秒  直立最低 0.995  本机 23 秒
  798  走满窗口      0.572 米 /  10.0 秒  0.057 米/秒  直立最低 0.999  本机 24 秒
  799  走满窗口      0.561 米 /  10.0 秒  0.056 米/秒  直立最低 0.999  本机 23 秒
  800  走满窗口      0.609 米 /  10.0 秒  0.061 米/秒  直立最低 0.999  本机 23 秒
  801  走满窗口      0.544 米 /  10.0 秒  0.054 米/秒  直立最低 0.999  本机 23 秒
  802  走满窗口      0.644 米 /  10.0 秒  0.064 米/秒  直立最低 0.999  本机 23 秒
  803  走满窗口      0.394 米 /  10.0 秒  0.039 米/秒  直立最低 0.996  本机 21 秒
  804  走满窗口      0.521 米 /  10.0 秒  0.052 米/秒  直立最低 0.999  本机 23 秒
  805  走满窗口      0.597 米 /  10.0 秒  0.060 米/秒  直立最低 0.999  本机 23 秒
  806  走满窗口      0.575 米 /  10.0 秒  0.057 米/秒  直立最低 0.999  本机 23 秒
  807  走满窗口      0.537 米 /  10.0 秒  0.054 米/秒  直立最低 0.999  本机 23 秒
  808  走满窗口      0.615 米 /  10.0 秒  0.061 米/秒  直立最低 0.999  本机 23 秒
  809  走满窗口      0.475 米 /  10.0 秒  0.048 米/秒  直立最低 0.999  本机 24 秒
  810  走满窗口      0.524 米 /  10.0 秒  0.052 米/秒  直立最低 0.999  本机 23 秒
  811  走满窗口      0.524 米 /  10.0 秒  0.052 米/秒  直立最低 0.999  本机 21 秒
  812  走满窗口      0.561 米 /  10.0 秒  0.056 米/秒  直立最低 0.999  本机 23 秒
  813  走满窗口      0.584 米 /  10.0 秒  0.058 米/秒  直立最低 0.999  本机 23 秒
  814  走满窗口      0.598 米 /  10.0 秒  0.060 米/秒  直立最低 0.999  本机 23 秒
  815  走满窗口      0.543 米 /  10.0 秒  0.054 米/秒  直立最低 0.999  本机 23 秒
  816  走满窗口      0.524 米 /  10.0 秒  0.052 米/秒  直立最低 0.999  本机 23 秒
  817  走满窗口      0.581 米 /  10.0 秒  0.058 米/秒  直立最低 0.998  本机 23 秒
  818  走满窗口      0.616 米 /  10.0 秒  0.062 米/秒  直立最低 0.999  本机 23 秒
  819  走满窗口      0.524 米 /  10.0 秒  0.052 米/秒  直立最低 0.998  本机 22 秒
  820  走满窗口      0.599 米 /  10.0 秒  0.060 米/秒  直立最低 0.999  本机 24 秒
  821  走满窗口      0.478 米 /  10.0 秒  0.048 米/秒  直立最低 0.999  本机 23 秒
  822  走满窗口      0.564 米 /  10.0 秒  0.056 米/秒  直立最低 0.999  本机 24 秒
  823  走满窗口      0.487 米 /  10.0 秒  0.049 米/秒  直立最低 0.999  本机 23 秒
  824  走满窗口      0.655 米 /  10.0 秒  0.066 米/秒  直立最低 0.995  本机 23 秒
  825  走满窗口      0.619 米 /  10.0 秒  0.062 米/秒  直立最低 0.999  本机 23 秒
  826  走满窗口      0.520 米 /  10.0 秒  0.052 米/秒  直立最低 0.999  本机 23 秒
  827  走满窗口      0.615 米 /  10.0 秒  0.062 米/秒  直立最低 0.999  本机 22 秒
  828  走满窗口      0.428 米 /  10.0 秒  0.043 米/秒  直立最低 0.996  本机 23 秒
  829  走满窗口      0.570 米 /  10.0 秒  0.057 米/秒  直立最低 0.999  本机 23 秒
  830  走满窗口      0.528 米 /  10.0 秒  0.053 米/秒  直立最低 0.999  本机 24 秒
  831  走满窗口      0.522 米 /  10.0 秒  0.052 米/秒  直立最低 0.999  本机 23 秒
  832  走满窗口      0.303 米 /  10.0 秒  0.030 米/秒  直立最低 0.995  本机 23 秒
  833  走满窗口      0.561 米 /  10.0 秒  0.056 米/秒  直立最低 0.999  本机 23 秒
  834  走满窗口      0.818 米 /  10.0 秒  0.082 米/秒  直立最低 0.998  本机 23 秒
  835  走满窗口      0.550 米 /  10.0 秒  0.055 米/秒  直立最低 0.999  本机 22 秒
  836  走满窗口      0.782 米 /  10.0 秒  0.078 米/秒  直立最低 0.998  本机 23 秒
  837  走满窗口      0.709 米 /  10.0 秒  0.071 米/秒  直立最低 0.998  本机 24 秒
  838  走满窗口      0.538 米 /  10.0 秒  0.054 米/秒  直立最低 0.998  本机 23 秒
  839  走满窗口      0.545 米 /  10.0 秒  0.054 米/秒  直立最低 0.999  本机 23 秒
  840  走满窗口      0.555 米 /  10.0 秒  0.055 米/秒  直立最低 0.999  本机 23 秒
  841  走满窗口      0.599 米 /  10.0 秒  0.060 米/秒  直立最低 0.999  本机 22 秒
  842  走满窗口      0.718 米 /  10.0 秒  0.072 米/秒  直立最低 0.998  本机 24 秒
  843  走满窗口      0.547 米 /  10.0 秒  0.055 米/秒  直立最低 0.999  本机 23 秒
  844  走满窗口      0.774 米 /  10.0 秒  0.077 米/秒  直立最低 0.998  本机 23 秒
  845  走满窗口      0.528 米 /  10.0 秒  0.053 米/秒  直立最低 0.999  本机 23 秒
  846  走满窗口      0.529 米 /  10.0 秒  0.053 米/秒  直立最低 0.999  本机 22 秒
  847  走满窗口      0.767 米 /  10.0 秒  0.077 米/秒  直立最低 0.998  本机 23 秒
  848  走满窗口      0.614 米 /  10.0 秒  0.061 米/秒  直立最低 0.999  本机 24 秒
  849  没建出来：ValueError: structural lower bounds exceed an incoming budget
  850  走满窗口      0.582 米 /  10.0 秒  0.058 米/秒  直立最低 0.999  本机 23 秒
  851  走满窗口      0.248 米 /  10.0 秒  0.025 米/秒  直立最低 0.998  本机 23 秒
  852  走满窗口      0.532 米 /  10.0 秒  0.053 米/秒  直立最低 0.999  本机 23 秒
  853  走满窗口      0.543 米 /  10.0 秒  0.054 米/秒  直立最低 0.999  本机 23 秒
  854  走满窗口      0.338 米 /  10.0 秒  0.034 米/秒  直立最低 0.999  本机 22 秒
  855  走满窗口      0.538 米 /  10.0 秒  0.054 米/秒  直立最低 0.998  本机 23 秒
  856  走满窗口      0.523 米 /  10.0 秒  0.052 米/秒  直立最低 0.999  本机 23 秒
  857  走满窗口      0.615 米 /  10.0 秒  0.061 米/秒  直立最低 0.999  本机 23 秒
  858  走满窗口      0.491 米 /  10.0 秒  0.049 米/秒  直立最低 0.998  本机 23 秒
  859  走满窗口      0.548 米 /  10.0 秒  0.055 米/秒  直立最低 0.999  本机 23 秒
  860  走满窗口      0.504 米 /  10.0 秒  0.050 米/秒  直立最低 0.999  本机 24 秒
  861  走满窗口      0.597 米 /  10.0 秒  0.060 米/秒  直立最低 0.999  本机 23 秒
  862  走满窗口      0.492 米 /  10.0 秒  0.049 米/秒  直立最低 0.998  本机 22 秒
  863  走满窗口      0.523 米 /  10.0 秒  0.052 米/秒  直立最低 0.998  本机 23 秒
  864  走满窗口      0.544 米 /  10.0 秒  0.054 米/秒  直立最低 0.999  本机 24 秒
  865  走满窗口      0.604 米 /  10.0 秒  0.060 米/秒  直立最低 0.999  本机 24 秒
  866  走满窗口      0.548 米 /  10.0 秒  0.055 米/秒  直立最低 0.999  本机 24 秒
  867  走满窗口      0.511 米 /  10.0 秒  0.051 米/秒  直立最低 0.999  本机 23 秒
  868  走满窗口      0.546 米 /  10.0 秒  0.055 米/秒  直立最低 0.998  本机 24 秒
  869  走满窗口      0.530 米 /  10.0 秒  0.053 米/秒  直立最低 0.999  本机 21 秒
  870  走满窗口      0.241 米 /  10.0 秒  0.024 米/秒  直立最低 0.998  本机 23 秒
  871  走满窗口      0.535 米 /  10.0 秒  0.054 米/秒  直立最低 0.999  本机 23 秒
  872  走满窗口      0.545 米 /  10.0 秒  0.054 米/秒  直立最低 0.999  本机 23 秒
  873  走满窗口      0.527 米 /  10.0 秒  0.053 米/秒  直立最低 0.999  本机 23 秒
  874  走满窗口      0.538 米 /  10.0 秒  0.054 米/秒  直立最低 0.999  本机 24 秒
  875  走满窗口      0.595 米 /  10.0 秒  0.059 米/秒  直立最低 1.000  本机 24 秒
  876  走满窗口      0.453 米 /  10.0 秒  0.045 米/秒  直立最低 0.999  本机 24 秒
  877  走满窗口      0.546 米 /  10.0 秒  0.055 米/秒  直立最低 0.999  本机 21 秒
  878  走满窗口      0.507 米 /  10.0 秒  0.051 米/秒  直立最低 0.999  本机 23 秒
  879  走满窗口      0.503 米 /  10.0 秒  0.050 米/秒  直立最低 0.999  本机 23 秒
  880  走满窗口      0.593 米 /  10.0 秒  0.059 米/秒  直立最低 0.999  本机 24 秒
  881  走满窗口      0.610 米 /  10.0 秒  0.061 米/秒  直立最低 0.999  本机 23 秒
  882  走满窗口      0.576 米 /  10.0 秒  0.058 米/秒  直立最低 0.998  本机 23 秒
  883  走满窗口      0.591 米 /  10.0 秒  0.059 米/秒  直立最低 0.999  本机 24 秒
  884  走满窗口      0.594 米 /  10.0 秒  0.059 米/秒  直立最低 0.999  本机 24 秒
  885  走满窗口      0.350 米 /  10.0 秒  0.035 米/秒  直立最低 1.000  本机 21 秒
  886  走满窗口      0.523 米 /  10.0 秒  0.052 米/秒  直立最低 0.999  本机 23 秒
  887  走满窗口      0.323 米 /  10.0 秒  0.032 米/秒  直立最低 0.995  本机 23 秒
  888  走满窗口      0.541 米 /  10.0 秒  0.054 米/秒  直立最低 0.999  本机 23 秒
  889  走满窗口      0.582 米 /  10.0 秒  0.058 米/秒  直立最低 0.999  本机 24 秒
  890  走满窗口      0.098 米 /  10.0 秒  0.010 米/秒  直立最低 0.988  本机 24 秒
  891  走满窗口      0.566 米 /  10.0 秒  0.057 米/秒  直立最低 0.999  本机 23 秒
  892  走满窗口      0.616 米 /  10.0 秒  0.062 米/秒  直立最低 0.999  本机 24 秒
  893  走满窗口      0.590 米 /  10.0 秒  0.059 米/秒  直立最低 0.999  本机 21 秒
  894  走满窗口      0.433 米 /  10.0 秒  0.043 米/秒  直立最低 0.991  本机 23 秒
  895  走满窗口      0.584 米 /  10.0 秒  0.058 米/秒  直立最低 0.999  本机 23 秒
  896  走满窗口      0.568 米 /  10.0 秒  0.057 米/秒  直立最低 0.999  本机 23 秒
  897  走满窗口      0.414 米 /  10.0 秒  0.041 米/秒  直立最低 0.995  本机 23 秒
  898  走满窗口      0.552 米 /  10.0 秒  0.055 米/秒  直立最低 0.999  本机 23 秒
  899  走满窗口      0.621 米 /  10.0 秒  0.062 米/秒  直立最低 0.999  本机 23 秒
  900  走满窗口      0.561 米 /  10.0 秒  0.056 米/秒  直立最低 0.999  本机 23 秒
  901  走满窗口      0.451 米 /  10.0 秒  0.045 米/秒  直立最低 0.997  本机 21 秒
  902  走满窗口      0.455 米 /  10.0 秒  0.046 米/秒  直立最低 0.998  本机 23 秒
  903  走满窗口      0.540 米 /  10.0 秒  0.054 米/秒  直立最低 0.999  本机 23 秒
  904  走满窗口      0.536 米 /  10.0 秒  0.054 米/秒  直立最低 0.999  本机 23 秒
  905  走满窗口      0.548 米 /  10.0 秒  0.055 米/秒  直立最低 0.999  本机 23 秒
  906  走满窗口      0.526 米 /  10.0 秒  0.053 米/秒  直立最低 0.999  本机 24 秒
  907  走满窗口      0.571 米 /  10.0 秒  0.057 米/秒  直立最低 0.999  本机 23 秒
  908  走满窗口      0.443 米 /  10.0 秒  0.044 米/秒  直立最低 0.996  本机 23 秒
  909  走满窗口      0.589 米 /  10.0 秒  0.059 米/秒  直立最低 0.999  本机 21 秒
  910  走满窗口      0.544 米 /  10.0 秒  0.054 米/秒  直立最低 0.999  本机 23 秒
  911  走满窗口      0.536 米 /  10.0 秒  0.054 米/秒  直立最低 0.998  本机 23 秒
  912  走满窗口      0.491 米 /  10.0 秒  0.049 米/秒  直立最低 0.999  本机 23 秒
  913  走满窗口      0.240 米 /  10.0 秒  0.024 米/秒  直立最低 0.998  本机 23 秒
  914  走满窗口      0.428 米 /  10.0 秒  0.043 米/秒  直立最低 0.995  本机 24 秒
  915  走满窗口      0.401 米 /  10.0 秒  0.040 米/秒  直立最低 0.997  本机 23 秒
  916  走满窗口      0.457 米 /  10.0 秒  0.046 米/秒  直立最低 0.997  本机 23 秒
  917  走满窗口      0.504 米 /  10.0 秒  0.050 米/秒  直立最低 0.998  本机 21 秒
  918  走满窗口      0.616 米 /  10.0 秒  0.062 米/秒  直立最低 0.999  本机 23 秒
  919  走满窗口      0.527 米 /  10.0 秒  0.053 米/秒  直立最低 0.999  本机 23 秒
  920  走满窗口      0.581 米 /  10.0 秒  0.058 米/秒  直立最低 0.999  本机 23 秒
  921  走满窗口      0.386 米 /  10.0 秒  0.039 米/秒  直立最低 0.996  本机 23 秒
  922  走满窗口      0.555 米 /  10.0 秒  0.055 米/秒  直立最低 0.999  本机 23 秒
  923  走满窗口      0.592 米 /  10.0 秒  0.059 米/秒  直立最低 0.999  本机 21 秒
  924  走满窗口      0.524 米 /  10.0 秒  0.052 米/秒  直立最低 0.999  本机 23 秒
  925  走满窗口      0.524 米 /  10.0 秒  0.052 米/秒  直立最低 0.999  本机 23 秒
  926  走满窗口      0.817 米 /  10.0 秒  0.082 米/秒  直立最低 0.998  本机 23 秒
  927  走满窗口      0.616 米 /  10.0 秒  0.062 米/秒  直立最低 0.999  本机 23 秒
  928  走满窗口      0.605 米 /  10.0 秒  0.061 米/秒  直立最低 0.999  本机 23 秒
  929  走满窗口      0.237 米 /  10.0 秒  0.024 米/秒  直立最低 0.995  本机 21 秒
  930  走满窗口      0.538 米 /  10.0 秒  0.054 米/秒  直立最低 0.999  本机 23 秒
  931  走满窗口      0.602 米 /  10.0 秒  0.060 米/秒  直立最低 0.999  本机 23 秒
  932  走满窗口      0.412 米 /  10.0 秒  0.041 米/秒  直立最低 0.996  本机 23 秒
  933  走满窗口      0.640 米 /  10.0 秒  0.064 米/秒  直立最低 0.999  本机 23 秒
  934  走满窗口      0.564 米 /  10.0 秒  0.056 米/秒  直立最低 0.999  本机 23 秒
  935  走满窗口      0.493 米 /  10.0 秒  0.049 米/秒  直立最低 0.998  本机 21 秒
  936  走满窗口      0.587 米 /  10.0 秒  0.059 米/秒  直立最低 0.998  本机 23 秒
  937  走满窗口      0.466 米 /  10.0 秒  0.047 米/秒  直立最低 0.999  本机 23 秒
  938  走满窗口      0.621 米 /  10.0 秒  0.062 米/秒  直立最低 0.999  本机 23 秒
  939  走满窗口      0.291 米 /  10.0 秒  0.029 米/秒  直立最低 0.989  本机 23 秒
  940  走满窗口      0.513 米 /  10.0 秒  0.051 米/秒  直立最低 0.999  本机 23 秒
  941  走满窗口      0.600 米 /  10.0 秒  0.060 米/秒  直立最低 0.999  本机 23 秒
  942  走满窗口      0.501 米 /  10.0 秒  0.050 米/秒  直立最低 0.999  本机 22 秒
  943  走满窗口      0.530 米 /  10.0 秒  0.053 米/秒  直立最低 0.999  本机 21 秒
  944  走满窗口      0.435 米 /  10.0 秒  0.043 米/秒  直立最低 0.996  本机 23 秒
  945  走满窗口      0.564 米 /  10.0 秒  0.056 米/秒  直立最低 0.999  本机 23 秒
  946  走满窗口      0.582 米 /  10.0 秒  0.058 米/秒  直立最低 0.999  本机 23 秒
  947  走满窗口      0.611 米 /  10.0 秒  0.061 米/秒  直立最低 0.999  本机 23 秒
  948  走满窗口      0.550 米 /  10.0 秒  0.055 米/秒  直立最低 0.998  本机 23 秒
  949  走满窗口      0.224 米 /  10.0 秒  0.022 米/秒  直立最低 0.995  本机 23 秒
  950  走满窗口      0.517 米 /  10.0 秒  0.052 米/秒  直立最低 0.999  本机 21 秒
  951  走满窗口      0.653 米 /  10.0 秒  0.065 米/秒  直立最低 0.999  本机 23 秒
  952  走满窗口      0.612 米 /  10.0 秒  0.061 米/秒  直立最低 0.999  本机 23 秒
  953  走满窗口      0.705 米 /  10.0 秒  0.071 米/秒  直立最低 0.998  本机 23 秒
  954  走满窗口      0.497 米 /  10.0 秒  0.050 米/秒  直立最低 0.999  本机 23 秒
  955  走满窗口      0.198 米 /  10.0 秒  0.020 米/秒  直立最低 0.995  本机 23 秒
  956  走满窗口      0.244 米 /  10.0 秒  0.024 米/秒  直立最低 0.998  本机 23 秒
  957  走满窗口      0.527 米 /  10.0 秒  0.053 米/秒  直立最低 0.999  本机 23 秒
  958  走满窗口      0.679 米 /  10.0 秒  0.068 米/秒  直立最低 0.999  本机 21 秒
  959  走满窗口      0.402 米 /  10.0 秒  0.040 米/秒  直立最低 0.996  本机 23 秒
  960  走满窗口      0.603 米 /  10.0 秒  0.060 米/秒  直立最低 0.999  本机 23 秒
  961  走满窗口      0.486 米 /  10.0 秒  0.049 米/秒  直立最低 0.998  本机 23 秒
  962  走满窗口      0.382 米 /  10.0 秒  0.038 米/秒  直立最低 0.998  本机 24 秒
  963  走满窗口      0.517 米 /  10.0 秒  0.052 米/秒  直立最低 0.999  本机 23 秒
  964  走满窗口      0.536 米 /  10.0 秒  0.054 米/秒  直立最低 0.999  本机 23 秒
  965  走满窗口      0.423 米 /  10.0 秒  0.042 米/秒  直立最低 0.996  本机 23 秒
  966  走满窗口      0.619 米 /  10.0 秒  0.062 米/秒  直立最低 0.999  本机 21 秒
  967  走满窗口      0.551 米 /  10.0 秒  0.055 米/秒  直立最低 0.999  本机 23 秒
  968  走满窗口      0.247 米 /  10.0 秒  0.025 米/秒  直立最低 0.998  本机 23 秒
  969  走满窗口      0.520 米 /  10.0 秒  0.052 米/秒  直立最低 0.998  本机 23 秒
  970  走满窗口      0.215 米 /  10.0 秒  0.022 米/秒  直立最低 0.995  本机 24 秒
  971  走满窗口      0.546 米 /  10.0 秒  0.055 米/秒  直立最低 0.998  本机 23 秒
  972  走满窗口      0.671 米 /  10.0 秒  0.067 米/秒  直立最低 0.999  本机 23 秒
  973  走满窗口      0.532 米 /  10.0 秒  0.053 米/秒  直立最低 0.999  本机 24 秒
  974  走满窗口      0.546 米 /  10.0 秒  0.055 米/秒  直立最低 0.999  本机 22 秒
  975  走满窗口      0.469 米 /  10.0 秒  0.047 米/秒  直立最低 0.997  本机 23 秒
  976  走满窗口      0.527 米 /  10.0 秒  0.053 米/秒  直立最低 0.999  本机 23 秒
  977  走满窗口      0.551 米 /  10.0 秒  0.055 米/秒  直立最低 0.999  本机 23 秒
  978  走满窗口      0.597 米 /  10.0 秒  0.060 米/秒  直立最低 0.999  本机 23 秒
  979  走满窗口      0.536 米 /  10.0 秒  0.054 米/秒  直立最低 0.999  本机 23 秒
  980  走满窗口      0.596 米 /  10.0 秒  0.060 米/秒  直立最低 0.999  本机 23 秒
  981  走满窗口      0.563 米 /  10.0 秒  0.056 米/秒  直立最低 0.999  本机 23 秒
  982  走满窗口      0.350 米 /  10.0 秒  0.035 米/秒  直立最低 0.998  本机 21 秒
  983  走满窗口      0.531 米 /  10.0 秒  0.053 米/秒  直立最低 0.998  本机 24 秒
  984  走满窗口      0.508 米 /  10.0 秒  0.051 米/秒  直立最低 0.999  本机 23 秒
  985  走满窗口      0.616 米 /  10.0 秒  0.062 米/秒  直立最低 0.999  本机 23 秒
  986  走满窗口      0.535 米 /  10.0 秒  0.053 米/秒  直立最低 0.999  本机 23 秒
  987  走满窗口      0.520 米 /  10.0 秒  0.052 米/秒  直立最低 0.999  本机 23 秒
  988  走满窗口      0.341 米 /  10.0 秒  0.034 米/秒  直立最低 0.999  本机 23 秒
  989  走满窗口      0.525 米 /  10.0 秒  0.052 米/秒  直立最低 0.999  本机 23 秒
  990  走满窗口      0.551 米 /  10.0 秒  0.055 米/秒  直立最低 0.999  本机 21 秒
  991  走满窗口      0.536 米 /  10.0 秒  0.054 米/秒  直立最低 0.999  本机 23 秒
  992  走满窗口      0.748 米 /  10.0 秒  0.075 米/秒  直立最低 0.999  本机 23 秒
  993  走满窗口      0.228 米 /  10.0 秒  0.023 米/秒  直立最低 0.995  本机 23 秒
  994  走满窗口      0.520 米 /  10.0 秒  0.052 米/秒  直立最低 0.999  本机 22 秒
  995  走满窗口      0.583 米 /  10.0 秒  0.058 米/秒  直立最低 0.999  本机 22 秒
  996  走满窗口      0.228 米 /  10.0 秒  0.023 米/秒  直立最低 0.989  本机 22 秒
  997  走满窗口      0.533 米 /  10.0 秒  0.053 米/秒  直立最低 0.999  本机 22 秒
  998  走满窗口      0.521 米 /  10.0 秒  0.052 米/秒  直立最低 0.996  本机 20 秒
  999  走满窗口      0.595 米 /  10.0 秒  0.060 米/秒  直立最低 0.999  本机 13 秒
这批 488 只共 23.2 分钟
