跑成的 4962 只：全程没倒 4932 只，倒过 30 只（另 38 条基因被引擎拒绝）

全程没倒，按 10 秒走了多远排（前 20 只）：
    #     走了(米)   速度(米/秒)     全程路子       直度       眼球转     本机(秒)
 2010     1.776     0.178    1.870    0.950       1.5        23
 1802     1.769     0.177    1.868    0.947       1.4        22
  890     1.742     0.174    1.838    0.948       1.4        24
  623     1.732     0.173    1.829    0.947       1.5        22
  447     1.724     0.172    1.821    0.947       1.7        23
 1999     1.722     0.172    1.817    0.947       1.3        23
  997     1.698     0.170    1.793    0.947       1.5        25
  531     1.675     0.168    1.770    0.946       1.4        23
 4725     1.667     0.167    1.765    0.944       1.4        22
 4447     1.665     0.166    1.772    0.940       1.5        22
 3155     1.664     0.166    1.761    0.945       1.5        22
 2703     1.664     0.166    1.770    0.940       1.2        22
 2081     1.663     0.166    1.762    0.944       1.3        22
 4986     1.660     0.166    1.740    0.954       1.2        23
 3820     1.652     0.165    1.745    0.947       1.2        22
  726     1.650     0.165    1.744    0.946       1.4        25
 3843     1.650     0.165    1.758    0.938       1.1        22
 4499     1.647     0.165    1.739    0.947       1.3        22
 4279     1.644     0.164    1.742    0.944       1.3        22
 2421     1.644     0.164    1.739    0.945       1.1        23

倒过的（30 只，倒之前走了这么多）：
    #     走了(米)   速度(米/秒)     全程路子       直度       眼球转     本机(秒)
  523     2.862     0.286    3.998    0.716       2.8        23
 2646     2.638     0.264    3.930    0.671       1.8        22
 2096     2.637     0.264    3.934    0.670       2.6        23
 2382     2.594     0.259    3.747    0.692       2.3        22
  596     2.529     0.253    3.461    0.731       1.9        22
  249     2.490     0.249    3.653    0.682       2.7        22
 3314     2.489     0.249    3.794    0.656       2.5        22
 2717     2.406     0.241    4.076    0.590       2.9        22
 1672     2.405     0.240    3.805    0.632       3.2        22
 4526     2.392     0.239    3.657    0.654       2.7        23

最快的 64 只（全程没倒的里面挑）写进了 artifacts\题1f_最快64只.jsonl
