蹇殑閭ｈ竟 10 鍙細#523 2.86绫炽€?2646 2.64绫炽€?2096 2.64绫炽€?2382 2.59绫炽€?596 2.53绫炽€?249 2.49绫炽€?3314 2.49绫炽€?2717 2.41绫炽€?1672 2.40绫炽€?4526 2.39绫?
绋崇殑閭ｈ竟 6 鍙細#2010 1.78绫炽€?1802 1.77绫炽€?890 1.74绫炽€?623 1.73绫炽€?447 1.72绫炽€?1999 1.72绫?
瑕佽窇 24 鍙紝姣忓彧 10 绉掋€佸紑闃斿満鍦般€? 涓繘绋?
    0  #523+#2010  蹇熀鍥犲崰0.00                           绉嶅瓙1  娌″€?     1.646 绫? 鐩寸珛鏈€浣? 0.995  鐩村害 0.927
    1  #523+#2010  蹇熀鍥犲崰0.00                           绉嶅瓙2  娌″€?     1.535 绫? 鐩寸珛鏈€浣? 0.995  鐩村害 0.918
    2  #523+#2010  蹇熀鍥犲崰0.00                           绉嶅瓙3  娌″€?     1.590 绫? 鐩寸珛鏈€浣? 0.995  鐩村害 0.918
    3  #523+#2010  蹇熀鍥犲崰0.05                           绉嶅瓙1  娌″€?     1.569 绫? 鐩寸珛鏈€浣? 0.995  鐩村害 0.927
    4  #523+#2010  蹇熀鍥犲崰0.05                           绉嶅瓙2  娌″€?     1.678 绫? 鐩寸珛鏈€浣? 0.996  鐩村害 0.934
    5  #523+#2010  蹇熀鍥犲崰0.05                           绉嶅瓙3  娌″€?     1.503 绫? 鐩寸珛鏈€浣? 0.995  鐩村害 0.925
    6  #523+#2010  蹇熀鍥犲崰0.10                           绉嶅瓙1  娌″€?     1.608 绫? 鐩寸珛鏈€浣? 0.995  鐩村害 0.937
    7  #523+#2010  蹇熀鍥犲崰0.10                           绉嶅瓙2  娌″€?     1.660 绫? 鐩寸珛鏈€浣? 0.996  鐩村害 0.941
    8  #523+#2010  蹇熀鍥犲崰0.10                           绉嶅瓙3  娌″€?     1.489 绫? 鐩寸珛鏈€浣? 0.995  鐩村害 0.928
    9  #523+#2010  蹇熀鍥犲崰0.15                           绉嶅瓙1  娌″€?     1.511 绫? 鐩寸珛鏈€浣? 0.996  鐩村害 0.930
   10  #523+#2010  蹇熀鍥犲崰0.15                           绉嶅瓙2  娌″€?     1.556 绫? 鐩寸珛鏈€浣? 0.996  鐩村害 0.936
   11  #523+#2010  蹇熀鍥犲崰0.15                           绉嶅瓙3  娌″€?     1.498 绫? 鐩寸珛鏈€浣? 0.996  鐩村害 0.925
   12  #523+#2010  蹇熀鍥犲崰0.20                           绉嶅瓙1  娌″€?     1.263 绫? 鐩寸珛鏈€浣? 0.996  鐩村害 0.891
   13  #523+#2010  蹇熀鍥犲崰0.20                           绉嶅瓙2  娌″€?     1.268 绫? 鐩寸珛鏈€浣? 0.996  鐩村害 0.882
   14  #523+#2010  蹇熀鍥犲崰0.20                           绉嶅瓙3  娌″€?     1.245 绫? 鐩寸珛鏈€浣? 0.996  鐩村害 0.900
   15  #523+#2010  蹇熀鍥犲崰0.25                           绉嶅瓙1  娌″€?     1.201 绫? 鐩寸珛鏈€浣? 0.995  鐩村害 0.779
   16  #523+#2010  蹇熀鍥犲崰0.25                           绉嶅瓙2  娌″€?     1.085 绫? 鐩寸珛鏈€浣? 0.995  鐩村害 0.735
   17  #523+#2010  蹇熀鍥犲崰0.25                           绉嶅瓙3  娌″€?     1.171 绫? 鐩寸珛鏈€浣? 0.995  鐩村害 0.762
   18  #523+#2010  蹇熀鍥犲崰0.30                           绉嶅瓙1  娌″€?     0.813 绫? 鐩寸珛鏈€浣? 0.995  鐩村害 0.617
   19  #523+#2010  蹇熀鍥犲崰0.30                           绉嶅瓙2  娌″€?     0.876 绫? 鐩寸珛鏈€浣? 0.994  鐩村害 0.627
   20  #523+#2010  蹇熀鍥犲崰0.30                           绉嶅瓙3  娌″€?     1.108 绫? 鐩寸珛鏈€浣? 0.995  鐩村害 0.724
   21  #523+#2010  蹇熀鍥犲崰0.40                           绉嶅瓙1  娌″€?     0.699 绫? 鐩寸珛鏈€浣? 0.994  鐩村害 0.553
   22  #523+#2010  蹇熀鍥犲崰0.40                           绉嶅瓙2  娌″€?     0.799 绫? 鐩寸珛鏈€浣? 0.994  鐩村害 0.589
   23  #523+#2010  蹇熀鍥犲崰0.40                           绉嶅瓙3  娌″€?     0.671 绫? 鐩寸珛鏈€浣? 0.994  鐩村害 0.540
杩欐壒 24 鍙叡 1.3 鍒嗛挓

鎸夈€屽厛鐪嬫憯涓嶆憯銆佸啀鐪嬩腑浣嶉€熷害銆嶆帓锛堝墠 20锛夛細
       蹇殑        绋崇殑 鎬庝箞鍚堢殑                                   鎽斿€?     涓綅(绫?     鏈€濂?绫?
      523      2010 蹇熀鍥犲崰0.10                                0      1.608     1.660
      523      2010 蹇熀鍥犲崰0.00                                0      1.590     1.646
      523      2010 蹇熀鍥犲崰0.05                                0      1.569     1.678
      523      2010 蹇熀鍥犲崰0.15                                0      1.511     1.556
      523      2010 蹇熀鍥犲崰0.20                                0      1.263     1.268
      523      2010 蹇熀鍥犲崰0.25                                0      1.171     1.201
      523      2010 蹇熀鍥犲崰0.30                                0      0.876     1.108
      523      2010 蹇熀鍥犲崰0.40                                0      0.699     0.799

鍙拌处 -> artifacts\棰?f_铻嶅悎_蹇熀鍥犳瘮渚?jsonl
