蹇殑閭ｈ竟 10 鍙細#523 2.86绫炽€?2646 2.64绫炽€?2096 2.64绫炽€?2382 2.59绫炽€?596 2.53绫炽€?249 2.49绫炽€?3314 2.49绫炽€?2717 2.41绫炽€?1672 2.40绫炽€?4526 2.39绫?
绋崇殑閭ｈ竟 6 鍙細#2010 1.78绫炽€?1802 1.77绫炽€?890 1.74绫炽€?623 1.73绫炽€?447 1.72绫炽€?1999 1.72绫?
瑕佽窇 41 鍙紝姣忓彧 10 绉掋€佸紑闃斿満鍦般€? 涓繘绋?
    0  涓€璧峰悎         鍏ㄤ綋骞冲潎鏈?523鎷?.00(9鍙?                 绉嶅瓙1  娌″€?     1.175 绫? 鐩寸珛鏈€浣? 0.989  鐩村害 0.815
    1  涓€璧峰悎         鍏ㄤ綋骞冲潎鏈?523鎷?.25(9鍙?                 绉嶅瓙1  鍊掍簡      0.985 绫? 鐩寸珛鏈€浣? 0.482  鐩村害 0.496
    2  涓€璧峰悎         鍏ㄤ綋骞冲潎鏈?523鎷?.50(9鍙?                 绉嶅瓙1  娌″€?     0.702 绫? 鐩寸珛鏈€浣? 0.522  鐩村害 0.377
    3  涓€璧峰悎         鍏ㄤ綋骞冲潎鏈?523鎷?.75(9鍙?                 绉嶅瓙1  娌″€?     0.676 绫? 鐩寸珛鏈€浣? 0.636  鐩村害 0.386
    4  涓€璧峰悎         鍏ㄤ綋涓綅(9鍙?                           绉嶅瓙1  娌″€?     1.739 绫? 鐩寸珛鏈€浣? 0.996  鐩村害 0.945
    5  涓€璧峰悎         闅忔満鎶?鍙钩鍧?                           绉嶅瓙1  娌″€?     1.010 绫? 鐩寸珛鏈€浣? 0.987  鐩村害 0.651
    6  涓€璧峰悎         闅忔満鎶?鍙钩鍧?                           绉嶅瓙1  鍊掍簡      1.017 绫? 鐩寸珛鏈€浣? 0.478  鐩村害 0.508
    7  涓€璧峰悎         闅忔満鎶?鍙钩鍧?                           绉嶅瓙1  娌″€?     1.016 绫? 鐩寸珛鏈€浣? 0.579  鐩村害 0.493
    8  涓€璧峰悎         闅忔満鎶?鍙钩鍧?                           绉嶅瓙1  鍊掍簡      1.021 绫? 鐩寸珛鏈€浣? 0.473  鐩村害 0.509
    9  涓€璧峰悎         闅忔満鎶?鍙钩鍧?                           绉嶅瓙1  娌″€?     1.665 绫? 鐩寸珛鏈€浣? 0.992  鐩村害 0.928
   10  涓€璧峰悎         闅忔満鎶?鍙钩鍧?                           绉嶅瓙1  娌″€?     1.577 绫? 鐩寸珛鏈€浣? 0.991  鐩村害 0.897
   11  涓€璧峰悎         闅忔満鎶?鍙钩鍧?                           绉嶅瓙1  鍊掍簡      2.646 绫? 鐩寸珛鏈€浣?-0.996  鐩村害 0.709
   12  涓€璧峰悎         闅忔満鎶?鍙钩鍧?                           绉嶅瓙1  娌″€?     1.428 绫? 鐩寸珛鏈€浣? 0.997  鐩村害 0.936
   13  涓€璧峰悎         闅忔満鎶?鍙钩鍧?                           绉嶅瓙1  娌″€?     1.666 绫? 鐩寸珛鏈€浣? 0.997  鐩村害 0.943
   14  涓€璧峰悎         闅忔満鎶?鍙钩鍧?                           绉嶅瓙1  鍊掍簡      2.068 绫? 鐩寸珛鏈€浣?-0.999  鐩村害 0.526
   15  涓€璧峰悎         闅忔満鎶?鍙钩鍧?                           绉嶅瓙1  鍊掍簡      1.603 绫? 鐩寸珛鏈€浣?-0.997  鐩村害 0.440
   16  涓€璧峰悎         闅忔満鎶?鍙钩鍧?                           绉嶅瓙1  鍊掍簡      1.672 绫? 鐩寸珛鏈€浣?-0.877  鐩村害 0.477
   17  涓€璧峰悎         闅忔満鎶?鍙钩鍧?                           绉嶅瓙1  鍊掍簡      0.772 绫? 鐩寸珛鏈€浣?-0.722  鐩村害 0.239
   18  涓€璧峰悎         闅忔満鎶?鍙钩鍧?                           绉嶅瓙1  娌″€?     1.456 绫? 鐩寸珛鏈€浣? 0.996  鐩村害 0.933
   19  涓€璧峰悎         闅忔満鎶?鍙钩鍧?                           绉嶅瓙1  娌″€?     1.732 绫? 鐩寸珛鏈€浣? 0.997  鐩村害 0.947
   20  涓€璧峰悎         闅忔満鎶?鍙钩鍧?                           绉嶅瓙1  娌″€?     1.760 绫? 鐩寸珛鏈€浣? 0.996  鐩村害 0.949
   21  涓€璧峰悎         闅忔満鎶?鍙钩鍧?                           绉嶅瓙1  娌″€?     1.623 绫? 鐩寸珛鏈€浣? 0.997  鐩村害 0.946
   22  涓€璧峰悎         闅忔満鎶?鍙钩鍧?                           绉嶅瓙1  娌″€?     1.666 绫? 鐩寸珛鏈€浣? 0.997  鐩村害 0.943
   23  涓€璧峰悎         闅忔満鎶?鍙钩鍧?                           绉嶅瓙1  娌″€?     1.304 绫? 鐩寸珛鏈€浣? 0.990  鐩村害 0.815
   24  涓€璧峰悎         闅忔満鎶?鍙钩鍧?                           绉嶅瓙1  娌″€?     1.573 绫? 鐩寸珛鏈€浣? 0.996  鐩村害 0.936
   25  涓€璧峰悎         闅忔満鎶?鍙钩鍧?                           绉嶅瓙1  娌″€?     1.597 绫? 鐩寸珛鏈€浣? 0.991  鐩村害 0.903
   26  涓€璧峰悎         闅忔満鎶?鍙钩鍧?                           绉嶅瓙1  鍊掍簡      1.297 绫? 鐩寸珛鏈€浣?-0.849  鐩村害 0.391
   27  涓€璧峰悎         闅忔満鎶?鍙钩鍧?                           绉嶅瓙1  娌″€?     1.484 绫? 鐩寸珛鏈€浣? 0.990  鐩村害 0.859
   28  涓€璧峰悎         闅忔満鎶?鍙钩鍧?                           绉嶅瓙1  娌″€?     1.016 绫? 鐩寸珛鏈€浣? 0.579  鐩村害 0.493
   29  涓€璧峰悎         鍏ㄤ綋骞冲潎+闅忔満(9鍙?                        绉嶅瓙1  娌″€?     0.743 绫? 鐩寸珛鏈€浣? 0.635  鐩村害 0.461
   30  涓€璧峰悎         鍏ㄤ綋骞冲潎+闅忔満(9鍙?                        绉嶅瓙1  娌″€?     1.016 绫? 鐩寸珛鏈€浣? 0.991  鐩村害 0.673
   31  涓€璧峰悎         鍏ㄤ綋骞冲潎+闅忔満(9鍙?                        绉嶅瓙1  娌″€?     1.165 绫? 鐩寸珛鏈€浣? 0.989  鐩村害 0.800
   32  涓€璧峰悎         鍏ㄤ綋骞冲潎+闅忔満(9鍙?                        绉嶅瓙1  娌″€?     1.168 绫? 鐩寸珛鏈€浣? 0.991  鐩村害 0.824
   33  涓€璧峰悎         鍏ㄤ綋骞冲潎+闅忔満(9鍙?                        绉嶅瓙1  娌″€?     1.263 绫? 鐩寸珛鏈€浣? 0.994  鐩村害 0.854
   34  涓€璧峰悎         鍏ㄤ綋骞冲潎+闅忔満(9鍙?                        绉嶅瓙1  娌″€?     1.175 绫? 鐩寸珛鏈€浣? 0.989  鐩村害 0.815
   35  涓€璧峰悎         鍏ㄤ綋骞冲潎+闅忔満(9鍙?                        绉嶅瓙1  娌″€?     1.185 绫? 鐩寸珛鏈€浣? 0.987  鐩村害 0.802
   36  涓€璧峰悎         鍏ㄤ綋骞冲潎+闅忔満(9鍙?                        绉嶅瓙1  娌″€?     1.164 绫? 鐩寸珛鏈€浣? 0.989  鐩村害 0.795
   37  涓€璧峰悎         鍏ㄤ綋骞冲潎+闅忔満(9鍙?                        绉嶅瓙1  娌″€?     1.175 绫? 鐩寸珛鏈€浣? 0.989  鐩村害 0.815
   38  涓€璧峰悎         鍏ㄤ綋骞冲潎+闅忔満(9鍙?                        绉嶅瓙1  娌″€?     1.094 绫? 鐩寸珛鏈€浣? 0.541  鐩村害 0.514
   39  涓€璧峰悎         鍏ㄤ綋骞冲潎+闅忔満(9鍙?                        绉嶅瓙1  娌″€?     1.603 绫? 鐩寸珛鏈€浣? 0.997  鐩村害 0.941
   40  涓€璧峰悎         鍏ㄤ綋骞冲潎+闅忔満(9鍙?                        绉嶅瓙1  鍊掍簡      1.150 绫? 鐩寸珛鏈€浣? 0.488  鐩村害 0.502
杩欐壒 41 鍙叡 2.1 鍒嗛挓

鎸夈€屽厛鐪嬫憯涓嶆憯銆佸啀鐪嬩腑浣嶉€熷害銆嶆帓锛堝墠 20锛夛細
       蹇殑        绋崇殑 鎬庝箞鍚堢殑                                   鎽斿€?     涓綅(绫?     鏈€濂?绫?
        0         0 鍏ㄤ綋涓綅(9鍙?                                0      1.739     1.739
        0         0 鍏ㄤ綋骞冲潎鏈?523鎷?.00(9鍙?                      0      1.175     1.175
        0         0 鍏ㄤ綋骞冲潎鏈?523鎷?.50(9鍙?                      0      0.702     0.702
        0         0 鍏ㄤ綋骞冲潎鏈?523鎷?.75(9鍙?                      0      0.676     0.676
        0         0 鍏ㄤ綋骞冲潎+闅忔満(9鍙?                             1      1.168     1.603
        0         0 鍏ㄤ綋骞冲潎鏈?523鎷?.25(9鍙?                      1      0.985     0.985
        0         0 闅忔満鎶?鍙钩鍧?                                8      1.577     2.646

鍙拌处 -> artifacts\棰?f_铻嶅悎_涓€缇蹇敋.jsonl
