父代 20 只，最会的那只过了 105/130 道；要求父代已通过 walk_flat,keeps_walking_without_being_told
要跑 64 只，每只 30 秒、8 个进程；结果写进 artifacts\题1_一直走.jsonl
   0    0.997 米   0.065 米/秒  直立最低 0.993  一直走  分段 [0.6596, 0.3023, 0.3109]  67 秒
   1    0.688 米   0.054 米/秒  直立最低 0.988  停过  分段 [0.5348, 0.3034, 0.0911]  68 秒
   2    0.780 米   0.070 米/秒  直立最低 0.987  停过  分段 [0.5405, 0.4706, 0.0627]  68 秒
   3    0.655 米   0.058 米/秒  直立最低 0.992  一直走  分段 [0.5592, 0.2522, 0.1021]  68 秒
   4    0.822 米   0.056 米/秒  直立最低 0.995  停过  分段 [0.6365, 0.3609, 0.0171]  69 秒
   5    0.609 米   0.055 米/秒  直立最低 0.992  一直走  分段 [0.5781, 0.2638, 0.1415]  68 秒
   6    0.640 米   0.066 米/秒  直立最低 0.990  一直走  分段 [0.6205, 0.3182, 0.1531]  68 秒
   7    0.586 米   0.052 米/秒  直立最低 0.996  一直走  分段 [0.6969, 0.1138, 0.1222]  68 秒
   8    0.653 米   0.060 米/秒  直立最低 0.993  一直走  分段 [0.6249, 0.252, 0.1492]  64 秒
   9    0.837 米   0.065 米/秒  直立最低 0.988  一直走  分段 [0.5397, 0.4434, 0.1108]  64 秒
  10    0.510 米   0.055 米/秒  直立最低 0.990  一直走  分段 [0.6535, 0.134, 0.1256]  64 秒
  11    0.684 米   0.062 米/秒  直立最低 0.991  停过  分段 [0.5539, 0.3565, 0.0946]  64 秒
  12    1.031 米   0.070 米/秒  直立最低 0.994  一直走  分段 [0.5903, 0.4603, 0.2821]  64 秒
  13    0.836 米   0.078 米/秒  直立最低 0.995  一直走  分段 [0.7442, 0.3727, 0.1897]  64 秒
  14    0.536 米   0.066 米/秒  直立最低 0.994  一直走  分段 [0.4295, 0.1995, 0.2359]  64 秒
  15    0.733 米   0.059 米/秒  直立最低 0.990  停过  分段 [0.5637, 0.3645, 0.0495]  64 秒
  16    0.958 米   0.058 米/秒  直立最低 0.995  一直走  分段 [0.621, 0.3955, 0.1903]  64 秒
  17    0.696 米   0.057 米/秒  直立最低 0.991  一直走  分段 [0.5867, 0.2777, 0.1291]  64 秒
  18    0.679 米   0.063 米/秒  直立最低 0.992  停过  分段 [0.556, 0.3946, 0.0707]  64 秒
  19    0.953 米   0.072 米/秒  直立最低 0.993  一直走  分段 [0.5601, 0.4009, 0.2408]  64 秒
  20    0.651 米   0.060 米/秒  直立最低 0.995  一直走  分段 [0.6152, 0.303, 0.1426]  64 秒
  21    0.535 米   0.066 米/秒  直立最低 0.991  一直走  分段 [0.4748, 0.1878, 0.2452]  64 秒
  22    0.953 米   0.060 米/秒  直立最低 0.995  一直走  分段 [0.6727, 0.3693, 0.2728]  65 秒
  23    1.006 米   0.074 米/秒  直立最低 0.992  一直走  分段 [0.619, 0.4001, 0.2912]  65 秒
  24    0.639 米   0.057 米/秒  直立最低 0.993  一直走  分段 [0.6127, 0.239, 0.1481]  64 秒
  25    0.709 米   0.066 米/秒  直立最低 0.990  一直走  分段 [0.5883, 0.3277, 0.1209]  64 秒
  26    0.650 米   0.056 米/秒  直立最低 0.993  一直走  分段 [0.6195, 0.241, 0.1242]  64 秒
  27    0.704 米   0.062 米/秒  直立最低 0.993  一直走  分段 [0.5576, 0.3034, 0.1459]  64 秒
  28    0.698 米   0.070 米/秒  直立最低 0.992  一直走  分段 [0.4103, 0.3633, 0.1905]  64 秒
  29    0.735 米   0.064 米/秒  直立最低 0.994  一直走  分段 [0.6061, 0.3345, 0.156]  64 秒
  30    0.459 米   0.052 米/秒  直立最低 0.994  一直走  分段 [0.5668, 0.1239, 0.1238]  64 秒
  31    0.637 米   0.055 米/秒  直立最低 0.994  一直走  分段 [0.6076, 0.2539, 0.1263]  65 秒
  32    0.691 米   0.054 米/秒  直立最低 0.993  一直走  分段 [0.5792, 0.2897, 0.1169]  64 秒
  33    0.615 米   0.049 米/秒  直立最低 0.994  停过  分段 [0.6838, 0.1077, 0.0877]  64 秒
  34    0.742 米   0.057 米/秒  直立最低 0.992  一直走  分段 [0.602, 0.3795, 0.1081]  63 秒
  35    0.718 米   0.063 米/秒  直立最低 0.990  一直走  分段 [0.6214, 0.3038, 0.1538]  64 秒
  36    0.829 米   0.059 米/秒  直立最低 0.995  一直走  分段 [0.6199, 0.2396, 0.2536]  64 秒
  37    0.765 米   0.060 米/秒  直立最低 0.995  一直走  分段 [0.6189, 0.2344, 0.2313]  64 秒
  38    0.748 米   0.061 米/秒  直立最低 0.995  一直走  分段 [0.6299, 0.3395, 0.1975]  64 秒
  39    0.615 米   0.056 米/秒  直立最低 0.991  一直走  分段 [0.5919, 0.2684, 0.2026]  64 秒
  40    1.194 米   0.075 米/秒  直立最低 0.990  一直走  分段 [0.6212, 0.4594, 0.3244]  65 秒
  41    0.668 米   0.058 米/秒  直立最低 0.996  一直走  分段 [0.6321, 0.2364, 0.1326]  64 秒
  42    0.638 米   0.058 米/秒  直立最低 0.992  停过  分段 [0.6063, 0.2457, 0.0784]  64 秒
  43    0.713 米   0.058 米/秒  直立最低 0.993  一直走  分段 [0.5902, 0.3162, 0.1517]  64 秒
  44    0.965 米   0.067 米/秒  直立最低 0.992  一直走  分段 [0.5513, 0.3927, 0.2518]  63 秒
  45    0.650 米   0.059 米/秒  直立最低 0.993  一直走  分段 [0.6193, 0.2493, 0.1568]  63 秒
  46    0.400 米   0.071 米/秒  直立最低 0.993  一直走  分段 [0.368, 0.1536, 0.2511]  63 秒
  47    0.475 米   0.076 米/秒  直立最低 0.992  一直走  分段 [0.3209, 0.2742, 0.1547]  63 秒
  48    0.900 米   0.080 米/秒  直立最低 0.989  一直走  分段 [0.5733, 0.423, 0.231]  64 秒
  49    0.635 米   0.060 米/秒  直立最低 0.993  一直走  分段 [0.6136, 0.2434, 0.1447]  63 秒
  50    0.695 米   0.064 米/秒  直立最低 0.991  一直走  分段 [0.5602, 0.3834, 0.1209]  64 秒
  51    0.654 米   0.058 米/秒  直立最低 0.996  一直走  分段 [0.6137, 0.2678, 0.1548]  63 秒
  52    0.736 米   0.061 米/秒  直立最低 0.994  一直走  分段 [0.6486, 0.3608, 0.1617]  64 秒
  53    0.804 米   0.060 米/秒  直立最低 0.994  一直走  分段 [0.6123, 0.2256, 0.2991]  64 秒
  54    0.709 米   0.062 米/秒  直立最低 0.990  停过  分段 [0.5656, 0.3715, 0.0575]  64 秒
  55    0.702 米   0.063 米/秒  直立最低 0.984  一直走  分段 [0.6158, 0.39, 0.1616]  64 秒
  56    0.750 米   0.059 米/秒  直立最低 0.995  一直走  分段 [0.6114, 0.2273, 0.3275]  65 秒
  57    0.640 米   0.059 米/秒  直立最低 0.993  一直走  分段 [0.6119, 0.2589, 0.1574]  64 秒
  58    1.025 米   0.066 米/秒  直立最低 0.991  一直走  分段 [0.5597, 0.3569, 0.3899]  64 秒
  59    0.754 米   0.065 米/秒  直立最低 0.990  一直走  分段 [0.5438, 0.3593, 0.1885]  64 秒
  60    0.647 米   0.067 米/秒  直立最低 0.990  一直走  分段 [0.5826, 0.3002, 0.1128]  64 秒
  61    0.545 米   0.051 米/秒  直立最低 0.995  一直走  分段 [0.6513, 0.1137, 0.1019]  64 秒
  62    0.644 米   0.059 米/秒  直立最低 0.993  一直走  分段 [0.6146, 0.2445, 0.1639]  63 秒
  63    1.010 米   0.064 米/秒  直立最低 0.993  一直走  分段 [0.5702, 0.483, 0.1998]  63 秒
这批 64 只跑了 8.6 分钟
