父代 64 只，来自筛选台账（走得最远那只 1.194 米）
要跑 512 只：每只固定 10 秒、open 场地、8 个进程；写进 artifacts\题1d_十秒赛.jsonl
    0  走满窗口      0.530 米 /  10.0 秒  0.053 米/秒  直立最低 0.998  本机 25 秒
    1  走满窗口      0.536 米 /  10.0 秒  0.054 米/秒  直立最低 0.999  本机 24 秒
    2  走满窗口      0.518 米 /  10.0 秒  0.052 米/秒  直立最低 0.999  本机 26 秒
    3  走满窗口      0.587 米 /  10.0 秒  0.059 米/秒  直立最低 0.999  本机 26 秒
    4  走满窗口      0.500 米 /  10.0 秒  0.050 米/秒  直立最低 0.999  本机 25 秒
    5  走满窗口      0.543 米 /  10.0 秒  0.054 米/秒  直立最低 0.999  本机 25 秒
    6  走满窗口      0.537 米 /  10.0 秒  0.054 米/秒  直立最低 0.999  本机 25 秒
    7  走满窗口      0.645 米 /  10.0 秒  0.065 米/秒  直立最低 0.999  本机 25 秒
    8  走满窗口      0.226 米 /  10.0 秒  0.023 米/秒  直立最低 0.997  本机 21 秒
    9  走满窗口      0.457 米 /  10.0 秒  0.046 米/秒  直立最低 0.995  本机 23 秒
   10  走满窗口      0.483 米 /  10.0 秒  0.048 米/秒  直立最低 0.999  本机 23 秒
   11  走满窗口      0.514 米 /  10.0 秒  0.051 米/秒  直立最低 0.999  本机 23 秒
   12  走满窗口      0.544 米 /  10.0 秒  0.054 米/秒  直立最低 0.999  本机 23 秒
   13  走满窗口      0.532 米 /  10.0 秒  0.053 米/秒  直立最低 0.999  本机 23 秒
   14  走满窗口      0.584 米 /  10.0 秒  0.058 米/秒  直立最低 0.999  本机 23 秒
   15  走满窗口      0.561 米 /  10.0 秒  0.056 米/秒  直立最低 0.999  本机 23 秒
   16  走满窗口      0.489 米 /  10.0 秒  0.049 米/秒  直立最低 0.997  本机 21 秒
   17  走满窗口      0.588 米 /  10.0 秒  0.059 米/秒  直立最低 0.999  本机 22 秒
   18  走满窗口      0.252 米 /  10.0 秒  0.025 米/秒  直立最低 0.989  本机 22 秒
   19  走满窗口      0.554 米 /  10.0 秒  0.055 米/秒  直立最低 0.999  本机 22 秒
   20  走满窗口      0.198 米 /  10.0 秒  0.020 米/秒  直立最低 0.999  本机 22 秒
   21  走满窗口      0.542 米 /  10.0 秒  0.054 米/秒  直立最低 0.999  本机 23 秒
   22  走满窗口      0.568 米 /  10.0 秒  0.057 米/秒  直立最低 0.999  本机 23 秒
   23  走满窗口      0.553 米 /  10.0 秒  0.055 米/秒  直立最低 0.999  本机 22 秒
   24  走满窗口      0.533 米 /  10.0 秒  0.053 米/秒  直立最低 0.999  本机 21 秒
   25  走满窗口      0.543 米 /  10.0 秒  0.054 米/秒  直立最低 0.999  本机 22 秒
   26  走满窗口      0.578 米 /  10.0 秒  0.058 米/秒  直立最低 0.999  本机 22 秒
   27  走满窗口      0.471 米 /  10.0 秒  0.047 米/秒  直立最低 0.997  本机 23 秒
   28  走满窗口      0.558 米 /  10.0 秒  0.056 米/秒  直立最低 0.999  本机 23 秒
   29  走满窗口      0.514 米 /  10.0 秒  0.051 米/秒  直立最低 0.999  本机 23 秒
   30  走满窗口      0.571 米 /  10.0 秒  0.057 米/秒  直立最低 0.999  本机 23 秒
   31  走满窗口      0.569 米 /  10.0 秒  0.057 米/秒  直立最低 0.999  本机 22 秒
   32  走满窗口      0.517 米 /  10.0 秒  0.052 米/秒  直立最低 0.999  本机 21 秒
   33  走满窗口      0.521 米 /  10.0 秒  0.052 米/秒  直立最低 0.999  本机 23 秒
   34  走满窗口      0.491 米 /  10.0 秒  0.049 米/秒  直立最低 0.999  本机 23 秒
   35  走满窗口      0.389 米 /  10.0 秒  0.039 米/秒  直立最低 0.997  本机 23 秒
   36  走满窗口      0.524 米 /  10.0 秒  0.052 米/秒  直立最低 0.999  本机 23 秒
   37  走满窗口      0.537 米 /  10.0 秒  0.054 米/秒  直立最低 0.999  本机 23 秒
   38  走满窗口      0.598 米 /  10.0 秒  0.060 米/秒  直立最低 0.999  本机 23 秒
   39  走满窗口      0.386 米 /  10.0 秒  0.039 米/秒  直立最低 0.997  本机 23 秒
   40  走满窗口      0.582 米 /  10.0 秒  0.058 米/秒  直立最低 0.999  本机 21 秒
   41  走满窗口      0.579 米 /  10.0 秒  0.058 米/秒  直立最低 0.999  本机 23 秒
   42  走满窗口      0.344 米 /  10.0 秒  0.034 米/秒  直立最低 0.997  本机 22 秒
   43  走满窗口      0.538 米 /  10.0 秒  0.054 米/秒  直立最低 0.999  本机 23 秒
   44  走满窗口      0.765 米 /  10.0 秒  0.076 米/秒  直立最低 0.997  本机 23 秒
   45  走满窗口      0.595 米 /  10.0 秒  0.059 米/秒  直立最低 0.999  本机 23 秒
   46  走满窗口      0.551 米 /  10.0 秒  0.055 米/秒  直立最低 0.999  本机 22 秒
   47  走满窗口      0.549 米 /  10.0 秒  0.055 米/秒  直立最低 0.999  本机 23 秒
   48  走满窗口      0.653 米 /  10.0 秒  0.065 米/秒  直立最低 0.999  本机 21 秒
   49  走满窗口      0.576 米 /  10.0 秒  0.058 米/秒  直立最低 0.999  本机 22 秒
   50  走满窗口      0.597 米 /  10.0 秒  0.060 米/秒  直立最低 0.999  本机 22 秒
   51  走满窗口      0.585 米 /  10.0 秒  0.059 米/秒  直立最低 0.999  本机 23 秒
   52  走满窗口      0.524 米 /  10.0 秒  0.052 米/秒  直立最低 0.999  本机 22 秒
   53  走满窗口      0.558 米 /  10.0 秒  0.056 米/秒  直立最低 0.999  本机 23 秒
   54  走满窗口      0.486 米 /  10.0 秒  0.049 米/秒  直立最低 0.998  本机 23 秒
   55  走满窗口      0.692 米 /  10.0 秒  0.069 米/秒  直立最低 0.998  本机 23 秒
   56  走满窗口      0.492 米 /  10.0 秒  0.049 米/秒  直立最低 0.999  本机 21 秒
   57  走满窗口      0.488 米 /  10.0 秒  0.049 米/秒  直立最低 0.999  本机 22 秒
   58  走满窗口      0.421 米 /  10.0 秒  0.042 米/秒  直立最低 0.996  本机 22 秒
   59  走满窗口      0.555 米 /  10.0 秒  0.056 米/秒  直立最低 0.998  本机 23 秒
   60  走满窗口      0.663 米 /  10.0 秒  0.066 米/秒  直立最低 0.996  本机 23 秒
   61  走满窗口      0.531 米 /  10.0 秒  0.053 米/秒  直立最低 0.999  本机 23 秒
   62  走满窗口      0.551 米 /  10.0 秒  0.055 米/秒  直立最低 0.999  本机 22 秒
   63  走满窗口      0.551 米 /  10.0 秒  0.055 米/秒  直立最低 0.999  本机 23 秒
   64  走满窗口      0.583 米 /  10.0 秒  0.058 米/秒  直立最低 0.998  本机 21 秒
   65  走满窗口      0.334 米 /  10.0 秒  0.033 米/秒  直立最低 0.996  本机 22 秒
   66  走满窗口      0.662 米 /  10.0 秒  0.066 米/秒  直立最低 0.998  本机 22 秒
   67  走满窗口      0.579 米 /  10.0 秒  0.058 米/秒  直立最低 0.999  本机 22 秒
   68  走满窗口      0.606 米 /  10.0 秒  0.061 米/秒  直立最低 1.000  本机 23 秒
   69  走满窗口      0.388 米 /  10.0 秒  0.039 米/秒  直立最低 0.996  本机 23 秒
   70  走满窗口      0.411 米 /  10.0 秒  0.041 米/秒  直立最低 0.995  本机 23 秒
   71  走满窗口      0.592 米 /  10.0 秒  0.059 米/秒  直立最低 0.999  本机 22 秒
   72  走满窗口      0.588 米 /  10.0 秒  0.059 米/秒  直立最低 0.999  本机 21 秒
   73  走满窗口      0.408 米 /  10.0 秒  0.041 米/秒  直立最低 0.997  本机 22 秒
   74  走满窗口      0.599 米 /  10.0 秒  0.060 米/秒  直立最低 0.999  本机 23 秒
   75  走满窗口      0.546 米 /  10.0 秒  0.055 米/秒  直立最低 0.999  本机 23 秒
   76  走满窗口      0.546 米 /  10.0 秒  0.055 米/秒  直立最低 0.998  本机 23 秒
   77  走满窗口      0.608 米 /  10.0 秒  0.061 米/秒  直立最低 0.999  本机 23 秒
   78  走满窗口      0.500 米 /  10.0 秒  0.050 米/秒  直立最低 0.998  本机 23 秒
   79  走满窗口      0.617 米 /  10.0 秒  0.062 米/秒  直立最低 0.999  本机 23 秒
   80  走满窗口      0.538 米 /  10.0 秒  0.054 米/秒  直立最低 0.999  本机 20 秒
   81  走满窗口      0.547 米 /  10.0 秒  0.055 米/秒  直立最低 0.999  本机 22 秒
   82  走满窗口      0.501 米 /  10.0 秒  0.050 米/秒  直立最低 0.999  本机 23 秒
   83  走满窗口      0.491 米 /  10.0 秒  0.049 米/秒  直立最低 0.997  本机 23 秒
   84  走满窗口      0.611 米 /  10.0 秒  0.061 米/秒  直立最低 0.999  本机 23 秒
   85  走满窗口      0.536 米 /  10.0 秒  0.054 米/秒  直立最低 0.998  本机 22 秒
   86  走满窗口      0.513 米 /  10.0 秒  0.051 米/秒  直立最低 0.999  本机 23 秒
   87  走满窗口      0.842 米 /  10.0 秒  0.084 米/秒  直立最低 0.997  本机 23 秒
   88  走满窗口      0.551 米 /  10.0 秒  0.055 米/秒  直立最低 0.998  本机 20 秒
   89  走满窗口      0.680 米 /  10.0 秒  0.068 米/秒  直立最低 0.998  本机 22 秒
   90  走满窗口      0.432 米 /  10.0 秒  0.043 米/秒  直立最低 0.996  本机 23 秒
   91  走满窗口      0.510 米 /  10.0 秒  0.051 米/秒  直立最低 0.998  本机 22 秒
   92  走满窗口      0.339 米 /  10.0 秒  0.034 米/秒  直立最低 0.995  本机 23 秒
   93  走满窗口      0.604 米 /  10.0 秒  0.060 米/秒  直立最低 0.998  本机 22 秒
   94  走满窗口      0.317 米 /  10.0 秒  0.032 米/秒  直立最低 0.988  本机 23 秒
   95  走满窗口      0.367 米 /  10.0 秒  0.037 米/秒  直立最低 0.997  本机 21 秒
   96  走满窗口      0.768 米 /  10.0 秒  0.077 米/秒  直立最低 0.999  本机 23 秒
   97  走满窗口      0.476 米 /  10.0 秒  0.048 米/秒  直立最低 0.998  本机 23 秒
   98  走满窗口      0.636 米 /  10.0 秒  0.064 米/秒  直立最低 0.999  本机 23 秒
   99  走满窗口      0.457 米 /  10.0 秒  0.046 米/秒  直立最低 0.999  本机 21 秒
  100  走满窗口      0.545 米 /  10.0 秒  0.054 米/秒  直立最低 0.998  本机 22 秒
  101  走满窗口      0.580 米 /  10.0 秒  0.058 米/秒  直立最低 0.999  本机 23 秒
  102  走满窗口      0.794 米 /  10.0 秒  0.079 米/秒  直立最低 0.998  本机 23 秒
  103  走满窗口      0.615 米 /  10.0 秒  0.061 米/秒  直立最低 0.999  本机 23 秒
  104  走满窗口      0.528 米 /  10.0 秒  0.053 米/秒  直立最低 0.999  本机 22 秒
  105  走满窗口      0.589 米 /  10.0 秒  0.059 米/秒  直立最低 0.999  本机 22 秒
  106  走满窗口      0.523 米 /  10.0 秒  0.052 米/秒  直立最低 0.998  本机 20 秒
  107  走满窗口      0.585 米 /  10.0 秒  0.059 米/秒  直立最低 0.999  本机 22 秒
  108  走满窗口      0.530 米 /  10.0 秒  0.053 米/秒  直立最低 0.999  本机 23 秒
  109  走满窗口      0.548 米 /  10.0 秒  0.055 米/秒  直立最低 0.999  本机 23 秒
  110  走满窗口      0.551 米 /  10.0 秒  0.055 米/秒  直立最低 0.999  本机 23 秒
  111  走满窗口      0.571 米 /  10.0 秒  0.057 米/秒  直立最低 0.999  本机 23 秒
  112  走满窗口      0.602 米 /  10.0 秒  0.060 米/秒  直立最低 1.000  本机 23 秒
  113  走满窗口      0.628 米 /  10.0 秒  0.063 米/秒  直立最低 0.998  本机 22 秒
  114  走满窗口      0.529 米 /  10.0 秒  0.053 米/秒  直立最低 0.999  本机 20 秒
  115  走满窗口      0.592 米 /  10.0 秒  0.059 米/秒  直立最低 0.999  本机 23 秒
  116  走满窗口      0.296 米 /  10.0 秒  0.030 米/秒  直立最低 0.996  本机 23 秒
  117  走满窗口      0.459 米 /  10.0 秒  0.046 米/秒  直立最低 0.998  本机 23 秒
  118  走满窗口      0.623 米 /  10.0 秒  0.062 米/秒  直立最低 0.999  本机 23 秒
  119  走满窗口      0.588 米 /  10.0 秒  0.059 米/秒  直立最低 0.998  本机 22 秒
  120  走满窗口      0.111 米 /  10.0 秒  0.011 米/秒  直立最低 0.998  本机 23 秒
  121  走满窗口      0.551 米 /  10.0 秒  0.055 米/秒  直立最低 0.999  本机 21 秒
  122  走满窗口      0.559 米 /  10.0 秒  0.056 米/秒  直立最低 0.999  本机 22 秒
  123  走满窗口      0.675 米 /  10.0 秒  0.067 米/秒  直立最低 0.999  本机 23 秒
  124  走满窗口      0.528 米 /  10.0 秒  0.053 米/秒  直立最低 0.998  本机 22 秒
  125  走满窗口      0.500 米 /  10.0 秒  0.050 米/秒  直立最低 0.997  本机 22 秒
  126  走满窗口      0.591 米 /  10.0 秒  0.059 米/秒  直立最低 0.999  本机 22 秒
  127  走满窗口      0.599 米 /  10.0 秒  0.060 米/秒  直立最低 0.999  本机 23 秒
  128  走满窗口      0.528 米 /  10.0 秒  0.053 米/秒  直立最低 0.999  本机 23 秒
  129  走满窗口      0.530 米 /  10.0 秒  0.053 米/秒  直立最低 0.998  本机 21 秒
  130  走满窗口      0.530 米 /  10.0 秒  0.053 米/秒  直立最低 0.999  本机 22 秒
  131  走满窗口      0.504 米 /  10.0 秒  0.050 米/秒  直立最低 0.998  本机 23 秒
  132  走满窗口      0.596 米 /  10.0 秒  0.060 米/秒  直立最低 0.998  本机 22 秒
  133  走满窗口      0.549 米 /  10.0 秒  0.055 米/秒  直立最低 0.999  本机 23 秒
  134  走满窗口      0.534 米 /  10.0 秒  0.053 米/秒  直立最低 0.999  本机 23 秒
  135  走满窗口      0.500 米 /  10.0 秒  0.050 米/秒  直立最低 0.998  本机 23 秒
  136  走满窗口      0.628 米 /  10.0 秒  0.063 米/秒  直立最低 0.999  本机 23 秒
  137  走满窗口      0.526 米 /  10.0 秒  0.053 米/秒  直立最低 0.999  本机 21 秒
  138  走满窗口      0.551 米 /  10.0 秒  0.055 米/秒  直立最低 0.999  本机 22 秒
  139  走满窗口      0.068 米 /  10.0 秒  0.007 米/秒  直立最低 0.987  本机 23 秒
  140  走满窗口      0.643 米 /  10.0 秒  0.064 米/秒  直立最低 0.999  本机 23 秒
  141  走满窗口      0.512 米 /  10.0 秒  0.051 米/秒  直立最低 0.999  本机 23 秒
  142  走满窗口      0.670 米 /  10.0 秒  0.067 米/秒  直立最低 0.999  本机 22 秒
  143  走满窗口      0.530 米 /  10.0 秒  0.053 米/秒  直立最低 0.999  本机 22 秒
  144  走满窗口      0.256 米 /  10.0 秒  0.026 米/秒  直立最低 0.997  本机 23 秒
  145  走满窗口      0.525 米 /  10.0 秒  0.053 米/秒  直立最低 0.999  本机 21 秒
  146  走满窗口      0.579 米 /  10.0 秒  0.058 米/秒  直立最低 0.999  本机 22 秒
  147  走满窗口      0.387 米 /  10.0 秒  0.039 米/秒  直立最低 0.996  本机 22 秒
  148  走满窗口      0.576 米 /  10.0 秒  0.058 米/秒  直立最低 0.998  本机 23 秒
  149  走满窗口      0.490 米 /  10.0 秒  0.049 米/秒  直立最低 0.999  本机 23 秒
  150  走满窗口      0.523 米 /  10.0 秒  0.052 米/秒  直立最低 0.999  本机 23 秒
  151  走满窗口      0.637 米 /  10.0 秒  0.064 米/秒  直立最低 0.999  本机 23 秒
  152  走满窗口      0.650 米 /  10.0 秒  0.065 米/秒  直立最低 1.000  本机 23 秒
  153  走满窗口      0.536 米 /  10.0 秒  0.054 米/秒  直立最低 0.999  本机 20 秒
  154  走满窗口      0.505 米 /  10.0 秒  0.051 米/秒  直立最低 0.999  本机 22 秒
  155  走满窗口      0.539 米 /  10.0 秒  0.054 米/秒  直立最低 0.999  本机 23 秒
  156  走满窗口      0.387 米 /  10.0 秒  0.039 米/秒  直立最低 0.996  本机 23 秒
  157  走满窗口      0.600 米 /  10.0 秒  0.060 米/秒  直立最低 0.998  本机 23 秒
  158  走满窗口      0.522 米 /  10.0 秒  0.052 米/秒  直立最低 0.999  本机 23 秒
  159  走满窗口      0.588 米 /  10.0 秒  0.059 米/秒  直立最低 0.999  本机 23 秒
  160  走满窗口      0.509 米 /  10.0 秒  0.051 米/秒  直立最低 0.999  本机 24 秒
  161  走满窗口      0.573 米 /  10.0 秒  0.057 米/秒  直立最低 0.999  本机 21 秒
  162  走满窗口      0.589 米 /  10.0 秒  0.059 米/秒  直立最低 0.999  本机 23 秒
  163  走满窗口      0.481 米 /  10.0 秒  0.048 米/秒  直立最低 0.999  本机 23 秒
  164  走满窗口      0.612 米 /  10.0 秒  0.061 米/秒  直立最低 0.999  本机 23 秒
  165  走满窗口      0.556 米 /  10.0 秒  0.056 米/秒  直立最低 0.998  本机 23 秒
  166  走满窗口      0.535 米 /  10.0 秒  0.053 米/秒  直立最低 0.998  本机 23 秒
  167  走满窗口      0.527 米 /  10.0 秒  0.053 米/秒  直立最低 0.999  本机 24 秒
  168  走满窗口      0.668 米 /  10.0 秒  0.067 米/秒  直立最低 0.999  本机 21 秒
  169  走满窗口      0.624 米 /  10.0 秒  0.062 米/秒  直立最低 0.999  本机 24 秒
  170  走满窗口      0.461 米 /  10.0 秒  0.046 米/秒  直立最低 0.996  本机 23 秒
  171  走满窗口      0.646 米 /  10.0 秒  0.065 米/秒  直立最低 0.999  本机 23 秒
  172  走满窗口      0.356 米 /  10.0 秒  0.036 米/秒  直立最低 0.998  本机 23 秒
  173  走满窗口      0.506 米 /  10.0 秒  0.051 米/秒  直立最低 0.999  本机 23 秒
  174  走满窗口      0.507 米 /  10.0 秒  0.051 米/秒  直立最低 0.999  本机 21 秒
  175  走满窗口      0.602 米 /  10.0 秒  0.060 米/秒  直立最低 0.999  本机 23 秒
  176  走满窗口      0.542 米 /  10.0 秒  0.054 米/秒  直立最低 0.999  本机 23 秒
  177  走满窗口      0.548 米 /  10.0 秒  0.055 米/秒  直立最低 0.999  本机 23 秒
  178  走满窗口      0.534 米 /  10.0 秒  0.053 米/秒  直立最低 0.998  本机 22 秒
  179  走满窗口      0.608 米 /  10.0 秒  0.061 米/秒  直立最低 0.999  本机 23 秒
  180  走满窗口      0.677 米 /  10.0 秒  0.068 米/秒  直立最低 0.998  本机 21 秒
  181  走满窗口      0.595 米 /  10.0 秒  0.059 米/秒  直立最低 0.999  本机 23 秒
  182  走满窗口      0.451 米 /  10.0 秒  0.045 米/秒  直立最低 0.998  本机 23 秒
  183  走满窗口      0.541 米 /  10.0 秒  0.054 米/秒  直立最低 0.999  本机 23 秒
  184  走满窗口      0.347 米 /  10.0 秒  0.035 米/秒  直立最低 0.997  本机 23 秒
  185  走满窗口      0.613 米 /  10.0 秒  0.061 米/秒  直立最低 0.999  本机 23 秒
  186  走满窗口      0.524 米 /  10.0 秒  0.052 米/秒  直立最低 0.999  本机 22 秒
  187  走满窗口      0.550 米 /  10.0 秒  0.055 米/秒  直立最低 0.998  本机 21 秒
  188  走满窗口      0.510 米 /  10.0 秒  0.051 米/秒  直立最低 0.999  本机 23 秒
  189  走满窗口      0.462 米 /  10.0 秒  0.046 米/秒  直立最低 0.999  本机 23 秒
  190  走满窗口      0.482 米 /  10.0 秒  0.048 米/秒  直立最低 0.994  本机 23 秒
  191  走满窗口      0.614 米 /  10.0 秒  0.061 米/秒  直立最低 0.999  本机 23 秒
  192  走满窗口      0.508 米 /  10.0 秒  0.051 米/秒  直立最低 0.998  本机 23 秒
  193  走满窗口      0.519 米 /  10.0 秒  0.052 米/秒  直立最低 0.999  本机 23 秒
  194  走满窗口      0.532 米 /  10.0 秒  0.053 米/秒  直立最低 0.999  本机 23 秒
  195  走满窗口      0.225 米 /  10.0 秒  0.022 米/秒  直立最低 0.997  本机 21 秒
  196  走满窗口      0.742 米 /  10.0 秒  0.074 米/秒  直立最低 0.999  本机 23 秒
  197  走满窗口      0.584 米 /  10.0 秒  0.058 米/秒  直立最低 0.999  本机 23 秒
  198  走满窗口      0.533 米 /  10.0 秒  0.053 米/秒  直立最低 0.999  本机 23 秒
  199  走满窗口      0.549 米 /  10.0 秒  0.055 米/秒  直立最低 0.998  本机 23 秒
  200  走满窗口      0.719 米 /  10.0 秒  0.072 米/秒  直立最低 0.998  本机 23 秒
  201  走满窗口      0.598 米 /  10.0 秒  0.060 米/秒  直立最低 0.999  本机 23 秒
  202  走满窗口      0.229 米 /  10.0 秒  0.023 米/秒  直立最低 0.995  本机 22 秒
  203  走满窗口      0.570 米 /  10.0 秒  0.057 米/秒  直立最低 0.999  本机 21 秒
  204  走满窗口      0.386 米 /  10.0 秒  0.039 米/秒  直立最低 0.997  本机 24 秒
  205  走满窗口      0.610 米 /  10.0 秒  0.061 米/秒  直立最低 0.999  本机 24 秒
  206  走满窗口      0.595 米 /  10.0 秒  0.060 米/秒  直立最低 0.999  本机 24 秒
  207  走满窗口      0.527 米 /  10.0 秒  0.053 米/秒  直立最低 0.999  本机 24 秒
  208  走满窗口      0.596 米 /  10.0 秒  0.060 米/秒  直立最低 0.999  本机 24 秒
  209  走满窗口      0.527 米 /  10.0 秒  0.053 米/秒  直立最低 0.999  本机 24 秒
  210  走满窗口      0.383 米 /  10.0 秒  0.038 米/秒  直立最低 0.995  本机 23 秒
  211  走满窗口      0.574 米 /  10.0 秒  0.057 米/秒  直立最低 0.998  本机 22 秒
  212  走满窗口      0.507 米 /  10.0 秒  0.051 米/秒  直立最低 0.999  本机 23 秒
  213  走满窗口      0.547 米 /  10.0 秒  0.055 米/秒  直立最低 0.999  本机 23 秒
  214  走满窗口      0.523 米 /  10.0 秒  0.052 米/秒  直立最低 0.999  本机 24 秒
  215  走满窗口      0.561 米 /  10.0 秒  0.056 米/秒  直立最低 0.998  本机 23 秒
  216  走满窗口      0.604 米 /  10.0 秒  0.060 米/秒  直立最低 1.000  本机 23 秒
  217  走满窗口      0.494 米 /  10.0 秒  0.049 米/秒  直立最低 0.999  本机 23 秒
  218  走满窗口      0.546 米 /  10.0 秒  0.055 米/秒  直立最低 0.999  本机 23 秒
  219  走满窗口      0.562 米 /  10.0 秒  0.056 米/秒  直立最低 0.999  本机 21 秒
  220  走满窗口      0.586 米 /  10.0 秒  0.059 米/秒  直立最低 0.999  本机 23 秒
  221  走满窗口      0.678 米 /  10.0 秒  0.068 米/秒  直立最低 0.999  本机 23 秒
  222  走满窗口      0.538 米 /  10.0 秒  0.054 米/秒  直立最低 0.999  本机 23 秒
  223  走满窗口      0.513 米 /  10.0 秒  0.051 米/秒  直立最低 0.999  本机 23 秒
  224  走满窗口      0.689 米 /  10.0 秒  0.069 米/秒  直立最低 0.998  本机 23 秒
  225  走满窗口      0.566 米 /  10.0 秒  0.057 米/秒  直立最低 0.998  本机 23 秒
  226  走满窗口      0.543 米 /  10.0 秒  0.054 米/秒  直立最低 0.999  本机 23 秒
  227  走满窗口      0.609 米 /  10.0 秒  0.061 米/秒  直立最低 1.000  本机 21 秒
  228  走满窗口      0.578 米 /  10.0 秒  0.058 米/秒  直立最低 0.998  本机 23 秒
  229  走满窗口      0.529 米 /  10.0 秒  0.053 米/秒  直立最低 0.999  本机 23 秒
  230  走满窗口      0.614 米 /  10.0 秒  0.061 米/秒  直立最低 0.999  本机 23 秒
  231  走满窗口      0.519 米 /  10.0 秒  0.052 米/秒  直立最低 0.997  本机 23 秒
  232  走满窗口      0.627 米 /  10.0 秒  0.063 米/秒  直立最低 0.999  本机 23 秒
  233  走满窗口      0.250 米 /  10.0 秒  0.025 米/秒  直立最低 0.998  本机 24 秒
  234  走满窗口      0.409 米 /  10.0 秒  0.041 米/秒  直立最低 0.995  本机 21 秒
  235  走满窗口      0.514 米 /  10.0 秒  0.051 米/秒  直立最低 0.999  本机 23 秒
  236  走满窗口      0.521 米 /  10.0 秒  0.052 米/秒  直立最低 0.999  本机 23 秒
  237  走满窗口      0.598 米 /  10.0 秒  0.060 米/秒  直立最低 0.999  本机 23 秒
  238  走满窗口      0.666 米 /  10.0 秒  0.067 米/秒  直立最低 0.998  本机 24 秒
  239  走满窗口      0.565 米 /  10.0 秒  0.057 米/秒  直立最低 0.999  本机 23 秒
  240  走满窗口      0.568 米 /  10.0 秒  0.057 米/秒  直立最低 0.999  本机 23 秒
  241  走满窗口      0.552 米 /  10.0 秒  0.055 米/秒  直立最低 0.999  本机 23 秒
  242  走满窗口      0.708 米 /  10.0 秒  0.071 米/秒  直立最低 0.998  本机 21 秒
  243  走满窗口      0.479 米 /  10.0 秒  0.048 米/秒  直立最低 0.999  本机 23 秒
  244  走满窗口      0.484 米 /  10.0 秒  0.048 米/秒  直立最低 0.999  本机 23 秒
  245  走满窗口      0.581 米 /  10.0 秒  0.058 米/秒  直立最低 0.999  本机 23 秒
  246  走满窗口      0.609 米 /  10.0 秒  0.061 米/秒  直立最低 1.000  本机 23 秒
  247  走满窗口      0.493 米 /  10.0 秒  0.049 米/秒  直立最低 0.998  本机 23 秒
  248  走满窗口      0.748 米 /  10.0 秒  0.075 米/秒  直立最低 0.999  本机 23 秒
  249  走满窗口      0.591 米 /  10.0 秒  0.059 米/秒  直立最低 0.999  本机 23 秒
  250  走满窗口      0.595 米 /  10.0 秒  0.060 米/秒  直立最低 0.999  本机 22 秒
  251  走满窗口      0.578 米 /  10.0 秒  0.058 米/秒  直立最低 0.999  本机 23 秒
  252  走满窗口      0.591 米 /  10.0 秒  0.059 米/秒  直立最低 0.999  本机 23 秒
  253  走满窗口      0.525 米 /  10.0 秒  0.053 米/秒  直立最低 0.999  本机 23 秒
  254  走满窗口      0.514 米 /  10.0 秒  0.051 米/秒  直立最低 0.999  本机 23 秒
  255  走满窗口      0.757 米 /  10.0 秒  0.076 米/秒  直立最低 0.998  本机 23 秒
  256  走满窗口      0.594 米 /  10.0 秒  0.059 米/秒  直立最低 0.999  本机 23 秒
  257  走满窗口      0.532 米 /  10.0 秒  0.053 米/秒  直立最低 0.999  本机 21 秒
  258  走满窗口      0.514 米 /  10.0 秒  0.051 米/秒  直立最低 0.999  本机 23 秒
  259  走满窗口      0.601 米 /  10.0 秒  0.060 米/秒  直立最低 0.998  本机 23 秒
  260  走满窗口      0.604 米 /  10.0 秒  0.060 米/秒  直立最低 0.999  本机 23 秒
  261  走满窗口      0.519 米 /  10.0 秒  0.052 米/秒  直立最低 0.999  本机 23 秒
  262  走满窗口      0.399 米 /  10.0 秒  0.040 米/秒  直立最低 0.996  本机 23 秒
  263  走满窗口      0.614 米 /  10.0 秒  0.061 米/秒  直立最低 0.999  本机 21 秒
  264  走满窗口      0.253 米 /  10.0 秒  0.025 米/秒  直立最低 0.998  本机 23 秒
  265  走满窗口      0.561 米 /  10.0 秒  0.056 米/秒  直立最低 0.999  本机 23 秒
  266  走满窗口      0.575 米 /  10.0 秒  0.057 米/秒  直立最低 0.999  本机 23 秒
  267  走满窗口      0.587 米 /  10.0 秒  0.059 米/秒  直立最低 0.999  本机 23 秒
  268  走满窗口      0.543 米 /  10.0 秒  0.054 米/秒  直立最低 0.999  本机 23 秒
  269  走满窗口      0.711 米 /  10.0 秒  0.071 米/秒  直立最低 0.998  本机 23 秒
  270  走满窗口      0.582 米 /  10.0 秒  0.058 米/秒  直立最低 0.999  本机 21 秒
  271  走满窗口      0.433 米 /  10.0 秒  0.043 米/秒  直立最低 0.997  本机 23 秒
  272  走满窗口      0.527 米 /  10.0 秒  0.053 米/秒  直立最低 0.998  本机 23 秒
  273  走满窗口      0.694 米 /  10.0 秒  0.069 米/秒  直立最低 0.998  本机 24 秒
  274  走满窗口      0.705 米 /  10.0 秒  0.070 米/秒  直立最低 0.998  本机 23 秒
  275  走满窗口      0.559 米 /  10.0 秒  0.056 米/秒  直立最低 0.998  本机 23 秒
  276  走满窗口      0.551 米 /  10.0 秒  0.055 米/秒  直立最低 0.998  本机 22 秒
  277  走满窗口      0.546 米 /  10.0 秒  0.055 米/秒  直立最低 0.999  本机 22 秒
  278  走满窗口      0.599 米 /  10.0 秒  0.060 米/秒  直立最低 0.999  本机 23 秒
  279  走满窗口      0.599 米 /  10.0 秒  0.060 米/秒  直立最低 0.999  本机 24 秒
  280  走满窗口      0.548 米 /  10.0 秒  0.055 米/秒  直立最低 0.998  本机 23 秒
  281  走满窗口      0.547 米 /  10.0 秒  0.055 米/秒  直立最低 0.999  本机 23 秒
  282  走满窗口      0.543 米 /  10.0 秒  0.054 米/秒  直立最低 0.999  本机 23 秒
  283  走满窗口      0.530 米 /  10.0 秒  0.053 米/秒  直立最低 0.999  本机 23 秒
  284  走满窗口      0.387 米 /  10.0 秒  0.039 米/秒  直立最低 0.996  本机 21 秒
  285  走满窗口      0.699 米 /  10.0 秒  0.070 米/秒  直立最低 0.998  本机 23 秒
  286  走满窗口      0.367 米 /  10.0 秒  0.037 米/秒  直立最低 0.998  本机 23 秒
  287  走满窗口      0.612 米 /  10.0 秒  0.061 米/秒  直立最低 0.999  本机 23 秒
  288  走满窗口      0.595 米 /  10.0 秒  0.060 米/秒  直立最低 0.999  本机 23 秒
  289  走满窗口      0.549 米 /  10.0 秒  0.055 米/秒  直立最低 0.999  本机 23 秒
  290  走满窗口      0.558 米 /  10.0 秒  0.056 米/秒  直立最低 0.999  本机 23 秒
  291  走满窗口      0.165 米 /  10.0 秒  0.017 米/秒  直立最低 0.996  本机 23 秒
  292  走满窗口      0.222 米 /  10.0 秒  0.022 米/秒  直立最低 0.995  本机 21 秒
  293  走满窗口      0.495 米 /  10.0 秒  0.049 米/秒  直立最低 0.999  本机 23 秒
  294  走满窗口      0.573 米 /  10.0 秒  0.057 米/秒  直立最低 0.999  本机 23 秒
  295  走满窗口      0.261 米 /  10.0 秒  0.026 米/秒  直立最低 0.998  本机 23 秒
  296  走满窗口      0.548 米 /  10.0 秒  0.055 米/秒  直立最低 0.999  本机 23 秒
  297  走满窗口      0.583 米 /  10.0 秒  0.058 米/秒  直立最低 0.999  本机 23 秒
  298  走满窗口      0.449 米 /  10.0 秒  0.045 米/秒  直立最低 0.997  本机 23 秒
  299  走满窗口      0.714 米 /  10.0 秒  0.071 米/秒  直立最低 0.999  本机 23 秒
  300  走满窗口      0.588 米 /  10.0 秒  0.059 米/秒  直立最低 0.998  本机 21 秒
  301  走满窗口      0.273 米 /  10.0 秒  0.027 米/秒  直立最低 0.998  本机 23 秒
  302  走满窗口      0.506 米 /  10.0 秒  0.051 米/秒  直立最低 0.999  本机 23 秒
  303  没建出来：ValueError: structural lower bounds exceed an incoming budget
  304  走满窗口      0.583 米 /  10.0 秒  0.058 米/秒  直立最低 0.999  本机 23 秒
  305  走满窗口      0.605 米 /  10.0 秒  0.060 米/秒  直立最低 0.999  本机 24 秒
  306  走满窗口      0.708 米 /  10.0 秒  0.071 米/秒  直立最低 0.998  本机 23 秒
  307  走满窗口      0.656 米 /  10.0 秒  0.066 米/秒  直立最低 0.999  本机 23 秒
  308  走满窗口      0.536 米 /  10.0 秒  0.054 米/秒  直立最低 0.998  本机 23 秒
  309  走满窗口      0.464 米 /  10.0 秒  0.046 米/秒  直立最低 0.999  本机 21 秒
  310  走满窗口      0.592 米 /  10.0 秒  0.059 米/秒  直立最低 0.999  本机 23 秒
  311  走满窗口      0.530 米 /  10.0 秒  0.053 米/秒  直立最低 0.999  本机 23 秒
  312  走满窗口      0.543 米 /  10.0 秒  0.054 米/秒  直立最低 0.999  本机 23 秒
  313  走满窗口      0.527 米 /  10.0 秒  0.053 米/秒  直立最低 0.999  本机 23 秒
  314  走满窗口      0.570 米 /  10.0 秒  0.057 米/秒  直立最低 0.998  本机 23 秒
  315  走满窗口      0.334 米 /  10.0 秒  0.033 米/秒  直立最低 0.997  本机 23 秒
  316  走满窗口      0.542 米 /  10.0 秒  0.054 米/秒  直立最低 0.999  本机 23 秒
  317  走满窗口      0.578 米 /  10.0 秒  0.058 米/秒  直立最低 0.999  本机 22 秒
  318  走满窗口      0.651 米 /  10.0 秒  0.065 米/秒  直立最低 0.999  本机 23 秒
  319  走满窗口      0.285 米 /  10.0 秒  0.029 米/秒  直立最低 0.997  本机 23 秒
  320  走满窗口      0.589 米 /  10.0 秒  0.059 米/秒  直立最低 0.999  本机 23 秒
  321  走满窗口      0.531 米 /  10.0 秒  0.053 米/秒  直立最低 0.999  本机 23 秒
  322  走满窗口      0.377 米 /  10.0 秒  0.038 米/秒  直立最低 0.996  本机 24 秒
  323  走满窗口      0.538 米 /  10.0 秒  0.054 米/秒  直立最低 0.999  本机 23 秒
  324  走满窗口      0.597 米 /  10.0 秒  0.060 米/秒  直立最低 0.999  本机 23 秒
  325  走满窗口      0.564 米 /  10.0 秒  0.056 米/秒  直立最低 0.998  本机 21 秒
  326  走满窗口      0.531 米 /  10.0 秒  0.053 米/秒  直立最低 0.999  本机 23 秒
  327  走满窗口      0.524 米 /  10.0 秒  0.052 米/秒  直立最低 0.999  本机 23 秒
  328  走满窗口      0.593 米 /  10.0 秒  0.059 米/秒  直立最低 0.999  本机 23 秒
  329  走满窗口      0.245 米 /  10.0 秒  0.025 米/秒  直立最低 0.999  本机 23 秒
  330  走满窗口      0.191 米 /  10.0 秒  0.019 米/秒  直立最低 0.991  本机 24 秒
  331  走满窗口      0.584 米 /  10.0 秒  0.058 米/秒  直立最低 0.999  本机 23 秒
  332  走满窗口      0.701 米 /  10.0 秒  0.070 米/秒  直立最低 0.999  本机 23 秒
  333  走满窗口      0.232 米 /  10.0 秒  0.023 米/秒  直立最低 0.995  本机 21 秒
  334  走满窗口      0.509 米 /  10.0 秒  0.051 米/秒  直立最低 0.999  本机 23 秒
  335  走满窗口      0.556 米 /  10.0 秒  0.056 米/秒  直立最低 0.998  本机 23 秒
  336  走满窗口      0.377 米 /  10.0 秒  0.038 米/秒  直立最低 0.996  本机 24 秒
  337  走满窗口      0.543 米 /  10.0 秒  0.054 米/秒  直立最低 0.997  本机 23 秒
  338  走满窗口      0.756 米 /  10.0 秒  0.076 米/秒  直立最低 0.998  本机 23 秒
  339  走满窗口      0.541 米 /  10.0 秒  0.054 米/秒  直立最低 0.999  本机 24 秒
  340  走满窗口      0.523 米 /  10.0 秒  0.052 米/秒  直立最低 0.999  本机 23 秒
  341  走满窗口      0.526 米 /  10.0 秒  0.053 米/秒  直立最低 0.999  本机 21 秒
  342  走满窗口      0.583 米 /  10.0 秒  0.058 米/秒  直立最低 0.999  本机 23 秒
  343  走满窗口      0.542 米 /  10.0 秒  0.054 米/秒  直立最低 0.999  本机 23 秒
  344  走满窗口      0.635 米 /  10.0 秒  0.063 米/秒  直立最低 0.999  本机 24 秒
  345  走满窗口      0.564 米 /  10.0 秒  0.056 米/秒  直立最低 0.997  本机 23 秒
  346  走满窗口      0.127 米 /  10.0 秒  0.013 米/秒  直立最低 0.995  本机 21 秒
  347  走满窗口      0.520 米 /  10.0 秒  0.052 米/秒  直立最低 0.999  本机 23 秒
  348  走满窗口      0.598 米 /  10.0 秒  0.060 米/秒  直立最低 0.999  本机 24 秒
  349  走满窗口      0.529 米 /  10.0 秒  0.053 米/秒  直立最低 0.999  本机 23 秒
  350  走满窗口      0.592 米 /  10.0 秒  0.059 米/秒  直立最低 0.999  本机 24 秒
  351  走满窗口      0.582 米 /  10.0 秒  0.058 米/秒  直立最低 0.999  本机 24 秒
  352  走满窗口      0.568 米 /  10.0 秒  0.057 米/秒  直立最低 0.998  本机 22 秒
  353  走满窗口      0.592 米 /  10.0 秒  0.059 米/秒  直立最低 0.999  本机 24 秒
  354  走满窗口      0.495 米 /  10.0 秒  0.050 米/秒  直立最低 0.999  本机 24 秒
  355  走满窗口      0.572 米 /  10.0 秒  0.057 米/秒  直立最低 0.999  本机 24 秒
  356  走满窗口      0.586 米 /  10.0 秒  0.059 米/秒  直立最低 0.998  本机 23 秒
  357  走满窗口      0.551 米 /  10.0 秒  0.055 米/秒  直立最低 0.999  本机 24 秒
  358  走满窗口      0.425 米 /  10.0 秒  0.043 米/秒  直立最低 0.996  本机 24 秒
  359  走满窗口      0.585 米 /  10.0 秒  0.059 米/秒  直立最低 0.999  本机 24 秒
  360  走满窗口      0.571 米 /  10.0 秒  0.057 米/秒  直立最低 0.999  本机 22 秒
  361  走满窗口      0.436 米 /  10.0 秒  0.044 米/秒  直立最低 0.996  本机 24 秒
  362  走满窗口      0.542 米 /  10.0 秒  0.054 米/秒  直立最低 0.999  本机 23 秒
  363  走满窗口      0.586 米 /  10.0 秒  0.059 米/秒  直立最低 0.999  本机 24 秒
  364  走满窗口      0.524 米 /  10.0 秒  0.052 米/秒  直立最低 0.999  本机 23 秒
  365  走满窗口      0.348 米 /  10.0 秒  0.035 米/秒  直立最低 0.996  本机 24 秒
  366  走满窗口      0.488 米 /  10.0 秒  0.049 米/秒  直立最低 0.999  本机 23 秒
  367  走满窗口      0.421 米 /  10.0 秒  0.042 米/秒  直立最低 0.996  本机 23 秒
  368  走满窗口      0.398 米 /  10.0 秒  0.040 米/秒  直立最低 0.997  本机 22 秒
  369  走满窗口      0.626 米 /  10.0 秒  0.063 米/秒  直立最低 1.000  本机 24 秒
  370  走满窗口      0.550 米 /  10.0 秒  0.055 米/秒  直立最低 0.999  本机 23 秒
  371  走满窗口      0.650 米 /  10.0 秒  0.065 米/秒  直立最低 0.999  本机 23 秒
  372  走满窗口      0.616 米 /  10.0 秒  0.062 米/秒  直立最低 0.999  本机 23 秒
  373  走满窗口      0.498 米 /  10.0 秒  0.050 米/秒  直立最低 0.999  本机 23 秒
  374  走满窗口      0.246 米 /  10.0 秒  0.025 米/秒  直立最低 0.998  本机 23 秒
  375  走满窗口      0.659 米 /  10.0 秒  0.066 米/秒  直立最低 0.999  本机 21 秒
  376  走满窗口      0.569 米 /  10.0 秒  0.057 米/秒  直立最低 0.998  本机 23 秒
  377  走满窗口      0.540 米 /  10.0 秒  0.054 米/秒  直立最低 0.999  本机 23 秒
  378  走满窗口      0.533 米 /  10.0 秒  0.053 米/秒  直立最低 0.999  本机 23 秒
  379  走满窗口      0.547 米 /  10.0 秒  0.055 米/秒  直立最低 0.998  本机 23 秒
  380  走满窗口      0.483 米 /  10.0 秒  0.048 米/秒  直立最低 0.995  本机 23 秒
  381  走满窗口      0.599 米 /  10.0 秒  0.060 米/秒  直立最低 0.998  本机 23 秒
  382  走满窗口      0.600 米 /  10.0 秒  0.060 米/秒  直立最低 0.998  本机 23 秒
  383  走满窗口      0.419 米 /  10.0 秒  0.042 米/秒  直立最低 0.996  本机 22 秒
  384  走满窗口      0.548 米 /  10.0 秒  0.055 米/秒  直立最低 0.999  本机 23 秒
  385  走满窗口      0.621 米 /  10.0 秒  0.062 米/秒  直立最低 0.999  本机 23 秒
  386  走满窗口      0.516 米 /  10.0 秒  0.052 米/秒  直立最低 0.999  本机 23 秒
  387  走满窗口      0.662 米 /  10.0 秒  0.066 米/秒  直立最低 0.995  本机 23 秒
  388  走满窗口      0.520 米 /  10.0 秒  0.052 米/秒  直立最低 0.999  本机 24 秒
  389  没建出来：ValueError: structural lower bounds exceed an incoming budget
  390  走满窗口      0.492 米 /  10.0 秒  0.049 米/秒  直立最低 0.999  本机 24 秒
  391  走满窗口      0.253 米 /  10.0 秒  0.025 米/秒  直立最低 0.998  本机 21 秒
  392  走满窗口      0.240 米 /  10.0 秒  0.024 米/秒  直立最低 0.998  本机 23 秒
  393  走满窗口      0.539 米 /  10.0 秒  0.054 米/秒  直立最低 0.999  本机 23 秒
  394  走满窗口      0.611 米 /  10.0 秒  0.061 米/秒  直立最低 0.999  本机 22 秒
  395  走满窗口      0.592 米 /  10.0 秒  0.059 米/秒  直立最低 1.000  本机 23 秒
  396  走满窗口      0.715 米 /  10.0 秒  0.071 米/秒  直立最低 0.998  本机 23 秒
  397  走满窗口      0.736 米 /  10.0 秒  0.074 米/秒  直立最低 0.995  本机 23 秒
  398  走满窗口      0.606 米 /  10.0 秒  0.061 米/秒  直立最低 0.999  本机 23 秒
  399  走满窗口      0.599 米 /  10.0 秒  0.060 米/秒  直立最低 0.999  本机 21 秒
  400  走满窗口      0.583 米 /  10.0 秒  0.058 米/秒  直立最低 0.999  本机 23 秒
  401  走满窗口      0.637 米 /  10.0 秒  0.064 米/秒  直立最低 0.999  本机 23 秒
  402  走满窗口      0.403 米 /  10.0 秒  0.040 米/秒  直立最低 0.995  本机 23 秒
  403  走满窗口      0.500 米 /  10.0 秒  0.050 米/秒  直立最低 0.999  本机 23 秒
  404  走满窗口      0.738 米 /  10.0 秒  0.074 米/秒  直立最低 0.998  本机 23 秒
  405  走满窗口      0.597 米 /  10.0 秒  0.060 米/秒  直立最低 0.999  本机 23 秒
  406  走满窗口      0.506 米 /  10.0 秒  0.051 米/秒  直立最低 0.999  本机 23 秒
  407  走满窗口      0.455 米 /  10.0 秒  0.046 米/秒  直立最低 0.997  本机 21 秒
  408  走满窗口      0.603 米 /  10.0 秒  0.060 米/秒  直立最低 0.999  本机 23 秒
  409  走满窗口      0.641 米 /  10.0 秒  0.064 米/秒  直立最低 0.999  本机 23 秒
  410  走满窗口      0.424 米 /  10.0 秒  0.042 米/秒  直立最低 0.995  本机 23 秒
  411  走满窗口      0.599 米 /  10.0 秒  0.060 米/秒  直立最低 0.999  本机 23 秒
  412  走满窗口      0.559 米 /  10.0 秒  0.056 米/秒  直立最低 0.999  本机 23 秒
  413  走满窗口      0.627 米 /  10.0 秒  0.063 米/秒  直立最低 0.999  本机 23 秒
  414  走满窗口      0.714 米 /  10.0 秒  0.071 米/秒  直立最低 0.997  本机 23 秒
  415  走满窗口      0.431 米 /  10.0 秒  0.043 米/秒  直立最低 0.997  本机 21 秒
  416  走满窗口      0.637 米 /  10.0 秒  0.064 米/秒  直立最低 0.999  本机 23 秒
  417  走满窗口      0.556 米 /  10.0 秒  0.056 米/秒  直立最低 0.999  本机 24 秒
  418  走满窗口      0.519 米 /  10.0 秒  0.052 米/秒  直立最低 0.998  本机 23 秒
  419  走满窗口      0.574 米 /  10.0 秒  0.057 米/秒  直立最低 0.999  本机 23 秒
  420  走满窗口      0.229 米 /  10.0 秒  0.023 米/秒  直立最低 0.995  本机 23 秒
  421  走满窗口      0.552 米 /  10.0 秒  0.055 米/秒  直立最低 0.999  本机 23 秒
  422  走满窗口      0.548 米 /  10.0 秒  0.055 米/秒  直立最低 0.999  本机 23 秒
  423  走满窗口      0.588 米 /  10.0 秒  0.059 米/秒  直立最低 0.999  本机 21 秒
  424  走满窗口      0.699 米 /  10.0 秒  0.070 米/秒  直立最低 0.999  本机 22 秒
  425  走满窗口      0.714 米 /  10.0 秒  0.071 米/秒  直立最低 0.998  本机 23 秒
  426  走满窗口      0.517 米 /  10.0 秒  0.052 米/秒  直立最低 0.998  本机 22 秒
  427  走满窗口      0.671 米 /  10.0 秒  0.067 米/秒  直立最低 0.998  本机 23 秒
  428  走满窗口      0.472 米 /  10.0 秒  0.047 米/秒  直立最低 0.995  本机 23 秒
  429  走满窗口      0.551 米 /  10.0 秒  0.055 米/秒  直立最低 0.999  本机 24 秒
  430  走满窗口      0.528 米 /  10.0 秒  0.053 米/秒  直立最低 0.999  本机 23 秒
  431  走满窗口      0.601 米 /  10.0 秒  0.060 米/秒  直立最低 0.999  本机 22 秒
  432  走满窗口      0.543 米 /  10.0 秒  0.054 米/秒  直立最低 0.998  本机 23 秒
  433  走满窗口      0.534 米 /  10.0 秒  0.053 米/秒  直立最低 0.999  本机 23 秒
  434  走满窗口      0.689 米 /  10.0 秒  0.069 米/秒  直立最低 0.998  本机 22 秒
  435  走满窗口      0.544 米 /  10.0 秒  0.054 米/秒  直立最低 0.999  本机 23 秒
  436  走满窗口      0.488 米 /  10.0 秒  0.049 米/秒  直立最低 0.999  本机 23 秒
  437  走满窗口      0.624 米 /  10.0 秒  0.062 米/秒  直立最低 0.998  本机 23 秒
  438  走满窗口      0.232 米 /  10.0 秒  0.023 米/秒  直立最低 0.995  本机 23 秒
  439  走满窗口      0.541 米 /  10.0 秒  0.054 米/秒  直立最低 0.998  本机 22 秒
  440  走满窗口      0.543 米 /  10.0 秒  0.054 米/秒  直立最低 0.999  本机 23 秒
  441  走满窗口      0.272 米 /  10.0 秒  0.027 米/秒  直立最低 0.989  本机 23 秒
  442  走满窗口      0.552 米 /  10.0 秒  0.055 米/秒  直立最低 0.999  本机 22 秒
  443  走满窗口      0.375 米 /  10.0 秒  0.037 米/秒  直立最低 0.995  本机 23 秒
  444  走满窗口      0.588 米 /  10.0 秒  0.059 米/秒  直立最低 0.999  本机 23 秒
  445  走满窗口      0.666 米 /  10.0 秒  0.067 米/秒  直立最低 0.995  本机 21 秒
  446  走满窗口      0.511 米 /  10.0 秒  0.051 米/秒  直立最低 0.999  本机 23 秒
  447  走满窗口      0.485 米 /  10.0 秒  0.048 米/秒  直立最低 0.999  本机 23 秒
  448  走满窗口      0.476 米 /  10.0 秒  0.048 米/秒  直立最低 0.998  本机 24 秒
  449  走满窗口      0.563 米 /  10.0 秒  0.056 米/秒  直立最低 0.999  本机 24 秒
  450  走满窗口      0.197 米 /  10.0 秒  0.020 米/秒  直立最低 0.995  本机 23 秒
  451  走满窗口      0.490 米 /  10.0 秒  0.049 米/秒  直立最低 0.999  本机 22 秒
  452  走满窗口      0.586 米 /  10.0 秒  0.059 米/秒  直立最低 0.999  本机 23 秒
  453  走满窗口      0.537 米 /  10.0 秒  0.054 米/秒  直立最低 0.999  本机 23 秒
  454  走满窗口      0.241 米 /  10.0 秒  0.024 米/秒  直立最低 0.997  本机 24 秒
  455  走满窗口      0.559 米 /  10.0 秒  0.056 米/秒  直立最低 0.999  本机 24 秒
  456  走满窗口      0.656 米 /  10.0 秒  0.066 米/秒  直立最低 0.999  本机 23 秒
  457  走满窗口      0.246 米 /  10.0 秒  0.025 米/秒  直立最低 0.998  本机 22 秒
  458  走满窗口      0.548 米 /  10.0 秒  0.055 米/秒  直立最低 0.998  本机 23 秒
  459  走满窗口      0.524 米 /  10.0 秒  0.052 米/秒  直立最低 0.999  本机 21 秒
  460  走满窗口      0.526 米 /  10.0 秒  0.053 米/秒  直立最低 0.999  本机 24 秒
  461  走满窗口      0.543 米 /  10.0 秒  0.054 米/秒  直立最低 0.999  本机 23 秒
  462  走满窗口      0.514 米 /  10.0 秒  0.051 米/秒  直立最低 0.999  本机 24 秒
  463  走满窗口      0.350 米 /  10.0 秒  0.035 米/秒  直立最低 0.996  本机 23 秒
  464  走满窗口      0.286 米 /  10.0 秒  0.029 米/秒  直立最低 0.988  本机 23 秒
  465  走满窗口      0.041 米 /  10.0 秒  0.004 米/秒  直立最低 1.000  本机 23 秒
  466  走满窗口      0.580 米 /  10.0 秒  0.058 米/秒  直立最低 1.000  本机 23 秒
  467  走满窗口      0.591 米 /  10.0 秒  0.059 米/秒  直立最低 0.999  本机 22 秒
  468  走满窗口      0.211 米 /  10.0 秒  0.021 米/秒  直立最低 0.997  本机 23 秒
  469  走满窗口      0.542 米 /  10.0 秒  0.054 米/秒  直立最低 1.000  本机 23 秒
  470  走满窗口      0.588 米 /  10.0 秒  0.059 米/秒  直立最低 0.999  本机 23 秒
  471  走满窗口      0.530 米 /  10.0 秒  0.053 米/秒  直立最低 0.999  本机 23 秒
  472  走满窗口      0.289 米 /  10.0 秒  0.029 米/秒  直立最低 0.999  本机 23 秒
  473  走满窗口      0.480 米 /  10.0 秒  0.048 米/秒  直立最低 0.995  本机 22 秒
  474  走满窗口      0.510 米 /  10.0 秒  0.051 米/秒  直立最低 0.998  本机 21 秒
  475  走满窗口      0.606 米 /  10.0 秒  0.061 米/秒  直立最低 0.999  本机 23 秒
  476  走满窗口      0.563 米 /  10.0 秒  0.056 米/秒  直立最低 0.999  本机 24 秒
  477  走满窗口      0.550 米 /  10.0 秒  0.055 米/秒  直立最低 0.999  本机 24 秒
  478  走满窗口      0.535 米 /  10.0 秒  0.053 米/秒  直立最低 0.999  本机 24 秒
  479  走满窗口      0.625 米 /  10.0 秒  0.063 米/秒  直立最低 0.999  本机 24 秒
  480  走满窗口      0.381 米 /  10.0 秒  0.038 米/秒  直立最低 0.997  本机 23 秒
  481  走满窗口      0.614 米 /  10.0 秒  0.061 米/秒  直立最低 0.995  本机 22 秒
  482  走满窗口      0.577 米 /  10.0 秒  0.058 米/秒  直立最低 0.999  本机 23 秒
  483  走满窗口      0.539 米 /  10.0 秒  0.054 米/秒  直立最低 0.999  本机 24 秒
  484  走满窗口      0.463 米 /  10.0 秒  0.046 米/秒  直立最低 0.995  本机 23 秒
  485  走满窗口      0.593 米 /  10.0 秒  0.059 米/秒  直立最低 0.999  本机 24 秒
  486  走满窗口      0.498 米 /  10.0 秒  0.050 米/秒  直立最低 0.999  本机 23 秒
  487  走满窗口      0.344 米 /  10.0 秒  0.034 米/秒  直立最低 0.996  本机 23 秒
  488  走满窗口      0.159 米 /  10.0 秒  0.016 米/秒  直立最低 0.972  本机 23 秒
  489  走满窗口      0.593 米 /  10.0 秒  0.059 米/秒  直立最低 0.999  本机 21 秒
  490  走满窗口      0.674 米 /  10.0 秒  0.067 米/秒  直立最低 0.995  本机 23 秒
  491  没建出来：ValueError: structural lower bounds exceed an incoming budget
  492  走满窗口      0.598 米 /  10.0 秒  0.060 米/秒  直立最低 0.999  本机 23 秒
  493  走满窗口      0.552 米 /  10.0 秒  0.055 米/秒  直立最低 0.998  本机 23 秒
  494  走满窗口      0.540 米 /  10.0 秒  0.054 米/秒  直立最低 0.999  本机 24 秒
  495  走满窗口      0.540 米 /  10.0 秒  0.054 米/秒  直立最低 0.999  本机 23 秒
  496  走满窗口      0.565 米 /  10.0 秒  0.057 米/秒  直立最低 0.999  本机 23 秒
  497  走满窗口      0.355 米 /  10.0 秒  0.035 米/秒  直立最低 0.996  本机 23 秒
  498  走满窗口      0.584 米 /  10.0 秒  0.058 米/秒  直立最低 0.999  本机 21 秒
  499  走满窗口      0.601 米 /  10.0 秒  0.060 米/秒  直立最低 0.999  本机 23 秒
  500  走满窗口      0.429 米 /  10.0 秒  0.043 米/秒  直立最低 0.997  本机 23 秒
  501  走满窗口      0.574 米 /  10.0 秒  0.057 米/秒  直立最低 0.999  本机 23 秒
  502  走满窗口      0.674 米 /  10.0 秒  0.067 米/秒  直立最低 0.998  本机 23 秒
  503  走满窗口      0.439 米 /  10.0 秒  0.044 米/秒  直立最低 0.998  本机 23 秒
  504  走满窗口      0.546 米 /  10.0 秒  0.055 米/秒  直立最低 0.999  本机 24 秒
  505  走满窗口      0.551 米 /  10.0 秒  0.055 米/秒  直立最低 0.999  本机 20 秒
  506  走满窗口      0.533 米 /  10.0 秒  0.053 米/秒  直立最低 0.999  本机 22 秒
  507  走满窗口      0.613 米 /  10.0 秒  0.061 米/秒  直立最低 0.999  本机 21 秒
  508  走满窗口      0.583 米 /  10.0 秒  0.058 米/秒  直立最低 0.998  本机 19 秒
  509  走满窗口      0.535 米 /  10.0 秒  0.053 米/秒  直立最低 0.999  本机 17 秒
  510  走满窗口      0.552 米 /  10.0 秒  0.055 米/秒  直立最低 0.999  本机 16 秒
  511  走满窗口      0.552 米 /  10.0 秒  0.055 米/秒  直立最低 0.999  本机 15 秒
这批 512 只共 24.2 分钟
