快的那边 2 只：#523 2.86米、#2646 2.64米
稳的那边 1 只：#623 1.73米
要跑 31 只，每只 10 秒、开阔场地、8 个进程
    0  #523+#623 稳底+换快的:eye_row_common              种子1  没倒      1.606 米  直立最低  0.996  直度 0.939
    1  #523+#623 稳底+换快的:eye_row_relay_gain          种子1  没倒      1.614 米  直立最低  0.996  直度 0.939
    2  #523+#623 稳底+换快的:gait_gain                   种子1  没倒      1.322 米  直立最低  0.998  直度 0.927
    3  #523+#623 稳底+换快的:righting_hip_gain           种子1  没倒      1.733 米  直立最低  0.996  直度 0.948
    4  #523+#623 稳底+换快的:steady_gain                 种子1  没倒      1.744 米  直立最低  0.996  直度 0.952
    5  #523+#623 稳底+换快的:stumble_decay               种子1  没倒      1.733 米  直立最低  0.996  直度 0.948
    6  #523+#623 稳底+换快的:support_thigh_offset        种子1  没倒      0.802 米  直立最低  0.579  直度 0.482
    7  #523+#623 稳底+换快的:wall_retreat_gain           种子1  没倒      1.733 米  直立最低  0.996  直度 0.948
    8  #523+#623 快底+换稳的:association_fan_in_gain     种子1  倒了      2.071 米  直立最低 -0.992  直度 0.635
    9  #523+#623 快底+换稳的:clearance_contact_gain      种子1  倒了      1.820 米  直立最低 -0.991  直度 0.539
   10  #523+#623 快底+换稳的:eye_grow_threshold          种子1  倒了      1.990 米  直立最低 -0.992  直度 0.613
   11  #523+#623 快底+换稳的:gait_gain                   种子1  倒了      2.081 米  直立最低 -1.000  直度 0.556
   12  #523+#623 快底+换稳的:support_thigh_offset        种子1  没倒      1.268 米  直立最低  0.995  直度 0.892
   13  #523+#623 快底+换稳的:wall_hip_gain               种子1  没倒      0.635 米  直立最低  0.616  直度 0.337
   14  #523+#623 快底+换稳的:wall_retreat_gain           种子1  倒了      1.978 米  直立最低 -0.992  直度 0.597
   15  #2646+#623 稳底+换快的:association_fan_in_gain     种子1  没倒      1.427 米  直立最低  0.996  直度 0.931
   16  #2646+#623 稳底+换快的:clearance_swing_gain        种子1  没倒      1.733 米  直立最低  0.996  直度 0.948
   17  #2646+#623 稳底+换快的:eye_binocular_baseline      种子1  没倒      1.706 米  直立最低  0.996  直度 0.946
   18  #2646+#623 稳底+换快的:eye_gaze_gain               种子1  没倒      1.735 米  直立最低  0.996  直度 0.947
   19  #2646+#623 稳底+换快的:gait_gain                   种子1  没倒      1.322 米  直立最低  0.998  直度 0.927
   20  #2646+#623 稳底+换快的:pinna_orient_gain           种子1  没倒      1.726 米  直立最低  0.996  直度 0.947
   21  #2646+#623 稳底+换快的:support_thigh_offset        种子1  倒了      1.015 米  直立最低  0.492  直度 0.537
   22  #2646+#623 稳底+换快的:wall_retreat_gain           种子1  没倒      1.733 米  直立最低  0.996  直度 0.948
   23  #2646+#623 快底+换稳的:association_fan_in_gain     种子1  倒了      2.126 米  直立最低 -0.996  直度 0.606
   24  #2646+#623 快底+换稳的:clearance_contact_gain      种子1  倒了      2.142 米  直立最低 -0.988  直度 0.574
   25  #2646+#623 快底+换稳的:eye_grow_threshold          种子1  倒了      1.810 米  直立最低 -0.957  直度 0.520
   26  #2646+#623 快底+换稳的:gait_gain                   种子1  倒了      1.934 米  直立最低 -0.995  直度 0.530
   27  #2646+#623 快底+换稳的:pinna_orient_gain           种子1  倒了      1.810 米  直立最低 -0.957  直度 0.520
   28  #2646+#623 快底+换稳的:support_thigh_offset        种子1  没倒      1.327 米  直立最低  0.998  直度 0.934
   29  #2646+#623 快底+换稳的:wall_hip_gain               种子1  倒了      0.705 米  直立最低  0.477  直度 0.318
   30  #2646+#623 快底+换稳的:wall_retreat_gain           种子1  倒了      2.457 米  直立最低 -0.968  直度 0.695
这批 31 只共 1.5 分钟

按「先看摔不摔、再看中位速度」排（前 20）：
       快的        稳的 怎么合的                                   摔倒      中位(米)     最好(米)
      523       623 稳底+换快的:steady_gain                      0      1.744     1.744
     2646       623 稳底+换快的:eye_gaze_gain                    0      1.735     1.735
      523       623 稳底+换快的:righting_hip_gain                0      1.733     1.733
      523       623 稳底+换快的:stumble_decay                    0      1.733     1.733
      523       623 稳底+换快的:wall_retreat_gain                0      1.733     1.733
     2646       623 稳底+换快的:clearance_swing_gain             0      1.733     1.733
     2646       623 稳底+换快的:wall_retreat_gain                0      1.733     1.733
     2646       623 稳底+换快的:pinna_orient_gain                0      1.726     1.726
     2646       623 稳底+换快的:eye_binocular_baseline           0      1.706     1.706
      523       623 稳底+换快的:eye_row_relay_gain               0      1.614     1.614
      523       623 稳底+换快的:eye_row_common                   0      1.606     1.606
     2646       623 稳底+换快的:association_fan_in_gain          0      1.427     1.427
     2646       623 快底+换稳的:support_thigh_offset             0      1.327     1.327
      523       623 稳底+换快的:gait_gain                        0      1.322     1.322
     2646       623 稳底+换快的:gait_gain                        0      1.322     1.322
      523       623 快底+换稳的:support_thigh_offset             0      1.268     1.268
      523       623 稳底+换快的:support_thigh_offset             0      0.802     0.802
      523       623 快底+换稳的:wall_hip_gain                    0      0.635     0.635
     2646       623 快底+换稳的:wall_retreat_gain                1      2.457     2.457
     2646       623 快底+换稳的:clearance_contact_gain           1      2.142     2.142

台账 -> artifacts\题1f_融合_换线.jsonl
