稳的 #623（1.73 米）为底，累加快的 #523（2.86 米，会摔）的线
有差别的线 8 根：eye_row_common、eye_row_relay_gain、gait_gain、righting_hip_gain、steady_gain、stumble_decay、support_thigh_offset、wall_retreat_gain

第 1 轮（在上一轮基础上再加一根，27 秒）
  加这根线                              摔不摔     走了(米)      直立最低
  steady_gain                        没倒     1.744     0.996
  righting_hip_gain                  没倒     1.733     0.996
  stumble_decay                      没倒     1.733     0.996
  wall_retreat_gain                  没倒     1.733     0.996
  eye_row_relay_gain                 没倒     1.661     0.996
  eye_row_common                     没倒     1.606     0.996
  gait_gain                          没倒     1.322     0.998
  support_thigh_offset               没倒     0.802     0.579
  留下：steady_gain -> 1.744 米

第 2 轮（在上一轮基础上再加一根，20 秒）
  加这根线                              摔不摔     走了(米)      直立最低
  righting_hip_gain                  没倒     1.744     0.996
  stumble_decay                      没倒     1.744     0.996
  wall_retreat_gain                  没倒     1.723     0.996
  eye_row_common                     没倒     1.604     0.996
  gait_gain                          没倒     1.345     0.998
  eye_row_relay_gain                 没倒     1.306     0.996
  support_thigh_offset               没倒     0.790     0.645
  再加也快不过上一轮（1.744 米），停。

最终：1.744 米（稳的那只自己 1.732 米）
基因 -> artifacts/题1f_融合_累加.json
