快的那边 5 只（#523 2.86米、#2646 2.64米、#2096 2.64米、#2382 2.59米），稳的那边 4 只（#2010 1.78米、#1802 1.77米、#890 1.74米、#623 1.73米）
要跑 60 只（20 对 x 3 个比例 x 1 颗种子），每只 10 秒、开阔场地、8 个进程
    0  #523+#2010 快占0.25  种子1  没倒        1.603 米  直立最低  0.992  直度 0.940
    1  #523+#1802 快占0.25  种子1  没倒        1.261 米  直立最低  0.992  直度 0.827
    2  #523+#890 快占0.25  种子1  没倒        1.318 米  直立最低  0.990  直度 0.814
    3  #523+#623 快占0.25  种子1  没倒        1.172 米  直立最低  0.986  直度 0.776
    4  #2646+#2010 快占0.25  种子1  没倒        1.660 米  直立最低  0.997  直度 0.944
    5  #2646+#1802 快占0.25  种子1  没倒        1.661 米  直立最低  0.992  直度 0.927
    6  #2646+#890 快占0.25  种子1  没倒        1.475 米  直立最低  0.991  直度 0.830
    7  #2646+#623 快占0.25  种子1  没倒        1.776 米  直立最低  0.997  直度 0.949
    8  #2096+#2010 快占0.25  种子1  没倒        1.001 米  直立最低  0.992  直度 0.686
    9  #2096+#1802 快占0.25  种子1  没倒        0.942 米  直立最低  0.993  直度 0.681
   10  #2096+#890 快占0.25  种子1  没倒        0.853 米  直立最低  0.993  直度 0.644
   11  #2096+#623 快占0.25  种子1  没倒        0.937 米  直立最低  0.992  直度 0.671
   12  #2382+#2010 快占0.25  种子1  没倒        1.662 米  直立最低  0.991  直度 0.928
   13  #2382+#1802 快占0.25  种子1  没倒        1.521 米  直立最低  0.992  直度 0.878
   14  #2382+#890 快占0.25  种子1  没倒        1.557 米  直立最低  0.997  直度 0.943
   15  #2382+#623 快占0.25  种子1  没倒        1.673 米  直立最低  0.991  直度 0.931
   16  #596+#2010 快占0.25  种子1  没倒        1.222 米  直立最低  0.997  直度 0.885
   17  #596+#1802 快占0.25  种子1  没倒        1.033 米  直立最低  0.997  直度 0.863
   18  #596+#890 快占0.25  种子1  没倒        0.976 米  直立最低  0.997  直度 0.844
   19  #596+#623 快占0.25  种子1  没倒        1.134 米  直立最低  0.997  直度 0.870
   20  #523+#2010 快占0.50  种子1  倒了        2.312 米  直立最低 -0.999  直度 0.659
   21  #523+#1802 快占0.50  种子1  倒了        2.544 米  直立最低 -0.995  直度 0.698
   22  #523+#890 快占0.50  种子1  倒了        1.338 米  直立最低 -0.998  直度 0.348
   23  #523+#623 快占0.50  种子1  没倒        0.818 米  直立最低  0.608  直度 0.452
   24  #2646+#2010 快占0.50  种子1  没倒        1.219 米  直立最低  0.988  直度 0.744
   25  #2646+#1802 快占0.50  种子1  没倒        1.163 米  直立最低  0.989  直度 0.732
   26  #2646+#890 快占0.50  种子1  没倒        1.024 米  直立最低  0.990  直度 0.680
   27  #2646+#623 快占0.50  种子1  没倒        1.084 米  直立最低  0.989  直度 0.703
   28  #2096+#2010 快占0.50  种子1  没倒        0.743 米  直立最低  0.991  直度 0.578
   29  #2096+#1802 快占0.50  种子1  没倒        0.744 米  直立最低  0.991  直度 0.578
   30  #2096+#890 快占0.50  种子1  没倒        0.820 米  直立最低  0.992  直度 0.617
   31  #2096+#623 快占0.50  种子1  没倒        0.814 米  直立最低  0.991  直度 0.610
   32  #2382+#2010 快占0.50  种子1  倒了        1.895 米  直立最低 -0.992  直度 0.502
   33  #2382+#1802 快占0.50  种子1  没倒        0.904 米  直立最低  0.986  直度 0.604
   34  #2382+#890 快占0.50  种子1  没倒        0.920 米  直立最低  0.989  直度 0.624
   35  #2382+#623 快占0.50  种子1  没倒        0.748 米  直立最低  0.986  直度 0.572
   36  #596+#2010 快占0.50  种子1  没倒        0.469 米  直立最低  0.993  直度 0.449
   37  #596+#1802 快占0.50  种子1  没倒        0.419 米  直立最低  0.994  直度 0.417
   38  #596+#890 快占0.50  种子1  没倒        0.387 米  直立最低  0.994  直度 0.395
   39  #596+#623 快占0.50  种子1  没倒        0.415 米  直立最低  0.994  直度 0.413
   40  #523+#2010 快占0.75  种子1  倒了        1.700 米  直立最低 -0.992  直度 0.534
   41  #523+#1802 快占0.75  种子1  倒了        1.399 米  直立最低 -0.858  直度 0.428
   42  #523+#890 快占0.75  种子1  倒了        0.422 米  直立最低 -0.999  直度 0.116
   43  #523+#623 快占0.75  种子1  没倒        0.702 米  直立最低  0.614  直度 0.389
   44  #2646+#2010 快占0.75  种子1  倒了        0.691 米  直立最低 -0.998  直度 0.179
   45  #2646+#1802 快占0.75  种子1  倒了        2.429 米  直立最低 -0.995  直度 0.672
   46  #2646+#890 快占0.75  种子1  没倒        0.721 米  直立最低  0.988  直度 0.548
   47  #2646+#623 快占0.75  种子1  倒了        0.767 米  直立最低  0.499  直度 0.356
   48  #2096+#2010 快占0.75  种子1  倒了        2.439 米  直立最低 -0.992  直度 0.637
   49  #2096+#1802 快占0.75  种子1  倒了        1.798 米  直立最低 -0.871  直度 0.568
   50  #2096+#890 快占0.75  种子1  没倒        0.698 米  直立最低  0.989  直度 0.560
   51  #2096+#623 快占0.75  种子1  没倒        0.685 米  直立最低  0.988  直度 0.556
   52  #2382+#2010 快占0.75  种子1  倒了        2.125 米  直立最低 -0.941  直度 0.607
   53  #2382+#1802 快占0.75  种子1  倒了        1.437 米  直立最低 -0.981  直度 0.449
   54  #2382+#890 快占0.75  种子1  倒了        0.425 米  直立最低 -0.993  直度 0.118
   55  #2382+#623 快占0.75  种子1  没倒        0.772 米  直立最低  0.554  直度 0.379
   56  #596+#2010 快占0.75  种子1  倒了        1.878 米  直立最低 -0.992  直度 0.554
   57  #596+#1802 快占0.75  种子1  倒了        2.208 米  直立最低 -0.997  直度 0.586
   58  #596+#890 快占0.75  种子1  倒了        1.890 米  直立最低 -0.925  直度 0.616
   59  #596+#623 快占0.75  种子1  没倒        0.769 米  直立最低  0.505  直度 0.354
这批 60 只共 2.9 分钟

按「先看摔不摔、再看中位速度」排（前 15 个融合）：
     快的那只      稳的那只      快占比例       摔倒次数      中位(米)     最好(米)
     2646       623      0.25          0      1.776     1.776
     2382       623      0.25          0      1.673     1.673
     2382      2010      0.25          0      1.662     1.662
     2646      1802      0.25          0      1.661     1.661
     2646      2010      0.25          0      1.660     1.660
      523      2010      0.25          0      1.603     1.603
     2382       890      0.25          0      1.557     1.557
     2382      1802      0.25          0      1.521     1.521
     2646       890      0.25          0      1.475     1.475
      523       890      0.25          0      1.318     1.318
      523      1802      0.25          0      1.261     1.261
      596      2010      0.25          0      1.222     1.222
     2646      2010      0.50          0      1.219     1.219
      523       623      0.25          0      1.172     1.172
     2646      1802      0.50          0      1.163     1.163

台账 -> artifacts\题1f_融合_初扫.jsonl
