父代 64 只，来自筛选台账（平均速度最高 0.080 米/秒）
要跑 24 只：目标 15 米、最多 420 秒、open 场地、8 个进程；写进 artifacts\题1c_走到15米.jsonl
   0  太慢       走了  0.832 米 /  30.0 秒  平均 0.040 米/秒  [0.4233, 0.1737, 0.29]  本机 67 秒
   1  时间用尽     走了 13.576 米 / 420.0 秒  平均 0.048 米/秒  [0.7046, 0.2939, 0.4755, 0.2536, 0.4362, 0.3307, 0.401, 0.3847, 0.2862, 0.5459, 0.2775, 0.5527, 0.2679, 0.5389, 0.2792, 0.2482, 0.4909, 0.283, 0.5557, 0.2703, 0.3405, 0.5342, 0.2554, 0.3849, 0.2329, 0.5153, 0.2149, 0.4246, 0.2276, 0.2506, 0.3312, 0.2173, 0.3963, 0.2658, 0.4387, 0.3408, 0.2703, 0.4141, 0.2574, 0.4316, 0.2412, 0.4154]  本机 747 秒
   2  太慢       走了  1.053 米 /  30.0 秒  平均 0.044 米/秒  [0.5063, 0.3253, 0.211]  本机 67 秒
   3  太慢       走了  0.812 米 /  30.0 秒  平均 0.039 米/秒  [0.3426, 0.2511, 0.259]  本机 68 秒
   4  太慢       走了  1.128 米 /  30.0 秒  平均 0.046 米/秒  [0.556, 0.2448, 0.3034]  本机 68 秒
   5  太慢       走了  1.150 米 /  30.0 秒  平均 0.050 米/秒  [0.528, 0.2828, 0.3862]  本机 66 秒
   6  太慢       走了  1.187 米 /  30.0 秒  平均 0.050 米/秒  [0.5021, 0.3534, 0.3705]  本机 68 秒
   7  时间用尽     走了 12.870 米 / 420.0 秒  平均 0.044 米/秒  [0.6229, 0.2345, 0.4099, 0.2018, 0.4001, 0.1964, 0.406, 0.23, 0.4902, 0.1942, 0.3885, 0.3596, 0.2136, 0.3967, 0.3303, 0.3649, 0.2976, 0.3169, 0.3302, 0.2821, 0.3084, 0.4051, 0.2391, 0.4051, 0.2371, 0.3882, 0.308, 0.3023, 0.377, 0.2905, 0.3919, 0.2049, 0.4406, 0.2183, 0.4577, 0.2239, 0.3531, 0.3634, 0.3275, 0.3852, 0.2204, 0.4408]  本机 748 秒
   8  太慢       走了  0.894 米 /  30.0 秒  平均 0.052 米/秒  [0.4385, 0.2713, 0.2651]  本机 63 秒
   9  太慢       走了  1.126 米 /  30.0 秒  平均 0.046 米/秒  [0.5414, 0.2419, 0.3764]  本机 65 秒
  10  太慢       走了  1.188 米 /  30.0 秒  平均 0.048 米/秒  [0.4812, 0.3664, 0.3164]  本机 65 秒
  11  时间用尽     走了 10.388 米 / 420.0 秒  平均 0.047 米/秒  [0.5083, 0.3544, 0.3188, 0.3001, 0.2282, 0.4167, 0.2318, 0.4234, 0.2056, 0.3144, 0.2763, 0.3503, 0.4346, 0.3206, 0.1963, 0.4076, 0.1877, 0.3837, 0.2124, 0.3258, 0.1828, 0.3868, 0.1965, 0.3012, 0.204, 0.3644, 0.2049, 0.3613, 0.2371, 0.2863, 0.2277, 0.2888, 0.2035, 0.3428, 0.1723, 0.3457, 0.2017, 0.3347, 0.2115, 0.2455, 0.2761, 0.2162]  本机 723 秒
  12  时间用尽     走了 10.690 米 / 420.0 秒  平均 0.047 米/秒  [0.4805, 0.3636, 0.3489, 0.242, 0.313, 0.3444, 0.2377, 0.353, 0.284, 0.3204, 0.3485, 0.3831, 0.2875, 0.4487, 0.2379, 0.4138, 0.1975, 0.3237, 0.2387, 0.2445, 0.3113, 0.2082, 0.3442, 0.1964, 0.3541, 0.1897, 0.3411, 0.2432, 0.1748, 0.3606, 0.2124, 0.3007, 0.1608, 0.3389, 0.1855, 0.3316, 0.194, 0.2264, 0.2917, 0.1461, 0.3374, 0.1885]  本机 723 秒
  13  太慢       走了  1.194 米 /  30.0 秒  平均 0.050 米/秒  [0.5142, 0.3003, 0.3918]  本机 64 秒
  14  时间用尽     走了 12.408 米 / 420.0 秒  平均 0.040 米/秒  [0.5322, 0.3574, 0.4031, 0.2139, 0.4099, 0.335, 0.2706, 0.3981, 0.1928, 0.3407, 0.3068, 0.2953, 0.396, 0.1842, 0.411, 0.2442, 0.366, 0.2102, 0.2836, 0.409, 0.1967, 0.4049, 0.2438, 0.3491, 0.35, 0.2277, 0.2145, 0.295, 0.2729, 0.2701, 0.3971, 0.3375, 0.2787, 0.3176, 0.1993, 0.3875, 0.2923, 0.237, 0.4032, 0.1894, 0.4133, 0.2079]  本机 678 秒
  15  时间用尽     走了 10.698 米 / 420.0 秒  平均 0.047 米/秒  [0.5437, 0.2995, 0.4036, 0.2212, 0.3731, 0.2732, 0.354, 0.3047, 0.2733, 0.3451, 0.3994, 0.2774, 0.3848, 0.2294, 0.4259, 0.2066, 0.2995, 0.2996, 0.2256, 0.3226, 0.175, 0.2529, 0.3051, 0.1886, 0.3827, 0.1892, 0.3538, 0.1821, 0.3117, 0.2608, 0.2852, 0.2154, 0.3344, 0.1881, 0.2915, 0.2209, 0.2558, 0.2872, 0.163, 0.3426, 0.1803, 0.3202]  本机 684 秒
  16  太慢       走了  1.159 米 /  30.0 秒  平均 0.050 米/秒  [0.4943, 0.3356, 0.3388]  本机 65 秒
  17  太慢       走了  1.198 米 /  30.0 秒  平均 0.049 米/秒  [0.4892, 0.3475, 0.3379]  本机 65 秒
  18  太慢       走了  1.178 米 /  30.0 秒  平均 0.049 米/秒  [0.5626, 0.2594, 0.3923]  本机 66 秒
  19  太慢       走了  0.981 米 /  30.0 秒  平均 0.055 米/秒  [0.5522, 0.1423, 0.3506]  本机 66 秒
  20  太慢       走了  1.159 米 /  30.0 秒  平均 0.049 米/秒  [0.5483, 0.2666, 0.391]  本机 64 秒
  21  太慢       走了  1.162 米 /  30.0 秒  平均 0.047 米/秒  [0.489, 0.3642, 0.2805]  本机 65 秒
  22  没建出来：ValueError: structural lower bounds exceed an incoming budget
  23  太慢       走了  1.094 米 /  30.0 秒  平均 0.044 米/秒  [0.4956, 0.3291, 0.3025]  本机 57 秒
这批 24 只共 13.6 分钟
