蹇殑閭ｈ竟 3 鍙細#523 2.86绫炽€?2382 2.59绫炽€?2646 2.64绫?
绋崇殑閭ｈ竟 1 鍙細#623 1.73绫?
瑕佽窇 123 鍙紝姣忓彧 10 绉掋€佸紑闃斿満鍦般€? 涓繘绋?
    0  #523+#623 骞冲潎                                 绉嶅瓙1  娌″€?     0.818 绫? 鐩寸珛鏈€浣? 0.608  鐩村害 0.452
    1  #523+#623 骞冲潎+闅忔満                              绉嶅瓙1  娌″€?     0.566 绫? 鐩寸珛鏈€浣? 0.990  鐩村害 0.456
    2  #523+#623 骞冲潎+闅忔満                              绉嶅瓙1  娌″€?     0.769 绫? 鐩寸珛鏈€浣? 0.600  鐩村害 0.429
    3  #523+#623 骞冲潎+闅忔満                              绉嶅瓙1  娌″€?     0.823 绫? 鐩寸珛鏈€浣? 0.613  鐩村害 0.460
    4  #523+#623 骞冲潎+闅忔満                              绉嶅瓙1  娌″€?     0.814 绫? 鐩寸珛鏈€浣? 0.607  鐩村害 0.450
    5  #523+#623 骞冲潎+闅忔満                              绉嶅瓙1  娌″€?     0.854 绫? 鐩寸珛鏈€浣? 0.500  鐩村害 0.386
    6  #523+#623 骞冲潎+闅忔満                              绉嶅瓙1  娌″€?     0.807 绫? 鐩寸珛鏈€浣? 0.637  鐩村害 0.478
    7  #523+#623 骞冲潎+闅忔満                              绉嶅瓙1  鍊掍簡      0.888 绫? 鐩寸珛鏈€浣? 0.385  鐩村害 0.390
    8  #523+#623 骞冲潎+闅忔満                              绉嶅瓙1  娌″€?     0.816 绫? 鐩寸珛鏈€浣? 0.612  鐩村害 0.451
    9  #523+#623 骞冲潎+闅忔満                              绉嶅瓙1  娌″€?     0.807 绫? 鐩寸珛鏈€浣? 0.610  鐩村害 0.447
   10  #523+#623 骞冲潎+闅忔満                              绉嶅瓙1  娌″€?     0.809 绫? 鐩寸珛鏈€浣? 0.606  鐩村害 0.447
   11  #523+#623 骞冲潎+闅忔満                              绉嶅瓙1  娌″€?     0.816 绫? 鐩寸珛鏈€浣? 0.608  鐩村害 0.446
   12  #523+#623 骞冲潎+闅忔満                              绉嶅瓙1  鍊掍簡      1.881 绫? 鐩寸珛鏈€浣?-0.991  鐩村害 0.569
   13  #523+#623 骞冲潎+闅忔満                              绉嶅瓙1  娌″€?     0.882 绫? 鐩寸珛鏈€浣? 0.610  鐩村害 0.459
   14  #523+#623 骞冲潎+闅忔満                              绉嶅瓙1  鍊掍簡      0.802 绫? 鐩寸珛鏈€浣? 0.478  鐩村害 0.422
   15  #523+#623 骞冲潎+闅忔満                              绉嶅瓙1  娌″€?     0.922 绫? 鐩寸珛鏈€浣? 0.654  鐩村害 0.438
   16  #523+#623 骞冲潎+闅忔満                              绉嶅瓙1  娌″€?     0.814 绫? 鐩寸珛鏈€浣? 0.606  鐩村害 0.454
   17  #523+#623 骞冲潎+闅忔満                              绉嶅瓙1  娌″€?     0.837 绫? 鐩寸珛鏈€浣? 0.604  鐩村害 0.422
   18  #523+#623 骞冲潎+闅忔満                              绉嶅瓙1  娌″€?     0.876 绫? 鐩寸珛鏈€浣? 0.559  鐩村害 0.424
   19  #523+#623 骞冲潎+闅忔満                              绉嶅瓙1  娌″€?     0.831 绫? 鐩寸珛鏈€浣? 0.612  鐩村害 0.453
   20  #523+#623 骞冲潎+闅忔満                              绉嶅瓙1  娌″€?     0.816 绫? 鐩寸珛鏈€浣? 0.610  鐩村害 0.455
   21  #523+#623 骞冲潎+闅忔満                              绉嶅瓙1  娌″€?     0.780 绫? 鐩寸珛鏈€浣? 0.585  鐩村害 0.421
   22  #523+#623 骞冲潎+闅忔満                              绉嶅瓙1  娌″€?     0.809 绫? 鐩寸珛鏈€浣? 0.607  鐩村害 0.452
   23  #523+#623 骞冲潎+闅忔満                              绉嶅瓙1  娌″€?     0.791 绫? 鐩寸珛鏈€浣? 0.653  鐩村害 0.463
   24  #523+#623 骞冲潎+闅忔満                              绉嶅瓙1  娌″€?     0.608 绫? 鐩寸珛鏈€浣? 0.990  鐩村害 0.480
   25  #523+#623 骞冲潎+闅忔満                              绉嶅瓙1  娌″€?     0.805 绫? 鐩寸珛鏈€浣? 0.537  鐩村害 0.429
   26  #523+#623 骞冲潎+闅忔満                              绉嶅瓙1  娌″€?     0.819 绫? 鐩寸珛鏈€浣? 0.608  鐩村害 0.451
   27  #523+#623 骞冲潎+闅忔満                              绉嶅瓙1  娌″€?     0.889 绫? 鐩寸珛鏈€浣? 0.610  鐩村害 0.443
   28  #523+#623 骞冲潎+闅忔満                              绉嶅瓙1  娌″€?     0.810 绫? 鐩寸珛鏈€浣? 0.609  鐩村害 0.447
   29  #523+#623 骞冲潎+闅忔満                              绉嶅瓙1  娌″€?     0.794 绫? 鐩寸珛鏈€浣? 0.614  鐩村害 0.440
   30  #523+#623 骞冲潎+闅忔満                              绉嶅瓙1  娌″€?     0.787 绫? 鐩寸珛鏈€浣? 0.610  鐩村害 0.432
   31  #523+#623 骞冲潎+闅忔満                              绉嶅瓙1  娌″€?     0.813 绫? 鐩寸珛鏈€浣? 0.608  鐩村害 0.449
   32  #523+#623 骞冲潎+闅忔満                              绉嶅瓙1  娌″€?     0.760 绫? 鐩寸珛鏈€浣? 0.545  鐩村害 0.365
   33  #523+#623 骞冲潎+闅忔満                              绉嶅瓙1  娌″€?     0.816 绫? 鐩寸珛鏈€浣? 0.609  鐩村害 0.457
   34  #523+#623 骞冲潎+闅忔満                              绉嶅瓙1  娌″€?     0.822 绫? 鐩寸珛鏈€浣? 0.616  鐩村害 0.466
   35  #523+#623 骞冲潎+闅忔満                              绉嶅瓙1  娌″€?     0.812 绫? 鐩寸珛鏈€浣? 0.605  鐩村害 0.449
   36  #523+#623 骞冲潎+闅忔満                              绉嶅瓙1  娌″€?     0.813 绫? 鐩寸珛鏈€浣? 0.608  鐩村害 0.452
   37  #523+#623 骞冲潎+闅忔満                              绉嶅瓙1  娌″€?     0.809 绫? 鐩寸珛鏈€浣? 0.608  鐩村害 0.449
   38  #523+#623 骞冲潎+闅忔満                              绉嶅瓙1  娌″€?     0.831 绫? 鐩寸珛鏈€浣? 0.635  鐩村害 0.490
   39  #523+#623 骞冲潎+闅忔満                              绉嶅瓙1  娌″€?     0.876 绫? 鐩寸珛鏈€浣? 0.685  鐩村害 0.442
   40  #523+#623 骞冲潎+闅忔満                              绉嶅瓙1  娌″€?     0.804 绫? 鐩寸珛鏈€浣? 0.611  鐩村害 0.446
   41  #2382+#623 骞冲潎                                 绉嶅瓙1  娌″€?     0.748 绫? 鐩寸珛鏈€浣? 0.986  鐩村害 0.572
   42  #2382+#623 骞冲潎+闅忔満                              绉嶅瓙1  娌″€?     0.876 绫? 鐩寸珛鏈€浣? 0.986  鐩村害 0.631
   43  #2382+#623 骞冲潎+闅忔満                              绉嶅瓙1  娌″€?     0.972 绫? 鐩寸珛鏈€浣? 0.986  鐩村害 0.644
   44  #2382+#623 骞冲潎+闅忔満                              绉嶅瓙1  娌″€?     0.997 绫? 鐩寸珛鏈€浣? 0.584  鐩村害 0.458
   45  #2382+#623 骞冲潎+闅忔満                              绉嶅瓙1  娌″€?     0.934 绫? 鐩寸珛鏈€浣? 0.986  鐩村害 0.635
   46  #2382+#623 骞冲潎+闅忔満                              绉嶅瓙1  娌″€?     0.850 绫? 鐩寸珛鏈€浣? 0.986  鐩村害 0.616
   47  #2382+#623 骞冲潎+闅忔満                              绉嶅瓙1  娌″€?     0.744 绫? 鐩寸珛鏈€浣? 0.986  鐩村害 0.581
   48  #2382+#623 骞冲潎+闅忔満                              绉嶅瓙1  娌″€?     0.782 绫? 鐩寸珛鏈€浣? 0.986  鐩村害 0.589
   49  #2382+#623 骞冲潎+闅忔満                              绉嶅瓙1  娌″€?     0.968 绫? 鐩寸珛鏈€浣? 0.987  鐩村害 0.638
   50  #2382+#623 骞冲潎+闅忔満                              绉嶅瓙1  娌″€?     1.306 绫? 鐩寸珛鏈€浣? 0.999  鐩村害 0.947
   51  #2382+#623 骞冲潎+闅忔満                              绉嶅瓙1  娌″€?     0.748 绫? 鐩寸珛鏈€浣? 0.986  鐩村害 0.572
   52  #2382+#623 骞冲潎+闅忔満                              绉嶅瓙1  鍊掍簡      1.154 绫? 鐩寸珛鏈€浣? 0.380  鐩村害 0.481
   53  #2382+#623 骞冲潎+闅忔満                              绉嶅瓙1  娌″€?     0.801 绫? 鐩寸珛鏈€浣? 0.994  鐩村害 0.653
   54  #2382+#623 骞冲潎+闅忔満                              绉嶅瓙1  娌″€?     1.578 绫? 鐩寸珛鏈€浣? 0.998  鐩村害 0.934
   55  #2382+#623 骞冲潎+闅忔満                              绉嶅瓙1  娌″€?     0.748 绫? 鐩寸珛鏈€浣? 0.986  鐩村害 0.572
   56  #2382+#623 骞冲潎+闅忔満                              绉嶅瓙1  娌″€?     0.864 绫? 鐩寸珛鏈€浣? 0.986  鐩村害 0.591
   57  #2382+#623 骞冲潎+闅忔満                              绉嶅瓙1  娌″€?     0.837 绫? 鐩寸珛鏈€浣? 0.986  鐩村害 0.619
   58  #2382+#623 骞冲潎+闅忔満                              绉嶅瓙1  娌″€?     1.143 绫? 鐩寸珛鏈€浣? 0.565  鐩村害 0.495
   59  #2382+#623 骞冲潎+闅忔満                              绉嶅瓙1  娌″€?     0.924 绫? 鐩寸珛鏈€浣? 0.993  鐩村害 0.686
   60  #2382+#623 骞冲潎+闅忔満                              绉嶅瓙1  娌″€?     1.394 绫? 鐩寸珛鏈€浣? 0.517  鐩村害 0.585
   61  #2382+#623 骞冲潎+闅忔満                              绉嶅瓙1  娌″€?     0.845 绫? 鐩寸珛鏈€浣? 0.986  鐩村害 0.605
   62  #2382+#623 骞冲潎+闅忔満                              绉嶅瓙1  娌″€?     0.916 绫? 鐩寸珛鏈€浣? 0.985  鐩村害 0.633
   63  #2382+#623 骞冲潎+闅忔満                              绉嶅瓙1  娌″€?     0.959 绫? 鐩寸珛鏈€浣? 0.987  鐩村害 0.647
   64  #2382+#623 骞冲潎+闅忔満                              绉嶅瓙1  娌″€?     1.463 绫? 鐩寸珛鏈€浣? 0.995  鐩村害 0.897
   65  #2382+#623 骞冲潎+闅忔満                              绉嶅瓙1  娌″€?     0.887 绫? 鐩寸珛鏈€浣? 0.986  鐩村害 0.633
   66  #2382+#623 骞冲潎+闅忔満                              绉嶅瓙1  娌″€?     0.925 绫? 鐩寸珛鏈€浣? 0.986  鐩村害 0.620
   67  #2382+#623 骞冲潎+闅忔満                              绉嶅瓙1  娌″€?     1.644 绫? 鐩寸珛鏈€浣? 0.994  鐩村害 0.954
   68  #2382+#623 骞冲潎+闅忔満                              绉嶅瓙1  娌″€?     0.909 绫? 鐩寸珛鏈€浣? 0.986  鐩村害 0.633
   69  #2382+#623 骞冲潎+闅忔満                              绉嶅瓙1  娌″€?     0.748 绫? 鐩寸珛鏈€浣? 0.986  鐩村害 0.572
   70  #2382+#623 骞冲潎+闅忔満                              绉嶅瓙1  娌″€?     0.910 绫? 鐩寸珛鏈€浣? 0.986  鐩村害 0.631
   71  #2382+#623 骞冲潎+闅忔満                              绉嶅瓙1  娌″€?     0.883 绫? 鐩寸珛鏈€浣? 0.986  鐩村害 0.633
   72  #2382+#623 骞冲潎+闅忔満                              绉嶅瓙1  娌″€?     0.900 绫? 鐩寸珛鏈€浣? 0.988  鐩村害 0.635
   73  #2382+#623 骞冲潎+闅忔満                              绉嶅瓙1  娌″€?     1.322 绫? 鐩寸珛鏈€浣? 0.999  鐩村害 0.952
   74  #2382+#623 骞冲潎+闅忔満                              绉嶅瓙1  娌″€?     0.745 绫? 鐩寸珛鏈€浣? 0.986  鐩村害 0.596
   75  #2382+#623 骞冲潎+闅忔満                              绉嶅瓙1  鍊掍簡      1.073 绫? 鐩寸珛鏈€浣? 0.369  鐩村害 0.469
   76  #2382+#623 骞冲潎+闅忔満                              绉嶅瓙1  娌″€?     0.967 绫? 鐩寸珛鏈€浣? 0.987  鐩村害 0.642
   77  #2382+#623 骞冲潎+闅忔満                              绉嶅瓙1  娌″€?     0.854 绫? 鐩寸珛鏈€浣? 0.986  鐩村害 0.621
   78  #2382+#623 骞冲潎+闅忔満                              绉嶅瓙1  娌″€?     0.889 绫? 鐩寸珛鏈€浣? 0.987  鐩村害 0.608
   79  #2382+#623 骞冲潎+闅忔満                              绉嶅瓙1  娌″€?     0.748 绫? 鐩寸珛鏈€浣? 0.986  鐩村害 0.572
   80  #2382+#623 骞冲潎+闅忔満                              绉嶅瓙1  娌″€?     0.920 绫? 鐩寸珛鏈€浣? 0.986  鐩村害 0.634
   81  #2382+#623 骞冲潎+闅忔満                              绉嶅瓙1  娌″€?     0.764 绫? 鐩寸珛鏈€浣? 0.986  鐩村害 0.559
   82  #2646+#623 骞冲潎                                 绉嶅瓙1  娌″€?     1.084 绫? 鐩寸珛鏈€浣? 0.989  鐩村害 0.703
   83  #2646+#623 骞冲潎+闅忔満                              绉嶅瓙1  娌″€?     1.089 绫? 鐩寸珛鏈€浣? 0.989  鐩村害 0.704
   84  #2646+#623 骞冲潎+闅忔満                              绉嶅瓙1  娌″€?     1.009 绫? 鐩寸珛鏈€浣? 0.988  鐩村害 0.664
   85  #2646+#623 骞冲潎+闅忔満                              绉嶅瓙1  娌″€?     1.147 绫? 鐩寸珛鏈€浣? 0.989  鐩村害 0.723
   86  #2646+#623 骞冲潎+闅忔満                              绉嶅瓙1  娌″€?     1.166 绫? 鐩寸珛鏈€浣? 0.988  鐩村害 0.732
   87  #2646+#623 骞冲潎+闅忔満                              绉嶅瓙1  娌″€?     0.772 绫? 鐩寸珛鏈€浣? 0.564  鐩村害 0.422
   88  #2646+#623 骞冲潎+闅忔満                              绉嶅瓙1  娌″€?     1.179 绫? 鐩寸珛鏈€浣? 0.989  鐩村害 0.733
   89  #2646+#623 骞冲潎+闅忔満                              绉嶅瓙1  娌″€?     1.096 绫? 鐩寸珛鏈€浣? 0.989  鐩村害 0.706
   90  #2646+#623 骞冲潎+闅忔満                              绉嶅瓙1  娌″€?     1.122 绫? 鐩寸珛鏈€浣? 0.989  鐩村害 0.723
   91  #2646+#623 骞冲潎+闅忔満                              绉嶅瓙1  娌″€?     1.015 绫? 鐩寸珛鏈€浣? 0.988  鐩村害 0.670
   92  #2646+#623 骞冲潎+闅忔満                              绉嶅瓙1  娌″€?     1.063 绫? 鐩寸珛鏈€浣? 0.989  鐩村害 0.709
   93  #2646+#623 骞冲潎+闅忔満                              绉嶅瓙1  娌″€?     0.831 绫? 鐩寸珛鏈€浣? 0.994  鐩村害 0.625
   94  #2646+#623 骞冲潎+闅忔満                              绉嶅瓙1  娌″€?     1.195 绫? 鐩寸珛鏈€浣? 0.984  鐩村害 0.761
   95  #2646+#623 骞冲潎+闅忔満                              绉嶅瓙1  娌″€?     1.154 绫? 鐩寸珛鏈€浣? 0.990  鐩村害 0.730
   96  #2646+#623 骞冲潎+闅忔満                              绉嶅瓙1  娌″€?     1.169 绫? 鐩寸珛鏈€浣? 0.988  鐩村害 0.730
   97  #2646+#623 骞冲潎+闅忔満                              绉嶅瓙1  娌″€?     1.022 绫? 鐩寸珛鏈€浣? 0.988  鐩村害 0.704
   98  #2646+#623 骞冲潎+闅忔満                              绉嶅瓙1  娌″€?     1.063 绫? 鐩寸珛鏈€浣? 0.988  鐩村害 0.707
   99  #2646+#623 骞冲潎+闅忔満                              绉嶅瓙1  娌″€?     1.219 绫? 鐩寸珛鏈€浣? 0.989  鐩村害 0.743
  100  #2646+#623 骞冲潎+闅忔満                              绉嶅瓙1  娌″€?     1.128 绫? 鐩寸珛鏈€浣? 0.989  鐩村害 0.716
  101  #2646+#623 骞冲潎+闅忔満                              绉嶅瓙1  娌″€?     1.177 绫? 鐩寸珛鏈€浣? 0.989  鐩村害 0.731
  102  #2646+#623 骞冲潎+闅忔満                              绉嶅瓙1  娌″€?     1.090 绫? 鐩寸珛鏈€浣? 0.989  鐩村害 0.704
  103  #2646+#623 骞冲潎+闅忔満                              绉嶅瓙1  娌″€?     1.084 绫? 鐩寸珛鏈€浣? 0.989  鐩村害 0.703
  104  #2646+#623 骞冲潎+闅忔満                              绉嶅瓙1  娌″€?     1.047 绫? 鐩寸珛鏈€浣? 0.988  鐩村害 0.699
  105  #2646+#623 骞冲潎+闅忔満                              绉嶅瓙1  娌″€?     1.051 绫? 鐩寸珛鏈€浣? 0.989  鐩村害 0.689
  106  #2646+#623 骞冲潎+闅忔満                              绉嶅瓙1  娌″€?     1.159 绫? 鐩寸珛鏈€浣? 0.989  鐩村害 0.725
  107  #2646+#623 骞冲潎+闅忔満                              绉嶅瓙1  娌″€?     1.084 绫? 鐩寸珛鏈€浣? 0.990  鐩村害 0.698
  108  #2646+#623 骞冲潎+闅忔満                              绉嶅瓙1  娌″€?     1.140 绫? 鐩寸珛鏈€浣? 0.990  鐩村害 0.725
  109  #2646+#623 骞冲潎+闅忔満                              绉嶅瓙1  娌″€?     1.182 绫? 鐩寸珛鏈€浣? 0.989  鐩村害 0.734
  110  #2646+#623 骞冲潎+闅忔満                              绉嶅瓙1  娌″€?     1.044 绫? 鐩寸珛鏈€浣? 0.990  鐩村害 0.686
  111  #2646+#623 骞冲潎+闅忔満                              绉嶅瓙1  娌″€?     1.162 绫? 鐩寸珛鏈€浣? 0.989  鐩村害 0.727
  112  #2646+#623 骞冲潎+闅忔満                              绉嶅瓙1  娌″€?     1.088 绫? 鐩寸珛鏈€浣? 0.990  鐩村害 0.701
  113  #2646+#623 骞冲潎+闅忔満                              绉嶅瓙1  娌″€?     0.442 绫? 鐩寸珛鏈€浣? 0.995  鐩村害 0.355
  114  #2646+#623 骞冲潎+闅忔満                              绉嶅瓙1  娌″€?     1.173 绫? 鐩寸珛鏈€浣? 0.989  鐩村害 0.733
  115  #2646+#623 骞冲潎+闅忔満                              绉嶅瓙1  娌″€?     1.022 绫? 鐩寸珛鏈€浣? 0.989  鐩村害 0.659
  116  #2646+#623 骞冲潎+闅忔満                              绉嶅瓙1  鍊掍簡      0.975 绫? 鐩寸珛鏈€浣? 0.375  鐩村害 0.399
  117  #2646+#623 骞冲潎+闅忔満                              绉嶅瓙1  娌″€?     1.086 绫? 鐩寸珛鏈€浣? 0.989  鐩村害 0.704
  118  #2646+#623 骞冲潎+闅忔満                              绉嶅瓙1  娌″€?     0.986 绫? 鐩寸珛鏈€浣? 0.544  鐩村害 0.473
  119  #2646+#623 骞冲潎+闅忔満                              绉嶅瓙1  娌″€?     1.078 绫? 鐩寸珛鏈€浣? 0.989  鐩村害 0.703
  120  #2646+#623 骞冲潎+闅忔満                              绉嶅瓙1  娌″€?     1.226 绫? 鐩寸珛鏈€浣? 0.991  鐩村害 0.824
  121  #2646+#623 骞冲潎+闅忔満                              绉嶅瓙1  娌″€?     1.105 绫? 鐩寸珛鏈€浣? 0.989  鐩村害 0.709
  122  #2646+#623 骞冲潎+闅忔満                              绉嶅瓙1  娌″€?     1.118 绫? 鐩寸珛鏈€浣? 0.988  鐩村害 0.714
杩欐壒 123 鍙叡 6.0 鍒嗛挓

鎸夈€屽厛鐪嬫憯涓嶆憯銆佸啀鐪嬩腑浣嶉€熷害銆嶆帓锛堝墠 20锛夛細
       蹇殑        绋崇殑 鎬庝箞鍚堢殑                                   鎽斿€?     涓綅(绫?     鏈€濂?绫?
     2646       623 骞冲潎                                      0      1.084     1.084
      523       623 骞冲潎                                      0      0.818     0.818
     2382       623 骞冲潎                                      0      0.748     0.748
     2646       623 骞冲潎+闅忔満                                   1      1.090     1.226
     2382       623 骞冲潎+闅忔満                                   2      0.910     1.644
      523       623 骞冲潎+闅忔満                                   3      0.814     1.881

鍙拌处 -> artifacts\棰?f_铻嶅悎_骞冲潎鍐嶉殢鏈?jsonl
