跑成的 4967 只：全程没倒 4966 只，倒过 1 只（另 33 条基因被引擎拒绝）

全程没倒，按 10 秒走了多远排（前 20 只）：
    #     走了(米)   速度(米/秒)     全程路子       直度       眼球转     本机(秒)
 4198     1.608     0.161    1.704    0.943       1.3        22
 4949     1.407     0.141    1.487    0.946       1.1        21
 4191     1.401     0.140    1.492    0.939       1.4        23
 3147     1.391     0.139    1.482    0.939       1.9        22
 1964     1.385     0.138    1.476    0.938       1.3        22
 1529     1.377     0.138    1.467    0.939       1.3        23
  578     1.370     0.137    1.456    0.940       1.3        22
 1150     1.367     0.137    1.457    0.938       2.0        22
 2863     1.356     0.136    1.443    0.940       1.1        22
 2416     1.349     0.135    1.441    0.936       1.4        22
 3200     1.340     0.134    1.432    0.935       1.2        22
 1102     1.340     0.134    1.437    0.932       2.1        23
 3969     1.339     0.134    1.434    0.934       1.4        22
 4963     1.339     0.134    1.459    0.918       1.8        22
  893     1.339     0.134    1.440    0.929       1.5        23
 3303     1.337     0.134    1.435    0.932       1.2        22
 2854     1.336     0.134    1.437    0.930       2.0        22
 4350     1.334     0.133    1.433    0.931       1.9        22
  171     1.333     0.133    1.428    0.933       1.7        22
 4878     1.331     0.133    1.429    0.931       1.9        23

倒过的（1 只，倒之前走了这么多）：
    #     走了(米)   速度(米/秒)     全程路子       直度       眼球转     本机(秒)
 1747     2.070     0.207    3.655    0.566       3.2        22

最快的 64 只（全程没倒的里面挑）写进了 artifacts\题1e_最快64只.jsonl
