蹇殑閭ｈ竟 10 鍙細#523 2.86绫炽€?2646 2.64绫炽€?2096 2.64绫炽€?2382 2.59绫炽€?596 2.53绫炽€?249 2.49绫炽€?3314 2.49绫炽€?2717 2.41绫炽€?1672 2.40绫炽€?4526 2.39绫?
绋崇殑閭ｈ竟 6 鍙細#2010 1.78绫炽€?1802 1.77绫炽€?890 1.74绫炽€?623 1.73绫炽€?447 1.72绫炽€?1999 1.72绫?
瑕佽窇 74 鍙紝姣忓彧 10 绉掋€佸紑闃斿満鍦般€? 涓繘绋?
    0  涓€璧峰悎         鍏ㄤ綋骞冲潎鏈?523鎷?.00(9鍙?                 绉嶅瓙1  娌″€?     1.175 绫? 鐩寸珛鏈€浣? 0.989  鐩村害 0.815
    1  涓€璧峰悎         鍏ㄤ綋涓綅(9鍙?                           绉嶅瓙1  娌″€?     1.697 绫? 鐩寸珛鏈€浣? 0.996  鐩村害 0.946
    2  涓€璧峰悎         闅忔満鎶?鍙钩鍧?                           绉嶅瓙1  鍊掍簡      1.661 绫? 鐩寸珛鏈€浣?-0.853  鐩村害 0.449
    3  涓€璧峰悎         闅忔満鎶?鍙钩鍧?                           绉嶅瓙2  鍊掍簡      1.926 绫? 鐩寸珛鏈€浣?-0.950  鐩村害 0.562
    4  涓€璧峰悎         闅忔満鎶?鍙钩鍧?                           绉嶅瓙3  鍊掍簡      1.873 绫? 鐩寸珛鏈€浣?-0.900  鐩村害 0.611
    5  涓€璧峰悎         闅忔満鎶?鍙钩鍧?                           绉嶅瓙1  娌″€?     1.666 绫? 鐩寸珛鏈€浣? 0.996  鐩村害 0.943
    6  涓€璧峰悎         闅忔満鎶?鍙钩鍧?                           绉嶅瓙2  娌″€?     1.561 绫? 鐩寸珛鏈€浣? 0.997  鐩村害 0.937
    7  涓€璧峰悎         闅忔満鎶?鍙钩鍧?                           绉嶅瓙3  娌″€?     1.539 绫? 鐩寸珛鏈€浣? 0.996  鐩村害 0.934
    8  涓€璧峰悎         闅忔満鎶?鍙钩鍧?                           绉嶅瓙1  娌″€?     1.781 绫? 鐩寸珛鏈€浣? 0.996  鐩村害 0.950
    9  涓€璧峰悎         闅忔満鎶?鍙钩鍧?                           绉嶅瓙2  娌″€?     1.796 绫? 鐩寸珛鏈€浣? 0.996  鐩村害 0.949
   10  涓€璧峰悎         闅忔満鎶?鍙钩鍧?                           绉嶅瓙3  娌″€?     1.462 绫? 鐩寸珛鏈€浣? 0.996  鐩村害 0.934
   11  涓€璧峰悎         闅忔満鎶?鍙钩鍧?                           绉嶅瓙1  鍊掍簡      1.469 绫? 鐩寸珛鏈€浣?-0.997  鐩村害 0.394
   12  涓€璧峰悎         闅忔満鎶?鍙钩鍧?                           绉嶅瓙2  鍊掍簡      1.664 绫? 鐩寸珛鏈€浣?-0.875  鐩村害 0.546
   13  涓€璧峰悎         闅忔満鎶?鍙钩鍧?                           绉嶅瓙3  鍊掍簡      1.590 绫? 鐩寸珛鏈€浣?-0.991  鐩村害 0.498
   14  涓€璧峰悎         闅忔満鎶?鍙钩鍧?                           绉嶅瓙1  娌″€?     1.629 绫? 鐩寸珛鏈€浣? 0.995  鐩村害 0.935
   15  涓€璧峰悎         闅忔満鎶?鍙钩鍧?                           绉嶅瓙2  娌″€?     1.502 绫? 鐩寸珛鏈€浣? 0.996  鐩村害 0.933
   16  涓€璧峰悎         闅忔満鎶?鍙钩鍧?                           绉嶅瓙3  娌″€?     1.494 绫? 鐩寸珛鏈€浣? 0.996  鐩村害 0.935
   17  涓€璧峰悎         闅忔満鎶?鍙钩鍧?                           绉嶅瓙1  鍊掍簡      2.317 绫? 鐩寸珛鏈€浣?-0.995  鐩村害 0.663
   18  涓€璧峰悎         闅忔満鎶?鍙钩鍧?                           绉嶅瓙2  鍊掍簡      1.994 绫? 鐩寸珛鏈€浣?-0.994  鐩村害 0.586
   19  涓€璧峰悎         闅忔満鎶?鍙钩鍧?                           绉嶅瓙3  鍊掍簡      2.211 绫? 鐩寸珛鏈€浣?-1.000  鐩村害 0.670
   20  涓€璧峰悎         闅忔満鎶?鍙钩鍧?                           绉嶅瓙1  娌″€?     1.754 绫? 鐩寸珛鏈€浣? 0.996  鐩村害 0.949
   21  涓€璧峰悎         闅忔満鎶?鍙钩鍧?                           绉嶅瓙2  娌″€?     1.768 绫? 鐩寸珛鏈€浣? 0.996  鐩村害 0.950
   22  涓€璧峰悎         闅忔満鎶?鍙钩鍧?                           绉嶅瓙3  娌″€?     1.405 绫? 鐩寸珛鏈€浣? 0.996  鐩村害 0.932
   23  涓€璧峰悎         闅忔満鎶?鍙钩鍧?                           绉嶅瓙1  娌″€?     1.587 绫? 鐩寸珛鏈€浣? 0.997  鐩村害 0.944
   24  涓€璧峰悎         闅忔満鎶?鍙钩鍧?                           绉嶅瓙2  娌″€?     1.610 绫? 鐩寸珛鏈€浣? 0.998  鐩村害 0.945
   25  涓€璧峰悎         闅忔満鎶?鍙钩鍧?                           绉嶅瓙3  娌″€?     1.508 绫? 鐩寸珛鏈€浣? 0.997  鐩村害 0.940
   26  涓€璧峰悎         闅忔満鎶?鍙钩鍧?                           绉嶅瓙1  鍊掍簡      2.113 绫? 鐩寸珛鏈€浣?-0.932  鐩村害 0.656
   27  涓€璧峰悎         闅忔満鎶?鍙钩鍧?                           绉嶅瓙2  鍊掍簡      2.061 绫? 鐩寸珛鏈€浣?-0.991  鐩村害 0.605
   28  涓€璧峰悎         闅忔満鎶?鍙钩鍧?                           绉嶅瓙3  鍊掍簡      2.237 绫? 鐩寸珛鏈€浣?-0.997  鐩村害 0.744
   29  涓€璧峰悎         闅忔満鎶?鍙钩鍧?                           绉嶅瓙1  鍊掍簡      1.297 绫? 鐩寸珛鏈€浣?-0.849  鐩村害 0.391
   30  涓€璧峰悎         闅忔満鎶?鍙钩鍧?                           绉嶅瓙2  鍊掍簡      2.070 绫? 鐩寸珛鏈€浣?-1.000  鐩村害 0.514
   31  涓€璧峰悎         闅忔満鎶?鍙钩鍧?                           绉嶅瓙3  鍊掍簡      1.803 绫? 鐩寸珛鏈€浣?-0.913  鐩村害 0.561
   32  涓€璧峰悎         闅忔満鎶?鍙钩鍧?                           绉嶅瓙1  娌″€?     0.979 绫? 鐩寸珛鏈€浣? 0.990  鐩村害 0.658
   33  涓€璧峰悎         闅忔満鎶?鍙钩鍧?                           绉嶅瓙2  娌″€?     0.817 绫? 鐩寸珛鏈€浣? 0.988  鐩村害 0.590
   34  涓€璧峰悎         闅忔満鎶?鍙钩鍧?                           绉嶅瓙3  娌″€?     0.887 绫? 鐩寸珛鏈€浣? 0.988  鐩村害 0.636
   35  涓€璧峰悎         闅忔満鎶?鍙钩鍧?                           绉嶅瓙1  鍊掍簡      2.373 绫? 鐩寸珛鏈€浣?-0.904  鐩村害 0.703
   36  涓€璧峰悎         闅忔満鎶?鍙钩鍧?                           绉嶅瓙2  鍊掍簡      2.206 绫? 鐩寸珛鏈€浣?-0.991  鐩村害 0.664
   37  涓€璧峰悎         闅忔満鎶?鍙钩鍧?                           绉嶅瓙3  鍊掍簡      2.233 绫? 鐩寸珛鏈€浣?-0.986  鐩村害 0.595
   38  涓€璧峰悎         闅忔満鎶?鍙钩鍧?                           绉嶅瓙1  娌″€?     1.116 绫? 鐩寸珛鏈€浣? 0.989  鐩村害 0.708
   39  涓€璧峰悎         闅忔満鎶?鍙钩鍧?                           绉嶅瓙2  娌″€?     1.223 绫? 鐩寸珛鏈€浣? 0.578  鐩村害 0.554
   40  涓€璧峰悎         闅忔満鎶?鍙钩鍧?                           绉嶅瓙3  娌″€?     0.950 绫? 鐩寸珛鏈€浣? 0.989  鐩村害 0.672
   41  涓€璧峰悎         闅忔満鎶?鍙钩鍧?                           绉嶅瓙1  娌″€?     1.237 绫? 鐩寸珛鏈€浣? 0.991  鐩村害 0.811
   42  涓€璧峰悎         闅忔満鎶?鍙钩鍧?                           绉嶅瓙2  娌″€?     1.052 绫? 鐩寸珛鏈€浣? 0.985  鐩村害 0.702
   43  涓€璧峰悎         闅忔満鎶?鍙钩鍧?                           绉嶅瓙3  娌″€?     1.068 绫? 鐩寸珛鏈€浣? 0.986  鐩村害 0.756
   44  涓€璧峰悎         闅忔満鎶?鍙钩鍧?                           绉嶅瓙1  娌″€?     1.593 绫? 鐩寸珛鏈€浣? 0.997  鐩村害 0.944
   45  涓€璧峰悎         闅忔満鎶?鍙钩鍧?                           绉嶅瓙2  娌″€?     1.506 绫? 鐩寸珛鏈€浣? 0.997  鐩村害 0.946
   46  涓€璧峰悎         闅忔満鎶?鍙钩鍧?                           绉嶅瓙3  娌″€?     1.632 绫? 鐩寸珛鏈€浣? 0.997  鐩村害 0.949
   47  涓€璧峰悎         闅忔満鎶?鍙钩鍧?                           绉嶅瓙1  鍊掍簡      1.024 绫? 鐩寸珛鏈€浣? 0.489  鐩村害 0.523
   48  涓€璧峰悎         闅忔満鎶?鍙钩鍧?                           绉嶅瓙2  娌″€?     0.814 绫? 鐩寸珛鏈€浣? 0.523  鐩村害 0.395
   49  涓€璧峰悎         闅忔満鎶?鍙钩鍧?                           绉嶅瓙3  娌″€?     1.061 绫? 鐩寸珛鏈€浣? 0.566  鐩村害 0.524
   50  涓€璧峰悎         闅忔満鎶?鍙钩鍧?                           绉嶅瓙1  娌″€?     1.506 绫? 鐩寸珛鏈€浣? 0.569  鐩村害 0.624
   51  涓€璧峰悎         闅忔満鎶?鍙钩鍧?                           绉嶅瓙2  鍊掍簡      1.298 绫? 鐩寸珛鏈€浣? 0.422  鐩村害 0.576
   52  涓€璧峰悎         闅忔満鎶?鍙钩鍧?                           绉嶅瓙3  娌″€?     1.400 绫? 鐩寸珛鏈€浣? 0.605  鐩村害 0.623
   53  涓€璧峰悎         闅忔満鎶?鍙钩鍧?                           绉嶅瓙1  鍊掍簡      1.825 绫? 鐩寸珛鏈€浣?-0.999  鐩村害 0.541
   54  涓€璧峰悎         闅忔満鎶?鍙钩鍧?                           绉嶅瓙2  鍊掍簡      2.176 绫? 鐩寸珛鏈€浣?-0.997  鐩村害 0.538
   55  涓€璧峰悎         闅忔満鎶?鍙钩鍧?                           绉嶅瓙3  鍊掍簡      1.103 绫? 鐩寸珛鏈€浣? 0.328  鐩村害 0.492
   56  涓€璧峰悎         闅忔満鎶?鍙钩鍧?                           绉嶅瓙1  娌″€?     1.175 绫? 鐩寸珛鏈€浣? 0.989  鐩村害 0.815
   57  涓€璧峰悎         闅忔満鎶?鍙钩鍧?                           绉嶅瓙2  娌″€?     1.113 绫? 鐩寸珛鏈€浣? 0.989  鐩村害 0.711
   58  涓€璧峰悎         闅忔満鎶?鍙钩鍧?                           绉嶅瓙3  娌″€?     1.079 绫? 鐩寸珛鏈€浣? 0.987  鐩村害 0.772
   59  涓€璧峰悎         闅忔満鎶?鍙钩鍧?                           绉嶅瓙1  娌″€?     1.175 绫? 鐩寸珛鏈€浣? 0.989  鐩村害 0.815
   60  涓€璧峰悎         闅忔満鎶?鍙钩鍧?                           绉嶅瓙2  娌″€?     1.113 绫? 鐩寸珛鏈€浣? 0.989  鐩村害 0.711
   61  涓€璧峰悎         闅忔満鎶?鍙钩鍧?                           绉嶅瓙3  娌″€?     1.079 绫? 鐩寸珛鏈€浣? 0.987  鐩村害 0.772
   62  涓€璧峰悎         闅忔満鎶?鍙钩鍧?                           绉嶅瓙1  娌″€?     1.175 绫? 鐩寸珛鏈€浣? 0.989  鐩村害 0.815
   63  涓€璧峰悎         闅忔満鎶?鍙钩鍧?                           绉嶅瓙2  娌″€?     1.113 绫? 鐩寸珛鏈€浣? 0.989  鐩村害 0.711
   64  涓€璧峰悎         闅忔満鎶?鍙钩鍧?                           绉嶅瓙3  娌″€?     1.079 绫? 鐩寸珛鏈€浣? 0.987  鐩村害 0.772
   65  涓€璧峰悎         闅忔満鎶?鍙钩鍧?                           绉嶅瓙1  娌″€?     1.175 绫? 鐩寸珛鏈€浣? 0.989  鐩村害 0.815
   66  涓€璧峰悎         闅忔満鎶?鍙钩鍧?                           绉嶅瓙2  娌″€?     1.113 绫? 鐩寸珛鏈€浣? 0.989  鐩村害 0.711
   67  涓€璧峰悎         闅忔満鎶?鍙钩鍧?                           绉嶅瓙3  娌″€?     1.079 绫? 鐩寸珛鏈€浣? 0.987  鐩村害 0.772
   68  涓€璧峰悎         闅忔満鎶?鍙钩鍧?                           绉嶅瓙1  娌″€?     1.175 绫? 鐩寸珛鏈€浣? 0.989  鐩村害 0.815
   69  涓€璧峰悎         闅忔満鎶?鍙钩鍧?                           绉嶅瓙2  娌″€?     1.113 绫? 鐩寸珛鏈€浣? 0.989  鐩村害 0.711
   70  涓€璧峰悎         闅忔満鎶?鍙钩鍧?                           绉嶅瓙3  娌″€?     1.079 绫? 鐩寸珛鏈€浣? 0.987  鐩村害 0.772
   71  涓€璧峰悎         闅忔満鎶?鍙钩鍧?                           绉嶅瓙1  娌″€?     1.175 绫? 鐩寸珛鏈€浣? 0.989  鐩村害 0.815
   72  涓€璧峰悎         闅忔満鎶?鍙钩鍧?                           绉嶅瓙2  娌″€?     1.113 绫? 鐩寸珛鏈€浣? 0.989  鐩村害 0.711
   73  涓€璧峰悎         闅忔満鎶?鍙钩鍧?                           绉嶅瓙3  娌″€?     1.079 绫? 鐩寸珛鏈€浣? 0.987  鐩村害 0.772
杩欐壒 74 鍙叡 3.6 鍒嗛挓

鎸夈€屽厛鐪嬫憯涓嶆憯銆佸啀鐪嬩腑浣嶉€熷害銆嶆帓锛堝墠 20锛夛細
       蹇殑        绋崇殑 鎬庝箞鍚堢殑                                   鎽斿€?     涓綅(绫?     鏈€濂?绫?
        0         0 鍏ㄤ綋涓綅(9鍙?                                0      1.697     1.697
        0         0 鍏ㄤ綋骞冲潎鏈?523鎷?.00(9鍙?                      0      1.175     1.175
        0         0 闅忔満鎶?鍙钩鍧?                                0      1.113     1.175
        0         0 闅忔満鎶?鍙钩鍧?                                5      1.237     2.176
        0         0 闅忔満鎶?鍙钩鍧?                                9      1.768     2.373
        0         0 闅忔満鎶?鍙钩鍧?                                9      1.664     2.317

鍙拌处 -> artifacts\棰?f_铻嶅悎_鎶藉彇鍙暟.jsonl
