 0 stands_still                           PASS  stayed put at 0.543 m
 0 walk_furnished                         PASS  walked 0.590 m, stayed up
 0 get_up_from_back                       fail  got up at 2.10 s and then went back down (final up_z -0.732)
 0 stay_up_when_pushed                    PASS  on its feet from 3.24 s and still there at the end (final up_z 0.785)
 0 eyes_follow_ball                       PASS  looked 0.074 rad off the ball
 0 turn_to_sound                          PASS  right-hand sound pulled the eyes -0.2754 rad towards it
 0 does_not_spin_on_the_spot              fail  娌′汉绠″畠鏃?turned through 1.154 rad (bar 0.600)
 0 浼氫簡 5/7锛屾渶楂樺埌绗?2 绾?
 1 stands_still                           PASS  stayed put at 0.521 m
 1 walk_furnished                         PASS  walked 0.609 m, stayed up
 1 get_up_from_back                       fail  never stayed on its feet (final up_z 0.477, height 0.155)
 1 stay_up_when_pushed                    fail  got up at 3.32 s and then went back down (final up_z 0.327)
 1 eyes_follow_ball                       PASS  looked 0.074 rad off the ball
 1 turn_to_sound                          PASS  right-hand sound pulled the eyes -0.2754 rad towards it
 1 does_not_spin_on_the_spot              fail  娌′汉绠″畠鏃?turned through 1.031 rad (bar 0.600)
 1 浼氫簡 4/7锛屾渶楂樺埌绗?2 绾?
 2 stands_still                           PASS  stayed put at 0.441 m
 2 walk_furnished                         PASS  walked 0.644 m, stayed up
 2 get_up_from_back                       fail  never stayed on its feet (final up_z -0.860, height 0.141)
 2 stay_up_when_pushed                    PASS  on its feet from 3.46 s and still there at the end (final up_z 0.838)
 2 eyes_follow_ball                       PASS  looked 0.074 rad off the ball
 2 turn_to_sound                          PASS  right-hand sound pulled the eyes -0.2754 rad towards it
 2 does_not_spin_on_the_spot              fail  娌′汉绠″畠鏃?turned through 1.726 rad (bar 0.600)
 2 浼氫簡 5/7锛屾渶楂樺埌绗?2 绾?
-> artifacts\楠岃瘉_鍑虹敓鍔ㄧ墿_涓夌瀛?json
