[2026-09-30 15:15:33] 看门狗开始：先等 evolve_chase 跑完
[2026-09-30 15:19:10] 看门狗开始：先等 evolve_chase 跑完
[2026-09-30 16:32:10] 训练进程没了，等 2 分钟再确认一次
[2026-09-30 16:34:10] 最后一份 keep：/hy-tmp/bwc/engine_v2/artifacts/追球_云_二批_g07_keep.jsonl
  复试 8 只：18 个没见过的位置，每个位置各配一趟「球搬走」对照
  复试留下 6 只：第684只(贴到12/18、看球位置17/18)、第508只(贴到14/18、看球位置18/18)、第224只(贴到15/18、看球位置18/18)、第810只(贴到14/18、看球位置17/18)、第219只(贴到15/18、看球位置16/18)、第115只(贴到14/18、看球位置18/18)
  下一代的爹 6 只（artifacts/追球_云_二批_g07_keep.jsonl）：转4/4跟住0/2 0.39米、转4/4跟住0/2 0.08米、转4/4跟住0/2 0.12米、转4/4跟住0/2 0.13米、转4/4跟住0/2 0.16米、转4/4跟住0/2 0.16米
跑完。跨代冠军：0 代第 263 只，转 4/4 趟、跟住 1/2 趟、最后离球 0.39 米，没摔
[2026-09-30 16:34:11] 打包好了：/hy-tmp/bwc/备份/追球_云_二批_20260930_1634.tar.gz（8.0M）
[2026-09-30 16:34:11] 等 10 分钟（万一你想先看一眼），然后关机
[2026-09-30 16:44:11] 现在执行 /usr/local/bin/shutdown
Instance: I2b6fd07c8400701b4d shutdown successfully
[2026-09-30 16:44:12] 关机命令返回码 0（如果没关掉，明早在控制台点关机就行）
[2026-10-01 02:16:48] 看门狗开始：先等 evolve_chase 跑完
[2026-10-01 02:24:24] 看门狗开始：先等 evolve_chase 跑完
[2026-10-01 02:28:28] 看门狗开始：先等 evolve_chase 跑完
[2026-10-01 02:31:40] 看门狗开始：先等 evolve_chase 跑完
[2026-10-01 02:32:32] 看门狗开始：先等 evolve_chase 跑完
[2026-10-01 02:37:23] 看门狗开始：先等 evolve_chase 跑完
[2026-10-01 02:38:50] 看门狗开始：先等 evolve_chase 跑完
[2026-10-01 02:40:05] 看门狗开始：先等 evolve_chase 跑完
[2026-10-01 02:47:02] 看门狗开始：先等 evolve_chase 跑完
