================================================================================================
前额叶干预：四幕 × 5 个建网种子（走路判据 = 前进1.2 那串时刻点火 > 0 拍）
================================================================================================
建皮层连接网：视觉23040、视觉细节23040、听觉30000、前额叶57436、运动160、运动记忆3576、本体感觉480、平衡感觉120、机身状态60、视觉运动1920、多巴胺200、抑制8000 共 148,032 个皮层神经元 ...
种子 20260914  ① 红，前额叶好             走路点火 199/200 拍 | 首次点火 第 2 拍 | 路程 2.17 米 | 前额叶平均亮  1460 个
种子 20260914  ② 红，前额叶按灭            走路点火   0/200 拍 | 首次点火 没有 | 路程 0.38 米 | 前额叶平均亮     0 个
种子 20260914  ③ 黑屏，前额叶好            走路点火   0/200 拍 | 首次点火 没有 | 路程 0.55 米 | 前额叶平均亮   355 个
种子 20260914  ④ 蓝屏，前额叶好            走路点火   0/200 拍 | 首次点火 没有 | 路程 1.40 米 | 前额叶平均亮  1564 个
种子 20260914  ⑤ 蓝屏，前额叶每拍重算         走路点火   0/200 拍 | 首次点火 没有 | 路程 1.40 米 | 前额叶平均亮  1534 个
建皮层连接网：视觉23040、视觉细节23040、听觉30000、前额叶57436、运动160、运动记忆3576、本体感觉480、平衡感觉120、机身状态60、视觉运动1920、多巴胺200、抑制8000 共 148,032 个皮层神经元 ...
种子 20260915  ① 红，前额叶好             走路点火 199/200 拍 | 首次点火 第 2 拍 | 路程 2.17 米 | 前额叶平均亮  1461 个
种子 20260915  ② 红，前额叶按灭            走路点火   0/200 拍 | 首次点火 没有 | 路程 1.31 米 | 前额叶平均亮     0 个
种子 20260915  ③ 黑屏，前额叶好            走路点火   0/200 拍 | 首次点火 没有 | 路程 0.55 米 | 前额叶平均亮   355 个
种子 20260915  ④ 蓝屏，前额叶好            走路点火   0/200 拍 | 首次点火 没有 | 路程 0.22 米 | 前额叶平均亮  1554 个
种子 20260915  ⑤ 蓝屏，前额叶每拍重算         走路点火   0/200 拍 | 首次点火 没有 | 路程 0.22 米 | 前额叶平均亮  1524 个
建皮层连接网：视觉23040、视觉细节23040、听觉30000、前额叶57436、运动160、运动记忆3576、本体感觉480、平衡感觉120、机身状态60、视觉运动1920、多巴胺200、抑制8000 共 148,032 个皮层神经元 ...
种子 20260916  ① 红，前额叶好             走路点火 199/200 拍 | 首次点火 第 2 拍 | 路程 2.19 米 | 前额叶平均亮  1460 个
种子 20260916  ② 红，前额叶按灭            走路点火   0/200 拍 | 首次点火 没有 | 路程 0.24 米 | 前额叶平均亮     0 个
种子 20260916  ③ 黑屏，前额叶好            走路点火   0/200 拍 | 首次点火 没有 | 路程 0.55 米 | 前额叶平均亮   355 个
种子 20260916  ④ 蓝屏，前额叶好            走路点火   0/200 拍 | 首次点火 没有 | 路程 0.25 米 | 前额叶平均亮  1557 个
种子 20260916  ⑤ 蓝屏，前额叶每拍重算         走路点火   0/200 拍 | 首次点火 没有 | 路程 0.25 米 | 前额叶平均亮  1526 个
建皮层连接网：视觉23040、视觉细节23040、听觉30000、前额叶57436、运动160、运动记忆3576、本体感觉480、平衡感觉120、机身状态60、视觉运动1920、多巴胺200、抑制8000 共 148,032 个皮层神经元 ...
种子 20260917  ① 红，前额叶好             走路点火 199/200 拍 | 首次点火 第 2 拍 | 路程 2.46 米 | 前额叶平均亮  1460 个
种子 20260917  ② 红，前额叶按灭            走路点火   0/200 拍 | 首次点火 没有 | 路程 0.44 米 | 前额叶平均亮     0 个
种子 20260917  ③ 黑屏，前额叶好            走路点火   0/200 拍 | 首次点火 没有 | 路程 0.55 米 | 前额叶平均亮   355 个
种子 20260917  ④ 蓝屏，前额叶好            走路点火   0/200 拍 | 首次点火 没有 | 路程 0.85 米 | 前额叶平均亮  1563 个
种子 20260917  ⑤ 蓝屏，前额叶每拍重算         走路点火   0/200 拍 | 首次点火 没有 | 路程 0.85 米 | 前额叶平均亮  1529 个
建皮层连接网：视觉23040、视觉细节23040、听觉30000、前额叶57436、运动160、运动记忆3576、本体感觉480、平衡感觉120、机身状态60、视觉运动1920、多巴胺200、抑制8000 共 148,032 个皮层神经元 ...
种子 20260918  ① 红，前额叶好             走路点火 199/200 拍 | 首次点火 第 2 拍 | 路程 2.45 米 | 前额叶平均亮  1461 个
种子 20260918  ② 红，前额叶按灭            走路点火   0/200 拍 | 首次点火 没有 | 路程 1.41 米 | 前额叶平均亮     0 个
种子 20260918  ③ 黑屏，前额叶好            走路点火   0/200 拍 | 首次点火 没有 | 路程 0.55 米 | 前额叶平均亮   355 个
种子 20260918  ④ 蓝屏，前额叶好            走路点火   0/200 拍 | 首次点火 没有 | 路程 0.36 米 | 前额叶平均亮  1560 个
种子 20260918  ⑤ 蓝屏，前额叶每拍重算         走路点火   0/200 拍 | 首次点火 没有 | 路程 0.36 米 | 前额叶平均亮  1527 个

================================================================================================
【汇总】
那一幕                | 该不该走           | 有几种子走起来了                       | 点火拍数 / 总拍
------------------------------------------------------------------------------------------------
① 红，前额叶好               | 该走             | 5/5 个种子走起来了（期望 5）              | 199/200、199/200、199/200、199/200、199/200
② 红，前额叶按灭              | 不该走            | 0/5 个种子走起来了（期望 0）              | 0/200、0/200、0/200、0/200、0/200
③ 黑屏，前额叶好              | 不该走            | 0/5 个种子走起来了（期望 0）              | 0/200、0/200、0/200、0/200、0/200
④ 蓝屏，前额叶好              | 不该走            | 0/5 个种子走起来了（期望 0）              | 0/200、0/200、0/200、0/200、0/200
⑤ 蓝屏，前额叶每拍重算           | 不该走            | 0/5 个种子走起来了（期望 0）              | 0/200、0/200、0/200、0/200、0/200

【前额叶平均亮多少个细胞】
  ① 红，前额叶好               1460、1461、1460、1460、1461
  ② 红，前额叶按灭              0、0、0、0、0
  ③ 黑屏，前额叶好              355、355、355、355、355
  ④ 蓝屏，前额叶好              1564、1554、1557、1563、1560
  ⑤ 蓝屏，前额叶每拍重算           1534、1524、1526、1529、1527
