建皮层连接网：视觉23040、视觉细节23040、听觉30000、前额叶57436、运动160、运动记忆3576、本体感觉480、平衡感觉120、机身状态60、视觉运动1920、多巴胺200、抑制8000 共 148,032 个皮层神经元 ...
### 种子 20260914
  出生：只放声音     挪 0.034 米  最高 0.155 米  走路拍了 0/30
  天生：看红         挪 0.172 米  走路拍了 30/30
  教学：红+声音+多巴胺  挪 0.921 米  长出 396607 根新连接  （一共 12642379 根）
       新连接落在：听觉 121510、本体感觉 120985、视觉 40548、平衡感觉 11172、运动 3935、机身状态 1635、运动记忆 197、视觉运动 168
  考试：只放声音     挪 0.552 米  最高站到 0.300 米  走路拍了 200/200  一次没翻（歪 11 度）

建皮层连接网：视觉23040、视觉细节23040、听觉30000、前额叶57436、运动160、运动记忆3576、本体感觉480、平衡感觉120、机身状态60、视觉运动1920、多巴胺200、抑制8000 共 148,032 个皮层神经元 ...
### 种子 20260915
  出生：只放声音     挪 0.030 米  最高 0.118 米  走路拍了 0/30
  天生：看红         挪 0.170 米  走路拍了 30/30
  教学：红+声音+多巴胺  挪 2.301 米  长出 291422 根新连接  （一共 12340873 根）
       新连接落在：
  考试：只放声音     挪 1.226 米  最高站到 0.322 米  走路拍了 200/200  第 96 拍翻倒

建皮层连接网：视觉23040、视觉细节23040、听觉30000、前额叶57436、运动160、运动记忆3576、本体感觉480、平衡感觉120、机身状态60、视觉运动1920、多巴胺200、抑制8000 共 148,032 个皮层神经元 ...
### 种子 20260916
  出生：只放声音     挪 0.049 米  最高 0.156 米  走路拍了 0/30
  天生：看红         挪 0.170 米  走路拍了 30/30
  教学：红+声音+多巴胺  挪 1.419 米  长出 292498 根新连接  （一共 12342111 根）
       新连接落在：
  考试：只放声音     挪 1.031 米  最高站到 0.379 米  走路拍了 200/200  第 67 拍翻倒

建皮层连接网：视觉23040、视觉细节23040、听觉30000、前额叶57436、运动160、运动记忆3576、本体感觉480、平衡感觉120、机身状态60、视觉运动1920、多巴胺200、抑制8000 共 148,032 个皮层神经元 ...
### 种子 20260917
  出生：只放声音     挪 0.049 米  最高 0.156 米  走路拍了 0/30
  天生：看红         挪 0.170 米  走路拍了 30/30
  教学：红+声音+多巴胺  挪 2.085 米  长出 315029 根新连接  （一共 12642572 根）
       新连接落在：听觉 147104、本体感觉 103491、视觉 39233、平衡感觉 6634、运动 3882、视觉运动 168、运动记忆 138、前额叶 40
  考试：只放声音     挪 1.077 米  最高站到 0.396 米  走路拍了 200/200  第 74 拍翻倒

建皮层连接网：视觉23040、视觉细节23040、听觉30000、前额叶57436、运动160、运动记忆3576、本体感觉480、平衡感觉120、机身状态60、视觉运动1920、多巴胺200、抑制8000 共 148,032 个皮层神经元 ...
### 种子 20260918
  出生：只放声音     挪 0.035 米  最高 0.155 米  走路拍了 0/30
  天生：看红         挪 0.170 米  走路拍了 30/30
  教学：红+声音+多巴胺  挪 2.055 米  长出 242685 根新连接  （一共 12341153 根）
       新连接落在：
  考试：只放声音     挪 1.198 米  最高站到 0.390 米  走路拍了 200/200  第 105 拍翻倒

每拍轨迹写到 日志_发育轨迹_20260914.csv（2300 行）
