========================================================================================================
「看到红→往前走」两半拆开：每一拍量两块名字亮了多少、那个头细胞收到多少电流
========================================================================================================
建皮层连接网：视觉23040、视觉细节23040、听觉30000、前额叶57436、运动160、运动记忆3576、本体感觉480、平衡感觉120、机身状态60、视觉运动1920、多巴胺200、抑制8000 共 148,032 个皮层神经元 ...
种子 20260914  红：视觉:中有红 亮 1.00（块 1346 个）| 前额叶:看着红 亮 1.00（块 1440 个）| 给这半 视 0.80 + 前 0.85 − 抑 2.93 = 净 -1.15 | 走路 199/200
种子 20260914  黑：视觉:中有红 亮 0.00（块 1346 个）| 前额叶:看着红 亮 0.11（块 1440 个）| 给这半 视 0.00 + 前 0.09 − 抑 0.00 = 净 0.09 | 走路 0/200
种子 20260914  蓝：视觉:中有红 亮 0.29（块 1346 个）| 前额叶:看着红 亮 0.59（块 1440 个）| 给这半 视 0.24 + 前 0.50 − 抑 0.37 = 净 0.36 | 走路 0/200
种子 20260914  绿：视觉:中有红 亮 0.32（块 1346 个）| 前额叶:看着红 亮 0.61（块 1440 个）| 给这半 视 0.26 + 前 0.52 − 抑 0.36 = 净 0.42 | 走路 0/200
建皮层连接网：视觉23040、视觉细节23040、听觉30000、前额叶57436、运动160、运动记忆3576、本体感觉480、平衡感觉120、机身状态60、视觉运动1920、多巴胺200、抑制8000 共 148,032 个皮层神经元 ...
种子 20260915  红：视觉:中有红 亮 1.00（块 1346 个）| 前额叶:看着红 亮 1.00（块 1440 个）| 给这半 视 0.80 + 前 0.85 − 抑 2.79 = 净 -1.01 | 走路 199/200
种子 20260915  黑：视觉:中有红 亮 0.00（块 1346 个）| 前额叶:看着红 亮 0.11（块 1440 个）| 给这半 视 0.00 + 前 0.09 − 抑 0.00 = 净 0.09 | 走路 0/200
种子 20260915  蓝：视觉:中有红 亮 0.29（块 1346 个）| 前额叶:看着红 亮 0.58（块 1440 个）| 给这半 视 0.24 + 前 0.50 − 抑 0.00 = 净 0.73 | 走路 0/200
种子 20260915  绿：视觉:中有红 亮 0.32（块 1346 个）| 前额叶:看着红 亮 0.61（块 1440 个）| 给这半 视 0.26 + 前 0.52 − 抑 0.37 = 净 0.41 | 走路 0/200
建皮层连接网：视觉23040、视觉细节23040、听觉30000、前额叶57436、运动160、运动记忆3576、本体感觉480、平衡感觉120、机身状态60、视觉运动1920、多巴胺200、抑制8000 共 148,032 个皮层神经元 ...
种子 20260916  红：视觉:中有红 亮 1.00（块 1346 个）| 前额叶:看着红 亮 1.00（块 1440 个）| 给这半 视 0.80 + 前 0.85 − 抑 3.00 = 净 -1.22 | 走路 199/200
种子 20260916  黑：视觉:中有红 亮 0.00（块 1346 个）| 前额叶:看着红 亮 0.11（块 1440 个）| 给这半 视 0.00 + 前 0.09 − 抑 0.00 = 净 0.09 | 走路 0/200
种子 20260916  蓝：视觉:中有红 亮 0.29（块 1346 个）| 前额叶:看着红 亮 0.59（块 1440 个）| 给这半 视 0.24 + 前 0.50 − 抑 0.00 = 净 0.73 | 走路 0/200
种子 20260916  绿：视觉:中有红 亮 0.32（块 1346 个）| 前额叶:看着红 亮 0.61（块 1440 个）| 给这半 视 0.26 + 前 0.52 − 抑 0.29 = 净 0.49 | 走路 0/200
建皮层连接网：视觉23040、视觉细节23040、听觉30000、前额叶57436、运动160、运动记忆3576、本体感觉480、平衡感觉120、机身状态60、视觉运动1920、多巴胺200、抑制8000 共 148,032 个皮层神经元 ...
种子 20260917  红：视觉:中有红 亮 1.00（块 1346 个）| 前额叶:看着红 亮 1.00（块 1440 个）| 给这半 视 0.80 + 前 0.85 − 抑 2.98 = 净 -1.21 | 走路 199/200
种子 20260917  黑：视觉:中有红 亮 0.00（块 1346 个）| 前额叶:看着红 亮 0.11（块 1440 个）| 给这半 视 0.00 + 前 0.09 − 抑 0.00 = 净 0.09 | 走路 0/200
种子 20260917  蓝：视觉:中有红 亮 0.29（块 1346 个）| 前额叶:看着红 亮 0.59（块 1440 个）| 给这半 视 0.24 + 前 0.50 − 抑 0.34 = 净 0.39 | 走路 0/200
种子 20260917  绿：视觉:中有红 亮 0.32（块 1346 个）| 前额叶:看着红 亮 0.61（块 1440 个）| 给这半 视 0.26 + 前 0.52 − 抑 0.59 = 净 0.18 | 走路 0/200
建皮层连接网：视觉23040、视觉细节23040、听觉30000、前额叶57436、运动160、运动记忆3576、本体感觉480、平衡感觉120、机身状态60、视觉运动1920、多巴胺200、抑制8000 共 148,032 个皮层神经元 ...
种子 20260918  红：视觉:中有红 亮 1.00（块 1346 个）| 前额叶:看着红 亮 1.00（块 1440 个）| 给这半 视 0.80 + 前 0.85 − 抑 2.81 = 净 -1.03 | 走路 199/200
种子 20260918  黑：视觉:中有红 亮 0.00（块 1346 个）| 前额叶:看着红 亮 0.11（块 1440 个）| 给这半 视 0.00 + 前 0.09 − 抑 0.00 = 净 0.09 | 走路 0/200
种子 20260918  蓝：视觉:中有红 亮 0.29（块 1346 个）| 前额叶:看着红 亮 0.59（块 1440 个）| 给这半 视 0.24 + 前 0.50 − 抑 0.23 = 净 0.51 | 走路 0/200
种子 20260918  绿：视觉:中有红 亮 0.32（块 1346 个）| 前额叶:看着红 亮 0.61（块 1440 个）| 给这半 视 0.26 + 前 0.52 − 抑 0.13 = 净 0.65 | 走路 0/200

========================================================================================================
【汇总：每个幕取中位数】
幕      | 视觉:中有红 亮         | 前额叶:看着红 亮        | 视觉给的       | 前额叶给的      | 抑制扣的       | 净电流        | 走路点燃      
--------------------------------------------------------------------------------------------------------
红      | 1.00（1346 个）     | 1.00（1440 个）     | 0.80       | 0.85       | 2.93       | -1.15      | 199/200   
黑      | 0.00（1346 个）     | 0.11（1440 个）     | 0.00       | 0.09       | 0.00       | 0.09       | 0/200     
蓝      | 0.29（1346 个）     | 0.59（1440 个）     | 0.24       | 0.50       | 0.23       | 0.51       | 0/200     
绿      | 0.32（1346 个）     | 0.61（1440 个）     | 0.26       | 0.52       | 0.36       | 0.42       | 0/200     
